# UMI-tools version: 1.1.6
# output generated by dedup --stdin /mnt/vstor/SOM_CCCC_JGS25/sayyar/IFIT1-IFIT2-secondary-analysis/data/aligned/IFIT3_alone_HA_IP_Aligned.sortedByCoord.out.bam --stdout /mnt/vstor/SOM_CCCC_JGS25/sayyar/IFIT1-IFIT2-secondary-analysis/data/aligned/IFIT3_alone_HA_IP_dedup.bam --log /mnt/vstor/SOM_CCCC_JGS25/sayyar/IFIT1-IFIT2-secondary-analysis/data/aligned/IFIT3_alone_HA_IP_dedup.log --output-stats /mnt/vstor/SOM_CCCC_JGS25/sayyar/IFIT1-IFIT2-secondary-analysis/data/aligned/IFIT3_alone_HA_IP_dedup_stats
# job started at Sat Jan 31 13:53:53 2026 on compt370 -- 0b1418b2-ca5f-4d02-9fd8-bc2b995c3dfd
# pid: 2854133, system: Linux 4.18.0-553.el8_10.x86_64 #1 SMP Fri May 10 15:19:13 EDT 2024 x86_64
# assigned_tag                            : None
# cell_tag                                : None
# cell_tag_delim                          : None
# cell_tag_split                          : -
# chimeric_pairs                          : use
# chrom                                   : None
# compresslevel                           : 6
# detection_method                        : None
# filter_umi                              : None
# gene_tag                                : None
# gene_transcript_map                     : None
# get_umi_method                          : read_id
# ignore_tlen                             : False
# ignore_umi                              : False
# in_sam                                  : False
# log2stderr                              : False
# loglevel                                : 1
# mapping_quality                         : 0
# method                                  : directional
# no_sort_output                          : False
# out_sam                                 : False
# output_unmapped                         : False
# paired                                  : False
# per_cell                                : False
# per_contig                              : False
# per_gene                                : False
# random_seed                             : None
# read_length                             : False
# short_help                              : None
# skip_regex                              : ^(__|Unassigned)
# soft_clip_threshold                     : 4
# spliced                                 : False
# stats                                   : /mnt/vstor/SOM_CCCC_JGS25/sayyar/IFIT1-IFIT2-secondary-analysis/data/aligned/IFIT3_alone_HA_IP_dedup_stats
# stderr                                  : <_io.TextIOWrapper name='<stderr>' mode='w' encoding='utf-8'>
# stdin                                   : <_io.TextIOWrapper name='/mnt/vstor/SOM_CCCC_JGS25/sayyar/IFIT1-IFIT2-secondary-analysis/data/aligned/IFIT3_alone_HA_IP_Aligned.sortedByCoord.out.bam' mode='r' encoding='UTF-8'>
# stdlog                                  : <_io.TextIOWrapper name='/mnt/vstor/SOM_CCCC_JGS25/sayyar/IFIT1-IFIT2-secondary-analysis/data/aligned/IFIT3_alone_HA_IP_dedup.log' mode='a' encoding='UTF-8'>
# stdout                                  : <_io.TextIOWrapper name='/mnt/vstor/SOM_CCCC_JGS25/sayyar/IFIT1-IFIT2-secondary-analysis/data/aligned/IFIT3_alone_HA_IP_dedup.bam' mode='w' encoding='UTF-8'>
# subset                                  : None
# threshold                               : 1
# timeit_file                             : None
# timeit_header                           : None
# timeit_name                             : all
# tmpdir                                  : None
# umi_sep                                 : _
# umi_tag                                 : RX
# umi_tag_delim                           : None
# umi_tag_split                           : None
# umi_whitelist                           : None
# umi_whitelist_paired                    : None
# unmapped_reads                          : discard
# unpaired_reads                          : use
# whole_contig                            : False
2026-01-31 13:53:53,016 INFO command: dedup --stdin /mnt/vstor/SOM_CCCC_JGS25/sayyar/IFIT1-IFIT2-secondary-analysis/data/aligned/IFIT3_alone_HA_IP_Aligned.sortedByCoord.out.bam --stdout /mnt/vstor/SOM_CCCC_JGS25/sayyar/IFIT1-IFIT2-secondary-analysis/data/aligned/IFIT3_alone_HA_IP_dedup.bam --log /mnt/vstor/SOM_CCCC_JGS25/sayyar/IFIT1-IFIT2-secondary-analysis/data/aligned/IFIT3_alone_HA_IP_dedup.log --output-stats /mnt/vstor/SOM_CCCC_JGS25/sayyar/IFIT1-IFIT2-secondary-analysis/data/aligned/IFIT3_alone_HA_IP_dedup_stats
2026-01-31 13:54:58,727 INFO total_umis 31152228
2026-01-31 13:54:58,727 INFO #umis 852555
2026-01-31 13:55:35,701 INFO Written out 100000 reads
2026-01-31 13:55:48,947 INFO Written out 200000 reads
2026-01-31 13:56:20,669 INFO Parsed 1000000 input reads
2026-01-31 13:56:21,665 INFO Written out 300000 reads
2026-01-31 13:56:27,297 INFO Written out 400000 reads
2026-01-31 13:56:38,686 INFO Written out 500000 reads
2026-01-31 13:57:25,586 INFO Written out 600000 reads
2026-01-31 13:57:27,687 INFO Parsed 2000000 input reads
2026-01-31 13:57:30,694 INFO Written out 700000 reads
2026-01-31 13:59:33,873 INFO Written out 800000 reads
2026-01-31 13:59:40,807 INFO Written out 900000 reads
2026-01-31 13:59:46,458 INFO Parsed 3000000 input reads
2026-01-31 14:00:01,295 INFO Written out 1000000 reads
2026-01-31 14:00:16,452 INFO Written out 1100000 reads
2026-01-31 14:00:31,071 INFO Written out 1200000 reads
2026-01-31 14:00:37,157 INFO Written out 1300000 reads
2026-01-31 14:00:39,071 INFO Parsed 4000000 input reads
2026-01-31 14:00:43,083 INFO Written out 1400000 reads
2026-01-31 14:00:57,120 INFO Written out 1500000 reads
2026-01-31 14:01:30,812 INFO Written out 1600000 reads
2026-01-31 14:03:21,367 INFO Parsed 5000000 input reads
2026-01-31 14:03:22,742 INFO Written out 1700000 reads
2026-01-31 14:03:32,412 INFO Written out 1800000 reads
2026-01-31 14:04:05,905 INFO Written out 1900000 reads
2026-01-31 14:04:29,240 INFO Parsed 6000000 input reads
2026-01-31 14:04:33,901 INFO Written out 2000000 reads
2026-01-31 14:05:32,589 INFO Written out 2100000 reads
2026-01-31 14:05:56,427 INFO Written out 2200000 reads
2026-01-31 14:06:25,279 INFO Parsed 7000000 input reads
2026-01-31 14:06:26,958 INFO Written out 2300000 reads
2026-01-31 14:06:42,297 INFO Written out 2400000 reads
2026-01-31 14:07:26,218 INFO Written out 2500000 reads
2026-01-31 14:07:36,711 INFO Parsed 8000000 input reads
2026-01-31 14:07:41,578 INFO Written out 2600000 reads
2026-01-31 14:08:18,326 INFO Written out 2700000 reads
2026-01-31 14:09:14,287 INFO Written out 2800000 reads
2026-01-31 14:09:26,117 INFO Parsed 9000000 input reads
2026-01-31 14:10:07,049 INFO Written out 2900000 reads
2026-01-31 14:10:40,858 INFO Written out 3000000 reads
2026-01-31 14:11:33,630 INFO Written out 3100000 reads
2026-01-31 14:11:34,501 INFO Parsed 10000000 input reads
2026-01-31 14:11:48,917 INFO Written out 3200000 reads
2026-01-31 14:12:18,420 INFO Written out 3300000 reads
2026-01-31 14:12:36,059 INFO Parsed 11000000 input reads
2026-01-31 14:12:36,715 INFO Written out 3400000 reads
2026-01-31 14:14:12,662 INFO Written out 3500000 reads
2026-01-31 14:15:00,286 INFO Parsed 12000000 input reads
2026-01-31 14:15:04,123 INFO Written out 3600000 reads
2026-01-31 14:16:06,768 INFO Written out 3700000 reads
2026-01-31 14:19:10,630 INFO Parsed 13000000 input reads
2026-01-31 14:24:59,303 INFO Written out 3800000 reads
2026-01-31 14:25:22,431 INFO Written out 3900000 reads
2026-01-31 14:27:11,608 INFO Parsed 14000000 input reads
# UMI-tools version: 1.1.6
# output generated by dedup --stdin=data/aligned/IFIT3_alone_HA_IP_Aligned.sortedByCoord.out.bam --stdout=data/aligned/IFIT3_alone_HA_IP_Aligned.sortedByCoord.dedup.bam --log=data/aligned/IFIT3_alone_HA_IP_dedup.log --extract-umi-method=read_id --method=unique
# job started at Sat Feb 14 17:55:27 2026 on compt322 -- 78d13f3b-e584-42f8-8fc6-f946f12babdc
# pid: 98487, system: Linux 4.18.0-553.el8_10.x86_64 #1 SMP Fri May 10 15:19:13 EDT 2024 x86_64
# assigned_tag                            : None
# cell_tag                                : None
# cell_tag_delim                          : None
# cell_tag_split                          : -
# chimeric_pairs                          : use
# chrom                                   : None
# compresslevel                           : 6
# detection_method                        : None
# filter_umi                              : None
# gene_tag                                : None
# gene_transcript_map                     : None
# get_umi_method                          : read_id
# ignore_tlen                             : False
# ignore_umi                              : False
# in_sam                                  : False
# log2stderr                              : False
# loglevel                                : 1
# mapping_quality                         : 0
# method                                  : unique
# no_sort_output                          : False
# out_sam                                 : False
# output_unmapped                         : False
# paired                                  : False
# per_cell                                : False
# per_contig                              : False
# per_gene                                : False
# random_seed                             : None
# read_length                             : False
# short_help                              : None
# skip_regex                              : ^(__|Unassigned)
# soft_clip_threshold                     : 4
# spliced                                 : False
# stats                                   : False
# stderr                                  : <_io.TextIOWrapper name='<stderr>' mode='w' encoding='utf-8'>
# stdin                                   : <_io.TextIOWrapper name='data/aligned/IFIT3_alone_HA_IP_Aligned.sortedByCoord.out.bam' mode='r' encoding='UTF-8'>
# stdlog                                  : <_io.TextIOWrapper name='data/aligned/IFIT3_alone_HA_IP_dedup.log' mode='a' encoding='UTF-8'>
# stdout                                  : <_io.TextIOWrapper name='data/aligned/IFIT3_alone_HA_IP_Aligned.sortedByCoord.dedup.bam' mode='w' encoding='UTF-8'>
# subset                                  : None
# threshold                               : 1
# timeit_file                             : None
# timeit_header                           : None
# timeit_name                             : all
# tmpdir                                  : None
# umi_sep                                 : _
# umi_tag                                 : RX
# umi_tag_delim                           : None
# umi_tag_split                           : None
# umi_whitelist                           : None
# umi_whitelist_paired                    : None
# unmapped_reads                          : discard
# unpaired_reads                          : use
# whole_contig                            : False
2026-02-14 17:55:27,446 INFO command: dedup --stdin=data/aligned/IFIT3_alone_HA_IP_Aligned.sortedByCoord.out.bam --stdout=data/aligned/IFIT3_alone_HA_IP_Aligned.sortedByCoord.dedup.bam --log=data/aligned/IFIT3_alone_HA_IP_dedup.log --extract-umi-method=read_id --method=unique
2026-02-14 17:55:30,921 INFO Written out 100000 reads
2026-02-14 17:55:33,526 INFO Written out 200000 reads
2026-02-14 17:55:35,875 INFO Written out 300000 reads
2026-02-14 17:55:37,359 INFO Parsed 1000000 input reads
2026-02-14 17:55:38,207 INFO Written out 400000 reads
2026-02-14 17:55:40,982 INFO Written out 500000 reads
2026-02-14 17:55:45,578 INFO Written out 600000 reads
2026-02-14 17:55:46,856 INFO Written out 700000 reads
2026-02-14 17:55:48,863 INFO Parsed 2000000 input reads
2026-02-14 17:55:49,511 INFO Written out 800000 reads
2026-02-14 17:55:53,957 INFO Written out 900000 reads
2026-02-14 17:55:55,715 INFO Written out 1000000 reads
2026-02-14 17:55:58,555 INFO Written out 1100000 reads
2026-02-14 17:56:00,293 INFO Parsed 3000000 input reads
2026-02-14 17:56:01,199 INFO Written out 1200000 reads
2026-02-14 17:56:04,348 INFO Written out 1300000 reads
2026-02-14 17:56:06,341 INFO Written out 1400000 reads
2026-02-14 17:56:09,208 INFO Written out 1500000 reads
2026-02-14 17:56:11,141 INFO Parsed 4000000 input reads
2026-02-14 17:56:11,729 INFO Written out 1600000 reads
2026-02-14 17:56:14,475 INFO Written out 1700000 reads
2026-02-14 17:56:19,250 INFO Written out 1800000 reads
2026-02-14 17:56:19,978 INFO Written out 1900000 reads
2026-02-14 17:58:00,765 INFO Parsed 5000000 input reads
2026-02-14 17:58:00,890 INFO Written out 2000000 reads
2026-02-14 17:58:01,563 INFO Written out 2100000 reads
2026-02-14 17:58:02,254 INFO Written out 2200000 reads
2026-02-14 17:58:02,874 INFO Written out 2300000 reads
2026-02-14 17:58:03,174 INFO Parsed 6000000 input reads
2026-02-14 17:58:03,529 INFO Written out 2400000 reads
2026-02-14 17:58:04,200 INFO Written out 2500000 reads
2026-02-14 17:58:04,883 INFO Written out 2600000 reads
2026-02-14 17:58:05,553 INFO Written out 2700000 reads
2026-02-14 17:58:05,631 INFO Parsed 7000000 input reads
2026-02-14 17:58:06,222 INFO Written out 2800000 reads
2026-02-14 17:58:06,970 INFO Written out 2900000 reads
2026-02-14 17:58:07,696 INFO Written out 3000000 reads
2026-02-14 17:58:08,180 INFO Parsed 8000000 input reads
2026-02-14 17:58:08,373 INFO Written out 3100000 reads
2026-02-14 17:58:09,071 INFO Written out 3200000 reads
2026-02-14 17:58:09,748 INFO Written out 3300000 reads
2026-02-14 17:58:10,380 INFO Written out 3400000 reads
2026-02-14 17:58:10,604 INFO Parsed 9000000 input reads
2026-02-14 17:58:11,128 INFO Written out 3500000 reads
2026-02-14 17:58:11,766 INFO Written out 3600000 reads
2026-02-14 17:58:12,452 INFO Written out 3700000 reads
2026-02-14 17:58:13,130 INFO Parsed 10000000 input reads
2026-02-14 17:58:13,145 INFO Written out 3800000 reads
2026-02-14 17:58:13,832 INFO Written out 3900000 reads
2026-02-14 17:58:14,526 INFO Written out 4000000 reads
2026-02-14 17:58:15,251 INFO Written out 4100000 reads
2026-02-14 17:58:15,643 INFO Parsed 11000000 input reads
2026-02-14 17:58:15,926 INFO Written out 4200000 reads
2026-02-14 17:58:16,705 INFO Written out 4300000 reads
2026-02-14 17:58:17,332 INFO Written out 4400000 reads
2026-02-14 17:58:17,753 INFO Parsed 12000000 input reads
2026-02-14 17:58:18,036 INFO Written out 4500000 reads
2026-02-14 17:58:18,733 INFO Written out 4600000 reads
2026-02-14 17:58:19,471 INFO Written out 4700000 reads
2026-02-14 17:58:19,472 INFO Parsed 13000000 input reads
2026-02-14 17:58:20,131 INFO Written out 4800000 reads
2026-02-14 17:58:20,792 INFO Written out 4900000 reads
2026-02-14 17:58:21,674 INFO Written out 5000000 reads
2026-02-14 17:58:22,033 INFO Parsed 14000000 input reads
2026-02-14 17:58:22,582 INFO Written out 5100000 reads
2026-02-14 17:58:23,735 INFO Written out 5200000 reads
2026-02-14 17:58:23,735 INFO Parsed 15000000 input reads
2026-02-14 17:58:24,318 INFO Written out 5300000 reads
2026-02-14 17:58:24,788 INFO Written out 5400000 reads
2026-02-14 17:58:25,649 INFO Written out 5500000 reads
2026-02-14 17:58:26,351 INFO Written out 5600000 reads
2026-02-14 17:58:26,962 INFO Parsed 16000000 input reads
2026-02-14 17:58:27,066 INFO Written out 5700000 reads
2026-02-14 17:58:28,385 INFO Written out 5800000 reads
2026-02-14 17:58:29,061 INFO Written out 5900000 reads
2026-02-14 17:58:29,645 INFO Parsed 17000000 input reads
2026-02-14 17:58:29,786 INFO Written out 6000000 reads
2026-02-14 17:58:30,578 INFO Written out 6100000 reads
2026-02-14 17:58:31,048 INFO Written out 6200000 reads
2026-02-14 17:58:31,719 INFO Written out 6300000 reads
2026-02-14 17:58:31,751 INFO Parsed 18000000 input reads
2026-02-14 17:58:32,402 INFO Written out 6400000 reads
2026-02-14 18:00:07,468 INFO Written out 6500000 reads
2026-02-14 18:00:08,131 INFO Written out 6600000 reads
2026-02-14 18:00:08,579 INFO Parsed 19000000 input reads
2026-02-14 18:00:08,784 INFO Written out 6700000 reads
2026-02-14 18:00:09,444 INFO Written out 6800000 reads
2026-02-14 18:00:10,127 INFO Written out 6900000 reads
2026-02-14 18:00:10,820 INFO Written out 7000000 reads
2026-02-14 18:00:11,070 INFO Parsed 20000000 input reads
2026-02-14 18:00:11,502 INFO Written out 7100000 reads
2026-02-14 18:00:12,162 INFO Written out 7200000 reads
2026-02-14 18:00:12,832 INFO Written out 7300000 reads
2026-02-14 18:00:13,490 INFO Parsed 21000000 input reads
2026-02-14 18:00:13,656 INFO Written out 7400000 reads
2026-02-14 18:00:14,314 INFO Written out 7500000 reads
2026-02-14 18:00:15,019 INFO Written out 7600000 reads
2026-02-14 18:00:15,691 INFO Written out 7700000 reads
2026-02-14 18:00:16,083 INFO Parsed 22000000 input reads
2026-02-14 18:00:16,397 INFO Written out 7800000 reads
2026-02-14 18:00:17,006 INFO Written out 7900000 reads
2026-02-14 18:00:17,704 INFO Written out 8000000 reads
2026-02-14 18:00:18,363 INFO Written out 8100000 reads
2026-02-14 18:00:18,684 INFO Parsed 23000000 input reads
2026-02-14 18:00:19,045 INFO Written out 8200000 reads
2026-02-14 18:00:19,731 INFO Written out 8300000 reads
2026-02-14 18:00:20,407 INFO Written out 8400000 reads
2026-02-14 18:00:21,038 INFO Parsed 24000000 input reads
2026-02-14 18:00:21,127 INFO Written out 8500000 reads
2026-02-14 18:00:21,781 INFO Written out 8600000 reads
2026-02-14 18:00:22,522 INFO Written out 8700000 reads
2026-02-14 18:00:23,173 INFO Written out 8800000 reads
2026-02-14 18:00:23,218 INFO Parsed 25000000 input reads
2026-02-14 18:00:23,836 INFO Written out 8900000 reads
2026-02-14 18:00:24,544 INFO Written out 9000000 reads
2026-02-14 18:00:25,202 INFO Parsed 26000000 input reads
2026-02-14 18:00:25,455 INFO Written out 9100000 reads
2026-02-14 18:00:25,967 INFO Written out 9200000 reads
2026-02-14 18:00:26,650 INFO Written out 9300000 reads
2026-02-14 18:00:27,345 INFO Written out 9400000 reads
2026-02-14 18:00:27,365 INFO Parsed 27000000 input reads
2026-02-14 18:00:28,098 INFO Written out 9500000 reads
2026-02-14 18:00:28,913 INFO Written out 9600000 reads
2026-02-14 18:00:28,985 INFO Parsed 28000000 input reads
2026-02-14 18:00:29,950 INFO Written out 9700000 reads
2026-02-14 18:00:31,614 INFO Written out 9800000 reads
2026-02-14 18:00:32,418 INFO Written out 9900000 reads
2026-02-14 18:00:33,196 INFO Written out 10000000 reads
2026-02-14 18:00:33,235 INFO Parsed 29000000 input reads
2026-02-14 18:00:33,876 INFO Written out 10100000 reads
2026-02-14 18:00:34,634 INFO Written out 10200000 reads
2026-02-14 18:00:35,380 INFO Written out 10300000 reads
2026-02-14 18:00:35,691 INFO Parsed 30000000 input reads
2026-02-14 18:00:36,016 INFO Written out 10400000 reads
2026-02-14 18:00:36,686 INFO Written out 10500000 reads
2026-02-14 18:00:37,453 INFO Written out 10600000 reads
2026-02-14 18:00:37,657 INFO Parsed 31000000 input reads
2026-02-14 18:01:59,861 INFO Reads: Input Reads: 31152228
2026-02-14 18:01:59,863 INFO Number of reads out: 10696791
2026-02-14 18:01:59,863 INFO Total number of positions deduplicated: 767944
2026-02-14 18:01:59,863 INFO Mean number of unique UMIs per position: 13.93
2026-02-14 18:01:59,863 INFO Max. number of unique UMIs per position: 124918
# job finished in 392 seconds at Sat Feb 14 18:01:59 2026 -- 386.59  6.79  0.00  0.00 -- 78d13f3b-e584-42f8-8fc6-f946f12babdc
