# UMI-tools version: 1.1.6
# output generated by dedup --stdin /mnt/vstor/SOM_CCCC_JGS25/sayyar/IFIT1-IFIT2-secondary-analysis/data/aligned/IFIT2_IFIT3_FLAG_SMInput_Aligned.sortedByCoord.out.bam --stdout /mnt/vstor/SOM_CCCC_JGS25/sayyar/IFIT1-IFIT2-secondary-analysis/data/aligned/IFIT2_IFIT3_FLAG_SMInput_dedup.bam --log /mnt/vstor/SOM_CCCC_JGS25/sayyar/IFIT1-IFIT2-secondary-analysis/data/aligned/IFIT2_IFIT3_FLAG_SMInput_dedup.log --output-stats /mnt/vstor/SOM_CCCC_JGS25/sayyar/IFIT1-IFIT2-secondary-analysis/data/aligned/IFIT2_IFIT3_FLAG_SMInput_dedup_stats
# job started at Sat Jan 31 13:52:40 2026 on compt368 -- 7b2e32a0-0d5e-442d-bc4a-6a6e920fc603
# pid: 2873985, system: Linux 4.18.0-553.el8_10.x86_64 #1 SMP Fri May 10 15:19:13 EDT 2024 x86_64
# assigned_tag                            : None
# cell_tag                                : None
# cell_tag_delim                          : None
# cell_tag_split                          : -
# chimeric_pairs                          : use
# chrom                                   : None
# compresslevel                           : 6
# detection_method                        : None
# filter_umi                              : None
# gene_tag                                : None
# gene_transcript_map                     : None
# get_umi_method                          : read_id
# ignore_tlen                             : False
# ignore_umi                              : False
# in_sam                                  : False
# log2stderr                              : False
# loglevel                                : 1
# mapping_quality                         : 0
# method                                  : directional
# no_sort_output                          : False
# out_sam                                 : False
# output_unmapped                         : False
# paired                                  : False
# per_cell                                : False
# per_contig                              : False
# per_gene                                : False
# random_seed                             : None
# read_length                             : False
# short_help                              : None
# skip_regex                              : ^(__|Unassigned)
# soft_clip_threshold                     : 4
# spliced                                 : False
# stats                                   : /mnt/vstor/SOM_CCCC_JGS25/sayyar/IFIT1-IFIT2-secondary-analysis/data/aligned/IFIT2_IFIT3_FLAG_SMInput_dedup_stats
# stderr                                  : <_io.TextIOWrapper name='<stderr>' mode='w' encoding='utf-8'>
# stdin                                   : <_io.TextIOWrapper name='/mnt/vstor/SOM_CCCC_JGS25/sayyar/IFIT1-IFIT2-secondary-analysis/data/aligned/IFIT2_IFIT3_FLAG_SMInput_Aligned.sortedByCoord.out.bam' mode='r' encoding='UTF-8'>
# stdlog                                  : <_io.TextIOWrapper name='/mnt/vstor/SOM_CCCC_JGS25/sayyar/IFIT1-IFIT2-secondary-analysis/data/aligned/IFIT2_IFIT3_FLAG_SMInput_dedup.log' mode='a' encoding='UTF-8'>
# stdout                                  : <_io.TextIOWrapper name='/mnt/vstor/SOM_CCCC_JGS25/sayyar/IFIT1-IFIT2-secondary-analysis/data/aligned/IFIT2_IFIT3_FLAG_SMInput_dedup.bam' mode='w' encoding='UTF-8'>
# subset                                  : None
# threshold                               : 1
# timeit_file                             : None
# timeit_header                           : None
# timeit_name                             : all
# tmpdir                                  : None
# umi_sep                                 : _
# umi_tag                                 : RX
# umi_tag_delim                           : None
# umi_tag_split                           : None
# umi_whitelist                           : None
# umi_whitelist_paired                    : None
# unmapped_reads                          : discard
# unpaired_reads                          : use
# whole_contig                            : False
2026-01-31 13:52:40,885 INFO command: dedup --stdin /mnt/vstor/SOM_CCCC_JGS25/sayyar/IFIT1-IFIT2-secondary-analysis/data/aligned/IFIT2_IFIT3_FLAG_SMInput_Aligned.sortedByCoord.out.bam --stdout /mnt/vstor/SOM_CCCC_JGS25/sayyar/IFIT1-IFIT2-secondary-analysis/data/aligned/IFIT2_IFIT3_FLAG_SMInput_dedup.bam --log /mnt/vstor/SOM_CCCC_JGS25/sayyar/IFIT1-IFIT2-secondary-analysis/data/aligned/IFIT2_IFIT3_FLAG_SMInput_dedup.log --output-stats /mnt/vstor/SOM_CCCC_JGS25/sayyar/IFIT1-IFIT2-secondary-analysis/data/aligned/IFIT2_IFIT3_FLAG_SMInput_dedup_stats
2026-01-31 13:53:40,479 INFO total_umis 29523954
2026-01-31 13:53:40,480 INFO #umis 971285
2026-01-31 13:54:37,235 INFO Written out 100000 reads
2026-01-31 14:08:15,470 INFO Written out 200000 reads
2026-01-31 14:21:13,001 INFO Parsed 1000000 input reads
2026-01-31 14:22:03,001 INFO Written out 300000 reads
2026-01-31 14:35:47,423 INFO Written out 400000 reads
2026-01-31 14:49:30,476 INFO Written out 500000 reads
2026-01-31 14:50:19,268 INFO Parsed 2000000 input reads
2026-01-31 14:50:29,585 INFO Written out 600000 reads
2026-01-31 14:50:34,381 INFO Written out 700000 reads
2026-01-31 14:51:21,041 INFO Written out 800000 reads
2026-01-31 15:04:57,752 INFO Written out 900000 reads
2026-01-31 15:11:58,749 INFO Parsed 3000000 input reads
2026-01-31 15:18:42,998 INFO Written out 1000000 reads
2026-01-31 15:31:47,071 INFO Written out 1100000 reads
2026-01-31 15:33:05,218 INFO Written out 1200000 reads
2026-01-31 15:33:11,851 INFO Written out 1300000 reads
2026-01-31 15:33:17,594 INFO Written out 1400000 reads
2026-01-31 15:33:19,361 INFO Parsed 4000000 input reads
2026-01-31 15:33:37,559 INFO Written out 1500000 reads
2026-01-31 15:33:43,736 INFO Written out 1600000 reads
2026-01-31 15:33:47,386 INFO Written out 1700000 reads
2026-01-31 15:33:51,241 INFO Written out 1800000 reads
2026-01-31 15:36:33,961 INFO Written out 1900000 reads
2026-01-31 15:36:42,356 INFO Written out 2000000 reads
2026-01-31 15:36:46,952 INFO Written out 2100000 reads
2026-01-31 15:36:53,521 INFO Written out 2200000 reads
2026-01-31 15:36:54,178 INFO Parsed 5000000 input reads
2026-01-31 15:36:57,097 INFO Written out 2300000 reads
2026-01-31 15:37:00,870 INFO Written out 2400000 reads
2026-01-31 15:37:26,690 INFO Written out 2500000 reads
2026-01-31 16:03:22,707 INFO Written out 2600000 reads
2026-01-31 16:03:25,919 INFO Parsed 6000000 input reads
2026-01-31 16:03:27,298 INFO Written out 2700000 reads
2026-01-31 16:03:34,184 INFO Written out 2800000 reads
2026-01-31 16:03:38,068 INFO Written out 2900000 reads
2026-01-31 16:03:43,650 INFO Written out 3000000 reads
2026-01-31 16:04:09,803 INFO Written out 3100000 reads
2026-01-31 16:04:20,196 INFO Written out 3200000 reads
2026-01-31 16:04:29,793 INFO Written out 3300000 reads
2026-01-31 16:04:34,984 INFO Written out 3400000 reads
2026-01-31 16:05:59,283 INFO Parsed 7000000 input reads
2026-01-31 16:17:54,232 INFO Written out 3500000 reads
2026-01-31 16:19:13,836 INFO Written out 3600000 reads
2026-01-31 16:33:11,559 INFO Written out 3700000 reads
2026-01-31 16:33:49,616 INFO Written out 3800000 reads
2026-01-31 16:33:49,739 INFO Parsed 8000000 input reads
2026-01-31 16:33:53,687 INFO Written out 3900000 reads
2026-01-31 16:33:58,177 INFO Written out 4000000 reads
2026-01-31 16:34:02,358 INFO Written out 4100000 reads
2026-01-31 16:34:07,689 INFO Written out 4200000 reads
2026-01-31 16:34:13,581 INFO Written out 4300000 reads
2026-01-31 16:34:17,340 INFO Written out 4400000 reads
2026-01-31 16:34:20,867 INFO Written out 4500000 reads
2026-01-31 16:34:41,736 INFO Written out 4600000 reads
2026-01-31 16:34:45,814 INFO Written out 4700000 reads
2026-01-31 16:34:46,922 INFO Parsed 9000000 input reads
2026-01-31 16:35:08,082 INFO Written out 4800000 reads
2026-01-31 16:35:23,075 INFO Written out 4900000 reads
2026-01-31 16:35:56,585 INFO Written out 5000000 reads
2026-01-31 16:36:00,401 INFO Written out 5100000 reads
2026-01-31 16:38:43,861 INFO Written out 5200000 reads
2026-01-31 16:39:01,230 INFO Written out 5300000 reads
2026-01-31 16:39:21,478 INFO Written out 5400000 reads
2026-01-31 16:39:44,008 INFO Written out 5500000 reads
2026-01-31 16:39:50,085 INFO Parsed 10000000 input reads
2026-01-31 16:40:23,380 INFO Written out 5600000 reads
2026-01-31 16:41:25,320 INFO Written out 5700000 reads
2026-01-31 16:49:54,036 INFO Written out 5800000 reads
2026-01-31 16:51:14,674 INFO Written out 5900000 reads
2026-01-31 16:52:37,378 INFO Parsed 11000000 input reads
2026-01-31 16:53:28,266 INFO Written out 6000000 reads
2026-01-31 16:53:39,319 INFO Written out 6100000 reads
2026-01-31 16:53:59,182 INFO Written out 6200000 reads
2026-01-31 16:54:20,615 INFO Written out 6300000 reads
2026-01-31 16:54:59,648 INFO Written out 6400000 reads
2026-01-31 16:55:39,631 INFO Written out 6500000 reads
2026-01-31 16:57:01,431 INFO Written out 6600000 reads
2026-01-31 16:57:43,201 INFO Parsed 12000000 input reads
2026-01-31 16:59:12,622 INFO Written out 6700000 reads
2026-01-31 17:01:53,561 INFO Written out 6800000 reads
2026-01-31 17:05:05,777 INFO Written out 6900000 reads
2026-01-31 17:05:59,211 INFO Written out 7000000 reads
2026-01-31 17:06:28,417 INFO Parsed 13000000 input reads
2026-01-31 17:10:45,273 INFO Written out 7100000 reads
2026-01-31 17:18:23,646 INFO Written out 7200000 reads
2026-01-31 17:19:56,913 INFO Written out 7300000 reads
2026-01-31 17:20:54,743 INFO Written out 7400000 reads
2026-01-31 17:22:24,252 INFO Parsed 14000000 input reads
2026-01-31 17:23:24,930 INFO Written out 7500000 reads
2026-01-31 17:26:56,159 INFO Written out 7600000 reads
2026-01-31 17:31:54,135 INFO Written out 7700000 reads
2026-01-31 17:37:22,715 INFO Written out 7800000 reads
2026-01-31 17:37:32,951 INFO Parsed 15000000 input reads
2026-01-31 17:37:57,368 INFO Written out 7900000 reads
# UMI-tools version: 1.1.6
# output generated by dedup --stdin=data/aligned/IFIT2_IFIT3_FLAG_SMInput_Aligned.sortedByCoord.out.bam --stdout=data/aligned/IFIT2_IFIT3_FLAG_SMInput_Aligned.sortedByCoord.dedup.bam --log=data/aligned/IFIT2_IFIT3_FLAG_SMInput_dedup.log --extract-umi-method=read_id --method=unique
# job started at Sat Feb 14 17:37:05 2026 on compt322 -- 3ea5aafa-7966-4466-98b1-dce1c7db5a8e
# pid: 97812, system: Linux 4.18.0-553.el8_10.x86_64 #1 SMP Fri May 10 15:19:13 EDT 2024 x86_64
# assigned_tag                            : None
# cell_tag                                : None
# cell_tag_delim                          : None
# cell_tag_split                          : -
# chimeric_pairs                          : use
# chrom                                   : None
# compresslevel                           : 6
# detection_method                        : None
# filter_umi                              : None
# gene_tag                                : None
# gene_transcript_map                     : None
# get_umi_method                          : read_id
# ignore_tlen                             : False
# ignore_umi                              : False
# in_sam                                  : False
# log2stderr                              : False
# loglevel                                : 1
# mapping_quality                         : 0
# method                                  : unique
# no_sort_output                          : False
# out_sam                                 : False
# output_unmapped                         : False
# paired                                  : False
# per_cell                                : False
# per_contig                              : False
# per_gene                                : False
# random_seed                             : None
# read_length                             : False
# short_help                              : None
# skip_regex                              : ^(__|Unassigned)
# soft_clip_threshold                     : 4
# spliced                                 : False
# stats                                   : False
# stderr                                  : <_io.TextIOWrapper name='<stderr>' mode='w' encoding='utf-8'>
# stdin                                   : <_io.TextIOWrapper name='data/aligned/IFIT2_IFIT3_FLAG_SMInput_Aligned.sortedByCoord.out.bam' mode='r' encoding='UTF-8'>
# stdlog                                  : <_io.TextIOWrapper name='data/aligned/IFIT2_IFIT3_FLAG_SMInput_dedup.log' mode='a' encoding='UTF-8'>
# stdout                                  : <_io.TextIOWrapper name='data/aligned/IFIT2_IFIT3_FLAG_SMInput_Aligned.sortedByCoord.dedup.bam' mode='w' encoding='UTF-8'>
# subset                                  : None
# threshold                               : 1
# timeit_file                             : None
# timeit_header                           : None
# timeit_name                             : all
# tmpdir                                  : None
# umi_sep                                 : _
# umi_tag                                 : RX
# umi_tag_delim                           : None
# umi_tag_split                           : None
# umi_whitelist                           : None
# umi_whitelist_paired                    : None
# unmapped_reads                          : discard
# unpaired_reads                          : use
# whole_contig                            : False
2026-02-14 17:37:05,231 INFO command: dedup --stdin=data/aligned/IFIT2_IFIT3_FLAG_SMInput_Aligned.sortedByCoord.out.bam --stdout=data/aligned/IFIT2_IFIT3_FLAG_SMInput_Aligned.sortedByCoord.dedup.bam --log=data/aligned/IFIT2_IFIT3_FLAG_SMInput_dedup.log --extract-umi-method=read_id --method=unique
2026-02-14 17:37:10,753 INFO Written out 100000 reads
2026-02-14 17:37:11,466 INFO Written out 200000 reads
2026-02-14 17:37:12,289 INFO Written out 300000 reads
2026-02-14 17:37:16,996 INFO Written out 400000 reads
2026-02-14 17:37:17,890 INFO Written out 500000 reads
2026-02-14 17:37:18,457 INFO Written out 600000 reads
2026-02-14 17:37:18,559 INFO Parsed 1000000 input reads
2026-02-14 17:37:23,102 INFO Written out 700000 reads
2026-02-14 17:37:24,212 INFO Written out 800000 reads
2026-02-14 17:37:24,562 INFO Written out 900000 reads
2026-02-14 17:37:29,206 INFO Written out 1000000 reads
2026-02-14 17:37:30,372 INFO Written out 1100000 reads
2026-02-14 17:37:30,681 INFO Written out 1200000 reads
2026-02-14 17:37:30,920 INFO Parsed 2000000 input reads
2026-02-14 17:37:31,673 INFO Written out 1300000 reads
2026-02-14 17:37:33,748 INFO Written out 1400000 reads
2026-02-14 17:37:38,515 INFO Written out 1500000 reads
2026-02-14 17:37:39,674 INFO Written out 1600000 reads
2026-02-14 17:37:40,112 INFO Written out 1700000 reads
2026-02-14 17:37:44,313 INFO Written out 1800000 reads
2026-02-14 17:37:44,957 INFO Parsed 3000000 input reads
2026-02-14 17:37:45,293 INFO Written out 1900000 reads
2026-02-14 17:37:45,978 INFO Written out 2000000 reads
2026-02-14 17:37:50,949 INFO Written out 2100000 reads
2026-02-14 17:37:51,629 INFO Written out 2200000 reads
2026-02-14 17:37:52,502 INFO Written out 2300000 reads
2026-02-14 17:37:53,739 INFO Written out 2400000 reads
2026-02-14 17:37:55,706 INFO Written out 2500000 reads
2026-02-14 17:37:57,631 INFO Written out 2600000 reads
2026-02-14 17:37:58,649 INFO Parsed 4000000 input reads
2026-02-14 17:37:59,721 INFO Written out 2700000 reads
2026-02-14 17:38:01,529 INFO Written out 2800000 reads
2026-02-14 17:38:03,433 INFO Written out 2900000 reads
2026-02-14 17:38:05,488 INFO Written out 3000000 reads
2026-02-14 17:38:08,743 INFO Written out 3100000 reads
2026-02-14 17:38:09,408 INFO Written out 3200000 reads
2026-02-14 17:38:11,047 INFO Written out 3300000 reads
2026-02-14 17:38:12,770 INFO Written out 3400000 reads
2026-02-14 17:38:14,584 INFO Written out 3500000 reads
2026-02-14 17:38:15,622 INFO Parsed 5000000 input reads
2026-02-14 17:38:16,615 INFO Written out 3600000 reads
2026-02-14 17:38:18,651 INFO Written out 3700000 reads
2026-02-14 17:38:20,655 INFO Written out 3800000 reads
2026-02-14 17:38:26,711 INFO Written out 3900000 reads
2026-02-14 17:38:27,939 INFO Written out 4000000 reads
2026-02-14 17:38:28,389 INFO Written out 4100000 reads
2026-02-14 17:38:30,185 INFO Written out 4200000 reads
2026-02-14 17:38:30,346 INFO Parsed 6000000 input reads
2026-02-14 17:38:31,994 INFO Written out 4300000 reads
2026-02-14 17:38:33,868 INFO Written out 4400000 reads
2026-02-14 17:38:35,885 INFO Written out 4500000 reads
2026-02-14 17:38:37,589 INFO Written out 4600000 reads
2026-02-14 17:38:39,470 INFO Written out 4700000 reads
2026-02-14 17:38:41,315 INFO Written out 4800000 reads
2026-02-14 17:38:42,963 INFO Written out 4900000 reads
2026-02-14 17:38:44,788 INFO Written out 5000000 reads
2026-02-14 17:38:49,167 INFO Written out 5100000 reads
2026-02-14 17:38:49,263 INFO Parsed 7000000 input reads
2026-02-14 17:38:50,042 INFO Written out 5200000 reads
2026-02-14 17:38:50,528 INFO Written out 5300000 reads
2026-02-14 17:38:54,834 INFO Written out 5400000 reads
2026-02-14 17:38:55,454 INFO Written out 5500000 reads
2026-02-14 17:38:56,350 INFO Written out 5600000 reads
2026-02-14 17:38:57,696 INFO Written out 5700000 reads
2026-02-14 17:38:58,607 INFO Parsed 8000000 input reads
2026-02-14 17:38:59,184 INFO Written out 5800000 reads
2026-02-14 17:39:01,103 INFO Written out 5900000 reads
2026-02-14 17:39:03,054 INFO Written out 6000000 reads
2026-02-14 17:39:05,030 INFO Written out 6100000 reads
2026-02-14 17:39:06,678 INFO Written out 6200000 reads
2026-02-14 17:39:08,510 INFO Written out 6300000 reads
2026-02-14 17:39:10,476 INFO Written out 6400000 reads
2026-02-14 17:39:12,441 INFO Written out 6500000 reads
2026-02-14 17:39:14,380 INFO Written out 6600000 reads
2026-02-14 17:39:16,376 INFO Written out 6700000 reads
2026-02-14 17:39:16,769 INFO Parsed 9000000 input reads
2026-02-14 17:39:19,967 INFO Written out 6800000 reads
2026-02-14 17:39:20,512 INFO Written out 6900000 reads
2026-02-14 17:39:21,087 INFO Written out 7000000 reads
2026-02-14 17:39:22,558 INFO Written out 7100000 reads
2026-02-14 17:41:50,728 INFO Written out 7200000 reads
2026-02-14 17:41:51,325 INFO Written out 7300000 reads
2026-02-14 17:41:51,925 INFO Written out 7400000 reads
2026-02-14 17:41:52,514 INFO Written out 7500000 reads
2026-02-14 17:41:53,094 INFO Written out 7600000 reads
2026-02-14 17:41:53,311 INFO Parsed 10000000 input reads
2026-02-14 17:41:53,675 INFO Written out 7700000 reads
2026-02-14 17:41:54,262 INFO Written out 7800000 reads
2026-02-14 17:41:54,944 INFO Written out 7900000 reads
2026-02-14 17:41:55,496 INFO Written out 8000000 reads
2026-02-14 17:41:56,288 INFO Written out 8100000 reads
2026-02-14 17:41:56,894 INFO Written out 8200000 reads
2026-02-14 17:41:57,526 INFO Written out 8300000 reads
2026-02-14 17:41:58,131 INFO Written out 8400000 reads
2026-02-14 17:41:58,305 INFO Parsed 11000000 input reads
2026-02-14 17:41:58,761 INFO Written out 8500000 reads
2026-02-14 17:41:59,365 INFO Written out 8600000 reads
2026-02-14 17:41:59,953 INFO Written out 8700000 reads
2026-02-14 17:42:00,653 INFO Written out 8800000 reads
2026-02-14 17:42:01,261 INFO Written out 8900000 reads
2026-02-14 17:42:01,879 INFO Written out 9000000 reads
2026-02-14 17:42:02,498 INFO Written out 9100000 reads
2026-02-14 17:42:03,094 INFO Written out 9200000 reads
2026-02-14 17:42:03,748 INFO Written out 9300000 reads
2026-02-14 17:42:03,748 INFO Parsed 12000000 input reads
2026-02-14 17:42:04,311 INFO Written out 9400000 reads
2026-02-14 17:42:04,983 INFO Written out 9500000 reads
2026-02-14 17:42:05,536 INFO Written out 9600000 reads
2026-02-14 17:42:06,186 INFO Written out 9700000 reads
2026-02-14 17:42:06,720 INFO Written out 9800000 reads
2026-02-14 17:42:07,284 INFO Written out 9900000 reads
2026-02-14 17:42:07,530 INFO Parsed 13000000 input reads
2026-02-14 17:42:07,925 INFO Written out 10000000 reads
2026-02-14 17:42:08,530 INFO Written out 10100000 reads
2026-02-14 17:42:09,154 INFO Written out 10200000 reads
2026-02-14 17:42:09,818 INFO Written out 10300000 reads
2026-02-14 17:42:10,426 INFO Written out 10400000 reads
2026-02-14 17:42:11,060 INFO Written out 10500000 reads
2026-02-14 17:42:11,677 INFO Written out 10600000 reads
2026-02-14 17:42:12,376 INFO Written out 10700000 reads
2026-02-14 17:42:12,553 INFO Parsed 14000000 input reads
2026-02-14 17:42:12,986 INFO Written out 10800000 reads
2026-02-14 17:42:13,649 INFO Written out 10900000 reads
2026-02-14 17:42:14,217 INFO Written out 11000000 reads
2026-02-14 17:42:14,836 INFO Written out 11100000 reads
2026-02-14 17:42:15,519 INFO Written out 11200000 reads
2026-02-14 17:42:16,261 INFO Written out 11300000 reads
2026-02-14 17:42:16,774 INFO Written out 11400000 reads
2026-02-14 17:42:16,887 INFO Parsed 15000000 input reads
2026-02-14 17:42:17,363 INFO Written out 11500000 reads
2026-02-14 17:42:17,972 INFO Written out 11600000 reads
2026-02-14 17:42:18,971 INFO Written out 11700000 reads
2026-02-14 17:42:19,649 INFO Written out 11800000 reads
2026-02-14 17:42:20,082 INFO Written out 11900000 reads
2026-02-14 17:42:25,401 INFO Written out 12000000 reads
2026-02-14 17:42:25,964 INFO Written out 12100000 reads
2026-02-14 17:42:26,527 INFO Parsed 16000000 input reads
2026-02-14 17:42:26,629 INFO Written out 12200000 reads
2026-02-14 17:42:27,206 INFO Written out 12300000 reads
2026-02-14 17:42:28,001 INFO Written out 12400000 reads
2026-02-14 17:42:28,984 INFO Written out 12500000 reads
2026-02-14 17:42:29,484 INFO Written out 12600000 reads
2026-02-14 17:42:30,092 INFO Written out 12700000 reads
2026-02-14 17:42:30,511 INFO Parsed 17000000 input reads
2026-02-14 17:42:30,895 INFO Written out 12800000 reads
2026-02-14 17:42:31,528 INFO Written out 12900000 reads
2026-02-14 17:42:32,093 INFO Written out 13000000 reads
2026-02-14 17:42:33,046 INFO Written out 13100000 reads
2026-02-14 17:42:33,458 INFO Written out 13200000 reads
2026-02-14 17:42:34,173 INFO Written out 13300000 reads
2026-02-14 17:42:34,173 INFO Parsed 18000000 input reads
2026-02-14 17:42:34,730 INFO Written out 13400000 reads
2026-02-14 17:42:36,413 INFO Written out 13500000 reads
2026-02-14 17:42:36,413 INFO Written out 13600000 reads
2026-02-14 17:42:36,780 INFO Written out 13700000 reads
2026-02-14 17:42:36,825 INFO Parsed 19000000 input reads
2026-02-14 17:42:37,318 INFO Written out 13800000 reads
2026-02-14 17:42:37,911 INFO Written out 13900000 reads
2026-02-14 17:42:38,535 INFO Written out 14000000 reads
2026-02-14 17:42:39,131 INFO Written out 14100000 reads
2026-02-14 17:42:39,731 INFO Written out 14200000 reads
2026-02-14 17:42:40,328 INFO Written out 14300000 reads
2026-02-14 17:42:40,923 INFO Written out 14400000 reads
2026-02-14 17:42:41,517 INFO Written out 14500000 reads
2026-02-14 17:42:42,085 INFO Written out 14600000 reads
2026-02-14 17:42:42,186 INFO Parsed 20000000 input reads
2026-02-14 17:42:42,668 INFO Written out 14700000 reads
2026-02-14 17:42:43,267 INFO Written out 14800000 reads
2026-02-14 17:42:43,893 INFO Written out 14900000 reads
2026-02-14 17:42:44,484 INFO Written out 15000000 reads
2026-02-14 17:42:45,106 INFO Written out 15100000 reads
2026-02-14 17:42:45,788 INFO Written out 15200000 reads
2026-02-14 17:42:46,404 INFO Written out 15300000 reads
2026-02-14 17:42:46,993 INFO Written out 15400000 reads
2026-02-14 17:42:47,099 INFO Parsed 21000000 input reads
2026-02-14 17:42:47,594 INFO Written out 15500000 reads
2026-02-14 17:42:48,178 INFO Written out 15600000 reads
2026-02-14 17:42:48,753 INFO Written out 15700000 reads
2026-02-14 17:42:49,415 INFO Written out 15800000 reads
2026-02-14 17:42:50,073 INFO Written out 15900000 reads
2026-02-14 17:42:50,640 INFO Written out 16000000 reads
2026-02-14 17:42:51,259 INFO Written out 16100000 reads
2026-02-14 17:42:51,899 INFO Written out 16200000 reads
2026-02-14 17:42:52,338 INFO Parsed 22000000 input reads
2026-02-14 17:42:52,412 INFO Written out 16300000 reads
2026-02-14 17:42:53,045 INFO Written out 16400000 reads
2026-02-14 17:42:53,671 INFO Written out 16500000 reads
2026-02-14 17:42:54,254 INFO Written out 16600000 reads
2026-02-14 17:42:54,830 INFO Written out 16700000 reads
2026-02-14 17:42:55,375 INFO Written out 16800000 reads
2026-02-14 17:42:55,963 INFO Written out 16900000 reads
2026-02-14 17:42:56,278 INFO Parsed 23000000 input reads
2026-02-14 17:42:56,631 INFO Written out 17000000 reads
2026-02-14 17:42:57,214 INFO Written out 17100000 reads
2026-02-14 17:42:57,843 INFO Written out 17200000 reads
2026-02-14 17:42:58,568 INFO Written out 17300000 reads
2026-02-14 17:42:59,112 INFO Written out 17400000 reads
2026-02-14 17:42:59,750 INFO Written out 17500000 reads
2026-02-14 17:43:00,358 INFO Written out 17600000 reads
2026-02-14 17:43:01,017 INFO Written out 17700000 reads
2026-02-14 17:43:01,017 INFO Parsed 24000000 input reads
2026-02-14 17:43:01,629 INFO Written out 17800000 reads
2026-02-14 17:43:02,202 INFO Written out 17900000 reads
2026-02-14 17:43:02,810 INFO Written out 18000000 reads
2026-02-14 17:43:03,444 INFO Written out 18100000 reads
2026-02-14 17:43:04,014 INFO Written out 18200000 reads
2026-02-14 17:43:04,650 INFO Written out 18300000 reads
2026-02-14 17:43:05,166 INFO Written out 18400000 reads
2026-02-14 17:43:05,214 INFO Parsed 25000000 input reads
2026-02-14 17:43:05,769 INFO Written out 18500000 reads
2026-02-14 17:43:06,377 INFO Written out 18600000 reads
2026-02-14 17:43:07,066 INFO Written out 18700000 reads
2026-02-14 17:43:09,506 INFO Written out 18800000 reads
2026-02-14 17:43:09,884 INFO Written out 18900000 reads
2026-02-14 17:43:10,666 INFO Written out 19000000 reads
2026-02-14 17:43:11,200 INFO Written out 19100000 reads
2026-02-14 17:43:11,609 INFO Parsed 26000000 input reads
2026-02-14 17:43:11,842 INFO Written out 19200000 reads
2026-02-14 17:43:12,423 INFO Written out 19300000 reads
2026-02-14 17:43:13,291 INFO Written out 19400000 reads
2026-02-14 17:43:14,309 INFO Written out 19500000 reads
2026-02-14 17:43:14,691 INFO Written out 19600000 reads
2026-02-14 17:43:15,402 INFO Written out 19700000 reads
2026-02-14 17:43:15,627 INFO Parsed 27000000 input reads
2026-02-14 17:43:16,240 INFO Written out 19800000 reads
2026-02-14 17:43:16,728 INFO Written out 19900000 reads
2026-02-14 17:43:17,443 INFO Written out 20000000 reads
2026-02-14 17:43:18,998 INFO Written out 20100000 reads
2026-02-14 17:43:19,307 INFO Written out 20200000 reads
2026-02-14 17:43:19,877 INFO Parsed 28000000 input reads
2026-02-14 17:43:20,060 INFO Written out 20300000 reads
2026-02-14 17:43:20,586 INFO Written out 20400000 reads
2026-02-14 17:43:21,523 INFO Written out 20500000 reads
2026-02-14 17:43:22,913 INFO Written out 20600000 reads
2026-02-14 17:43:23,160 INFO Written out 20700000 reads
2026-02-14 17:43:23,160 INFO Parsed 29000000 input reads
2026-02-14 17:43:23,698 INFO Written out 20800000 reads
2026-02-14 17:43:24,270 INFO Written out 20900000 reads
2026-02-14 17:43:27,027 INFO Written out 21000000 reads
2026-02-14 17:43:27,617 INFO Written out 21100000 reads
2026-02-14 17:46:01,310 INFO Reads: Input Reads: 29523954
2026-02-14 17:46:01,311 INFO Number of reads out: 21164397
2026-02-14 17:46:01,311 INFO Total number of positions deduplicated: 2756387
2026-02-14 17:46:01,311 INFO Mean number of unique UMIs per position: 7.68
2026-02-14 17:46:01,311 INFO Max. number of unique UMIs per position: 181528
# job finished in 536 seconds at Sat Feb 14 17:46:01 2026 -- 525.05 10.53  0.00  0.00 -- 3ea5aafa-7966-4466-98b1-dce1c7db5a8e
