# UMI-tools version: 1.1.6
# output generated by dedup --stdin /mnt/vstor/SOM_CCCC_JGS25/sayyar/IFIT1-IFIT2-secondary-analysis/data/aligned/IFIT2_alone_FLAG_IP_Aligned.sortedByCoord.out.bam --stdout /mnt/vstor/SOM_CCCC_JGS25/sayyar/IFIT1-IFIT2-secondary-analysis/data/aligned/IFIT2_alone_FLAG_IP_dedup.bam --log /mnt/vstor/SOM_CCCC_JGS25/sayyar/IFIT1-IFIT2-secondary-analysis/data/aligned/IFIT2_alone_FLAG_IP_dedup.log --output-stats /mnt/vstor/SOM_CCCC_JGS25/sayyar/IFIT1-IFIT2-secondary-analysis/data/aligned/IFIT2_alone_FLAG_IP_dedup_stats
# job started at Sat Jan 31 13:52:28 2026 on compt296 -- 89a34055-14ed-42ea-8da1-86dcea2135ea
# pid: 4170906, system: Linux 4.18.0-553.el8_10.x86_64 #1 SMP Fri May 10 15:19:13 EDT 2024 x86_64
# assigned_tag                            : None
# cell_tag                                : None
# cell_tag_delim                          : None
# cell_tag_split                          : -
# chimeric_pairs                          : use
# chrom                                   : None
# compresslevel                           : 6
# detection_method                        : None
# filter_umi                              : None
# gene_tag                                : None
# gene_transcript_map                     : None
# get_umi_method                          : read_id
# ignore_tlen                             : False
# ignore_umi                              : False
# in_sam                                  : False
# log2stderr                              : False
# loglevel                                : 1
# mapping_quality                         : 0
# method                                  : directional
# no_sort_output                          : False
# out_sam                                 : False
# output_unmapped                         : False
# paired                                  : False
# per_cell                                : False
# per_contig                              : False
# per_gene                                : False
# random_seed                             : None
# read_length                             : False
# short_help                              : None
# skip_regex                              : ^(__|Unassigned)
# soft_clip_threshold                     : 4
# spliced                                 : False
# stats                                   : /mnt/vstor/SOM_CCCC_JGS25/sayyar/IFIT1-IFIT2-secondary-analysis/data/aligned/IFIT2_alone_FLAG_IP_dedup_stats
# stderr                                  : <_io.TextIOWrapper name='<stderr>' mode='w' encoding='utf-8'>
# stdin                                   : <_io.TextIOWrapper name='/mnt/vstor/SOM_CCCC_JGS25/sayyar/IFIT1-IFIT2-secondary-analysis/data/aligned/IFIT2_alone_FLAG_IP_Aligned.sortedByCoord.out.bam' mode='r' encoding='UTF-8'>
# stdlog                                  : <_io.TextIOWrapper name='/mnt/vstor/SOM_CCCC_JGS25/sayyar/IFIT1-IFIT2-secondary-analysis/data/aligned/IFIT2_alone_FLAG_IP_dedup.log' mode='a' encoding='UTF-8'>
# stdout                                  : <_io.TextIOWrapper name='/mnt/vstor/SOM_CCCC_JGS25/sayyar/IFIT1-IFIT2-secondary-analysis/data/aligned/IFIT2_alone_FLAG_IP_dedup.bam' mode='w' encoding='UTF-8'>
# subset                                  : None
# threshold                               : 1
# timeit_file                             : None
# timeit_header                           : None
# timeit_name                             : all
# tmpdir                                  : None
# umi_sep                                 : _
# umi_tag                                 : RX
# umi_tag_delim                           : None
# umi_tag_split                           : None
# umi_whitelist                           : None
# umi_whitelist_paired                    : None
# unmapped_reads                          : discard
# unpaired_reads                          : use
# whole_contig                            : False
2026-01-31 13:52:28,036 INFO command: dedup --stdin /mnt/vstor/SOM_CCCC_JGS25/sayyar/IFIT1-IFIT2-secondary-analysis/data/aligned/IFIT2_alone_FLAG_IP_Aligned.sortedByCoord.out.bam --stdout /mnt/vstor/SOM_CCCC_JGS25/sayyar/IFIT1-IFIT2-secondary-analysis/data/aligned/IFIT2_alone_FLAG_IP_dedup.bam --log /mnt/vstor/SOM_CCCC_JGS25/sayyar/IFIT1-IFIT2-secondary-analysis/data/aligned/IFIT2_alone_FLAG_IP_dedup.log --output-stats /mnt/vstor/SOM_CCCC_JGS25/sayyar/IFIT1-IFIT2-secondary-analysis/data/aligned/IFIT2_alone_FLAG_IP_dedup_stats
2026-01-31 13:53:20,324 INFO total_umis 28775401
2026-01-31 13:53:20,327 INFO #umis 941844
2026-01-31 13:53:59,237 INFO Written out 100000 reads
2026-01-31 13:54:15,518 INFO Written out 200000 reads
2026-01-31 13:54:34,838 INFO Written out 300000 reads
2026-01-31 13:55:25,312 INFO Written out 400000 reads
2026-01-31 13:55:39,214 INFO Written out 500000 reads
2026-01-31 13:55:44,285 INFO Written out 600000 reads
2026-01-31 13:55:45,455 INFO Parsed 1000000 input reads
2026-01-31 13:56:02,542 INFO Written out 700000 reads
2026-01-31 13:56:06,296 INFO Written out 800000 reads
2026-01-31 13:59:30,300 INFO Written out 900000 reads
2026-01-31 14:00:09,420 INFO Written out 1000000 reads
2026-01-31 14:00:21,127 INFO Written out 1100000 reads
2026-01-31 14:00:28,568 INFO Written out 1200000 reads
2026-01-31 14:00:30,073 INFO Parsed 2000000 input reads
2026-01-31 14:00:31,835 INFO Written out 1300000 reads
2026-01-31 14:15:20,145 INFO Written out 1400000 reads
2026-01-31 14:28:00,153 INFO Written out 1500000 reads
2026-01-31 14:28:11,880 INFO Parsed 3000000 input reads
2026-01-31 14:28:12,415 INFO Written out 1600000 reads
2026-01-31 14:28:30,813 INFO Written out 1700000 reads
2026-01-31 14:28:37,490 INFO Written out 1800000 reads
2026-01-31 14:29:31,746 INFO Written out 1900000 reads
2026-01-31 14:29:37,692 INFO Written out 2000000 reads
2026-01-31 14:30:05,739 INFO Written out 2100000 reads
2026-01-31 14:30:10,665 INFO Written out 2200000 reads
2026-01-31 14:30:17,121 INFO Written out 2300000 reads
2026-01-31 14:30:18,075 INFO Parsed 4000000 input reads
2026-01-31 14:30:26,519 INFO Written out 2400000 reads
2026-01-31 14:30:42,893 INFO Written out 2500000 reads
2026-01-31 14:30:46,513 INFO Written out 2600000 reads
2026-01-31 14:31:01,090 INFO Written out 2700000 reads
2026-01-31 14:31:10,691 INFO Written out 2800000 reads
2026-01-31 14:31:32,203 INFO Written out 2900000 reads
2026-01-31 14:34:55,715 INFO Parsed 5000000 input reads
2026-01-31 14:36:52,850 INFO Written out 3000000 reads
2026-01-31 14:37:11,691 INFO Written out 3100000 reads
2026-01-31 14:40:24,383 INFO Written out 3200000 reads
2026-01-31 14:40:34,383 INFO Written out 3300000 reads
2026-01-31 14:40:57,171 INFO Written out 3400000 reads
2026-01-31 14:46:16,627 INFO Written out 3500000 reads
2026-01-31 14:46:51,219 INFO Parsed 6000000 input reads
2026-01-31 14:47:06,527 INFO Written out 3600000 reads
2026-01-31 14:48:30,314 INFO Written out 3700000 reads
2026-01-31 14:51:26,110 INFO Written out 3800000 reads
2026-01-31 15:04:26,395 INFO Written out 3900000 reads
2026-01-31 15:05:21,723 INFO Parsed 7000000 input reads
2026-01-31 15:05:31,251 INFO Written out 4000000 reads
2026-01-31 15:06:16,423 INFO Written out 4100000 reads
2026-01-31 15:06:51,914 INFO Written out 4200000 reads
2026-01-31 15:07:16,766 INFO Written out 4300000 reads
2026-01-31 15:07:29,268 INFO Written out 4400000 reads
2026-01-31 15:08:40,712 INFO Written out 4500000 reads
2026-01-31 15:08:48,134 INFO Parsed 8000000 input reads
2026-01-31 15:10:11,722 INFO Written out 4600000 reads
2026-01-31 15:11:29,993 INFO Written out 4700000 reads
2026-01-31 15:21:03,438 INFO Written out 4800000 reads
2026-01-31 15:22:12,087 INFO Written out 4900000 reads
2026-01-31 15:23:58,916 INFO Written out 5000000 reads
2026-01-31 15:24:10,141 INFO Parsed 9000000 input reads
2026-01-31 15:29:33,009 INFO Written out 5100000 reads
2026-01-31 15:32:58,802 INFO Written out 5200000 reads
2026-01-31 15:33:26,169 INFO Written out 5300000 reads
2026-01-31 15:34:47,710 INFO Written out 5400000 reads
2026-01-31 15:34:51,857 INFO Parsed 10000000 input reads
2026-01-31 15:36:14,125 INFO Written out 5500000 reads
2026-01-31 15:38:07,288 INFO Written out 5600000 reads
2026-01-31 15:46:13,130 INFO Written out 5700000 reads
2026-01-31 15:46:34,477 INFO Parsed 11000000 input reads
2026-01-31 15:51:02,397 INFO Written out 5800000 reads
2026-01-31 15:58:28,734 INFO Written out 5900000 reads
2026-01-31 16:00:54,936 INFO Written out 6000000 reads
2026-01-31 16:03:19,853 INFO Parsed 12000000 input reads
2026-01-31 16:04:15,151 INFO Written out 6100000 reads
# UMI-tools version: 1.1.6
# output generated by dedup --stdin=data/aligned/IFIT2_alone_FLAG_IP_Aligned.sortedByCoord.out.bam --stdout=data/aligned/IFIT2_alone_FLAG_IP_Aligned.sortedByCoord.dedup.bam --log=data/aligned/IFIT2_alone_FLAG_IP_dedup.log --extract-umi-method=read_id --method=unique
# job started at Sat Feb 14 17:07:33 2026 on compt322 -- f4d3e089-7d03-47b2-b72e-20ef58123315
# pid: 95471, system: Linux 4.18.0-553.el8_10.x86_64 #1 SMP Fri May 10 15:19:13 EDT 2024 x86_64
# assigned_tag                            : None
# cell_tag                                : None
# cell_tag_delim                          : None
# cell_tag_split                          : -
# chimeric_pairs                          : use
# chrom                                   : None
# compresslevel                           : 6
# detection_method                        : None
# filter_umi                              : None
# gene_tag                                : None
# gene_transcript_map                     : None
# get_umi_method                          : read_id
# ignore_tlen                             : False
# ignore_umi                              : False
# in_sam                                  : False
# log2stderr                              : False
# loglevel                                : 1
# mapping_quality                         : 0
# method                                  : unique
# no_sort_output                          : False
# out_sam                                 : False
# output_unmapped                         : False
# paired                                  : False
# per_cell                                : False
# per_contig                              : False
# per_gene                                : False
# random_seed                             : None
# read_length                             : False
# short_help                              : None
# skip_regex                              : ^(__|Unassigned)
# soft_clip_threshold                     : 4
# spliced                                 : False
# stats                                   : False
# stderr                                  : <_io.TextIOWrapper name='<stderr>' mode='w' encoding='utf-8'>
# stdin                                   : <_io.TextIOWrapper name='data/aligned/IFIT2_alone_FLAG_IP_Aligned.sortedByCoord.out.bam' mode='r' encoding='UTF-8'>
# stdlog                                  : <_io.TextIOWrapper name='data/aligned/IFIT2_alone_FLAG_IP_dedup.log' mode='a' encoding='UTF-8'>
# stdout                                  : <_io.TextIOWrapper name='data/aligned/IFIT2_alone_FLAG_IP_Aligned.sortedByCoord.dedup.bam' mode='w' encoding='UTF-8'>
# subset                                  : None
# threshold                               : 1
# timeit_file                             : None
# timeit_header                           : None
# timeit_name                             : all
# tmpdir                                  : None
# umi_sep                                 : _
# umi_tag                                 : RX
# umi_tag_delim                           : None
# umi_tag_split                           : None
# umi_whitelist                           : None
# umi_whitelist_paired                    : None
# unmapped_reads                          : discard
# unpaired_reads                          : use
# whole_contig                            : False
2026-02-14 17:07:33,477 INFO command: dedup --stdin=data/aligned/IFIT2_alone_FLAG_IP_Aligned.sortedByCoord.out.bam --stdout=data/aligned/IFIT2_alone_FLAG_IP_Aligned.sortedByCoord.dedup.bam --log=data/aligned/IFIT2_alone_FLAG_IP_dedup.log --extract-umi-method=read_id --method=unique
2026-02-14 17:07:35,329 INFO Written out 100000 reads
2026-02-14 17:07:36,904 INFO Written out 200000 reads
2026-02-14 17:07:38,559 INFO Written out 300000 reads
2026-02-14 17:07:40,241 INFO Written out 400000 reads
2026-02-14 17:07:41,878 INFO Written out 500000 reads
2026-02-14 17:07:43,221 INFO Written out 600000 reads
2026-02-14 17:07:45,017 INFO Written out 700000 reads
2026-02-14 17:07:46,345 INFO Parsed 1000000 input reads
2026-02-14 17:07:46,940 INFO Written out 800000 reads
2026-02-14 17:07:48,790 INFO Written out 900000 reads
2026-02-14 17:07:53,009 INFO Written out 1000000 reads
2026-02-14 17:07:53,771 INFO Written out 1100000 reads
2026-02-14 17:07:54,406 INFO Written out 1200000 reads
2026-02-14 17:07:56,221 INFO Written out 1300000 reads
2026-02-14 17:07:57,441 INFO Written out 1400000 reads
2026-02-14 17:07:59,272 INFO Written out 1500000 reads
2026-02-14 17:07:59,868 INFO Parsed 2000000 input reads
2026-02-14 17:08:01,199 INFO Written out 1600000 reads
2026-02-14 17:08:07,481 INFO Written out 1700000 reads
2026-02-14 17:08:08,384 INFO Written out 1800000 reads
2026-02-14 17:08:09,350 INFO Written out 1900000 reads
2026-02-14 17:08:11,083 INFO Written out 2000000 reads
2026-02-14 17:08:12,153 INFO Parsed 3000000 input reads
2026-02-14 17:08:12,633 INFO Written out 2100000 reads
2026-02-14 17:08:14,263 INFO Written out 2200000 reads
2026-02-14 17:08:16,174 INFO Written out 2300000 reads
2026-02-14 17:08:18,085 INFO Written out 2400000 reads
2026-02-14 17:08:19,758 INFO Written out 2500000 reads
2026-02-14 17:08:21,592 INFO Written out 2600000 reads
2026-02-14 17:08:23,023 INFO Written out 2700000 reads
2026-02-14 17:08:24,880 INFO Written out 2800000 reads
2026-02-14 17:08:26,416 INFO Parsed 4000000 input reads
2026-02-14 17:08:26,689 INFO Written out 2900000 reads
2026-02-14 17:08:28,274 INFO Written out 3000000 reads
2026-02-14 17:08:29,780 INFO Written out 3100000 reads
2026-02-14 17:08:31,713 INFO Written out 3200000 reads
2026-02-14 17:08:33,568 INFO Written out 3300000 reads
2026-02-14 17:08:35,458 INFO Written out 3400000 reads
2026-02-14 17:08:39,586 INFO Written out 3500000 reads
2026-02-14 17:08:40,375 INFO Written out 3600000 reads
2026-02-14 17:08:40,721 INFO Parsed 5000000 input reads
2026-02-14 17:08:41,019 INFO Written out 3700000 reads
2026-02-14 17:08:42,017 INFO Written out 3800000 reads
2026-02-14 17:08:43,617 INFO Written out 3900000 reads
2026-02-14 17:11:41,350 INFO Written out 4000000 reads
2026-02-14 17:11:41,993 INFO Written out 4100000 reads
2026-02-14 17:11:42,617 INFO Written out 4200000 reads
2026-02-14 17:11:43,249 INFO Written out 4300000 reads
2026-02-14 17:11:43,829 INFO Written out 4400000 reads
2026-02-14 17:11:44,150 INFO Parsed 6000000 input reads
2026-02-14 17:11:44,428 INFO Written out 4500000 reads
2026-02-14 17:11:45,073 INFO Written out 4600000 reads
2026-02-14 17:11:45,682 INFO Written out 4700000 reads
2026-02-14 17:11:46,393 INFO Written out 4800000 reads
2026-02-14 17:11:47,187 INFO Written out 4900000 reads
2026-02-14 17:11:47,681 INFO Written out 5000000 reads
2026-02-14 17:11:48,358 INFO Written out 5100000 reads
2026-02-14 17:11:48,393 INFO Parsed 7000000 input reads
2026-02-14 17:11:48,899 INFO Written out 5200000 reads
2026-02-14 17:11:49,510 INFO Written out 5300000 reads
2026-02-14 17:11:50,157 INFO Written out 5400000 reads
2026-02-14 17:11:50,728 INFO Written out 5500000 reads
2026-02-14 17:11:51,394 INFO Written out 5600000 reads
2026-02-14 17:11:52,029 INFO Written out 5700000 reads
2026-02-14 17:11:52,673 INFO Written out 5800000 reads
2026-02-14 17:11:53,247 INFO Parsed 8000000 input reads
2026-02-14 17:11:53,307 INFO Written out 5900000 reads
2026-02-14 17:11:53,932 INFO Written out 6000000 reads
2026-02-14 17:11:54,519 INFO Written out 6100000 reads
2026-02-14 17:11:55,127 INFO Written out 6200000 reads
2026-02-14 17:11:55,784 INFO Written out 6300000 reads
2026-02-14 17:11:56,377 INFO Written out 6400000 reads
2026-02-14 17:11:57,010 INFO Written out 6500000 reads
2026-02-14 17:11:57,616 INFO Written out 6600000 reads
2026-02-14 17:11:57,814 INFO Parsed 9000000 input reads
2026-02-14 17:11:58,363 INFO Written out 6700000 reads
2026-02-14 17:11:58,892 INFO Written out 6800000 reads
2026-02-14 17:11:59,630 INFO Written out 6900000 reads
2026-02-14 17:12:00,163 INFO Written out 7000000 reads
2026-02-14 17:12:00,836 INFO Written out 7100000 reads
2026-02-14 17:12:01,526 INFO Written out 7200000 reads
2026-02-14 17:12:01,857 INFO Parsed 10000000 input reads
2026-02-14 17:12:02,130 INFO Written out 7300000 reads
2026-02-14 17:12:02,751 INFO Written out 7400000 reads
2026-02-14 17:12:03,406 INFO Written out 7500000 reads
2026-02-14 17:12:04,071 INFO Written out 7600000 reads
2026-02-14 17:12:04,779 INFO Written out 7700000 reads
2026-02-14 17:12:05,357 INFO Written out 7800000 reads
2026-02-14 17:12:05,794 INFO Parsed 11000000 input reads
2026-02-14 17:12:05,953 INFO Written out 7900000 reads
2026-02-14 17:12:06,568 INFO Written out 8000000 reads
2026-02-14 17:12:07,320 INFO Written out 8100000 reads
2026-02-14 17:12:07,914 INFO Written out 8200000 reads
2026-02-14 17:12:08,580 INFO Written out 8300000 reads
2026-02-14 17:12:09,278 INFO Written out 8400000 reads
2026-02-14 17:12:09,549 INFO Parsed 12000000 input reads
2026-02-14 17:12:09,792 INFO Written out 8500000 reads
2026-02-14 17:12:10,468 INFO Written out 8600000 reads
2026-02-14 17:12:11,459 INFO Written out 8700000 reads
2026-02-14 17:12:11,862 INFO Written out 8800000 reads
2026-02-14 17:12:12,578 INFO Written out 8900000 reads
2026-02-14 17:12:13,215 INFO Written out 9000000 reads
2026-02-14 17:12:13,890 INFO Written out 9100000 reads
2026-02-14 17:12:14,246 INFO Parsed 13000000 input reads
2026-02-14 17:12:14,542 INFO Written out 9200000 reads
2026-02-14 17:12:15,294 INFO Written out 9300000 reads
2026-02-14 17:12:16,324 INFO Written out 9400000 reads
2026-02-14 17:12:16,752 INFO Written out 9500000 reads
2026-02-14 17:12:17,449 INFO Written out 9600000 reads
2026-02-14 17:12:17,674 INFO Parsed 14000000 input reads
2026-02-14 17:12:18,097 INFO Written out 9700000 reads
2026-02-14 17:12:18,786 INFO Written out 9800000 reads
2026-02-14 17:12:19,596 INFO Written out 9900000 reads
2026-02-14 17:12:19,887 INFO Parsed 15000000 input reads
2026-02-14 17:12:20,561 INFO Written out 10000000 reads
2026-02-14 17:12:20,760 INFO Written out 10100000 reads
2026-02-14 17:12:21,395 INFO Written out 10200000 reads
2026-02-14 17:12:22,093 INFO Written out 10300000 reads
2026-02-14 17:12:22,558 INFO Written out 10400000 reads
2026-02-14 17:12:23,094 INFO Parsed 16000000 input reads
2026-02-14 17:12:23,797 INFO Written out 10500000 reads
2026-02-14 17:12:23,797 INFO Written out 10600000 reads
2026-02-14 17:12:24,436 INFO Written out 10700000 reads
2026-02-14 17:12:25,063 INFO Written out 10800000 reads
2026-02-14 17:12:25,700 INFO Written out 10900000 reads
2026-02-14 17:12:26,339 INFO Written out 11000000 reads
2026-02-14 17:12:26,608 INFO Parsed 17000000 input reads
2026-02-14 17:12:26,970 INFO Written out 11100000 reads
2026-02-14 17:12:27,601 INFO Written out 11200000 reads
2026-02-14 17:12:28,226 INFO Written out 11300000 reads
2026-02-14 17:12:28,852 INFO Written out 11400000 reads
2026-02-14 17:12:29,479 INFO Written out 11500000 reads
2026-02-14 17:12:30,207 INFO Written out 11600000 reads
2026-02-14 17:12:30,800 INFO Written out 11700000 reads
2026-02-14 17:12:31,274 INFO Written out 11800000 reads
2026-02-14 17:12:31,300 INFO Parsed 18000000 input reads
2026-02-14 17:12:31,878 INFO Written out 11900000 reads
2026-02-14 17:12:32,479 INFO Written out 12000000 reads
2026-02-14 17:12:33,143 INFO Written out 12100000 reads
2026-02-14 17:12:33,835 INFO Written out 12200000 reads
2026-02-14 17:12:34,495 INFO Written out 12300000 reads
2026-02-14 17:12:35,095 INFO Written out 12400000 reads
2026-02-14 17:12:35,550 INFO Parsed 19000000 input reads
2026-02-14 17:12:35,723 INFO Written out 12500000 reads
2026-02-14 17:12:36,345 INFO Written out 12600000 reads
2026-02-14 17:12:36,939 INFO Written out 12700000 reads
2026-02-14 17:12:37,601 INFO Written out 12800000 reads
2026-02-14 17:12:38,151 INFO Written out 12900000 reads
2026-02-14 17:12:38,811 INFO Written out 13000000 reads
2026-02-14 17:12:39,461 INFO Written out 13100000 reads
2026-02-14 17:12:40,102 INFO Written out 13200000 reads
2026-02-14 17:12:40,371 INFO Parsed 20000000 input reads
2026-02-14 17:12:40,705 INFO Written out 13300000 reads
2026-02-14 17:12:41,340 INFO Written out 13400000 reads
2026-02-14 17:12:41,875 INFO Written out 13500000 reads
2026-02-14 17:12:42,579 INFO Written out 13600000 reads
2026-02-14 17:12:43,232 INFO Written out 13700000 reads
2026-02-14 17:12:43,788 INFO Written out 13800000 reads
2026-02-14 17:12:44,397 INFO Written out 13900000 reads
2026-02-14 17:12:44,881 INFO Parsed 21000000 input reads
2026-02-14 17:12:44,989 INFO Written out 14000000 reads
2026-02-14 17:12:45,637 INFO Written out 14100000 reads
2026-02-14 17:12:46,278 INFO Written out 14200000 reads
2026-02-14 17:12:46,924 INFO Written out 14300000 reads
2026-02-14 17:12:47,540 INFO Written out 14400000 reads
2026-02-14 17:12:48,223 INFO Written out 14500000 reads
2026-02-14 17:12:48,871 INFO Written out 14600000 reads
2026-02-14 17:12:48,940 INFO Parsed 22000000 input reads
2026-02-14 17:12:49,526 INFO Written out 14700000 reads
2026-02-14 17:12:50,117 INFO Written out 14800000 reads
2026-02-14 17:12:50,803 INFO Written out 14900000 reads
2026-02-14 17:12:51,463 INFO Written out 15000000 reads
2026-02-14 17:12:52,095 INFO Written out 15100000 reads
2026-02-14 17:12:52,695 INFO Written out 15200000 reads
2026-02-14 17:12:52,890 INFO Parsed 23000000 input reads
2026-02-14 17:12:53,305 INFO Written out 15300000 reads
2026-02-14 17:12:56,024 INFO Written out 15400000 reads
2026-02-14 17:12:56,751 INFO Written out 15500000 reads
2026-02-14 17:12:57,349 INFO Written out 15600000 reads
2026-02-14 17:12:57,949 INFO Written out 15700000 reads
2026-02-14 17:12:58,553 INFO Parsed 24000000 input reads
2026-02-14 17:12:58,731 INFO Written out 15800000 reads
2026-02-14 17:12:59,139 INFO Written out 15900000 reads
2026-02-14 17:12:59,816 INFO Written out 16000000 reads
2026-02-14 17:13:00,624 INFO Written out 16100000 reads
2026-02-14 17:13:01,243 INFO Written out 16200000 reads
2026-02-14 17:13:01,924 INFO Written out 16300000 reads
2026-02-14 17:13:02,569 INFO Written out 16400000 reads
2026-02-14 17:13:03,242 INFO Written out 16500000 reads
2026-02-14 17:13:03,356 INFO Parsed 25000000 input reads
2026-02-14 17:13:03,896 INFO Written out 16600000 reads
2026-02-14 17:13:04,943 INFO Written out 16700000 reads
2026-02-14 17:13:05,472 INFO Written out 16800000 reads
2026-02-14 17:13:06,106 INFO Written out 16900000 reads
2026-02-14 17:13:06,810 INFO Written out 17000000 reads
2026-02-14 17:13:06,810 INFO Parsed 26000000 input reads
2026-02-14 17:13:07,456 INFO Written out 17100000 reads
2026-02-14 17:13:09,011 INFO Written out 17200000 reads
2026-02-14 17:13:09,537 INFO Written out 17300000 reads
2026-02-14 17:13:09,825 INFO Parsed 27000000 input reads
2026-02-14 17:13:10,484 INFO Written out 17400000 reads
2026-02-14 17:13:10,901 INFO Written out 17500000 reads
2026-02-14 17:13:11,480 INFO Written out 17600000 reads
2026-02-14 17:13:12,661 INFO Written out 17700000 reads
2026-02-14 17:13:13,090 INFO Written out 17800000 reads
2026-02-14 17:13:13,420 INFO Parsed 28000000 input reads
2026-02-14 17:13:14,390 INFO Written out 17900000 reads
2026-02-14 17:13:14,647 INFO Written out 18000000 reads
2026-02-14 17:13:15,210 INFO Written out 18100000 reads
2026-02-14 17:13:16,578 INFO Written out 18200000 reads
2026-02-14 17:15:25,448 INFO Reads: Input Reads: 28775401
2026-02-14 17:15:25,449 INFO Number of reads out: 18245229
2026-02-14 17:15:25,449 INFO Total number of positions deduplicated: 1491408
2026-02-14 17:15:25,450 INFO Mean number of unique UMIs per position: 12.23
2026-02-14 17:15:25,450 INFO Max. number of unique UMIs per position: 123519
# job finished in 471 seconds at Sat Feb 14 17:15:25 2026 -- 461.00 10.62  0.00  0.00 -- f4d3e089-7d03-47b2-b72e-20ef58123315
