# UMI-tools version: 1.1.6
# output generated by dedup --stdin /mnt/vstor/SOM_CCCC_JGS25/sayyar/IFIT1-IFIT2-secondary-analysis/data/aligned/IFIT2_IFIT3_HA_SMInput_Aligned.sortedByCoord.out.bam --stdout /mnt/vstor/SOM_CCCC_JGS25/sayyar/IFIT1-IFIT2-secondary-analysis/data/aligned/IFIT2_IFIT3_HA_SMInput_dedup.bam --log /mnt/vstor/SOM_CCCC_JGS25/sayyar/IFIT1-IFIT2-secondary-analysis/data/aligned/IFIT2_IFIT3_HA_SMInput_dedup.log --output-stats /mnt/vstor/SOM_CCCC_JGS25/sayyar/IFIT1-IFIT2-secondary-analysis/data/aligned/IFIT2_IFIT3_HA_SMInput_dedup_stats
# job started at Sat Jan 31 13:51:35 2026 on compt377 -- 3985fc40-bcf9-4d10-86e0-095f2553b8a2
# pid: 1576314, system: Linux 4.18.0-553.el8_10.x86_64 #1 SMP Fri May 10 15:19:13 EDT 2024 x86_64
# assigned_tag                            : None
# cell_tag                                : None
# cell_tag_delim                          : None
# cell_tag_split                          : -
# chimeric_pairs                          : use
# chrom                                   : None
# compresslevel                           : 6
# detection_method                        : None
# filter_umi                              : None
# gene_tag                                : None
# gene_transcript_map                     : None
# get_umi_method                          : read_id
# ignore_tlen                             : False
# ignore_umi                              : False
# in_sam                                  : False
# log2stderr                              : False
# loglevel                                : 1
# mapping_quality                         : 0
# method                                  : directional
# no_sort_output                          : False
# out_sam                                 : False
# output_unmapped                         : False
# paired                                  : False
# per_cell                                : False
# per_contig                              : False
# per_gene                                : False
# random_seed                             : None
# read_length                             : False
# short_help                              : None
# skip_regex                              : ^(__|Unassigned)
# soft_clip_threshold                     : 4
# spliced                                 : False
# stats                                   : /mnt/vstor/SOM_CCCC_JGS25/sayyar/IFIT1-IFIT2-secondary-analysis/data/aligned/IFIT2_IFIT3_HA_SMInput_dedup_stats
# stderr                                  : <_io.TextIOWrapper name='<stderr>' mode='w' encoding='utf-8'>
# stdin                                   : <_io.TextIOWrapper name='/mnt/vstor/SOM_CCCC_JGS25/sayyar/IFIT1-IFIT2-secondary-analysis/data/aligned/IFIT2_IFIT3_HA_SMInput_Aligned.sortedByCoord.out.bam' mode='r' encoding='UTF-8'>
# stdlog                                  : <_io.TextIOWrapper name='/mnt/vstor/SOM_CCCC_JGS25/sayyar/IFIT1-IFIT2-secondary-analysis/data/aligned/IFIT2_IFIT3_HA_SMInput_dedup.log' mode='a' encoding='UTF-8'>
# stdout                                  : <_io.TextIOWrapper name='/mnt/vstor/SOM_CCCC_JGS25/sayyar/IFIT1-IFIT2-secondary-analysis/data/aligned/IFIT2_IFIT3_HA_SMInput_dedup.bam' mode='w' encoding='UTF-8'>
# subset                                  : None
# threshold                               : 1
# timeit_file                             : None
# timeit_header                           : None
# timeit_name                             : all
# tmpdir                                  : None
# umi_sep                                 : _
# umi_tag                                 : RX
# umi_tag_delim                           : None
# umi_tag_split                           : None
# umi_whitelist                           : None
# umi_whitelist_paired                    : None
# unmapped_reads                          : discard
# unpaired_reads                          : use
# whole_contig                            : False
2026-01-31 13:51:35,687 INFO command: dedup --stdin /mnt/vstor/SOM_CCCC_JGS25/sayyar/IFIT1-IFIT2-secondary-analysis/data/aligned/IFIT2_IFIT3_HA_SMInput_Aligned.sortedByCoord.out.bam --stdout /mnt/vstor/SOM_CCCC_JGS25/sayyar/IFIT1-IFIT2-secondary-analysis/data/aligned/IFIT2_IFIT3_HA_SMInput_dedup.bam --log /mnt/vstor/SOM_CCCC_JGS25/sayyar/IFIT1-IFIT2-secondary-analysis/data/aligned/IFIT2_IFIT3_HA_SMInput_dedup.log --output-stats /mnt/vstor/SOM_CCCC_JGS25/sayyar/IFIT1-IFIT2-secondary-analysis/data/aligned/IFIT2_IFIT3_HA_SMInput_dedup_stats
2026-01-31 13:52:32,435 INFO total_umis 28292262
2026-01-31 13:52:32,436 INFO #umis 945647
2026-01-31 13:54:24,432 INFO Written out 100000 reads
2026-01-31 14:28:17,912 INFO Written out 200000 reads
2026-01-31 14:30:21,180 INFO Parsed 1000000 input reads
2026-01-31 14:30:29,062 INFO Written out 300000 reads
2026-01-31 15:06:00,484 INFO Written out 400000 reads
2026-01-31 15:20:32,621 INFO Parsed 2000000 input reads
2026-01-31 15:38:37,339 INFO Written out 500000 reads
2026-01-31 15:41:34,956 INFO Written out 600000 reads
2026-01-31 15:54:51,822 INFO Parsed 3000000 input reads
2026-01-31 16:11:37,075 INFO Written out 700000 reads
2026-01-31 16:11:54,160 INFO Written out 800000 reads
2026-01-31 16:12:09,674 INFO Written out 900000 reads
2026-01-31 16:30:29,111 INFO Parsed 4000000 input reads
2026-01-31 16:44:15,754 INFO Written out 1000000 reads
2026-01-31 16:47:52,511 INFO Written out 1100000 reads
2026-01-31 17:20:43,826 INFO Written out 1200000 reads
2026-01-31 17:21:04,681 INFO Parsed 5000000 input reads
2026-01-31 17:22:50,772 INFO Written out 1300000 reads
# UMI-tools version: 1.1.6
# output generated by dedup --stdin=data/aligned/IFIT2_IFIT3_HA_SMInput_Aligned.sortedByCoord.out.bam --stdout=data/aligned/IFIT2_IFIT3_HA_SMInput_Aligned.sortedByCoord.dedup.bam --log=data/aligned/IFIT2_IFIT3_HA_SMInput_dedup.log --extract-umi-method=read_id --method=unique
# job started at Sat Feb 14 17:46:24 2026 on compt322 -- 089ec29c-72db-4c47-9fce-e3a20f624b2c
# pid: 98276, system: Linux 4.18.0-553.el8_10.x86_64 #1 SMP Fri May 10 15:19:13 EDT 2024 x86_64
# assigned_tag                            : None
# cell_tag                                : None
# cell_tag_delim                          : None
# cell_tag_split                          : -
# chimeric_pairs                          : use
# chrom                                   : None
# compresslevel                           : 6
# detection_method                        : None
# filter_umi                              : None
# gene_tag                                : None
# gene_transcript_map                     : None
# get_umi_method                          : read_id
# ignore_tlen                             : False
# ignore_umi                              : False
# in_sam                                  : False
# log2stderr                              : False
# loglevel                                : 1
# mapping_quality                         : 0
# method                                  : unique
# no_sort_output                          : False
# out_sam                                 : False
# output_unmapped                         : False
# paired                                  : False
# per_cell                                : False
# per_contig                              : False
# per_gene                                : False
# random_seed                             : None
# read_length                             : False
# short_help                              : None
# skip_regex                              : ^(__|Unassigned)
# soft_clip_threshold                     : 4
# spliced                                 : False
# stats                                   : False
# stderr                                  : <_io.TextIOWrapper name='<stderr>' mode='w' encoding='utf-8'>
# stdin                                   : <_io.TextIOWrapper name='data/aligned/IFIT2_IFIT3_HA_SMInput_Aligned.sortedByCoord.out.bam' mode='r' encoding='UTF-8'>
# stdlog                                  : <_io.TextIOWrapper name='data/aligned/IFIT2_IFIT3_HA_SMInput_dedup.log' mode='a' encoding='UTF-8'>
# stdout                                  : <_io.TextIOWrapper name='data/aligned/IFIT2_IFIT3_HA_SMInput_Aligned.sortedByCoord.dedup.bam' mode='w' encoding='UTF-8'>
# subset                                  : None
# threshold                               : 1
# timeit_file                             : None
# timeit_header                           : None
# timeit_name                             : all
# tmpdir                                  : None
# umi_sep                                 : _
# umi_tag                                 : RX
# umi_tag_delim                           : None
# umi_tag_split                           : None
# umi_whitelist                           : None
# umi_whitelist_paired                    : None
# unmapped_reads                          : discard
# unpaired_reads                          : use
# whole_contig                            : False
2026-02-14 17:46:24,231 INFO command: dedup --stdin=data/aligned/IFIT2_IFIT3_HA_SMInput_Aligned.sortedByCoord.out.bam --stdout=data/aligned/IFIT2_IFIT3_HA_SMInput_Aligned.sortedByCoord.dedup.bam --log=data/aligned/IFIT2_IFIT3_HA_SMInput_dedup.log --extract-umi-method=read_id --method=unique
2026-02-14 17:46:32,170 INFO Written out 100000 reads
2026-02-14 17:46:32,767 INFO Written out 200000 reads
2026-02-14 17:46:34,343 INFO Written out 300000 reads
2026-02-14 17:46:34,629 INFO Written out 400000 reads
2026-02-14 17:46:41,701 INFO Written out 500000 reads
2026-02-14 17:46:42,392 INFO Written out 600000 reads
2026-02-14 17:46:42,488 INFO Parsed 1000000 input reads
2026-02-14 17:46:43,526 INFO Written out 700000 reads
2026-02-14 17:46:44,347 INFO Written out 800000 reads
2026-02-14 17:46:45,115 INFO Written out 900000 reads
2026-02-14 17:46:52,289 INFO Written out 1000000 reads
2026-02-14 17:46:52,961 INFO Written out 1100000 reads
2026-02-14 17:46:52,961 INFO Parsed 2000000 input reads
2026-02-14 17:46:53,852 INFO Written out 1200000 reads
2026-02-14 17:46:54,390 INFO Written out 1300000 reads
2026-02-14 17:47:01,281 INFO Written out 1400000 reads
2026-02-14 17:47:02,516 INFO Written out 1500000 reads
2026-02-14 17:47:02,517 INFO Parsed 3000000 input reads
2026-02-14 17:47:03,086 INFO Written out 1600000 reads
2026-02-14 17:47:03,522 INFO Written out 1700000 reads
2026-02-14 17:47:04,168 INFO Written out 1800000 reads
2026-02-14 17:47:06,626 INFO Written out 1900000 reads
2026-02-14 17:47:13,916 INFO Written out 2000000 reads
2026-02-14 17:47:14,569 INFO Written out 2100000 reads
2026-02-14 17:47:15,416 INFO Parsed 4000000 input reads
2026-02-14 17:47:15,921 INFO Written out 2200000 reads
2026-02-14 17:47:16,148 INFO Written out 2300000 reads
2026-02-14 17:47:22,794 INFO Written out 2400000 reads
2026-02-14 17:47:23,797 INFO Written out 2500000 reads
2026-02-14 17:47:25,264 INFO Written out 2600000 reads
2026-02-14 17:47:25,503 INFO Written out 2700000 reads
2026-02-14 17:47:26,266 INFO Written out 2800000 reads
2026-02-14 17:47:33,174 INFO Parsed 5000000 input reads
2026-02-14 17:47:33,561 INFO Written out 2900000 reads
2026-02-14 17:47:34,951 INFO Written out 3000000 reads
2026-02-14 17:47:35,733 INFO Written out 3100000 reads
2026-02-14 17:47:36,146 INFO Written out 3200000 reads
2026-02-14 17:47:37,245 INFO Written out 3300000 reads
2026-02-14 17:47:39,091 INFO Written out 3400000 reads
2026-02-14 17:47:40,710 INFO Parsed 6000000 input reads
2026-02-14 17:47:41,005 INFO Written out 3500000 reads
2026-02-14 17:47:42,840 INFO Written out 3600000 reads
2026-02-14 17:47:44,791 INFO Written out 3700000 reads
2026-02-14 17:47:46,914 INFO Written out 3800000 reads
2026-02-14 17:47:49,910 INFO Written out 3900000 reads
2026-02-14 17:47:50,588 INFO Written out 4000000 reads
2026-02-14 17:47:52,543 INFO Written out 4100000 reads
2026-02-14 17:47:54,422 INFO Written out 4200000 reads
2026-02-14 17:47:56,124 INFO Written out 4300000 reads
2026-02-14 17:47:58,232 INFO Written out 4400000 reads
2026-02-14 17:47:58,328 INFO Parsed 7000000 input reads
2026-02-14 17:48:00,123 INFO Written out 4500000 reads
2026-02-14 17:48:06,560 INFO Written out 4600000 reads
2026-02-14 17:48:07,829 INFO Written out 4700000 reads
2026-02-14 17:48:08,427 INFO Written out 4800000 reads
2026-02-14 17:48:10,169 INFO Written out 4900000 reads
2026-02-14 17:48:12,037 INFO Written out 5000000 reads
2026-02-14 17:48:12,756 INFO Parsed 8000000 input reads
2026-02-14 17:48:14,079 INFO Written out 5100000 reads
2026-02-14 17:48:16,078 INFO Written out 5200000 reads
2026-02-14 17:48:17,926 INFO Written out 5300000 reads
2026-02-14 17:48:19,924 INFO Written out 5400000 reads
2026-02-14 17:48:21,656 INFO Written out 5500000 reads
2026-02-14 17:48:23,503 INFO Written out 5600000 reads
2026-02-14 17:48:30,938 INFO Written out 5700000 reads
2026-02-14 17:48:31,679 INFO Written out 5800000 reads
2026-02-14 17:48:31,679 INFO Parsed 9000000 input reads
2026-02-14 17:48:32,521 INFO Written out 5900000 reads
2026-02-14 17:48:33,147 INFO Written out 6000000 reads
2026-02-14 17:48:40,077 INFO Written out 6100000 reads
2026-02-14 17:48:40,985 INFO Written out 6200000 reads
2026-02-14 17:48:41,703 INFO Written out 6300000 reads
2026-02-14 17:48:41,703 INFO Parsed 10000000 input reads
2026-02-14 17:48:42,607 INFO Written out 6400000 reads
2026-02-14 17:48:43,284 INFO Written out 6500000 reads
2026-02-14 17:48:44,919 INFO Written out 6600000 reads
2026-02-14 17:48:46,877 INFO Written out 6700000 reads
2026-02-14 17:48:48,875 INFO Written out 6800000 reads
2026-02-14 17:48:50,958 INFO Written out 6900000 reads
2026-02-14 17:48:52,701 INFO Written out 7000000 reads
2026-02-14 17:48:54,401 INFO Written out 7100000 reads
2026-02-14 17:48:56,457 INFO Written out 7200000 reads
2026-02-14 17:48:57,317 INFO Parsed 11000000 input reads
2026-02-14 17:48:58,453 INFO Written out 7300000 reads
2026-02-14 17:49:00,449 INFO Written out 7400000 reads
2026-02-14 17:49:04,995 INFO Written out 7500000 reads
2026-02-14 17:49:05,578 INFO Written out 7600000 reads
2026-02-14 17:49:06,136 INFO Written out 7700000 reads
2026-02-14 17:49:06,726 INFO Written out 7800000 reads
2026-02-14 17:49:08,539 INFO Written out 7900000 reads
2026-02-14 17:51:15,201 INFO Written out 8000000 reads
2026-02-14 17:51:15,808 INFO Written out 8100000 reads
2026-02-14 17:51:16,147 INFO Parsed 12000000 input reads
2026-02-14 17:51:16,392 INFO Written out 8200000 reads
2026-02-14 17:51:16,999 INFO Written out 8300000 reads
2026-02-14 17:51:17,593 INFO Written out 8400000 reads
2026-02-14 17:51:18,155 INFO Written out 8500000 reads
2026-02-14 17:51:18,755 INFO Written out 8600000 reads
2026-02-14 17:51:19,367 INFO Written out 8700000 reads
2026-02-14 17:51:20,057 INFO Written out 8800000 reads
2026-02-14 17:51:20,672 INFO Written out 8900000 reads
2026-02-14 17:51:21,300 INFO Written out 9000000 reads
2026-02-14 17:51:21,474 INFO Parsed 13000000 input reads
2026-02-14 17:51:21,889 INFO Written out 9100000 reads
2026-02-14 17:51:22,489 INFO Written out 9200000 reads
2026-02-14 17:51:23,075 INFO Written out 9300000 reads
2026-02-14 17:51:23,728 INFO Written out 9400000 reads
2026-02-14 17:51:24,361 INFO Written out 9500000 reads
2026-02-14 17:51:24,980 INFO Written out 9600000 reads
2026-02-14 17:51:25,573 INFO Written out 9700000 reads
2026-02-14 17:51:26,184 INFO Written out 9800000 reads
2026-02-14 17:51:26,794 INFO Written out 9900000 reads
2026-02-14 17:51:26,838 INFO Parsed 14000000 input reads
2026-02-14 17:51:27,372 INFO Written out 10000000 reads
2026-02-14 17:51:28,030 INFO Written out 10100000 reads
2026-02-14 17:51:28,595 INFO Written out 10200000 reads
2026-02-14 17:51:29,198 INFO Written out 10300000 reads
2026-02-14 17:51:29,775 INFO Written out 10400000 reads
2026-02-14 17:51:30,399 INFO Written out 10500000 reads
2026-02-14 17:51:31,176 INFO Written out 10600000 reads
2026-02-14 17:51:31,382 INFO Parsed 15000000 input reads
2026-02-14 17:51:31,629 INFO Written out 10700000 reads
2026-02-14 17:51:32,253 INFO Written out 10800000 reads
2026-02-14 17:51:32,920 INFO Written out 10900000 reads
2026-02-14 17:51:33,500 INFO Written out 11000000 reads
2026-02-14 17:51:34,150 INFO Written out 11100000 reads
2026-02-14 17:51:34,765 INFO Written out 11200000 reads
2026-02-14 17:51:35,407 INFO Written out 11300000 reads
2026-02-14 17:51:36,015 INFO Written out 11400000 reads
2026-02-14 17:51:36,132 INFO Parsed 16000000 input reads
2026-02-14 17:51:36,603 INFO Written out 11500000 reads
2026-02-14 17:51:37,230 INFO Written out 11600000 reads
2026-02-14 17:51:37,890 INFO Written out 11700000 reads
2026-02-14 17:51:38,544 INFO Written out 11800000 reads
2026-02-14 17:51:39,190 INFO Written out 11900000 reads
2026-02-14 17:51:39,812 INFO Written out 12000000 reads
2026-02-14 17:51:40,691 INFO Written out 12100000 reads
2026-02-14 17:51:40,691 INFO Parsed 17000000 input reads
2026-02-14 17:51:41,635 INFO Written out 12200000 reads
2026-02-14 17:51:42,112 INFO Written out 12300000 reads
2026-02-14 17:51:42,782 INFO Written out 12400000 reads
2026-02-14 17:51:43,480 INFO Written out 12500000 reads
2026-02-14 17:51:44,208 INFO Written out 12600000 reads
2026-02-14 17:51:44,721 INFO Parsed 18000000 input reads
2026-02-14 17:51:44,875 INFO Written out 12700000 reads
2026-02-14 17:51:45,842 INFO Written out 12800000 reads
2026-02-14 17:51:46,150 INFO Written out 12900000 reads
2026-02-14 17:51:46,750 INFO Written out 13000000 reads
2026-02-14 17:51:47,545 INFO Written out 13100000 reads
2026-02-14 17:51:48,154 INFO Written out 13200000 reads
2026-02-14 17:51:48,154 INFO Parsed 19000000 input reads
2026-02-14 17:51:49,305 INFO Written out 13300000 reads
2026-02-14 17:51:49,306 INFO Written out 13400000 reads
2026-02-14 17:51:49,967 INFO Written out 13500000 reads
2026-02-14 17:51:50,578 INFO Written out 13600000 reads
2026-02-14 17:51:51,188 INFO Written out 13700000 reads
2026-02-14 17:51:51,708 INFO Parsed 20000000 input reads
2026-02-14 17:51:51,789 INFO Written out 13800000 reads
2026-02-14 17:51:52,400 INFO Written out 13900000 reads
2026-02-14 17:51:52,987 INFO Written out 14000000 reads
2026-02-14 17:51:53,574 INFO Written out 14100000 reads
2026-02-14 17:51:54,183 INFO Written out 14200000 reads
2026-02-14 17:51:54,772 INFO Written out 14300000 reads
2026-02-14 17:51:55,357 INFO Written out 14400000 reads
2026-02-14 17:51:55,923 INFO Written out 14500000 reads
2026-02-14 17:51:56,560 INFO Written out 14600000 reads
2026-02-14 17:51:56,984 INFO Parsed 21000000 input reads
2026-02-14 17:51:57,160 INFO Written out 14700000 reads
2026-02-14 17:51:57,845 INFO Written out 14800000 reads
2026-02-14 17:51:58,425 INFO Written out 14900000 reads
2026-02-14 17:51:59,018 INFO Written out 15000000 reads
2026-02-14 17:51:59,605 INFO Written out 15100000 reads
2026-02-14 17:52:00,193 INFO Written out 15200000 reads
2026-02-14 17:52:00,852 INFO Written out 15300000 reads
2026-02-14 17:52:01,472 INFO Written out 15400000 reads
2026-02-14 17:52:02,092 INFO Written out 15500000 reads
2026-02-14 17:52:02,330 INFO Parsed 22000000 input reads
2026-02-14 17:52:02,692 INFO Written out 15600000 reads
2026-02-14 17:52:03,307 INFO Written out 15700000 reads
2026-02-14 17:52:03,878 INFO Written out 15800000 reads
2026-02-14 17:52:06,530 INFO Written out 15900000 reads
2026-02-14 17:52:07,225 INFO Written out 16000000 reads
2026-02-14 17:52:07,735 INFO Written out 16100000 reads
2026-02-14 17:52:08,301 INFO Written out 16200000 reads
2026-02-14 17:52:08,884 INFO Written out 16300000 reads
2026-02-14 17:52:09,242 INFO Parsed 23000000 input reads
2026-02-14 17:52:09,501 INFO Written out 16400000 reads
2026-02-14 17:52:10,199 INFO Written out 16500000 reads
2026-02-14 17:52:10,710 INFO Written out 16600000 reads
2026-02-14 17:52:11,310 INFO Written out 16700000 reads
2026-02-14 17:52:11,952 INFO Written out 16800000 reads
2026-02-14 17:52:12,598 INFO Written out 16900000 reads
2026-02-14 17:52:13,220 INFO Written out 17000000 reads
2026-02-14 17:52:13,810 INFO Written out 17100000 reads
2026-02-14 17:52:13,865 INFO Parsed 24000000 input reads
2026-02-14 17:52:14,406 INFO Written out 17200000 reads
2026-02-14 17:52:15,060 INFO Written out 17300000 reads
2026-02-14 17:52:15,633 INFO Written out 17400000 reads
2026-02-14 17:52:16,387 INFO Written out 17500000 reads
2026-02-14 17:52:16,975 INFO Written out 17600000 reads
2026-02-14 17:52:17,595 INFO Written out 17700000 reads
2026-02-14 17:52:18,240 INFO Written out 17800000 reads
2026-02-14 17:52:18,690 INFO Parsed 25000000 input reads
2026-02-14 17:52:18,879 INFO Written out 17900000 reads
2026-02-14 17:52:19,669 INFO Written out 18000000 reads
2026-02-14 17:52:20,584 INFO Written out 18100000 reads
2026-02-14 17:52:21,153 INFO Written out 18200000 reads
2026-02-14 17:52:22,013 INFO Written out 18300000 reads
2026-02-14 17:52:22,500 INFO Written out 18400000 reads
2026-02-14 17:52:22,551 INFO Parsed 26000000 input reads
2026-02-14 17:52:23,950 INFO Written out 18500000 reads
2026-02-14 17:52:24,628 INFO Written out 18600000 reads
2026-02-14 17:52:25,594 INFO Written out 18700000 reads
2026-02-14 17:52:25,978 INFO Written out 18800000 reads
2026-02-14 17:52:26,588 INFO Written out 18900000 reads
2026-02-14 17:52:26,768 INFO Parsed 27000000 input reads
2026-02-14 17:52:27,750 INFO Written out 19000000 reads
2026-02-14 17:52:28,348 INFO Written out 19100000 reads
2026-02-14 17:52:29,873 INFO Written out 19200000 reads
2026-02-14 17:52:29,873 INFO Written out 19300000 reads
2026-02-14 17:52:30,602 INFO Written out 19400000 reads
2026-02-14 17:52:30,663 INFO Parsed 28000000 input reads
2026-02-14 17:52:31,188 INFO Written out 19500000 reads
2026-02-14 17:52:33,223 INFO Written out 19600000 reads
2026-02-14 17:54:57,100 INFO Reads: Input Reads: 28292262
2026-02-14 17:54:57,103 INFO Number of reads out: 19675991
2026-02-14 17:54:57,103 INFO Total number of positions deduplicated: 2378272
2026-02-14 17:54:57,103 INFO Mean number of unique UMIs per position: 8.27
2026-02-14 17:54:57,103 INFO Max. number of unique UMIs per position: 196690
# job finished in 512 seconds at Sat Feb 14 17:54:57 2026 -- 501.82 10.34  0.00  0.00 -- 089ec29c-72db-4c47-9fce-e3a20f624b2c
