# UMI-tools version: 1.1.6
# output generated by dedup --stdin /mnt/vstor/SOM_CCCC_JGS25/sayyar/IFIT1-IFIT2-secondary-analysis/data/aligned/IFIT2_IFIT3_HA_IP_Aligned.sortedByCoord.out.bam --stdout /mnt/vstor/SOM_CCCC_JGS25/sayyar/IFIT1-IFIT2-secondary-analysis/data/aligned/IFIT2_IFIT3_HA_IP_dedup.bam --log /mnt/vstor/SOM_CCCC_JGS25/sayyar/IFIT1-IFIT2-secondary-analysis/data/aligned/IFIT2_IFIT3_HA_IP_dedup.log --output-stats /mnt/vstor/SOM_CCCC_JGS25/sayyar/IFIT1-IFIT2-secondary-analysis/data/aligned/IFIT2_IFIT3_HA_IP_dedup_stats
# job started at Sat Jan 31 13:59:54 2026 on compt364 -- b7298521-eb9d-481d-a1da-ef2a5df860f7
# pid: 2235724, system: Linux 4.18.0-553.el8_10.x86_64 #1 SMP Fri May 10 15:19:13 EDT 2024 x86_64
# assigned_tag                            : None
# cell_tag                                : None
# cell_tag_delim                          : None
# cell_tag_split                          : -
# chimeric_pairs                          : use
# chrom                                   : None
# compresslevel                           : 6
# detection_method                        : None
# filter_umi                              : None
# gene_tag                                : None
# gene_transcript_map                     : None
# get_umi_method                          : read_id
# ignore_tlen                             : False
# ignore_umi                              : False
# in_sam                                  : False
# log2stderr                              : False
# loglevel                                : 1
# mapping_quality                         : 0
# method                                  : directional
# no_sort_output                          : False
# out_sam                                 : False
# output_unmapped                         : False
# paired                                  : False
# per_cell                                : False
# per_contig                              : False
# per_gene                                : False
# random_seed                             : None
# read_length                             : False
# short_help                              : None
# skip_regex                              : ^(__|Unassigned)
# soft_clip_threshold                     : 4
# spliced                                 : False
# stats                                   : /mnt/vstor/SOM_CCCC_JGS25/sayyar/IFIT1-IFIT2-secondary-analysis/data/aligned/IFIT2_IFIT3_HA_IP_dedup_stats
# stderr                                  : <_io.TextIOWrapper name='<stderr>' mode='w' encoding='utf-8'>
# stdin                                   : <_io.TextIOWrapper name='/mnt/vstor/SOM_CCCC_JGS25/sayyar/IFIT1-IFIT2-secondary-analysis/data/aligned/IFIT2_IFIT3_HA_IP_Aligned.sortedByCoord.out.bam' mode='r' encoding='UTF-8'>
# stdlog                                  : <_io.TextIOWrapper name='/mnt/vstor/SOM_CCCC_JGS25/sayyar/IFIT1-IFIT2-secondary-analysis/data/aligned/IFIT2_IFIT3_HA_IP_dedup.log' mode='a' encoding='UTF-8'>
# stdout                                  : <_io.TextIOWrapper name='/mnt/vstor/SOM_CCCC_JGS25/sayyar/IFIT1-IFIT2-secondary-analysis/data/aligned/IFIT2_IFIT3_HA_IP_dedup.bam' mode='w' encoding='UTF-8'>
# subset                                  : None
# threshold                               : 1
# timeit_file                             : None
# timeit_header                           : None
# timeit_name                             : all
# tmpdir                                  : None
# umi_sep                                 : _
# umi_tag                                 : RX
# umi_tag_delim                           : None
# umi_tag_split                           : None
# umi_whitelist                           : None
# umi_whitelist_paired                    : None
# unmapped_reads                          : discard
# unpaired_reads                          : use
# whole_contig                            : False
2026-01-31 13:59:54,968 INFO command: dedup --stdin /mnt/vstor/SOM_CCCC_JGS25/sayyar/IFIT1-IFIT2-secondary-analysis/data/aligned/IFIT2_IFIT3_HA_IP_Aligned.sortedByCoord.out.bam --stdout /mnt/vstor/SOM_CCCC_JGS25/sayyar/IFIT1-IFIT2-secondary-analysis/data/aligned/IFIT2_IFIT3_HA_IP_dedup.bam --log /mnt/vstor/SOM_CCCC_JGS25/sayyar/IFIT1-IFIT2-secondary-analysis/data/aligned/IFIT2_IFIT3_HA_IP_dedup.log --output-stats /mnt/vstor/SOM_CCCC_JGS25/sayyar/IFIT1-IFIT2-secondary-analysis/data/aligned/IFIT2_IFIT3_HA_IP_dedup_stats
2026-01-31 14:00:50,259 INFO total_umis 30534342
2026-01-31 14:00:50,260 INFO #umis 753491
2026-01-31 14:01:43,134 INFO Written out 100000 reads
2026-01-31 14:02:04,398 INFO Parsed 1000000 input reads
2026-01-31 14:02:16,500 INFO Written out 200000 reads
2026-01-31 14:02:52,224 INFO Written out 300000 reads
2026-01-31 14:03:03,127 INFO Parsed 2000000 input reads
2026-01-31 14:03:24,855 INFO Written out 400000 reads
2026-01-31 14:03:30,558 INFO Written out 500000 reads
2026-01-31 14:03:33,902 INFO Parsed 3000000 input reads
2026-01-31 14:03:48,516 INFO Written out 600000 reads
2026-01-31 14:04:06,348 INFO Written out 700000 reads
2026-01-31 14:04:10,351 INFO Parsed 4000000 input reads
2026-01-31 14:04:11,923 INFO Written out 800000 reads
2026-01-31 14:04:52,215 INFO Written out 900000 reads
2026-01-31 14:04:58,154 INFO Written out 1000000 reads
2026-01-31 14:04:58,944 INFO Parsed 5000000 input reads
2026-01-31 14:05:10,904 INFO Written out 1100000 reads
2026-01-31 14:05:34,075 INFO Written out 1200000 reads
2026-01-31 14:05:40,145 INFO Parsed 6000000 input reads
2026-01-31 14:05:59,746 INFO Written out 1300000 reads
2026-01-31 14:06:06,093 INFO Written out 1400000 reads
2026-01-31 14:06:09,685 INFO Parsed 7000000 input reads
2026-01-31 14:06:12,269 INFO Written out 1500000 reads
2026-01-31 14:06:18,330 INFO Written out 1600000 reads
2026-01-31 14:06:28,078 INFO Parsed 8000000 input reads
2026-01-31 14:06:31,235 INFO Written out 1700000 reads
2026-01-31 14:07:57,294 INFO Written out 1800000 reads
2026-01-31 14:08:01,905 INFO Written out 1900000 reads
2026-01-31 14:08:02,206 INFO Parsed 9000000 input reads
2026-01-31 14:08:25,117 INFO Written out 2000000 reads
2026-01-31 14:08:43,595 INFO Parsed 10000000 input reads
2026-01-31 14:09:07,596 INFO Written out 2100000 reads
2026-01-31 14:09:25,079 INFO Written out 2200000 reads
2026-01-31 14:09:28,686 INFO Parsed 11000000 input reads
2026-01-31 14:09:33,158 INFO Written out 2300000 reads
2026-01-31 14:10:02,701 INFO Written out 2400000 reads
2026-01-31 14:10:03,965 INFO Parsed 12000000 input reads
2026-01-31 14:10:26,594 INFO Written out 2500000 reads
2026-01-31 14:10:56,604 INFO Parsed 13000000 input reads
2026-01-31 14:10:57,264 INFO Written out 2600000 reads
2026-01-31 14:11:27,286 INFO Written out 2700000 reads
2026-01-31 14:11:37,620 INFO Parsed 14000000 input reads
2026-01-31 14:11:44,528 INFO Written out 2800000 reads
2026-01-31 14:12:25,494 INFO Written out 2900000 reads
2026-01-31 14:12:25,494 INFO Parsed 15000000 input reads
2026-01-31 14:13:10,385 INFO Written out 3000000 reads
2026-01-31 14:13:27,147 INFO Parsed 16000000 input reads
2026-01-31 14:13:56,195 INFO Written out 3100000 reads
2026-01-31 14:15:45,407 INFO Parsed 17000000 input reads
2026-01-31 14:15:46,303 INFO Written out 3200000 reads
2026-01-31 14:16:31,270 INFO Written out 3300000 reads
2026-01-31 14:16:47,354 INFO Parsed 18000000 input reads
2026-01-31 14:18:23,006 INFO Written out 3400000 reads
2026-01-31 14:20:02,049 INFO Parsed 19000000 input reads
2026-01-31 14:20:11,839 INFO Written out 3500000 reads
2026-01-31 14:21:29,919 INFO Written out 3600000 reads
2026-01-31 14:21:30,495 INFO Parsed 20000000 input reads
2026-01-31 14:21:37,834 INFO Written out 3700000 reads
2026-01-31 14:22:03,539 INFO Parsed 21000000 input reads
2026-01-31 14:22:03,558 INFO Written out 3800000 reads
2026-01-31 14:22:49,396 INFO Written out 3900000 reads
2026-01-31 14:22:56,747 INFO Parsed 22000000 input reads
2026-01-31 14:22:58,238 INFO Written out 4000000 reads
2026-01-31 14:23:29,391 INFO Written out 4100000 reads
2026-01-31 14:23:31,751 INFO Parsed 23000000 input reads
2026-01-31 14:23:38,663 INFO Written out 4200000 reads
2026-01-31 14:24:09,384 INFO Written out 4300000 reads
2026-01-31 14:24:09,435 INFO Parsed 24000000 input reads
2026-01-31 14:24:37,521 INFO Written out 4400000 reads
2026-01-31 14:25:01,589 INFO Parsed 25000000 input reads
2026-01-31 14:25:09,889 INFO Written out 4500000 reads
2026-01-31 14:25:23,846 INFO Written out 4600000 reads
2026-01-31 14:25:33,626 INFO Parsed 26000000 input reads
2026-01-31 14:26:09,472 INFO Written out 4700000 reads
2026-01-31 14:26:44,646 INFO Parsed 27000000 input reads
2026-01-31 14:27:02,971 INFO Written out 4800000 reads
2026-01-31 14:28:31,754 INFO Written out 4900000 reads
2026-01-31 14:28:31,756 INFO Parsed 28000000 input reads
2026-01-31 14:29:26,979 INFO Written out 5000000 reads
2026-01-31 14:30:10,176 INFO Parsed 29000000 input reads
2026-01-31 14:30:21,303 INFO Written out 5100000 reads
2026-01-31 14:32:05,311 INFO Parsed 30000000 input reads
2026-01-31 14:33:44,981 INFO Written out 5200000 reads
2026-01-31 14:34:52,601 INFO Reads: Input Reads: 30534342
2026-01-31 14:34:52,602 INFO Number of reads out: 5254013
2026-01-31 14:34:52,602 INFO Total number of positions deduplicated: 844645
2026-01-31 14:34:52,602 INFO Mean number of unique UMIs per position: 8.16
2026-01-31 14:34:52,602 INFO Max. number of unique UMIs per position: 31420
# job finished in 2097 seconds at Sat Jan 31 14:34:52 2026 -- 2053.87 39.88  0.00  0.00 -- b7298521-eb9d-481d-a1da-ef2a5df860f7
