                                 Started job on |	Jan 31 13:49:55
                             Started mapping on |	Jan 31 13:50:35
                                    Finished on |	Jan 31 13:52:17
       Mapping speed, Million of reads per hour |	573.71

                          Number of input reads |	16254992
                      Average input read length |	58
                                    UNIQUE READS:
                   Uniquely mapped reads number |	2818014
                        Uniquely mapped reads % |	17.34%
                          Average mapped length |	57.40
                       Number of splices: Total |	87541
            Number of splices: Annotated (sjdb) |	82800
                       Number of splices: GT/AG |	85910
                       Number of splices: GC/AG |	1384
                       Number of splices: AT/AC |	90
               Number of splices: Non-canonical |	157
                      Mismatch rate per base, % |	0.39%
                         Deletion rate per base |	0.05%
                        Deletion average length |	1.59
                        Insertion rate per base |	0.01%
                       Insertion average length |	1.78
                             MULTI-MAPPING READS:
        Number of reads mapped to multiple loci |	10629005
             % of reads mapped to multiple loci |	65.39%
        Number of reads mapped to too many loci |	1105134
             % of reads mapped to too many loci |	6.80%
                                  UNMAPPED READS:
  Number of reads unmapped: too many mismatches |	28285
       % of reads unmapped: too many mismatches |	0.17%
            Number of reads unmapped: too short |	1618094
                 % of reads unmapped: too short |	9.95%
                Number of reads unmapped: other |	56460
                     % of reads unmapped: other |	0.35%
                                  CHIMERIC READS:
                       Number of chimeric reads |	16339
                            % of chimeric reads |	0.10%
