# UMI-tools version: 1.1.6
# output generated by dedup --stdin /mnt/vstor/SOM_CCCC_JGS25/sayyar/IFIT1-IFIT2-secondary-analysis/data/aligned/IFIT3_alone_SMInput_Aligned.sortedByCoord.out.bam --stdout /mnt/vstor/SOM_CCCC_JGS25/sayyar/IFIT1-IFIT2-secondary-analysis/data/aligned/IFIT3_alone_SMInput_dedup.bam --log /mnt/vstor/SOM_CCCC_JGS25/sayyar/IFIT1-IFIT2-secondary-analysis/data/aligned/IFIT3_alone_SMInput_dedup.log --output-stats /mnt/vstor/SOM_CCCC_JGS25/sayyar/IFIT1-IFIT2-secondary-analysis/data/aligned/IFIT3_alone_SMInput_dedup_stats
# job started at Sat Jan 31 13:51:36 2026 on compt371 -- b466685a-4947-4fb2-bfac-066009140b97
# pid: 2791695, system: Linux 4.18.0-553.el8_10.x86_64 #1 SMP Fri May 10 15:19:13 EDT 2024 x86_64
# assigned_tag                            : None
# cell_tag                                : None
# cell_tag_delim                          : None
# cell_tag_split                          : -
# chimeric_pairs                          : use
# chrom                                   : None
# compresslevel                           : 6
# detection_method                        : None
# filter_umi                              : None
# gene_tag                                : None
# gene_transcript_map                     : None
# get_umi_method                          : read_id
# ignore_tlen                             : False
# ignore_umi                              : False
# in_sam                                  : False
# log2stderr                              : False
# loglevel                                : 1
# mapping_quality                         : 0
# method                                  : directional
# no_sort_output                          : False
# out_sam                                 : False
# output_unmapped                         : False
# paired                                  : False
# per_cell                                : False
# per_contig                              : False
# per_gene                                : False
# random_seed                             : None
# read_length                             : False
# short_help                              : None
# skip_regex                              : ^(__|Unassigned)
# soft_clip_threshold                     : 4
# spliced                                 : False
# stats                                   : /mnt/vstor/SOM_CCCC_JGS25/sayyar/IFIT1-IFIT2-secondary-analysis/data/aligned/IFIT3_alone_SMInput_dedup_stats
# stderr                                  : <_io.TextIOWrapper name='<stderr>' mode='w' encoding='utf-8'>
# stdin                                   : <_io.TextIOWrapper name='/mnt/vstor/SOM_CCCC_JGS25/sayyar/IFIT1-IFIT2-secondary-analysis/data/aligned/IFIT3_alone_SMInput_Aligned.sortedByCoord.out.bam' mode='r' encoding='UTF-8'>
# stdlog                                  : <_io.TextIOWrapper name='/mnt/vstor/SOM_CCCC_JGS25/sayyar/IFIT1-IFIT2-secondary-analysis/data/aligned/IFIT3_alone_SMInput_dedup.log' mode='a' encoding='UTF-8'>
# stdout                                  : <_io.TextIOWrapper name='/mnt/vstor/SOM_CCCC_JGS25/sayyar/IFIT1-IFIT2-secondary-analysis/data/aligned/IFIT3_alone_SMInput_dedup.bam' mode='w' encoding='UTF-8'>
# subset                                  : None
# threshold                               : 1
# timeit_file                             : None
# timeit_header                           : None
# timeit_name                             : all
# tmpdir                                  : None
# umi_sep                                 : _
# umi_tag                                 : RX
# umi_tag_delim                           : None
# umi_tag_split                           : None
# umi_whitelist                           : None
# umi_whitelist_paired                    : None
# unmapped_reads                          : discard
# unpaired_reads                          : use
# whole_contig                            : False
2026-01-31 13:51:36,807 INFO command: dedup --stdin /mnt/vstor/SOM_CCCC_JGS25/sayyar/IFIT1-IFIT2-secondary-analysis/data/aligned/IFIT3_alone_SMInput_Aligned.sortedByCoord.out.bam --stdout /mnt/vstor/SOM_CCCC_JGS25/sayyar/IFIT1-IFIT2-secondary-analysis/data/aligned/IFIT3_alone_SMInput_dedup.bam --log /mnt/vstor/SOM_CCCC_JGS25/sayyar/IFIT1-IFIT2-secondary-analysis/data/aligned/IFIT3_alone_SMInput_dedup.log --output-stats /mnt/vstor/SOM_CCCC_JGS25/sayyar/IFIT1-IFIT2-secondary-analysis/data/aligned/IFIT3_alone_SMInput_dedup_stats
2026-01-31 13:52:30,575 INFO total_umis 26421194
2026-01-31 13:52:30,576 INFO #umis 950065
2026-01-31 13:53:38,272 INFO Written out 100000 reads
2026-01-31 14:10:05,786 INFO Written out 200000 reads
2026-01-31 14:25:28,591 INFO Parsed 1000000 input reads
2026-01-31 14:26:37,269 INFO Written out 300000 reads
2026-01-31 14:42:24,272 INFO Written out 400000 reads
2026-01-31 14:57:12,679 INFO Parsed 2000000 input reads
2026-01-31 14:57:43,107 INFO Written out 500000 reads
2026-01-31 14:58:17,534 INFO Written out 600000 reads
2026-01-31 14:58:26,835 INFO Written out 700000 reads
2026-01-31 15:13:05,311 INFO Written out 800000 reads
2026-01-31 15:14:54,300 INFO Parsed 3000000 input reads
2026-01-31 15:22:55,373 INFO Written out 900000 reads
2026-01-31 15:29:55,808 INFO Written out 1000000 reads
2026-01-31 15:44:34,066 INFO Written out 1100000 reads
2026-01-31 15:44:38,327 INFO Written out 1200000 reads
2026-01-31 15:44:39,597 INFO Parsed 4000000 input reads
2026-01-31 15:44:42,475 INFO Written out 1300000 reads
2026-01-31 15:45:01,197 INFO Written out 1400000 reads
2026-01-31 15:45:06,195 INFO Written out 1500000 reads
2026-01-31 15:45:09,697 INFO Written out 1600000 reads
2026-01-31 15:45:15,604 INFO Written out 1700000 reads
2026-01-31 15:46:42,510 INFO Written out 1800000 reads
2026-01-31 15:46:46,575 INFO Written out 1900000 reads
2026-01-31 15:46:52,117 INFO Written out 2000000 reads
2026-01-31 15:46:54,125 INFO Parsed 5000000 input reads
2026-01-31 15:46:55,225 INFO Written out 2100000 reads
2026-01-31 15:46:58,677 INFO Written out 2200000 reads
2026-01-31 15:55:37,553 INFO Written out 2300000 reads
2026-01-31 16:07:00,139 INFO Written out 2400000 reads
2026-01-31 16:07:04,294 INFO Written out 2500000 reads
2026-01-31 16:07:06,853 INFO Parsed 6000000 input reads
2026-01-31 16:07:10,191 INFO Written out 2600000 reads
2026-01-31 16:07:16,302 INFO Written out 2700000 reads
2026-01-31 16:07:39,849 INFO Written out 2800000 reads
2026-01-31 16:07:47,281 INFO Written out 2900000 reads
2026-01-31 16:07:54,689 INFO Written out 3000000 reads
2026-01-31 16:07:59,636 INFO Written out 3100000 reads
2026-01-31 16:14:34,680 INFO Parsed 7000000 input reads
2026-01-31 16:22:22,526 INFO Written out 3200000 reads
2026-01-31 16:23:54,970 INFO Written out 3300000 reads
2026-01-31 16:39:11,025 INFO Written out 3400000 reads
2026-01-31 16:39:23,623 INFO Written out 3500000 reads
2026-01-31 16:39:27,053 INFO Written out 3600000 reads
2026-01-31 16:39:28,815 INFO Parsed 8000000 input reads
2026-01-31 16:39:30,757 INFO Written out 3700000 reads
2026-01-31 16:39:34,877 INFO Written out 3800000 reads
2026-01-31 16:39:42,122 INFO Written out 3900000 reads
2026-01-31 16:39:45,697 INFO Written out 4000000 reads
2026-01-31 16:39:49,239 INFO Written out 4100000 reads
2026-01-31 16:40:00,058 INFO Written out 4200000 reads
2026-01-31 16:40:03,343 INFO Written out 4300000 reads
2026-01-31 16:40:37,357 INFO Written out 4400000 reads
2026-01-31 16:40:51,251 INFO Written out 4500000 reads
2026-01-31 16:41:00,773 INFO Parsed 9000000 input reads
2026-01-31 16:41:10,505 INFO Written out 4600000 reads
2026-01-31 16:43:21,755 INFO Written out 4700000 reads
2026-01-31 16:43:37,721 INFO Written out 4800000 reads
2026-01-31 16:43:58,458 INFO Written out 4900000 reads
2026-01-31 16:44:26,321 INFO Written out 5000000 reads
2026-01-31 16:44:41,544 INFO Written out 5100000 reads
2026-01-31 16:45:18,046 INFO Written out 5200000 reads
2026-01-31 16:45:49,008 INFO Parsed 10000000 input reads
2026-01-31 16:46:45,895 INFO Written out 5300000 reads
2026-01-31 16:52:06,097 INFO Written out 5400000 reads
2026-01-31 16:52:25,623 INFO Written out 5500000 reads
2026-01-31 16:52:36,840 INFO Written out 5600000 reads
2026-01-31 16:53:07,214 INFO Written out 5700000 reads
2026-01-31 16:53:39,785 INFO Written out 5800000 reads
2026-01-31 16:53:39,820 INFO Parsed 11000000 input reads
2026-01-31 16:54:29,137 INFO Written out 5900000 reads
2026-01-31 16:54:56,558 INFO Written out 6000000 reads
2026-01-31 16:55:21,403 INFO Written out 6100000 reads
2026-01-31 16:56:37,924 INFO Written out 6200000 reads
2026-01-31 16:58:52,659 INFO Written out 6300000 reads
2026-01-31 17:01:10,795 INFO Written out 6400000 reads
2026-01-31 17:02:02,788 INFO Parsed 12000000 input reads
2026-01-31 17:02:18,507 INFO Written out 6500000 reads
2026-01-31 17:06:24,598 INFO Written out 6600000 reads
2026-01-31 17:09:53,244 INFO Written out 6700000 reads
2026-01-31 17:10:18,953 INFO Written out 6800000 reads
2026-01-31 17:10:53,871 INFO Parsed 13000000 input reads
2026-01-31 17:11:17,447 INFO Written out 6900000 reads
2026-01-31 17:14:29,203 INFO Written out 7000000 reads
2026-01-31 17:17:54,931 INFO Written out 7100000 reads
2026-01-31 17:19:42,923 INFO Written out 7200000 reads
2026-01-31 17:20:30,936 INFO Parsed 14000000 input reads
2026-01-31 17:25:09,116 INFO Written out 7300000 reads
2026-01-31 17:25:57,779 INFO Written out 7400000 reads
2026-01-31 17:26:34,231 INFO Written out 7500000 reads
# UMI-tools version: 1.1.6
# output generated by dedup --stdin=data/aligned/IFIT3_alone_SMInput_Aligned.sortedByCoord.out.bam --stdout=data/aligned/IFIT3_alone_SMInput_Aligned.sortedByCoord.dedup.bam --log=data/aligned/IFIT3_alone_SMInput_dedup.log --extract-umi-method=read_id --method=unique
# job started at Sat Feb 14 18:02:15 2026 on compt322 -- 090ff383-d10f-4f42-90d1-3e31a353b35d
# pid: 99054, system: Linux 4.18.0-553.el8_10.x86_64 #1 SMP Fri May 10 15:19:13 EDT 2024 x86_64
# assigned_tag                            : None
# cell_tag                                : None
# cell_tag_delim                          : None
# cell_tag_split                          : -
# chimeric_pairs                          : use
# chrom                                   : None
# compresslevel                           : 6
# detection_method                        : None
# filter_umi                              : None
# gene_tag                                : None
# gene_transcript_map                     : None
# get_umi_method                          : read_id
# ignore_tlen                             : False
# ignore_umi                              : False
# in_sam                                  : False
# log2stderr                              : False
# loglevel                                : 1
# mapping_quality                         : 0
# method                                  : unique
# no_sort_output                          : False
# out_sam                                 : False
# output_unmapped                         : False
# paired                                  : False
# per_cell                                : False
# per_contig                              : False
# per_gene                                : False
# random_seed                             : None
# read_length                             : False
# short_help                              : None
# skip_regex                              : ^(__|Unassigned)
# soft_clip_threshold                     : 4
# spliced                                 : False
# stats                                   : False
# stderr                                  : <_io.TextIOWrapper name='<stderr>' mode='w' encoding='utf-8'>
# stdin                                   : <_io.TextIOWrapper name='data/aligned/IFIT3_alone_SMInput_Aligned.sortedByCoord.out.bam' mode='r' encoding='UTF-8'>
# stdlog                                  : <_io.TextIOWrapper name='data/aligned/IFIT3_alone_SMInput_dedup.log' mode='a' encoding='UTF-8'>
# stdout                                  : <_io.TextIOWrapper name='data/aligned/IFIT3_alone_SMInput_Aligned.sortedByCoord.dedup.bam' mode='w' encoding='UTF-8'>
# subset                                  : None
# threshold                               : 1
# timeit_file                             : None
# timeit_header                           : None
# timeit_name                             : all
# tmpdir                                  : None
# umi_sep                                 : _
# umi_tag                                 : RX
# umi_tag_delim                           : None
# umi_tag_split                           : None
# umi_whitelist                           : None
# umi_whitelist_paired                    : None
# unmapped_reads                          : discard
# unpaired_reads                          : use
# whole_contig                            : False
2026-02-14 18:02:15,875 INFO command: dedup --stdin=data/aligned/IFIT3_alone_SMInput_Aligned.sortedByCoord.out.bam --stdout=data/aligned/IFIT3_alone_SMInput_Aligned.sortedByCoord.dedup.bam --log=data/aligned/IFIT3_alone_SMInput_dedup.log --extract-umi-method=read_id --method=unique
2026-02-14 18:02:21,434 INFO Written out 100000 reads
2026-02-14 18:02:22,352 INFO Written out 200000 reads
2026-02-14 18:02:22,881 INFO Written out 300000 reads
2026-02-14 18:02:27,631 INFO Written out 400000 reads
2026-02-14 18:02:28,638 INFO Written out 500000 reads
2026-02-14 18:02:29,300 INFO Parsed 1000000 input reads
2026-02-14 18:02:29,378 INFO Written out 600000 reads
2026-02-14 18:02:34,281 INFO Written out 700000 reads
2026-02-14 18:02:35,365 INFO Written out 800000 reads
2026-02-14 18:02:35,747 INFO Written out 900000 reads
2026-02-14 18:02:40,206 INFO Written out 1000000 reads
2026-02-14 18:02:41,263 INFO Written out 1100000 reads
2026-02-14 18:02:41,339 INFO Parsed 2000000 input reads
2026-02-14 18:02:41,679 INFO Written out 1200000 reads
2026-02-14 18:02:42,626 INFO Written out 1300000 reads
2026-02-14 18:02:44,659 INFO Written out 1400000 reads
2026-02-14 18:02:49,568 INFO Written out 1500000 reads
2026-02-14 18:02:50,509 INFO Written out 1600000 reads
2026-02-14 18:02:51,341 INFO Written out 1700000 reads
2026-02-14 18:02:55,828 INFO Written out 1800000 reads
2026-02-14 18:02:55,992 INFO Parsed 3000000 input reads
2026-02-14 18:02:56,895 INFO Written out 1900000 reads
2026-02-14 18:02:57,408 INFO Written out 2000000 reads
2026-02-14 18:03:02,254 INFO Written out 2100000 reads
2026-02-14 18:03:03,177 INFO Written out 2200000 reads
2026-02-14 18:03:03,773 INFO Written out 2300000 reads
2026-02-14 18:03:05,168 INFO Written out 2400000 reads
2026-02-14 18:03:06,792 INFO Parsed 4000000 input reads
2026-02-14 18:03:07,080 INFO Written out 2500000 reads
2026-02-14 18:03:08,946 INFO Written out 2600000 reads
2026-02-14 18:03:10,881 INFO Written out 2700000 reads
2026-02-14 18:03:12,795 INFO Written out 2800000 reads
2026-02-14 18:03:14,843 INFO Written out 2900000 reads
2026-02-14 18:03:17,562 INFO Written out 3000000 reads
2026-02-14 18:03:18,369 INFO Written out 3100000 reads
2026-02-14 18:03:20,248 INFO Written out 3200000 reads
2026-02-14 18:03:21,863 INFO Written out 3300000 reads
2026-02-14 18:03:23,844 INFO Written out 3400000 reads
2026-02-14 18:03:23,966 INFO Parsed 5000000 input reads
2026-02-14 18:03:25,872 INFO Written out 3500000 reads
2026-02-14 18:03:27,921 INFO Written out 3600000 reads
2026-02-14 18:03:33,882 INFO Written out 3700000 reads
2026-02-14 18:03:34,368 INFO Written out 3800000 reads
2026-02-14 18:03:35,367 INFO Written out 3900000 reads
2026-02-14 18:03:37,235 INFO Written out 4000000 reads
2026-02-14 18:03:38,549 INFO Parsed 6000000 input reads
2026-02-14 18:03:39,062 INFO Written out 4100000 reads
2026-02-14 18:03:41,095 INFO Written out 4200000 reads
2026-02-14 18:03:43,147 INFO Written out 4300000 reads
2026-02-14 18:03:44,805 INFO Written out 4400000 reads
2026-02-14 18:03:46,769 INFO Written out 4500000 reads
2026-02-14 18:03:48,509 INFO Written out 4600000 reads
2026-02-14 18:03:50,250 INFO Written out 4700000 reads
2026-02-14 18:03:55,580 INFO Written out 4800000 reads
2026-02-14 18:03:55,580 INFO Parsed 7000000 input reads
2026-02-14 18:03:55,978 INFO Written out 4900000 reads
2026-02-14 18:03:56,606 INFO Written out 5000000 reads
2026-02-14 18:04:01,466 INFO Written out 5100000 reads
2026-02-14 18:04:02,386 INFO Written out 5200000 reads
2026-02-14 18:04:03,012 INFO Written out 5300000 reads
2026-02-14 18:04:04,309 INFO Written out 5400000 reads
2026-02-14 18:04:06,182 INFO Written out 5500000 reads
2026-02-14 18:04:08,147 INFO Parsed 8000000 input reads
2026-02-14 18:04:08,225 INFO Written out 5600000 reads
2026-02-14 18:04:10,142 INFO Written out 5700000 reads
2026-02-14 18:04:12,088 INFO Written out 5800000 reads
2026-02-14 18:04:13,500 INFO Written out 5900000 reads
2026-02-14 18:04:15,558 INFO Written out 6000000 reads
2026-02-14 18:04:17,519 INFO Written out 6100000 reads
2026-02-14 18:04:19,475 INFO Written out 6200000 reads
2026-02-14 18:04:21,429 INFO Written out 6300000 reads
2026-02-14 18:04:24,388 INFO Written out 6400000 reads
2026-02-14 18:04:24,948 INFO Written out 6500000 reads
2026-02-14 18:04:25,275 INFO Parsed 9000000 input reads
2026-02-14 18:04:25,783 INFO Written out 6600000 reads
2026-02-14 18:06:38,256 INFO Written out 6700000 reads
2026-02-14 18:06:38,851 INFO Written out 6800000 reads
2026-02-14 18:06:39,424 INFO Written out 6900000 reads
2026-02-14 18:06:40,029 INFO Written out 7000000 reads
2026-02-14 18:06:40,617 INFO Written out 7100000 reads
2026-02-14 18:06:41,198 INFO Written out 7200000 reads
2026-02-14 18:06:41,778 INFO Written out 7300000 reads
2026-02-14 18:06:42,393 INFO Written out 7400000 reads
2026-02-14 18:06:42,712 INFO Parsed 10000000 input reads
2026-02-14 18:06:42,946 INFO Written out 7500000 reads
2026-02-14 18:06:43,803 INFO Written out 7600000 reads
2026-02-14 18:06:44,247 INFO Written out 7700000 reads
2026-02-14 18:06:44,854 INFO Written out 7800000 reads
2026-02-14 18:06:45,443 INFO Written out 7900000 reads
2026-02-14 18:06:46,040 INFO Written out 8000000 reads
2026-02-14 18:06:46,624 INFO Written out 8100000 reads
2026-02-14 18:06:47,220 INFO Written out 8200000 reads
2026-02-14 18:06:47,824 INFO Parsed 11000000 input reads
2026-02-14 18:06:47,982 INFO Written out 8300000 reads
2026-02-14 18:06:48,609 INFO Written out 8400000 reads
2026-02-14 18:06:49,177 INFO Written out 8500000 reads
2026-02-14 18:06:49,801 INFO Written out 8600000 reads
2026-02-14 18:06:50,392 INFO Written out 8700000 reads
2026-02-14 18:06:50,995 INFO Written out 8800000 reads
2026-02-14 18:06:51,617 INFO Written out 8900000 reads
2026-02-14 18:06:52,207 INFO Written out 9000000 reads
2026-02-14 18:06:52,846 INFO Written out 9100000 reads
2026-02-14 18:06:53,285 INFO Parsed 12000000 input reads
2026-02-14 18:06:53,344 INFO Written out 9200000 reads
2026-02-14 18:06:53,955 INFO Written out 9300000 reads
2026-02-14 18:06:54,587 INFO Written out 9400000 reads
2026-02-14 18:06:55,168 INFO Written out 9500000 reads
2026-02-14 18:06:55,805 INFO Written out 9600000 reads
2026-02-14 18:06:56,419 INFO Written out 9700000 reads
2026-02-14 18:06:57,036 INFO Written out 9800000 reads
2026-02-14 18:06:57,425 INFO Parsed 13000000 input reads
2026-02-14 18:06:57,649 INFO Written out 9900000 reads
2026-02-14 18:06:58,280 INFO Written out 10000000 reads
2026-02-14 18:06:58,872 INFO Written out 10100000 reads
2026-02-14 18:06:59,536 INFO Written out 10200000 reads
2026-02-14 18:07:00,120 INFO Written out 10300000 reads
2026-02-14 18:07:00,687 INFO Written out 10400000 reads
2026-02-14 18:07:01,270 INFO Written out 10500000 reads
2026-02-14 18:07:01,771 INFO Parsed 14000000 input reads
2026-02-14 18:07:01,970 INFO Written out 10600000 reads
2026-02-14 18:07:02,620 INFO Written out 10700000 reads
2026-02-14 18:07:03,225 INFO Written out 10800000 reads
2026-02-14 18:07:03,835 INFO Written out 10900000 reads
2026-02-14 18:07:04,437 INFO Written out 11000000 reads
2026-02-14 18:07:05,361 INFO Written out 11100000 reads
2026-02-14 18:07:05,851 INFO Written out 11200000 reads
2026-02-14 18:07:05,851 INFO Parsed 15000000 input reads
2026-02-14 18:07:06,582 INFO Written out 11300000 reads
2026-02-14 18:07:07,332 INFO Written out 11400000 reads
2026-02-14 18:07:07,841 INFO Written out 11500000 reads
2026-02-14 18:07:08,498 INFO Written out 11600000 reads
2026-02-14 18:07:09,247 INFO Written out 11700000 reads
2026-02-14 18:07:09,436 INFO Parsed 16000000 input reads
2026-02-14 18:07:10,060 INFO Written out 11800000 reads
2026-02-14 18:07:10,484 INFO Written out 11900000 reads
2026-02-14 18:07:11,178 INFO Written out 12000000 reads
2026-02-14 18:07:11,750 INFO Written out 12100000 reads
2026-02-14 18:07:12,351 INFO Parsed 17000000 input reads
2026-02-14 18:07:13,452 INFO Written out 12200000 reads
2026-02-14 18:07:13,453 INFO Written out 12300000 reads
2026-02-14 18:07:13,726 INFO Written out 12400000 reads
2026-02-14 18:07:14,291 INFO Written out 12500000 reads
2026-02-14 18:07:14,883 INFO Written out 12600000 reads
2026-02-14 18:07:15,497 INFO Written out 12700000 reads
2026-02-14 18:07:16,081 INFO Written out 12800000 reads
2026-02-14 18:07:16,677 INFO Written out 12900000 reads
2026-02-14 18:07:17,282 INFO Written out 13000000 reads
2026-02-14 18:07:17,358 INFO Parsed 18000000 input reads
2026-02-14 18:07:17,857 INFO Written out 13100000 reads
2026-02-14 18:07:18,479 INFO Written out 13200000 reads
2026-02-14 18:07:19,032 INFO Written out 13300000 reads
2026-02-14 18:07:19,596 INFO Written out 13400000 reads
2026-02-14 18:07:20,163 INFO Written out 13500000 reads
2026-02-14 18:07:20,785 INFO Written out 13600000 reads
2026-02-14 18:07:21,373 INFO Written out 13700000 reads
2026-02-14 18:07:22,026 INFO Written out 13800000 reads
2026-02-14 18:07:22,364 INFO Parsed 19000000 input reads
2026-02-14 18:07:22,607 INFO Written out 13900000 reads
2026-02-14 18:07:23,179 INFO Written out 14000000 reads
2026-02-14 18:07:23,770 INFO Written out 14100000 reads
2026-02-14 18:07:24,341 INFO Written out 14200000 reads
2026-02-14 18:07:24,912 INFO Written out 14300000 reads
2026-02-14 18:07:25,600 INFO Written out 14400000 reads
2026-02-14 18:07:26,278 INFO Written out 14500000 reads
2026-02-14 18:07:26,845 INFO Written out 14600000 reads
2026-02-14 18:07:27,430 INFO Written out 14700000 reads
2026-02-14 18:07:27,704 INFO Parsed 20000000 input reads
2026-02-14 18:07:28,034 INFO Written out 14800000 reads
2026-02-14 18:07:28,637 INFO Written out 14900000 reads
2026-02-14 18:07:29,173 INFO Written out 15000000 reads
2026-02-14 18:07:29,833 INFO Written out 15100000 reads
2026-02-14 18:07:30,372 INFO Written out 15200000 reads
2026-02-14 18:07:30,942 INFO Written out 15300000 reads
2026-02-14 18:07:31,515 INFO Written out 15400000 reads
2026-02-14 18:07:31,953 INFO Parsed 21000000 input reads
2026-02-14 18:07:32,210 INFO Written out 15500000 reads
2026-02-14 18:07:32,729 INFO Written out 15600000 reads
2026-02-14 18:07:33,335 INFO Written out 15700000 reads
2026-02-14 18:07:33,949 INFO Written out 15800000 reads
2026-02-14 18:07:36,303 INFO Written out 15900000 reads
2026-02-14 18:07:36,905 INFO Written out 16000000 reads
2026-02-14 18:07:37,572 INFO Written out 16100000 reads
2026-02-14 18:07:38,139 INFO Written out 16200000 reads
2026-02-14 18:07:38,500 INFO Parsed 22000000 input reads
2026-02-14 18:07:38,728 INFO Written out 16300000 reads
2026-02-14 18:07:39,348 INFO Written out 16400000 reads
2026-02-14 18:07:39,956 INFO Written out 16500000 reads
2026-02-14 18:07:40,512 INFO Written out 16600000 reads
2026-02-14 18:07:41,120 INFO Written out 16700000 reads
2026-02-14 18:07:41,931 INFO Written out 16800000 reads
2026-02-14 18:07:42,502 INFO Written out 16900000 reads
2026-02-14 18:07:43,056 INFO Written out 17000000 reads
2026-02-14 18:07:43,157 INFO Parsed 23000000 input reads
2026-02-14 18:07:43,672 INFO Written out 17100000 reads
2026-02-14 18:07:44,349 INFO Written out 17200000 reads
2026-02-14 18:07:45,407 INFO Written out 17300000 reads
2026-02-14 18:07:45,769 INFO Written out 17400000 reads
2026-02-14 18:07:46,414 INFO Written out 17500000 reads
2026-02-14 18:07:47,052 INFO Written out 17600000 reads
2026-02-14 18:07:47,052 INFO Parsed 24000000 input reads
2026-02-14 18:07:47,710 INFO Written out 17700000 reads
2026-02-14 18:07:49,149 INFO Written out 17800000 reads
2026-02-14 18:07:50,315 INFO Written out 17900000 reads
2026-02-14 18:07:50,420 INFO Written out 18000000 reads
2026-02-14 18:07:51,034 INFO Written out 18100000 reads
2026-02-14 18:07:51,242 INFO Parsed 25000000 input reads
2026-02-14 18:07:51,708 INFO Written out 18200000 reads
2026-02-14 18:07:52,839 INFO Written out 18300000 reads
2026-02-14 18:07:54,504 INFO Written out 18400000 reads
2026-02-14 18:07:54,504 INFO Written out 18500000 reads
2026-02-14 18:07:54,911 INFO Parsed 26000000 input reads
2026-02-14 18:07:55,040 INFO Written out 18600000 reads
2026-02-14 18:07:55,613 INFO Written out 18700000 reads
2026-02-14 18:07:57,977 INFO Written out 18800000 reads
2026-02-14 18:07:58,543 INFO Written out 18900000 reads
2026-02-14 18:10:17,852 INFO Reads: Input Reads: 26421194
2026-02-14 18:10:17,854 INFO Number of reads out: 18957628
2026-02-14 18:10:17,854 INFO Total number of positions deduplicated: 2466220
2026-02-14 18:10:17,854 INFO Mean number of unique UMIs per position: 7.69
2026-02-14 18:10:17,854 INFO Max. number of unique UMIs per position: 187571
# job finished in 481 seconds at Sat Feb 14 18:10:17 2026 -- 471.38 10.08  0.00  0.00 -- 090ff383-d10f-4f42-90d1-3e31a353b35d
