# UMI-tools version: 1.1.6
# output generated by dedup --stdin /mnt/vstor/SOM_CCCC_JGS25/sayyar/IFIT1-IFIT2-secondary-analysis/data/aligned/IFIT2_alone_SMInput_Aligned.sortedByCoord.out.bam --stdout /mnt/vstor/SOM_CCCC_JGS25/sayyar/IFIT1-IFIT2-secondary-analysis/data/aligned/IFIT2_alone_SMInput_dedup.bam --log /mnt/vstor/SOM_CCCC_JGS25/sayyar/IFIT1-IFIT2-secondary-analysis/data/aligned/IFIT2_alone_SMInput_dedup.log --output-stats /mnt/vstor/SOM_CCCC_JGS25/sayyar/IFIT1-IFIT2-secondary-analysis/data/aligned/IFIT2_alone_SMInput_dedup_stats
# job started at Sat Jan 31 13:53:18 2026 on compt310 -- abb3cb7a-e390-40ae-a8d4-a494997c0ffb
# pid: 1844479, system: Linux 4.18.0-553.el8_10.x86_64 #1 SMP Fri May 10 15:19:13 EDT 2024 x86_64
# assigned_tag                            : None
# cell_tag                                : None
# cell_tag_delim                          : None
# cell_tag_split                          : -
# chimeric_pairs                          : use
# chrom                                   : None
# compresslevel                           : 6
# detection_method                        : None
# filter_umi                              : None
# gene_tag                                : None
# gene_transcript_map                     : None
# get_umi_method                          : read_id
# ignore_tlen                             : False
# ignore_umi                              : False
# in_sam                                  : False
# log2stderr                              : False
# loglevel                                : 1
# mapping_quality                         : 0
# method                                  : directional
# no_sort_output                          : False
# out_sam                                 : False
# output_unmapped                         : False
# paired                                  : False
# per_cell                                : False
# per_contig                              : False
# per_gene                                : False
# random_seed                             : None
# read_length                             : False
# short_help                              : None
# skip_regex                              : ^(__|Unassigned)
# soft_clip_threshold                     : 4
# spliced                                 : False
# stats                                   : /mnt/vstor/SOM_CCCC_JGS25/sayyar/IFIT1-IFIT2-secondary-analysis/data/aligned/IFIT2_alone_SMInput_dedup_stats
# stderr                                  : <_io.TextIOWrapper name='<stderr>' mode='w' encoding='utf-8'>
# stdin                                   : <_io.TextIOWrapper name='/mnt/vstor/SOM_CCCC_JGS25/sayyar/IFIT1-IFIT2-secondary-analysis/data/aligned/IFIT2_alone_SMInput_Aligned.sortedByCoord.out.bam' mode='r' encoding='UTF-8'>
# stdlog                                  : <_io.TextIOWrapper name='/mnt/vstor/SOM_CCCC_JGS25/sayyar/IFIT1-IFIT2-secondary-analysis/data/aligned/IFIT2_alone_SMInput_dedup.log' mode='a' encoding='UTF-8'>
# stdout                                  : <_io.TextIOWrapper name='/mnt/vstor/SOM_CCCC_JGS25/sayyar/IFIT1-IFIT2-secondary-analysis/data/aligned/IFIT2_alone_SMInput_dedup.bam' mode='w' encoding='UTF-8'>
# subset                                  : None
# threshold                               : 1
# timeit_file                             : None
# timeit_header                           : None
# timeit_name                             : all
# tmpdir                                  : None
# umi_sep                                 : _
# umi_tag                                 : RX
# umi_tag_delim                           : None
# umi_tag_split                           : None
# umi_whitelist                           : None
# umi_whitelist_paired                    : None
# unmapped_reads                          : discard
# unpaired_reads                          : use
# whole_contig                            : False
2026-01-31 13:53:18,147 INFO command: dedup --stdin /mnt/vstor/SOM_CCCC_JGS25/sayyar/IFIT1-IFIT2-secondary-analysis/data/aligned/IFIT2_alone_SMInput_Aligned.sortedByCoord.out.bam --stdout /mnt/vstor/SOM_CCCC_JGS25/sayyar/IFIT1-IFIT2-secondary-analysis/data/aligned/IFIT2_alone_SMInput_dedup.bam --log /mnt/vstor/SOM_CCCC_JGS25/sayyar/IFIT1-IFIT2-secondary-analysis/data/aligned/IFIT2_alone_SMInput_dedup.log --output-stats /mnt/vstor/SOM_CCCC_JGS25/sayyar/IFIT1-IFIT2-secondary-analysis/data/aligned/IFIT2_alone_SMInput_dedup_stats
2026-01-31 13:54:15,876 INFO total_umis 33838008
2026-01-31 13:54:15,877 INFO #umis 975455
2026-01-31 13:55:52,659 INFO Written out 100000 reads
# UMI-tools version: 1.1.6
# output generated by dedup --stdin=data/aligned/IFIT2_alone_SMInput_Aligned.sortedByCoord.out.bam --stdout=data/aligned/IFIT2_alone_SMInput_Aligned.sortedByCoord.dedup.bam --log=data/aligned/IFIT2_alone_SMInput_dedup.log --extract-umi-method=read_id --method=unique
# job started at Sat Feb 14 17:15:48 2026 on compt322 -- 4676a0f6-32d5-4926-88f1-5293bfe7a0dc
# pid: 95515, system: Linux 4.18.0-553.el8_10.x86_64 #1 SMP Fri May 10 15:19:13 EDT 2024 x86_64
# assigned_tag                            : None
# cell_tag                                : None
# cell_tag_delim                          : None
# cell_tag_split                          : -
# chimeric_pairs                          : use
# chrom                                   : None
# compresslevel                           : 6
# detection_method                        : None
# filter_umi                              : None
# gene_tag                                : None
# gene_transcript_map                     : None
# get_umi_method                          : read_id
# ignore_tlen                             : False
# ignore_umi                              : False
# in_sam                                  : False
# log2stderr                              : False
# loglevel                                : 1
# mapping_quality                         : 0
# method                                  : unique
# no_sort_output                          : False
# out_sam                                 : False
# output_unmapped                         : False
# paired                                  : False
# per_cell                                : False
# per_contig                              : False
# per_gene                                : False
# random_seed                             : None
# read_length                             : False
# short_help                              : None
# skip_regex                              : ^(__|Unassigned)
# soft_clip_threshold                     : 4
# spliced                                 : False
# stats                                   : False
# stderr                                  : <_io.TextIOWrapper name='<stderr>' mode='w' encoding='utf-8'>
# stdin                                   : <_io.TextIOWrapper name='data/aligned/IFIT2_alone_SMInput_Aligned.sortedByCoord.out.bam' mode='r' encoding='UTF-8'>
# stdlog                                  : <_io.TextIOWrapper name='data/aligned/IFIT2_alone_SMInput_dedup.log' mode='a' encoding='UTF-8'>
# stdout                                  : <_io.TextIOWrapper name='data/aligned/IFIT2_alone_SMInput_Aligned.sortedByCoord.dedup.bam' mode='w' encoding='UTF-8'>
# subset                                  : None
# threshold                               : 1
# timeit_file                             : None
# timeit_header                           : None
# timeit_name                             : all
# tmpdir                                  : None
# umi_sep                                 : _
# umi_tag                                 : RX
# umi_tag_delim                           : None
# umi_tag_split                           : None
# umi_whitelist                           : None
# umi_whitelist_paired                    : None
# unmapped_reads                          : discard
# unpaired_reads                          : use
# whole_contig                            : False
2026-02-14 17:15:48,945 INFO command: dedup --stdin=data/aligned/IFIT2_alone_SMInput_Aligned.sortedByCoord.out.bam --stdout=data/aligned/IFIT2_alone_SMInput_Aligned.sortedByCoord.dedup.bam --log=data/aligned/IFIT2_alone_SMInput_dedup.log --extract-umi-method=read_id --method=unique
2026-02-14 17:15:56,956 INFO Written out 100000 reads
2026-02-14 17:15:57,873 INFO Written out 200000 reads
2026-02-14 17:15:58,667 INFO Written out 300000 reads
2026-02-14 17:15:59,458 INFO Written out 400000 reads
2026-02-14 17:16:00,038 INFO Written out 500000 reads
2026-02-14 17:16:07,230 INFO Parsed 1000000 input reads
2026-02-14 17:16:07,445 INFO Written out 600000 reads
2026-02-14 17:16:08,351 INFO Written out 700000 reads
2026-02-14 17:16:09,024 INFO Written out 800000 reads
2026-02-14 17:16:09,863 INFO Written out 900000 reads
2026-02-14 17:16:10,506 INFO Written out 1000000 reads
2026-02-14 17:16:17,598 INFO Written out 1100000 reads
2026-02-14 17:16:17,755 INFO Parsed 2000000 input reads
2026-02-14 17:16:18,528 INFO Written out 1200000 reads
2026-02-14 17:16:19,126 INFO Written out 1300000 reads
2026-02-14 17:16:19,798 INFO Written out 1400000 reads
2026-02-14 17:16:26,916 INFO Written out 1500000 reads
2026-02-14 17:16:27,544 INFO Written out 1600000 reads
2026-02-14 17:16:27,588 INFO Parsed 3000000 input reads
2026-02-14 17:16:28,930 INFO Written out 1700000 reads
2026-02-14 17:16:29,050 INFO Written out 1800000 reads
2026-02-14 17:16:29,611 INFO Written out 1900000 reads
2026-02-14 17:16:30,418 INFO Written out 2000000 reads
2026-02-14 17:16:32,773 INFO Written out 2100000 reads
2026-02-14 17:16:33,748 INFO Written out 2200000 reads
2026-02-14 17:16:40,802 INFO Written out 2300000 reads
2026-02-14 17:16:40,951 INFO Parsed 4000000 input reads
2026-02-14 17:16:41,968 INFO Written out 2400000 reads
2026-02-14 17:16:42,495 INFO Written out 2500000 reads
2026-02-14 17:16:43,143 INFO Written out 2600000 reads
2026-02-14 17:16:49,847 INFO Written out 2700000 reads
2026-02-14 17:16:50,771 INFO Parsed 5000000 input reads
2026-02-14 17:16:51,346 INFO Written out 2800000 reads
2026-02-14 17:16:52,126 INFO Written out 2900000 reads
2026-02-14 17:16:52,341 INFO Written out 3000000 reads
2026-02-14 17:16:52,999 INFO Written out 3100000 reads
2026-02-14 17:17:00,501 INFO Written out 3200000 reads
2026-02-14 17:17:01,055 INFO Written out 3300000 reads
2026-02-14 17:17:01,406 INFO Parsed 6000000 input reads
2026-02-14 17:17:01,979 INFO Written out 3400000 reads
2026-02-14 17:17:02,873 INFO Written out 3500000 reads
2026-02-14 17:17:03,520 INFO Written out 3600000 reads
2026-02-14 17:17:05,102 INFO Written out 3700000 reads
2026-02-14 17:17:06,889 INFO Written out 3800000 reads
2026-02-14 17:17:08,654 INFO Written out 3900000 reads
2026-02-14 17:17:10,445 INFO Written out 4000000 reads
2026-02-14 17:17:12,291 INFO Written out 4100000 reads
2026-02-14 17:17:12,574 INFO Parsed 7000000 input reads
2026-02-14 17:17:14,063 INFO Written out 4200000 reads
2026-02-14 17:17:15,988 INFO Written out 4300000 reads
2026-02-14 17:17:18,970 INFO Written out 4400000 reads
2026-02-14 17:17:19,569 INFO Written out 4500000 reads
2026-02-14 17:17:21,107 INFO Written out 4600000 reads
2026-02-14 17:17:22,753 INFO Written out 4700000 reads
2026-02-14 17:17:24,321 INFO Written out 4800000 reads
2026-02-14 17:17:26,220 INFO Written out 4900000 reads
2026-02-14 17:17:28,117 INFO Written out 5000000 reads
2026-02-14 17:17:28,724 INFO Parsed 8000000 input reads
2026-02-14 17:17:29,938 INFO Written out 5100000 reads
2026-02-14 17:17:37,092 INFO Written out 5200000 reads
2026-02-14 17:17:38,138 INFO Written out 5300000 reads
2026-02-14 17:17:38,737 INFO Written out 5400000 reads
2026-02-14 17:17:39,701 INFO Written out 5500000 reads
2026-02-14 17:17:41,129 INFO Parsed 9000000 input reads
2026-02-14 17:17:41,474 INFO Written out 5600000 reads
2026-02-14 17:17:43,228 INFO Written out 5700000 reads
2026-02-14 17:17:45,049 INFO Written out 5800000 reads
2026-02-14 17:17:46,926 INFO Written out 5900000 reads
2026-02-14 17:17:48,778 INFO Written out 6000000 reads
2026-02-14 17:17:50,313 INFO Written out 6100000 reads
2026-02-14 17:17:52,119 INFO Written out 6200000 reads
2026-02-14 17:17:53,887 INFO Written out 6300000 reads
2026-02-14 17:17:55,520 INFO Written out 6400000 reads
2026-02-14 17:17:57,199 INFO Written out 6500000 reads
2026-02-14 17:18:03,751 INFO Parsed 10000000 input reads
2026-02-14 17:18:04,316 INFO Written out 6600000 reads
2026-02-14 17:18:05,773 INFO Written out 6700000 reads
2026-02-14 17:18:05,859 INFO Written out 6800000 reads
2026-02-14 17:18:06,544 INFO Written out 6900000 reads
2026-02-14 17:18:13,601 INFO Written out 7000000 reads
2026-02-14 17:18:14,117 INFO Parsed 11000000 input reads
2026-02-14 17:18:14,310 INFO Written out 7100000 reads
2026-02-14 17:18:15,488 INFO Written out 7200000 reads
2026-02-14 17:18:16,259 INFO Written out 7300000 reads
2026-02-14 17:18:16,604 INFO Written out 7400000 reads
2026-02-14 17:18:17,511 INFO Written out 7500000 reads
2026-02-14 17:18:19,170 INFO Written out 7600000 reads
2026-02-14 17:18:20,913 INFO Parsed 12000000 input reads
2026-02-14 17:18:21,010 INFO Written out 7700000 reads
2026-02-14 17:18:22,985 INFO Written out 7800000 reads
2026-02-14 17:18:24,958 INFO Written out 7900000 reads
2026-02-14 17:18:26,665 INFO Written out 8000000 reads
2026-02-14 17:18:28,227 INFO Written out 8100000 reads
2026-02-14 17:18:30,219 INFO Written out 8200000 reads
2026-02-14 17:18:32,179 INFO Written out 8300000 reads
2026-02-14 17:18:34,169 INFO Written out 8400000 reads
2026-02-14 17:18:36,088 INFO Written out 8500000 reads
2026-02-14 17:18:38,136 INFO Written out 8600000 reads
2026-02-14 17:18:41,477 INFO Parsed 13000000 input reads
2026-02-14 17:18:41,806 INFO Written out 8700000 reads
2026-02-14 17:18:42,320 INFO Written out 8800000 reads
2026-02-14 17:18:42,864 INFO Written out 8900000 reads
2026-02-14 17:18:43,948 INFO Written out 9000000 reads
2026-02-14 17:21:22,200 INFO Written out 9100000 reads
2026-02-14 17:21:22,804 INFO Written out 9200000 reads
2026-02-14 17:21:23,404 INFO Written out 9300000 reads
2026-02-14 17:21:23,996 INFO Written out 9400000 reads
2026-02-14 17:21:24,608 INFO Written out 9500000 reads
2026-02-14 17:21:24,934 INFO Parsed 14000000 input reads
2026-02-14 17:21:25,201 INFO Written out 9600000 reads
2026-02-14 17:21:25,775 INFO Written out 9700000 reads
2026-02-14 17:21:26,387 INFO Written out 9800000 reads
2026-02-14 17:21:26,992 INFO Written out 9900000 reads
2026-02-14 17:21:27,605 INFO Written out 10000000 reads
2026-02-14 17:21:28,335 INFO Written out 10100000 reads
2026-02-14 17:21:28,955 INFO Written out 10200000 reads
2026-02-14 17:21:29,559 INFO Written out 10300000 reads
2026-02-14 17:21:30,166 INFO Written out 10400000 reads
2026-02-14 17:21:30,334 INFO Parsed 15000000 input reads
2026-02-14 17:21:30,781 INFO Written out 10500000 reads
2026-02-14 17:21:31,373 INFO Written out 10600000 reads
2026-02-14 17:21:31,967 INFO Written out 10700000 reads
2026-02-14 17:21:32,719 INFO Written out 10800000 reads
2026-02-14 17:21:33,384 INFO Written out 10900000 reads
2026-02-14 17:21:33,979 INFO Written out 11000000 reads
2026-02-14 17:21:34,610 INFO Written out 11100000 reads
2026-02-14 17:21:35,242 INFO Written out 11200000 reads
2026-02-14 17:21:35,776 INFO Parsed 16000000 input reads
2026-02-14 17:21:35,820 INFO Written out 11300000 reads
2026-02-14 17:21:36,403 INFO Written out 11400000 reads
2026-02-14 17:21:37,056 INFO Written out 11500000 reads
2026-02-14 17:21:37,726 INFO Written out 11600000 reads
2026-02-14 17:21:38,273 INFO Written out 11700000 reads
2026-02-14 17:21:38,978 INFO Written out 11800000 reads
2026-02-14 17:21:39,460 INFO Written out 11900000 reads
2026-02-14 17:21:40,056 INFO Written out 12000000 reads
2026-02-14 17:21:40,490 INFO Parsed 17000000 input reads
2026-02-14 17:21:40,718 INFO Written out 12100000 reads
2026-02-14 17:21:41,278 INFO Written out 12200000 reads
2026-02-14 17:21:41,916 INFO Written out 12300000 reads
2026-02-14 17:21:42,549 INFO Written out 12400000 reads
2026-02-14 17:21:43,173 INFO Written out 12500000 reads
2026-02-14 17:21:43,805 INFO Written out 12600000 reads
2026-02-14 17:21:44,419 INFO Written out 12700000 reads
2026-02-14 17:21:45,184 INFO Written out 12800000 reads
2026-02-14 17:21:45,184 INFO Parsed 18000000 input reads
2026-02-14 17:21:45,722 INFO Written out 12900000 reads
2026-02-14 17:21:46,325 INFO Written out 13000000 reads
2026-02-14 17:21:46,974 INFO Written out 13100000 reads
2026-02-14 17:21:47,629 INFO Written out 13200000 reads
2026-02-14 17:21:48,280 INFO Written out 13300000 reads
2026-02-14 17:21:48,860 INFO Written out 13400000 reads
2026-02-14 17:21:49,619 INFO Written out 13500000 reads
2026-02-14 17:21:49,795 INFO Parsed 19000000 input reads
2026-02-14 17:21:50,187 INFO Written out 13600000 reads
2026-02-14 17:21:50,866 INFO Written out 13700000 reads
2026-02-14 17:21:51,494 INFO Written out 13800000 reads
2026-02-14 17:21:52,164 INFO Written out 13900000 reads
2026-02-14 17:21:52,868 INFO Written out 14000000 reads
2026-02-14 17:21:53,565 INFO Parsed 20000000 input reads
2026-02-14 17:21:54,243 INFO Written out 14100000 reads
2026-02-14 17:21:54,631 INFO Written out 14200000 reads
2026-02-14 17:21:55,183 INFO Written out 14300000 reads
2026-02-14 17:21:55,919 INFO Written out 14400000 reads
2026-02-14 17:21:56,518 INFO Written out 14500000 reads
2026-02-14 17:21:57,239 INFO Written out 14600000 reads
2026-02-14 17:21:57,924 INFO Written out 14700000 reads
2026-02-14 17:21:58,384 INFO Parsed 21000000 input reads
2026-02-14 17:21:58,594 INFO Written out 14800000 reads
2026-02-14 17:21:59,759 INFO Written out 14900000 reads
2026-02-14 17:22:00,026 INFO Written out 15000000 reads
2026-02-14 17:22:00,636 INFO Written out 15100000 reads
2026-02-14 17:22:01,458 INFO Written out 15200000 reads
2026-02-14 17:22:01,458 INFO Parsed 22000000 input reads
2026-02-14 17:22:02,031 INFO Written out 15300000 reads
2026-02-14 17:22:03,947 INFO Written out 15400000 reads
2026-02-14 17:22:03,948 INFO Written out 15500000 reads
2026-02-14 17:22:03,948 INFO Written out 15600000 reads
2026-02-14 17:22:03,948 INFO Parsed 23000000 input reads
2026-02-14 17:22:04,566 INFO Written out 15700000 reads
2026-02-14 17:22:05,106 INFO Written out 15800000 reads
2026-02-14 17:22:05,724 INFO Written out 15900000 reads
2026-02-14 17:22:06,348 INFO Written out 16000000 reads
2026-02-14 17:22:06,946 INFO Written out 16100000 reads
2026-02-14 17:22:07,565 INFO Written out 16200000 reads
2026-02-14 17:22:08,137 INFO Written out 16300000 reads
2026-02-14 17:22:08,734 INFO Written out 16400000 reads
2026-02-14 17:22:09,306 INFO Parsed 24000000 input reads
2026-02-14 17:22:09,321 INFO Written out 16500000 reads
2026-02-14 17:22:09,941 INFO Written out 16600000 reads
2026-02-14 17:22:10,506 INFO Written out 16700000 reads
2026-02-14 17:22:11,075 INFO Written out 16800000 reads
2026-02-14 17:22:11,664 INFO Written out 16900000 reads
2026-02-14 17:22:12,279 INFO Written out 17000000 reads
2026-02-14 17:22:12,881 INFO Written out 17100000 reads
2026-02-14 17:22:13,606 INFO Written out 17200000 reads
2026-02-14 17:22:14,209 INFO Written out 17300000 reads
2026-02-14 17:22:14,578 INFO Parsed 25000000 input reads
2026-02-14 17:22:14,801 INFO Written out 17400000 reads
2026-02-14 17:22:15,404 INFO Written out 17500000 reads
2026-02-14 17:22:16,008 INFO Written out 17600000 reads
2026-02-14 17:22:16,582 INFO Written out 17700000 reads
2026-02-14 17:22:17,182 INFO Written out 17800000 reads
2026-02-14 17:22:17,911 INFO Written out 17900000 reads
2026-02-14 17:22:18,561 INFO Written out 18000000 reads
2026-02-14 17:22:19,146 INFO Written out 18100000 reads
2026-02-14 17:22:19,759 INFO Written out 18200000 reads
2026-02-14 17:22:20,053 INFO Parsed 26000000 input reads
2026-02-14 17:22:20,365 INFO Written out 18300000 reads
2026-02-14 17:22:20,958 INFO Written out 18400000 reads
2026-02-14 17:22:21,588 INFO Written out 18500000 reads
2026-02-14 17:22:22,258 INFO Written out 18600000 reads
2026-02-14 17:22:22,806 INFO Written out 18700000 reads
2026-02-14 17:22:23,372 INFO Written out 18800000 reads
2026-02-14 17:22:23,976 INFO Written out 18900000 reads
2026-02-14 17:22:24,540 INFO Written out 19000000 reads
2026-02-14 17:22:25,110 INFO Written out 19100000 reads
2026-02-14 17:22:25,121 INFO Parsed 27000000 input reads
2026-02-14 17:22:25,765 INFO Written out 19200000 reads
2026-02-14 17:22:26,347 INFO Written out 19300000 reads
2026-02-14 17:22:26,964 INFO Written out 19400000 reads
2026-02-14 17:22:27,596 INFO Written out 19500000 reads
2026-02-14 17:22:28,214 INFO Written out 19600000 reads
2026-02-14 17:22:28,850 INFO Written out 19700000 reads
2026-02-14 17:22:29,495 INFO Written out 19800000 reads
2026-02-14 17:22:29,495 INFO Parsed 28000000 input reads
2026-02-14 17:22:30,131 INFO Written out 19900000 reads
2026-02-14 17:22:30,788 INFO Written out 20000000 reads
2026-02-14 17:22:31,365 INFO Written out 20100000 reads
2026-02-14 17:22:33,975 INFO Written out 20200000 reads
2026-02-14 17:22:34,515 INFO Written out 20300000 reads
2026-02-14 17:22:35,120 INFO Written out 20400000 reads
2026-02-14 17:22:35,726 INFO Written out 20500000 reads
2026-02-14 17:22:35,831 INFO Parsed 29000000 input reads
2026-02-14 17:22:36,401 INFO Written out 20600000 reads
2026-02-14 17:22:37,076 INFO Written out 20700000 reads
2026-02-14 17:22:37,726 INFO Written out 20800000 reads
2026-02-14 17:22:38,352 INFO Written out 20900000 reads
2026-02-14 17:22:38,965 INFO Written out 21000000 reads
2026-02-14 17:22:39,767 INFO Written out 21100000 reads
2026-02-14 17:22:40,236 INFO Parsed 30000000 input reads
2026-02-14 17:22:40,871 INFO Written out 21200000 reads
2026-02-14 17:22:41,237 INFO Written out 21300000 reads
2026-02-14 17:22:41,881 INFO Written out 21400000 reads
2026-02-14 17:22:42,464 INFO Written out 21500000 reads
2026-02-14 17:22:43,317 INFO Written out 21600000 reads
2026-02-14 17:22:43,912 INFO Written out 21700000 reads
2026-02-14 17:22:44,147 INFO Parsed 31000000 input reads
2026-02-14 17:22:44,443 INFO Written out 21800000 reads
2026-02-14 17:22:46,146 INFO Written out 21900000 reads
2026-02-14 17:22:47,080 INFO Written out 22000000 reads
2026-02-14 17:22:47,419 INFO Written out 22100000 reads
2026-02-14 17:22:48,045 INFO Written out 22200000 reads
2026-02-14 17:22:48,441 INFO Parsed 32000000 input reads
2026-02-14 17:22:48,762 INFO Written out 22300000 reads
2026-02-14 17:22:49,876 INFO Written out 22400000 reads
2026-02-14 17:22:50,374 INFO Parsed 33000000 input reads
2026-02-14 17:22:52,257 INFO Written out 22500000 reads
2026-02-14 17:22:52,257 INFO Written out 22600000 reads
2026-02-14 17:22:52,257 INFO Written out 22700000 reads
2026-02-14 17:22:52,937 INFO Written out 22800000 reads
2026-02-14 17:22:53,500 INFO Written out 22900000 reads
2026-02-14 17:22:57,091 INFO Written out 23000000 reads
2026-02-14 17:22:57,653 INFO Written out 23100000 reads
2026-02-14 17:22:58,229 INFO Written out 23200000 reads
2026-02-14 17:22:58,828 INFO Written out 23300000 reads
2026-02-14 17:25:47,143 INFO Reads: Input Reads: 33838008
2026-02-14 17:25:47,143 INFO Number of reads out: 23305200
2026-02-14 17:25:47,143 INFO Total number of positions deduplicated: 2883740
2026-02-14 17:25:47,143 INFO Mean number of unique UMIs per position: 8.08
2026-02-14 17:25:47,143 INFO Max. number of unique UMIs per position: 239826
# job finished in 598 seconds at Sat Feb 14 17:25:47 2026 -- 587.02 11.17  0.00  0.00 -- 4676a0f6-32d5-4926-88f1-5293bfe7a0dc
