# UMI-tools version: 1.1.6
# output generated by dedup --stdin /mnt/vstor/SOM_CCCC_JGS25/sayyar/IFIT1-IFIT2-secondary-analysis/data/aligned/IFIT2_IFIT3_FLAG_IP_Aligned.sortedByCoord.out.bam --stdout /mnt/vstor/SOM_CCCC_JGS25/sayyar/IFIT1-IFIT2-secondary-analysis/data/aligned/IFIT2_IFIT3_FLAG_IP_dedup.bam --log /mnt/vstor/SOM_CCCC_JGS25/sayyar/IFIT1-IFIT2-secondary-analysis/data/aligned/IFIT2_IFIT3_FLAG_IP_dedup.log --output-stats /mnt/vstor/SOM_CCCC_JGS25/sayyar/IFIT1-IFIT2-secondary-analysis/data/aligned/IFIT2_IFIT3_FLAG_IP_dedup_stats
# job started at Sat Jan 31 13:54:08 2026 on compt347 -- 9a81bf5a-7b93-472b-9133-b38985ce75e4
# pid: 3003616, system: Linux 4.18.0-553.el8_10.x86_64 #1 SMP Fri May 10 15:19:13 EDT 2024 x86_64
# assigned_tag                            : None
# cell_tag                                : None
# cell_tag_delim                          : None
# cell_tag_split                          : -
# chimeric_pairs                          : use
# chrom                                   : None
# compresslevel                           : 6
# detection_method                        : None
# filter_umi                              : None
# gene_tag                                : None
# gene_transcript_map                     : None
# get_umi_method                          : read_id
# ignore_tlen                             : False
# ignore_umi                              : False
# in_sam                                  : False
# log2stderr                              : False
# loglevel                                : 1
# mapping_quality                         : 0
# method                                  : directional
# no_sort_output                          : False
# out_sam                                 : False
# output_unmapped                         : False
# paired                                  : False
# per_cell                                : False
# per_contig                              : False
# per_gene                                : False
# random_seed                             : None
# read_length                             : False
# short_help                              : None
# skip_regex                              : ^(__|Unassigned)
# soft_clip_threshold                     : 4
# spliced                                 : False
# stats                                   : /mnt/vstor/SOM_CCCC_JGS25/sayyar/IFIT1-IFIT2-secondary-analysis/data/aligned/IFIT2_IFIT3_FLAG_IP_dedup_stats
# stderr                                  : <_io.TextIOWrapper name='<stderr>' mode='w' encoding='utf-8'>
# stdin                                   : <_io.TextIOWrapper name='/mnt/vstor/SOM_CCCC_JGS25/sayyar/IFIT1-IFIT2-secondary-analysis/data/aligned/IFIT2_IFIT3_FLAG_IP_Aligned.sortedByCoord.out.bam' mode='r' encoding='UTF-8'>
# stdlog                                  : <_io.TextIOWrapper name='/mnt/vstor/SOM_CCCC_JGS25/sayyar/IFIT1-IFIT2-secondary-analysis/data/aligned/IFIT2_IFIT3_FLAG_IP_dedup.log' mode='a' encoding='UTF-8'>
# stdout                                  : <_io.TextIOWrapper name='/mnt/vstor/SOM_CCCC_JGS25/sayyar/IFIT1-IFIT2-secondary-analysis/data/aligned/IFIT2_IFIT3_FLAG_IP_dedup.bam' mode='w' encoding='UTF-8'>
# subset                                  : None
# threshold                               : 1
# timeit_file                             : None
# timeit_header                           : None
# timeit_name                             : all
# tmpdir                                  : None
# umi_sep                                 : _
# umi_tag                                 : RX
# umi_tag_delim                           : None
# umi_tag_split                           : None
# umi_whitelist                           : None
# umi_whitelist_paired                    : None
# unmapped_reads                          : discard
# unpaired_reads                          : use
# whole_contig                            : False
2026-01-31 13:54:08,527 INFO command: dedup --stdin /mnt/vstor/SOM_CCCC_JGS25/sayyar/IFIT1-IFIT2-secondary-analysis/data/aligned/IFIT2_IFIT3_FLAG_IP_Aligned.sortedByCoord.out.bam --stdout /mnt/vstor/SOM_CCCC_JGS25/sayyar/IFIT1-IFIT2-secondary-analysis/data/aligned/IFIT2_IFIT3_FLAG_IP_dedup.bam --log /mnt/vstor/SOM_CCCC_JGS25/sayyar/IFIT1-IFIT2-secondary-analysis/data/aligned/IFIT2_IFIT3_FLAG_IP_dedup.log --output-stats /mnt/vstor/SOM_CCCC_JGS25/sayyar/IFIT1-IFIT2-secondary-analysis/data/aligned/IFIT2_IFIT3_FLAG_IP_dedup_stats
2026-01-31 13:55:20,462 INFO total_umis 39853910
2026-01-31 13:55:20,463 INFO #umis 964629
2026-01-31 13:56:41,444 INFO Written out 100000 reads
2026-01-31 13:59:11,864 INFO Written out 200000 reads
2026-01-31 14:00:30,485 INFO Written out 300000 reads
2026-01-31 14:00:37,799 INFO Written out 400000 reads
2026-01-31 14:00:39,403 INFO Parsed 1000000 input reads
2026-01-31 14:03:05,756 INFO Written out 500000 reads
2026-01-31 14:04:33,491 INFO Written out 600000 reads
2026-01-31 14:04:43,535 INFO Written out 700000 reads
2026-01-31 14:04:47,717 INFO Written out 800000 reads
2026-01-31 14:05:01,467 INFO Parsed 2000000 input reads
2026-01-31 14:05:02,119 INFO Written out 900000 reads
2026-01-31 14:05:05,675 INFO Written out 1000000 reads
2026-01-31 14:06:51,591 INFO Written out 1100000 reads
2026-01-31 14:09:05,869 INFO Written out 1200000 reads
2026-01-31 14:09:13,353 INFO Written out 1300000 reads
2026-01-31 14:09:22,689 INFO Parsed 3000000 input reads
2026-01-31 14:09:22,841 INFO Written out 1400000 reads
2026-01-31 14:09:26,534 INFO Written out 1500000 reads
2026-01-31 14:09:29,912 INFO Written out 1600000 reads
2026-01-31 14:23:54,522 INFO Parsed 4000000 input reads
2026-01-31 14:38:41,560 INFO Written out 1700000 reads
2026-01-31 14:38:49,437 INFO Written out 1800000 reads
2026-01-31 14:38:56,058 INFO Written out 1900000 reads
2026-01-31 14:39:01,337 INFO Written out 2000000 reads
2026-01-31 14:39:07,048 INFO Written out 2100000 reads
2026-01-31 14:39:43,683 INFO Parsed 5000000 input reads
2026-01-31 14:39:43,909 INFO Written out 2200000 reads
2026-01-31 14:39:50,057 INFO Written out 2300000 reads
2026-01-31 14:41:09,763 INFO Written out 2400000 reads
2026-01-31 14:42:27,137 INFO Written out 2500000 reads
2026-01-31 14:42:32,027 INFO Written out 2600000 reads
2026-01-31 14:42:37,411 INFO Written out 2700000 reads
2026-01-31 14:42:41,912 INFO Parsed 6000000 input reads
2026-01-31 14:42:46,561 INFO Written out 2800000 reads
2026-01-31 14:42:57,457 INFO Written out 2900000 reads
2026-01-31 14:43:02,354 INFO Written out 3000000 reads
2026-01-31 14:43:07,106 INFO Written out 3100000 reads
2026-01-31 14:43:18,369 INFO Written out 3200000 reads
2026-01-31 14:43:30,424 INFO Written out 3300000 reads
2026-01-31 14:44:00,585 INFO Written out 3400000 reads
2026-01-31 14:44:02,547 INFO Parsed 7000000 input reads
2026-01-31 14:49:54,544 INFO Written out 3500000 reads
2026-01-31 14:50:15,343 INFO Written out 3600000 reads
2026-01-31 14:53:59,795 INFO Written out 3700000 reads
2026-01-31 14:54:11,201 INFO Written out 3800000 reads
2026-01-31 14:54:17,398 INFO Written out 3900000 reads
2026-01-31 14:54:17,762 INFO Parsed 8000000 input reads
2026-01-31 14:55:55,366 INFO Written out 4000000 reads
2026-01-31 15:00:56,589 INFO Written out 4100000 reads
2026-01-31 15:01:54,691 INFO Written out 4200000 reads
2026-01-31 15:03:09,419 INFO Written out 4300000 reads
2026-01-31 15:03:09,420 INFO Parsed 9000000 input reads
2026-01-31 15:06:38,198 INFO Written out 4400000 reads
# UMI-tools version: 1.1.6
# output generated by dedup --stdin=data/aligned/IFIT2_IFIT3_FLAG_IP_Aligned.sortedByCoord.out.bam --stdout=data/aligned/IFIT2_IFIT3_FLAG_IP_Aligned.sortedByCoord.dedup.bam --log=data/aligned/IFIT2_IFIT3_FLAG_IP_dedup.log --extract-umi-method=read_id --method=unique
# job started at Sat Feb 14 17:26:08 2026 on compt322 -- 785d85b0-f083-4748-beaf-eb93e40c16f7
# pid: 97763, system: Linux 4.18.0-553.el8_10.x86_64 #1 SMP Fri May 10 15:19:13 EDT 2024 x86_64
# assigned_tag                            : None
# cell_tag                                : None
# cell_tag_delim                          : None
# cell_tag_split                          : -
# chimeric_pairs                          : use
# chrom                                   : None
# compresslevel                           : 6
# detection_method                        : None
# filter_umi                              : None
# gene_tag                                : None
# gene_transcript_map                     : None
# get_umi_method                          : read_id
# ignore_tlen                             : False
# ignore_umi                              : False
# in_sam                                  : False
# log2stderr                              : False
# loglevel                                : 1
# mapping_quality                         : 0
# method                                  : unique
# no_sort_output                          : False
# out_sam                                 : False
# output_unmapped                         : False
# paired                                  : False
# per_cell                                : False
# per_contig                              : False
# per_gene                                : False
# random_seed                             : None
# read_length                             : False
# short_help                              : None
# skip_regex                              : ^(__|Unassigned)
# soft_clip_threshold                     : 4
# spliced                                 : False
# stats                                   : False
# stderr                                  : <_io.TextIOWrapper name='<stderr>' mode='w' encoding='utf-8'>
# stdin                                   : <_io.TextIOWrapper name='data/aligned/IFIT2_IFIT3_FLAG_IP_Aligned.sortedByCoord.out.bam' mode='r' encoding='UTF-8'>
# stdlog                                  : <_io.TextIOWrapper name='data/aligned/IFIT2_IFIT3_FLAG_IP_dedup.log' mode='a' encoding='UTF-8'>
# stdout                                  : <_io.TextIOWrapper name='data/aligned/IFIT2_IFIT3_FLAG_IP_Aligned.sortedByCoord.dedup.bam' mode='w' encoding='UTF-8'>
# subset                                  : None
# threshold                               : 1
# timeit_file                             : None
# timeit_header                           : None
# timeit_name                             : all
# tmpdir                                  : None
# umi_sep                                 : _
# umi_tag                                 : RX
# umi_tag_delim                           : None
# umi_tag_split                           : None
# umi_whitelist                           : None
# umi_whitelist_paired                    : None
# unmapped_reads                          : discard
# unpaired_reads                          : use
# whole_contig                            : False
2026-02-14 17:26:08,540 INFO command: dedup --stdin=data/aligned/IFIT2_IFIT3_FLAG_IP_Aligned.sortedByCoord.out.bam --stdout=data/aligned/IFIT2_IFIT3_FLAG_IP_Aligned.sortedByCoord.dedup.bam --log=data/aligned/IFIT2_IFIT3_FLAG_IP_dedup.log --extract-umi-method=read_id --method=unique
2026-02-14 17:26:11,447 INFO Written out 100000 reads
2026-02-14 17:26:13,671 INFO Written out 200000 reads
2026-02-14 17:26:15,786 INFO Written out 300000 reads
2026-02-14 17:26:17,864 INFO Written out 400000 reads
2026-02-14 17:26:20,088 INFO Written out 500000 reads
2026-02-14 17:26:22,402 INFO Parsed 1000000 input reads
2026-02-14 17:26:22,517 INFO Written out 600000 reads
2026-02-14 17:26:24,581 INFO Written out 700000 reads
2026-02-14 17:26:27,110 INFO Written out 800000 reads
2026-02-14 17:26:28,038 INFO Written out 900000 reads
2026-02-14 17:26:29,887 INFO Written out 1000000 reads
2026-02-14 17:26:31,968 INFO Written out 1100000 reads
2026-02-14 17:26:34,143 INFO Written out 1200000 reads
2026-02-14 17:26:34,333 INFO Parsed 2000000 input reads
2026-02-14 17:26:36,404 INFO Written out 1300000 reads
2026-02-14 17:26:41,771 INFO Written out 1400000 reads
2026-02-14 17:26:42,603 INFO Written out 1500000 reads
2026-02-14 17:26:43,245 INFO Written out 1600000 reads
2026-02-14 17:26:45,286 INFO Written out 1700000 reads
2026-02-14 17:26:46,825 INFO Written out 1800000 reads
2026-02-14 17:26:47,914 INFO Parsed 3000000 input reads
2026-02-14 17:26:48,683 INFO Written out 1900000 reads
2026-02-14 17:26:50,963 INFO Written out 2000000 reads
2026-02-14 17:27:01,196 INFO Written out 2100000 reads
2026-02-14 17:27:02,706 INFO Written out 2200000 reads
2026-02-14 17:27:02,707 INFO Parsed 4000000 input reads
2026-02-14 17:27:03,379 INFO Written out 2300000 reads
2026-02-14 17:27:03,833 INFO Written out 2400000 reads
2026-02-14 17:27:05,775 INFO Written out 2500000 reads
2026-02-14 17:27:07,736 INFO Written out 2600000 reads
2026-02-14 17:27:10,019 INFO Written out 2700000 reads
2026-02-14 17:27:12,128 INFO Written out 2800000 reads
2026-02-14 17:27:14,180 INFO Written out 2900000 reads
2026-02-14 17:27:14,935 INFO Parsed 5000000 input reads
2026-02-14 17:27:16,210 INFO Written out 3000000 reads
2026-02-14 17:27:19,320 INFO Written out 3100000 reads
2026-02-14 17:27:21,361 INFO Written out 3200000 reads
2026-02-14 17:27:22,448 INFO Written out 3300000 reads
2026-02-14 17:27:24,567 INFO Written out 3400000 reads
2026-02-14 17:27:26,741 INFO Written out 3500000 reads
2026-02-14 17:27:28,763 INFO Written out 3600000 reads
2026-02-14 17:27:28,879 INFO Parsed 6000000 input reads
2026-02-14 17:27:31,283 INFO Written out 3700000 reads
2026-02-14 17:27:32,363 INFO Written out 3800000 reads
2026-02-14 17:27:34,608 INFO Written out 3900000 reads
2026-02-14 17:27:36,813 INFO Written out 4000000 reads
2026-02-14 17:27:38,942 INFO Written out 4100000 reads
2026-02-14 17:27:45,665 INFO Written out 4200000 reads
2026-02-14 17:27:46,317 INFO Written out 4300000 reads
2026-02-14 17:27:46,486 INFO Parsed 7000000 input reads
2026-02-14 17:27:47,223 INFO Written out 4400000 reads
2026-02-14 17:27:48,042 INFO Written out 4500000 reads
2026-02-14 17:27:49,262 INFO Written out 4600000 reads
2026-02-14 17:27:51,174 INFO Written out 4700000 reads
2026-02-14 17:32:09,982 INFO Written out 4800000 reads
2026-02-14 17:32:10,642 INFO Written out 4900000 reads
2026-02-14 17:32:11,189 INFO Parsed 8000000 input reads
2026-02-14 17:32:11,298 INFO Written out 5000000 reads
2026-02-14 17:32:11,960 INFO Written out 5100000 reads
2026-02-14 17:32:12,756 INFO Written out 5200000 reads
2026-02-14 17:32:13,289 INFO Written out 5300000 reads
2026-02-14 17:32:13,922 INFO Written out 5400000 reads
2026-02-14 17:32:14,545 INFO Written out 5500000 reads
2026-02-14 17:32:15,052 INFO Parsed 9000000 input reads
2026-02-14 17:32:15,290 INFO Written out 5600000 reads
2026-02-14 17:32:15,916 INFO Written out 5700000 reads
2026-02-14 17:32:16,685 INFO Written out 5800000 reads
2026-02-14 17:32:17,521 INFO Written out 5900000 reads
2026-02-14 17:32:18,354 INFO Written out 6000000 reads
2026-02-14 17:32:18,713 INFO Parsed 10000000 input reads
2026-02-14 17:32:18,937 INFO Written out 6100000 reads
2026-02-14 17:32:19,566 INFO Written out 6200000 reads
2026-02-14 17:32:20,233 INFO Written out 6300000 reads
2026-02-14 17:32:20,902 INFO Written out 6400000 reads
2026-02-14 17:32:21,522 INFO Written out 6500000 reads
2026-02-14 17:32:22,166 INFO Written out 6600000 reads
2026-02-14 17:32:22,870 INFO Written out 6700000 reads
2026-02-14 17:32:23,061 INFO Parsed 11000000 input reads
2026-02-14 17:32:23,522 INFO Written out 6800000 reads
2026-02-14 17:32:24,203 INFO Written out 6900000 reads
2026-02-14 17:32:24,898 INFO Written out 7000000 reads
2026-02-14 17:32:25,543 INFO Written out 7100000 reads
2026-02-14 17:32:26,177 INFO Written out 7200000 reads
2026-02-14 17:32:26,793 INFO Written out 7300000 reads
2026-02-14 17:32:27,252 INFO Parsed 12000000 input reads
2026-02-14 17:32:27,895 INFO Written out 7400000 reads
2026-02-14 17:32:28,219 INFO Written out 7500000 reads
2026-02-14 17:32:28,860 INFO Written out 7600000 reads
2026-02-14 17:32:29,621 INFO Written out 7700000 reads
2026-02-14 17:32:30,239 INFO Written out 7800000 reads
2026-02-14 17:32:30,879 INFO Parsed 13000000 input reads
2026-02-14 17:32:31,157 INFO Written out 7900000 reads
2026-02-14 17:32:31,599 INFO Written out 8000000 reads
2026-02-14 17:32:32,407 INFO Written out 8100000 reads
2026-02-14 17:32:32,968 INFO Written out 8200000 reads
2026-02-14 17:32:33,639 INFO Written out 8300000 reads
2026-02-14 17:32:34,363 INFO Written out 8400000 reads
2026-02-14 17:32:43,174 INFO Parsed 14000000 input reads
2026-02-14 17:32:43,398 INFO Written out 8500000 reads
2026-02-14 17:32:44,032 INFO Written out 8600000 reads
2026-02-14 17:32:44,773 INFO Written out 8700000 reads
2026-02-14 17:32:45,443 INFO Written out 8800000 reads
2026-02-14 17:32:46,149 INFO Written out 8900000 reads
2026-02-14 17:32:46,647 INFO Parsed 15000000 input reads
2026-02-14 17:32:46,779 INFO Written out 9000000 reads
2026-02-14 17:32:47,516 INFO Written out 9100000 reads
2026-02-14 17:32:48,189 INFO Written out 9200000 reads
2026-02-14 17:32:48,973 INFO Written out 9300000 reads
2026-02-14 17:32:49,608 INFO Written out 9400000 reads
2026-02-14 17:32:49,934 INFO Parsed 16000000 input reads
2026-02-14 17:32:50,317 INFO Written out 9500000 reads
2026-02-14 17:32:50,992 INFO Written out 9600000 reads
2026-02-14 17:32:51,673 INFO Written out 9700000 reads
2026-02-14 17:32:52,376 INFO Written out 9800000 reads
2026-02-14 17:32:53,073 INFO Written out 9900000 reads
2026-02-14 17:32:53,749 INFO Written out 10000000 reads
2026-02-14 17:32:54,236 INFO Parsed 17000000 input reads
2026-02-14 17:32:54,460 INFO Written out 10100000 reads
2026-02-14 17:32:55,167 INFO Written out 10200000 reads
2026-02-14 17:32:56,427 INFO Written out 10300000 reads
2026-02-14 17:32:56,427 INFO Parsed 18000000 input reads
2026-02-14 17:32:57,108 INFO Written out 10400000 reads
2026-02-14 17:32:57,656 INFO Written out 10500000 reads
2026-02-14 17:32:58,358 INFO Written out 10600000 reads
2026-02-14 17:32:59,057 INFO Written out 10700000 reads
2026-02-14 17:32:59,794 INFO Written out 10800000 reads
2026-02-14 17:33:00,560 INFO Written out 10900000 reads
2026-02-14 17:33:00,647 INFO Parsed 19000000 input reads
2026-02-14 17:33:01,273 INFO Written out 11000000 reads
2026-02-14 17:33:02,066 INFO Written out 11100000 reads
2026-02-14 17:33:02,499 INFO Parsed 20000000 input reads
2026-02-14 17:33:03,495 INFO Written out 11200000 reads
2026-02-14 17:33:03,495 INFO Written out 11300000 reads
2026-02-14 17:33:04,185 INFO Written out 11400000 reads
2026-02-14 17:33:04,644 INFO Parsed 21000000 input reads
2026-02-14 17:33:04,792 INFO Written out 11500000 reads
2026-02-14 17:33:05,539 INFO Written out 11600000 reads
2026-02-14 17:33:06,240 INFO Written out 11700000 reads
2026-02-14 17:33:06,922 INFO Written out 11800000 reads
2026-02-14 17:33:07,428 INFO Parsed 22000000 input reads
2026-02-14 17:33:08,427 INFO Written out 11900000 reads
2026-02-14 17:33:08,427 INFO Written out 12000000 reads
2026-02-14 17:33:08,427 INFO Parsed 23000000 input reads
2026-02-14 17:33:08,975 INFO Written out 12100000 reads
2026-02-14 17:33:09,597 INFO Written out 12200000 reads
2026-02-14 17:33:10,276 INFO Written out 12300000 reads
2026-02-14 17:33:10,940 INFO Written out 12400000 reads
2026-02-14 17:33:11,631 INFO Written out 12500000 reads
2026-02-14 17:33:12,386 INFO Written out 12600000 reads
2026-02-14 17:33:12,941 INFO Parsed 24000000 input reads
2026-02-14 17:33:12,987 INFO Written out 12700000 reads
2026-02-14 17:33:13,639 INFO Written out 12800000 reads
2026-02-14 17:33:14,293 INFO Written out 12900000 reads
2026-02-14 17:33:14,951 INFO Written out 13000000 reads
2026-02-14 17:33:15,616 INFO Written out 13100000 reads
2026-02-14 17:33:16,345 INFO Written out 13200000 reads
2026-02-14 17:33:16,902 INFO Written out 13300000 reads
2026-02-14 17:33:17,115 INFO Parsed 25000000 input reads
2026-02-14 17:33:17,562 INFO Written out 13400000 reads
2026-02-14 17:33:18,165 INFO Written out 13500000 reads
2026-02-14 17:33:18,865 INFO Written out 13600000 reads
2026-02-14 17:33:19,592 INFO Written out 13700000 reads
2026-02-14 17:33:20,262 INFO Written out 13800000 reads
2026-02-14 17:33:21,077 INFO Written out 13900000 reads
2026-02-14 17:33:21,077 INFO Parsed 26000000 input reads
2026-02-14 17:33:21,880 INFO Written out 14000000 reads
2026-02-14 17:33:22,456 INFO Written out 14100000 reads
2026-02-14 17:33:23,130 INFO Written out 14200000 reads
2026-02-14 17:33:23,801 INFO Written out 14300000 reads
2026-02-14 17:33:24,437 INFO Written out 14400000 reads
2026-02-14 17:33:24,734 INFO Parsed 27000000 input reads
2026-02-14 17:33:25,084 INFO Written out 14500000 reads
2026-02-14 17:33:25,738 INFO Written out 14600000 reads
2026-02-14 17:33:26,431 INFO Written out 14700000 reads
2026-02-14 17:33:27,080 INFO Written out 14800000 reads
2026-02-14 17:33:27,757 INFO Written out 14900000 reads
2026-02-14 17:33:28,422 INFO Written out 15000000 reads
2026-02-14 17:33:29,063 INFO Parsed 28000000 input reads
2026-02-14 17:33:29,115 INFO Written out 15100000 reads
2026-02-14 17:33:29,746 INFO Written out 15200000 reads
2026-02-14 17:33:30,343 INFO Written out 15300000 reads
2026-02-14 17:33:31,390 INFO Written out 15400000 reads
2026-02-14 17:33:31,827 INFO Written out 15500000 reads
2026-02-14 17:33:32,428 INFO Written out 15600000 reads
2026-02-14 17:33:33,115 INFO Written out 15700000 reads
2026-02-14 17:33:33,115 INFO Parsed 29000000 input reads
2026-02-14 17:33:33,758 INFO Written out 15800000 reads
2026-02-14 17:33:34,597 INFO Written out 15900000 reads
2026-02-14 17:33:35,096 INFO Written out 16000000 reads
2026-02-14 17:33:35,815 INFO Written out 16100000 reads
2026-02-14 17:33:36,426 INFO Parsed 30000000 input reads
2026-02-14 17:33:36,446 INFO Written out 16200000 reads
2026-02-14 17:33:37,142 INFO Written out 16300000 reads
2026-02-14 17:33:37,839 INFO Written out 16400000 reads
2026-02-14 17:33:38,576 INFO Written out 16500000 reads
2026-02-14 17:33:39,200 INFO Written out 16600000 reads
2026-02-14 17:33:39,966 INFO Written out 16700000 reads
2026-02-14 17:33:40,425 INFO Parsed 31000000 input reads
2026-02-14 17:33:40,708 INFO Written out 16800000 reads
2026-02-14 17:33:44,037 INFO Written out 16900000 reads
2026-02-14 17:33:44,665 INFO Written out 17000000 reads
2026-02-14 17:33:45,309 INFO Written out 17100000 reads
2026-02-14 17:33:45,978 INFO Written out 17200000 reads
2026-02-14 17:33:46,302 INFO Parsed 32000000 input reads
2026-02-14 17:33:46,757 INFO Written out 17300000 reads
2026-02-14 17:33:47,510 INFO Written out 17400000 reads
2026-02-14 17:33:48,154 INFO Written out 17500000 reads
2026-02-14 17:33:48,809 INFO Written out 17600000 reads
2026-02-14 17:33:49,458 INFO Written out 17700000 reads
2026-02-14 17:33:50,093 INFO Parsed 33000000 input reads
2026-02-14 17:33:50,180 INFO Written out 17800000 reads
2026-02-14 17:33:50,869 INFO Written out 17900000 reads
2026-02-14 17:33:51,573 INFO Written out 18000000 reads
2026-02-14 17:33:52,327 INFO Written out 18100000 reads
2026-02-14 17:33:52,999 INFO Written out 18200000 reads
2026-02-14 17:33:53,557 INFO Parsed 34000000 input reads
2026-02-14 17:33:54,136 INFO Written out 18300000 reads
2026-02-14 17:33:54,817 INFO Written out 18400000 reads
2026-02-14 17:33:55,420 INFO Written out 18500000 reads
2026-02-14 17:33:56,205 INFO Written out 18600000 reads
2026-02-14 17:33:56,959 INFO Written out 18700000 reads
2026-02-14 17:33:56,959 INFO Parsed 35000000 input reads
2026-02-14 17:33:57,737 INFO Written out 18800000 reads
2026-02-14 17:33:58,327 INFO Written out 18900000 reads
2026-02-14 17:34:00,267 INFO Written out 19000000 reads
2026-02-14 17:34:00,647 INFO Parsed 36000000 input reads
2026-02-14 17:34:01,073 INFO Written out 19100000 reads
2026-02-14 17:34:01,505 INFO Parsed 37000000 input reads
2026-02-14 17:34:02,493 INFO Written out 19200000 reads
2026-02-14 17:34:02,493 INFO Written out 19300000 reads
2026-02-14 17:34:03,261 INFO Written out 19400000 reads
2026-02-14 17:34:03,917 INFO Written out 19500000 reads
2026-02-14 17:34:05,532 INFO Written out 19600000 reads
2026-02-14 17:34:05,901 INFO Written out 19700000 reads
2026-02-14 17:34:05,901 INFO Parsed 38000000 input reads
2026-02-14 17:34:06,575 INFO Written out 19800000 reads
2026-02-14 17:34:07,087 INFO Parsed 39000000 input reads
2026-02-14 17:34:08,474 INFO Written out 19900000 reads
2026-02-14 17:34:08,474 INFO Written out 20000000 reads
2026-02-14 17:34:09,522 INFO Written out 20100000 reads
2026-02-14 17:34:10,146 INFO Written out 20200000 reads
2026-02-14 17:34:11,791 INFO Written out 20300000 reads
2026-02-14 17:36:43,154 INFO Reads: Input Reads: 39853910
2026-02-14 17:36:43,155 INFO Number of reads out: 20341513
2026-02-14 17:36:43,155 INFO Total number of positions deduplicated: 1643143
2026-02-14 17:36:43,155 INFO Mean number of unique UMIs per position: 12.38
2026-02-14 17:36:43,155 INFO Max. number of unique UMIs per position: 159330
# job finished in 634 seconds at Sat Feb 14 17:36:43 2026 -- 620.51 12.83  0.00  0.00 -- 785d85b0-f083-4748-beaf-eb93e40c16f7
