# UMI-tools version: 1.1.6
# output generated by dedup --stdin /mnt/vstor/SOM_CCCC_JGS25/sayyar/IFIT1-IFIT2-secondary-analysis/data/aligned/WT_FLAG_IP_Aligned.sortedByCoord.out.bam --stdout /mnt/vstor/SOM_CCCC_JGS25/sayyar/IFIT1-IFIT2-secondary-analysis/data/aligned/WT_FLAG_IP_dedup.bam --log /mnt/vstor/SOM_CCCC_JGS25/sayyar/IFIT1-IFIT2-secondary-analysis/data/aligned/WT_FLAG_IP_dedup.log --output-stats /mnt/vstor/SOM_CCCC_JGS25/sayyar/IFIT1-IFIT2-secondary-analysis/data/aligned/WT_FLAG_IP_dedup_stats
# job started at Sat Jan 31 13:55:40 2026 on compt379 -- ef808f80-2c4f-488d-9941-dd84641e4891
# pid: 2373958, system: Linux 4.18.0-553.el8_10.x86_64 #1 SMP Fri May 10 15:19:13 EDT 2024 x86_64
# assigned_tag                            : None
# cell_tag                                : None
# cell_tag_delim                          : None
# cell_tag_split                          : -
# chimeric_pairs                          : use
# chrom                                   : None
# compresslevel                           : 6
# detection_method                        : None
# filter_umi                              : None
# gene_tag                                : None
# gene_transcript_map                     : None
# get_umi_method                          : read_id
# ignore_tlen                             : False
# ignore_umi                              : False
# in_sam                                  : False
# log2stderr                              : False
# loglevel                                : 1
# mapping_quality                         : 0
# method                                  : directional
# no_sort_output                          : False
# out_sam                                 : False
# output_unmapped                         : False
# paired                                  : False
# per_cell                                : False
# per_contig                              : False
# per_gene                                : False
# random_seed                             : None
# read_length                             : False
# short_help                              : None
# skip_regex                              : ^(__|Unassigned)
# soft_clip_threshold                     : 4
# spliced                                 : False
# stats                                   : /mnt/vstor/SOM_CCCC_JGS25/sayyar/IFIT1-IFIT2-secondary-analysis/data/aligned/WT_FLAG_IP_dedup_stats
# stderr                                  : <_io.TextIOWrapper name='<stderr>' mode='w' encoding='utf-8'>
# stdin                                   : <_io.TextIOWrapper name='/mnt/vstor/SOM_CCCC_JGS25/sayyar/IFIT1-IFIT2-secondary-analysis/data/aligned/WT_FLAG_IP_Aligned.sortedByCoord.out.bam' mode='r' encoding='UTF-8'>
# stdlog                                  : <_io.TextIOWrapper name='/mnt/vstor/SOM_CCCC_JGS25/sayyar/IFIT1-IFIT2-secondary-analysis/data/aligned/WT_FLAG_IP_dedup.log' mode='a' encoding='UTF-8'>
# stdout                                  : <_io.TextIOWrapper name='/mnt/vstor/SOM_CCCC_JGS25/sayyar/IFIT1-IFIT2-secondary-analysis/data/aligned/WT_FLAG_IP_dedup.bam' mode='w' encoding='UTF-8'>
# subset                                  : None
# threshold                               : 1
# timeit_file                             : None
# timeit_header                           : None
# timeit_name                             : all
# tmpdir                                  : None
# umi_sep                                 : _
# umi_tag                                 : RX
# umi_tag_delim                           : None
# umi_tag_split                           : None
# umi_whitelist                           : None
# umi_whitelist_paired                    : None
# unmapped_reads                          : discard
# unpaired_reads                          : use
# whole_contig                            : False
2026-01-31 13:55:40,565 INFO command: dedup --stdin /mnt/vstor/SOM_CCCC_JGS25/sayyar/IFIT1-IFIT2-secondary-analysis/data/aligned/WT_FLAG_IP_Aligned.sortedByCoord.out.bam --stdout /mnt/vstor/SOM_CCCC_JGS25/sayyar/IFIT1-IFIT2-secondary-analysis/data/aligned/WT_FLAG_IP_dedup.bam --log /mnt/vstor/SOM_CCCC_JGS25/sayyar/IFIT1-IFIT2-secondary-analysis/data/aligned/WT_FLAG_IP_dedup.log --output-stats /mnt/vstor/SOM_CCCC_JGS25/sayyar/IFIT1-IFIT2-secondary-analysis/data/aligned/WT_FLAG_IP_dedup_stats
2026-01-31 13:56:39,397 INFO total_umis 33067372
2026-01-31 13:56:39,398 INFO #umis 932499
2026-01-31 13:57:08,110 INFO Written out 100000 reads
2026-01-31 13:57:48,408 INFO Written out 200000 reads
2026-01-31 13:57:55,354 INFO Written out 300000 reads
2026-01-31 13:58:31,834 INFO Written out 400000 reads
2026-01-31 13:58:41,501 INFO Parsed 1000000 input reads
2026-01-31 13:58:51,470 INFO Written out 500000 reads
2026-01-31 13:58:55,956 INFO Written out 600000 reads
2026-01-31 13:59:02,764 INFO Written out 700000 reads
2026-01-31 13:59:06,422 INFO Written out 800000 reads
2026-01-31 13:59:59,454 INFO Written out 900000 reads
2026-01-31 14:01:05,881 INFO Parsed 2000000 input reads
2026-01-31 14:01:17,133 INFO Written out 1000000 reads
2026-01-31 14:01:24,123 INFO Written out 1100000 reads
2026-01-31 14:01:27,680 INFO Written out 1200000 reads
2026-01-31 14:01:31,263 INFO Written out 1300000 reads
2026-01-31 14:06:21,996 INFO Parsed 3000000 input reads
2026-01-31 14:06:23,302 INFO Written out 1400000 reads
2026-01-31 14:06:31,246 INFO Written out 1500000 reads
2026-01-31 14:06:36,286 INFO Written out 1600000 reads
2026-01-31 14:06:42,065 INFO Written out 1700000 reads
2026-01-31 14:07:16,145 INFO Written out 1800000 reads
2026-01-31 14:07:21,538 INFO Written out 1900000 reads
2026-01-31 14:07:23,923 INFO Parsed 4000000 input reads
2026-01-31 14:07:42,568 INFO Written out 2000000 reads
2026-01-31 14:08:02,121 INFO Written out 2100000 reads
2026-01-31 14:08:06,584 INFO Written out 2200000 reads
2026-01-31 14:08:10,502 INFO Written out 2300000 reads
2026-01-31 14:08:22,303 INFO Written out 2400000 reads
2026-01-31 14:08:28,826 INFO Parsed 5000000 input reads
2026-01-31 14:08:29,159 INFO Written out 2500000 reads
2026-01-31 14:08:32,730 INFO Written out 2600000 reads
2026-01-31 14:08:37,144 INFO Written out 2700000 reads
2026-01-31 14:08:51,862 INFO Written out 2800000 reads
2026-01-31 14:09:06,813 INFO Written out 2900000 reads
2026-01-31 14:10:35,938 INFO Written out 3000000 reads
2026-01-31 14:10:36,149 INFO Parsed 6000000 input reads
2026-01-31 14:10:40,051 INFO Written out 3100000 reads
2026-01-31 14:13:48,766 INFO Written out 3200000 reads
2026-01-31 14:14:00,908 INFO Written out 3300000 reads
2026-01-31 14:14:11,986 INFO Written out 3400000 reads
2026-01-31 14:14:34,533 INFO Parsed 7000000 input reads
2026-01-31 14:15:01,400 INFO Written out 3500000 reads
2026-01-31 14:16:02,229 INFO Written out 3600000 reads
2026-01-31 14:16:56,404 INFO Written out 3700000 reads
2026-01-31 14:18:07,484 INFO Written out 3800000 reads
2026-01-31 14:19:20,136 INFO Parsed 8000000 input reads
2026-01-31 14:22:20,061 INFO Written out 3900000 reads
2026-01-31 14:23:02,647 INFO Written out 4000000 reads
2026-01-31 14:23:31,453 INFO Written out 4100000 reads
2026-01-31 14:23:42,865 INFO Written out 4200000 reads
2026-01-31 14:23:56,934 INFO Parsed 9000000 input reads
2026-01-31 14:24:12,326 INFO Written out 4300000 reads
2026-01-31 14:24:50,745 INFO Written out 4400000 reads
2026-01-31 14:25:09,224 INFO Written out 4500000 reads
2026-01-31 14:25:24,951 INFO Written out 4600000 reads
2026-01-31 14:25:50,599 INFO Parsed 10000000 input reads
2026-01-31 14:25:54,201 INFO Written out 4700000 reads
2026-01-31 14:27:09,111 INFO Written out 4800000 reads
2026-01-31 14:28:13,032 INFO Written out 4900000 reads
2026-01-31 14:30:48,867 INFO Written out 5000000 reads
2026-01-31 14:31:42,032 INFO Parsed 11000000 input reads
2026-01-31 14:32:03,472 INFO Written out 5100000 reads
2026-01-31 14:32:57,916 INFO Written out 5200000 reads
2026-01-31 14:35:23,126 INFO Written out 5300000 reads
2026-01-31 14:35:38,459 INFO Parsed 12000000 input reads
2026-01-31 14:36:15,540 INFO Written out 5400000 reads
2026-01-31 14:36:30,036 INFO Written out 5500000 reads
2026-01-31 14:37:19,685 INFO Written out 5600000 reads
2026-01-31 14:37:56,113 INFO Written out 5700000 reads
2026-01-31 14:38:04,832 INFO Parsed 13000000 input reads
2026-01-31 14:40:35,905 INFO Written out 5800000 reads
2026-01-31 14:44:02,000 INFO Written out 5900000 reads
2026-01-31 14:45:02,705 INFO Parsed 14000000 input reads
2026-01-31 14:46:31,330 INFO Written out 6000000 reads
2026-01-31 14:48:15,374 INFO Written out 6100000 reads
2026-01-31 14:51:43,160 INFO Parsed 15000000 input reads
2026-01-31 14:56:54,971 INFO Written out 6200000 reads
2026-01-31 14:58:02,917 INFO Written out 6300000 reads
2026-01-31 15:03:29,235 INFO Written out 6400000 reads
2026-01-31 15:03:32,466 INFO Parsed 16000000 input reads
# UMI-tools version: 1.1.6
# output generated by dedup --stdin=data/aligned/WT_FLAG_IP_Aligned.sortedByCoord.out.bam --stdout=data/aligned/WT_FLAG_IP_Aligned.sortedByCoord.dedup.bam --log=data/aligned/WT_FLAG_IP_dedup.log --extract-umi-method=read_id --method=unique
# job started at Sat Feb 14 18:10:40 2026 on compt322 -- d48cc15a-2c1f-4f7d-b00b-0c4e30b50ac4
# pid: 99257, system: Linux 4.18.0-553.el8_10.x86_64 #1 SMP Fri May 10 15:19:13 EDT 2024 x86_64
# assigned_tag                            : None
# cell_tag                                : None
# cell_tag_delim                          : None
# cell_tag_split                          : -
# chimeric_pairs                          : use
# chrom                                   : None
# compresslevel                           : 6
# detection_method                        : None
# filter_umi                              : None
# gene_tag                                : None
# gene_transcript_map                     : None
# get_umi_method                          : read_id
# ignore_tlen                             : False
# ignore_umi                              : False
# in_sam                                  : False
# log2stderr                              : False
# loglevel                                : 1
# mapping_quality                         : 0
# method                                  : unique
# no_sort_output                          : False
# out_sam                                 : False
# output_unmapped                         : False
# paired                                  : False
# per_cell                                : False
# per_contig                              : False
# per_gene                                : False
# random_seed                             : None
# read_length                             : False
# short_help                              : None
# skip_regex                              : ^(__|Unassigned)
# soft_clip_threshold                     : 4
# spliced                                 : False
# stats                                   : False
# stderr                                  : <_io.TextIOWrapper name='<stderr>' mode='w' encoding='utf-8'>
# stdin                                   : <_io.TextIOWrapper name='data/aligned/WT_FLAG_IP_Aligned.sortedByCoord.out.bam' mode='r' encoding='UTF-8'>
# stdlog                                  : <_io.TextIOWrapper name='data/aligned/WT_FLAG_IP_dedup.log' mode='a' encoding='UTF-8'>
# stdout                                  : <_io.TextIOWrapper name='data/aligned/WT_FLAG_IP_Aligned.sortedByCoord.dedup.bam' mode='w' encoding='UTF-8'>
# subset                                  : None
# threshold                               : 1
# timeit_file                             : None
# timeit_header                           : None
# timeit_name                             : all
# tmpdir                                  : None
# umi_sep                                 : _
# umi_tag                                 : RX
# umi_tag_delim                           : None
# umi_tag_split                           : None
# umi_whitelist                           : None
# umi_whitelist_paired                    : None
# unmapped_reads                          : discard
# unpaired_reads                          : use
# whole_contig                            : False
2026-02-14 18:10:40,256 INFO command: dedup --stdin=data/aligned/WT_FLAG_IP_Aligned.sortedByCoord.out.bam --stdout=data/aligned/WT_FLAG_IP_Aligned.sortedByCoord.dedup.bam --log=data/aligned/WT_FLAG_IP_dedup.log --extract-umi-method=read_id --method=unique
2026-02-14 18:10:43,077 INFO Written out 100000 reads
2026-02-14 18:10:45,292 INFO Written out 200000 reads
2026-02-14 18:10:46,899 INFO Written out 300000 reads
2026-02-14 18:10:49,400 INFO Written out 400000 reads
2026-02-14 18:10:50,993 INFO Written out 500000 reads
2026-02-14 18:10:52,203 INFO Parsed 1000000 input reads
2026-02-14 18:10:53,070 INFO Written out 600000 reads
2026-02-14 18:10:55,234 INFO Written out 700000 reads
2026-02-14 18:10:57,460 INFO Written out 800000 reads
2026-02-14 18:10:59,834 INFO Written out 900000 reads
2026-02-14 18:11:05,271 INFO Written out 1000000 reads
2026-02-14 18:11:05,992 INFO Written out 1100000 reads
2026-02-14 18:11:06,312 INFO Parsed 2000000 input reads
2026-02-14 18:11:07,093 INFO Written out 1200000 reads
2026-02-14 18:11:09,085 INFO Written out 1300000 reads
2026-02-14 18:11:11,294 INFO Written out 1400000 reads
2026-02-14 18:11:13,673 INFO Written out 1500000 reads
2026-02-14 18:11:18,180 INFO Written out 1600000 reads
2026-02-14 18:11:18,988 INFO Parsed 3000000 input reads
2026-02-14 18:11:19,184 INFO Written out 1700000 reads
2026-02-14 18:11:21,289 INFO Written out 1800000 reads
2026-02-14 18:11:23,544 INFO Written out 1900000 reads
2026-02-14 18:11:25,878 INFO Written out 2000000 reads
2026-02-14 18:11:28,143 INFO Written out 2100000 reads
2026-02-14 18:11:30,425 INFO Written out 2200000 reads
2026-02-14 18:11:32,644 INFO Written out 2300000 reads
2026-02-14 18:11:33,106 INFO Parsed 4000000 input reads
2026-02-14 18:11:35,245 INFO Written out 2400000 reads
2026-02-14 18:11:36,822 INFO Written out 2500000 reads
2026-02-14 18:11:39,138 INFO Written out 2600000 reads
2026-02-14 18:11:41,527 INFO Written out 2700000 reads
2026-02-14 18:11:43,507 INFO Written out 2800000 reads
2026-02-14 18:11:45,453 INFO Written out 2900000 reads
2026-02-14 18:11:46,133 INFO Parsed 5000000 input reads
2026-02-14 18:11:47,797 INFO Written out 3000000 reads
2026-02-14 18:11:50,216 INFO Written out 3100000 reads
2026-02-14 18:11:56,958 INFO Written out 3200000 reads
2026-02-14 18:11:57,594 INFO Written out 3300000 reads
2026-02-14 18:11:58,245 INFO Written out 3400000 reads
2026-02-14 18:11:59,008 INFO Written out 3500000 reads
2026-02-14 18:11:59,146 INFO Parsed 6000000 input reads
2026-02-14 18:12:00,763 INFO Written out 3600000 reads
2026-02-14 18:15:32,502 INFO Written out 3700000 reads
2026-02-14 18:15:33,167 INFO Written out 3800000 reads
2026-02-14 18:15:33,827 INFO Written out 3900000 reads
2026-02-14 18:15:34,470 INFO Written out 4000000 reads
2026-02-14 18:15:35,065 INFO Parsed 7000000 input reads
2026-02-14 18:15:35,185 INFO Written out 4100000 reads
2026-02-14 18:15:35,772 INFO Written out 4200000 reads
2026-02-14 18:15:36,410 INFO Written out 4300000 reads
2026-02-14 18:15:37,069 INFO Written out 4400000 reads
2026-02-14 18:15:37,744 INFO Written out 4500000 reads
2026-02-14 18:15:38,481 INFO Written out 4600000 reads
2026-02-14 18:15:38,481 INFO Parsed 8000000 input reads
2026-02-14 18:15:39,179 INFO Written out 4700000 reads
2026-02-14 18:15:39,862 INFO Written out 4800000 reads
2026-02-14 18:15:40,526 INFO Written out 4900000 reads
2026-02-14 18:15:41,180 INFO Written out 5000000 reads
2026-02-14 18:15:41,842 INFO Written out 5100000 reads
2026-02-14 18:15:42,169 INFO Parsed 9000000 input reads
2026-02-14 18:15:42,491 INFO Written out 5200000 reads
2026-02-14 18:15:43,154 INFO Written out 5300000 reads
2026-02-14 18:15:43,935 INFO Written out 5400000 reads
2026-02-14 18:15:44,629 INFO Written out 5500000 reads
2026-02-14 18:15:45,298 INFO Written out 5600000 reads
2026-02-14 18:15:45,846 INFO Parsed 10000000 input reads
2026-02-14 18:15:45,982 INFO Written out 5700000 reads
2026-02-14 18:15:46,654 INFO Written out 5800000 reads
2026-02-14 18:15:47,369 INFO Written out 5900000 reads
2026-02-14 18:15:47,944 INFO Written out 6000000 reads
2026-02-14 18:15:48,644 INFO Written out 6100000 reads
2026-02-14 18:15:49,349 INFO Written out 6200000 reads
2026-02-14 18:15:49,501 INFO Parsed 11000000 input reads
2026-02-14 18:15:50,014 INFO Written out 6300000 reads
2026-02-14 18:15:50,673 INFO Written out 6400000 reads
2026-02-14 18:15:51,363 INFO Written out 6500000 reads
2026-02-14 18:15:52,023 INFO Written out 6600000 reads
2026-02-14 18:15:52,717 INFO Written out 6700000 reads
2026-02-14 18:15:52,763 INFO Parsed 12000000 input reads
2026-02-14 18:15:53,389 INFO Written out 6800000 reads
2026-02-14 18:15:54,073 INFO Written out 6900000 reads
2026-02-14 18:15:54,792 INFO Written out 7000000 reads
2026-02-14 18:15:55,474 INFO Written out 7100000 reads
2026-02-14 18:15:56,149 INFO Written out 7200000 reads
2026-02-14 18:15:56,432 INFO Parsed 13000000 input reads
2026-02-14 18:15:56,888 INFO Written out 7300000 reads
2026-02-14 18:15:57,664 INFO Written out 7400000 reads
2026-02-14 18:15:58,250 INFO Written out 7500000 reads
2026-02-14 18:15:58,960 INFO Written out 7600000 reads
2026-02-14 18:15:59,227 INFO Parsed 14000000 input reads
2026-02-14 18:15:59,631 INFO Written out 7700000 reads
2026-02-14 18:16:00,389 INFO Written out 7800000 reads
2026-02-14 18:16:01,051 INFO Written out 7900000 reads
2026-02-14 18:16:01,810 INFO Written out 8000000 reads
2026-02-14 18:16:01,998 INFO Parsed 15000000 input reads
2026-02-14 18:16:02,468 INFO Written out 8100000 reads
2026-02-14 18:16:03,081 INFO Written out 8200000 reads
2026-02-14 18:16:03,850 INFO Written out 8300000 reads
2026-02-14 18:16:04,618 INFO Written out 8400000 reads
2026-02-14 18:16:05,020 INFO Parsed 16000000 input reads
2026-02-14 18:16:05,742 INFO Written out 8500000 reads
2026-02-14 18:16:06,176 INFO Written out 8600000 reads
2026-02-14 18:16:06,958 INFO Written out 8700000 reads
2026-02-14 18:16:07,747 INFO Written out 8800000 reads
2026-02-14 18:16:08,412 INFO Written out 8900000 reads
2026-02-14 18:16:09,124 INFO Written out 9000000 reads
2026-02-14 18:16:09,627 INFO Parsed 17000000 input reads
2026-02-14 18:16:09,845 INFO Written out 9100000 reads
2026-02-14 18:16:10,708 INFO Written out 9200000 reads
2026-02-14 18:16:11,322 INFO Written out 9300000 reads
2026-02-14 18:16:11,983 INFO Written out 9400000 reads
2026-02-14 18:16:12,560 INFO Parsed 18000000 input reads
2026-02-14 18:16:12,870 INFO Written out 9500000 reads
2026-02-14 18:16:13,273 INFO Written out 9600000 reads
2026-02-14 18:16:13,941 INFO Written out 9700000 reads
2026-02-14 18:16:19,118 INFO Written out 9800000 reads
2026-02-14 18:16:19,174 INFO Parsed 19000000 input reads
2026-02-14 18:16:19,716 INFO Written out 9900000 reads
2026-02-14 18:16:20,357 INFO Written out 10000000 reads
2026-02-14 18:16:20,990 INFO Written out 10100000 reads
2026-02-14 18:16:21,662 INFO Written out 10200000 reads
2026-02-14 18:16:22,277 INFO Written out 10300000 reads
2026-02-14 18:16:22,664 INFO Parsed 20000000 input reads
2026-02-14 18:16:22,914 INFO Written out 10400000 reads
2026-02-14 18:16:23,550 INFO Written out 10500000 reads
2026-02-14 18:16:24,205 INFO Written out 10600000 reads
2026-02-14 18:16:24,802 INFO Written out 10700000 reads
2026-02-14 18:16:25,435 INFO Written out 10800000 reads
2026-02-14 18:16:26,048 INFO Written out 10900000 reads
2026-02-14 18:16:26,137 INFO Parsed 21000000 input reads
2026-02-14 18:16:26,724 INFO Written out 11000000 reads
2026-02-14 18:16:27,342 INFO Written out 11100000 reads
2026-02-14 18:16:27,974 INFO Written out 11200000 reads
2026-02-14 18:16:28,856 INFO Written out 11300000 reads
2026-02-14 18:16:29,322 INFO Written out 11400000 reads
2026-02-14 18:16:29,507 INFO Parsed 22000000 input reads
2026-02-14 18:16:29,993 INFO Written out 11500000 reads
2026-02-14 18:16:30,629 INFO Written out 11600000 reads
2026-02-14 18:16:31,243 INFO Written out 11700000 reads
2026-02-14 18:16:31,893 INFO Written out 11800000 reads
2026-02-14 18:16:32,514 INFO Written out 11900000 reads
2026-02-14 18:16:33,014 INFO Parsed 23000000 input reads
2026-02-14 18:16:33,144 INFO Written out 12000000 reads
2026-02-14 18:16:33,919 INFO Written out 12100000 reads
2026-02-14 18:16:34,530 INFO Written out 12200000 reads
2026-02-14 18:16:35,185 INFO Written out 12300000 reads
2026-02-14 18:16:35,836 INFO Written out 12400000 reads
2026-02-14 18:16:36,477 INFO Written out 12500000 reads
2026-02-14 18:16:36,524 INFO Parsed 24000000 input reads
2026-02-14 18:16:37,121 INFO Written out 12600000 reads
2026-02-14 18:16:37,680 INFO Written out 12700000 reads
2026-02-14 18:16:38,366 INFO Written out 12800000 reads
2026-02-14 18:16:39,006 INFO Written out 12900000 reads
2026-02-14 18:16:39,627 INFO Written out 13000000 reads
2026-02-14 18:16:40,067 INFO Parsed 25000000 input reads
2026-02-14 18:16:40,274 INFO Written out 13100000 reads
2026-02-14 18:16:40,921 INFO Written out 13200000 reads
2026-02-14 18:16:41,605 INFO Written out 13300000 reads
2026-02-14 18:16:42,239 INFO Written out 13400000 reads
2026-02-14 18:16:42,894 INFO Written out 13500000 reads
2026-02-14 18:16:43,121 INFO Parsed 26000000 input reads
2026-02-14 18:16:43,548 INFO Written out 13600000 reads
2026-02-14 18:16:44,250 INFO Written out 13700000 reads
2026-02-14 18:16:44,898 INFO Written out 13800000 reads
2026-02-14 18:16:45,543 INFO Written out 13900000 reads
2026-02-14 18:16:46,303 INFO Written out 14000000 reads
2026-02-14 18:16:46,418 INFO Parsed 27000000 input reads
2026-02-14 18:16:47,030 INFO Written out 14100000 reads
2026-02-14 18:16:47,583 INFO Written out 14200000 reads
2026-02-14 18:16:48,255 INFO Written out 14300000 reads
2026-02-14 18:16:48,902 INFO Written out 14400000 reads
2026-02-14 18:16:49,231 INFO Parsed 28000000 input reads
2026-02-14 18:16:49,597 INFO Written out 14500000 reads
2026-02-14 18:16:50,284 INFO Written out 14600000 reads
2026-02-14 18:16:51,082 INFO Written out 14700000 reads
2026-02-14 18:16:51,653 INFO Written out 14800000 reads
2026-02-14 18:16:52,123 INFO Parsed 29000000 input reads
2026-02-14 18:16:52,194 INFO Written out 14900000 reads
2026-02-14 18:16:52,978 INFO Written out 15000000 reads
2026-02-14 18:16:53,831 INFO Written out 15100000 reads
2026-02-14 18:16:54,640 INFO Written out 15200000 reads
2026-02-14 18:16:55,130 INFO Written out 15300000 reads
2026-02-14 18:16:55,423 INFO Parsed 30000000 input reads
2026-02-14 18:16:55,887 INFO Written out 15400000 reads
2026-02-14 18:16:56,627 INFO Written out 15500000 reads
2026-02-14 18:16:57,286 INFO Written out 15600000 reads
2026-02-14 18:16:57,999 INFO Written out 15700000 reads
2026-02-14 18:16:58,635 INFO Written out 15800000 reads
2026-02-14 18:16:59,158 INFO Parsed 31000000 input reads
2026-02-14 18:16:59,403 INFO Written out 15900000 reads
2026-02-14 18:17:00,137 INFO Written out 16000000 reads
2026-02-14 18:17:00,802 INFO Written out 16100000 reads
2026-02-14 18:17:01,615 INFO Written out 16200000 reads
2026-02-14 18:17:01,809 INFO Parsed 32000000 input reads
2026-02-14 18:17:02,154 INFO Written out 16300000 reads
2026-02-14 18:17:03,091 INFO Written out 16400000 reads
2026-02-14 18:17:03,680 INFO Written out 16500000 reads
2026-02-14 18:17:04,414 INFO Written out 16600000 reads
2026-02-14 18:17:05,778 INFO Parsed 33000000 input reads
2026-02-14 18:17:06,065 INFO Written out 16700000 reads
2026-02-14 18:19:09,539 INFO Reads: Input Reads: 33067372
2026-02-14 18:19:09,542 INFO Number of reads out: 16701725
2026-02-14 18:19:09,542 INFO Total number of positions deduplicated: 1617060
2026-02-14 18:19:09,542 INFO Mean number of unique UMIs per position: 10.33
2026-02-14 18:19:09,542 INFO Max. number of unique UMIs per position: 95925
# job finished in 509 seconds at Sat Feb 14 18:19:09 2026 -- 497.38 11.08  0.00  0.00 -- d48cc15a-2c1f-4f7d-b00b-0c4e30b50ac4
