# UMI-tools version: 1.1.6
# output generated by dedup --stdin /mnt/vstor/SOM_CCCC_JGS25/sayyar/IFIT1-IFIT2-secondary-analysis/data/aligned/WT_FLAG_SMInput_Aligned.sortedByCoord.out.bam --stdout /mnt/vstor/SOM_CCCC_JGS25/sayyar/IFIT1-IFIT2-secondary-analysis/data/aligned/WT_FLAG_SMInput_dedup.bam --log /mnt/vstor/SOM_CCCC_JGS25/sayyar/IFIT1-IFIT2-secondary-analysis/data/aligned/WT_FLAG_SMInput_dedup.log --output-stats /mnt/vstor/SOM_CCCC_JGS25/sayyar/IFIT1-IFIT2-secondary-analysis/data/aligned/WT_FLAG_SMInput_dedup_stats
# job started at Sat Jan 31 13:54:18 2026 on compt379 -- 19ac6ae1-cee1-410c-abed-4c53d117a8da
# pid: 2373915, system: Linux 4.18.0-553.el8_10.x86_64 #1 SMP Fri May 10 15:19:13 EDT 2024 x86_64
# assigned_tag                            : None
# cell_tag                                : None
# cell_tag_delim                          : None
# cell_tag_split                          : -
# chimeric_pairs                          : use
# chrom                                   : None
# compresslevel                           : 6
# detection_method                        : None
# filter_umi                              : None
# gene_tag                                : None
# gene_transcript_map                     : None
# get_umi_method                          : read_id
# ignore_tlen                             : False
# ignore_umi                              : False
# in_sam                                  : False
# log2stderr                              : False
# loglevel                                : 1
# mapping_quality                         : 0
# method                                  : directional
# no_sort_output                          : False
# out_sam                                 : False
# output_unmapped                         : False
# paired                                  : False
# per_cell                                : False
# per_contig                              : False
# per_gene                                : False
# random_seed                             : None
# read_length                             : False
# short_help                              : None
# skip_regex                              : ^(__|Unassigned)
# soft_clip_threshold                     : 4
# spliced                                 : False
# stats                                   : /mnt/vstor/SOM_CCCC_JGS25/sayyar/IFIT1-IFIT2-secondary-analysis/data/aligned/WT_FLAG_SMInput_dedup_stats
# stderr                                  : <_io.TextIOWrapper name='<stderr>' mode='w' encoding='utf-8'>
# stdin                                   : <_io.TextIOWrapper name='/mnt/vstor/SOM_CCCC_JGS25/sayyar/IFIT1-IFIT2-secondary-analysis/data/aligned/WT_FLAG_SMInput_Aligned.sortedByCoord.out.bam' mode='r' encoding='UTF-8'>
# stdlog                                  : <_io.TextIOWrapper name='/mnt/vstor/SOM_CCCC_JGS25/sayyar/IFIT1-IFIT2-secondary-analysis/data/aligned/WT_FLAG_SMInput_dedup.log' mode='a' encoding='UTF-8'>
# stdout                                  : <_io.TextIOWrapper name='/mnt/vstor/SOM_CCCC_JGS25/sayyar/IFIT1-IFIT2-secondary-analysis/data/aligned/WT_FLAG_SMInput_dedup.bam' mode='w' encoding='UTF-8'>
# subset                                  : None
# threshold                               : 1
# timeit_file                             : None
# timeit_header                           : None
# timeit_name                             : all
# tmpdir                                  : None
# umi_sep                                 : _
# umi_tag                                 : RX
# umi_tag_delim                           : None
# umi_tag_split                           : None
# umi_whitelist                           : None
# umi_whitelist_paired                    : None
# unmapped_reads                          : discard
# unpaired_reads                          : use
# whole_contig                            : False
2026-01-31 13:54:18,935 INFO command: dedup --stdin /mnt/vstor/SOM_CCCC_JGS25/sayyar/IFIT1-IFIT2-secondary-analysis/data/aligned/WT_FLAG_SMInput_Aligned.sortedByCoord.out.bam --stdout /mnt/vstor/SOM_CCCC_JGS25/sayyar/IFIT1-IFIT2-secondary-analysis/data/aligned/WT_FLAG_SMInput_dedup.bam --log /mnt/vstor/SOM_CCCC_JGS25/sayyar/IFIT1-IFIT2-secondary-analysis/data/aligned/WT_FLAG_SMInput_dedup.log --output-stats /mnt/vstor/SOM_CCCC_JGS25/sayyar/IFIT1-IFIT2-secondary-analysis/data/aligned/WT_FLAG_SMInput_dedup_stats
2026-01-31 13:55:33,486 INFO total_umis 37747152
2026-01-31 13:55:33,488 INFO #umis 995660
2026-01-31 13:56:49,650 INFO Written out 100000 reads
2026-01-31 14:21:38,342 INFO Written out 200000 reads
2026-01-31 14:25:06,474 INFO Parsed 1000000 input reads
2026-01-31 14:25:07,176 INFO Written out 300000 reads
2026-01-31 14:50:14,804 INFO Written out 400000 reads
2026-01-31 15:00:32,532 INFO Parsed 2000000 input reads
2026-01-31 15:14:13,553 INFO Written out 500000 reads
2026-01-31 15:17:04,569 INFO Written out 600000 reads
2026-01-31 15:39:53,328 INFO Parsed 3000000 input reads
2026-01-31 15:41:27,540 INFO Written out 700000 reads
2026-01-31 15:41:54,485 INFO Written out 800000 reads
2026-01-31 15:42:04,581 INFO Written out 900000 reads
2026-01-31 15:43:01,111 INFO Written out 1000000 reads
2026-01-31 16:06:28,677 INFO Parsed 4000000 input reads
2026-01-31 16:07:55,520 INFO Written out 1100000 reads
2026-01-31 16:31:23,199 INFO Written out 1200000 reads
2026-01-31 16:33:44,064 INFO Written out 1300000 reads
2026-01-31 16:33:50,930 INFO Parsed 5000000 input reads
2026-01-31 16:57:25,824 INFO Written out 1400000 reads
2026-01-31 16:59:10,997 INFO Written out 1500000 reads
2026-01-31 16:59:17,052 INFO Written out 1600000 reads
2026-01-31 16:59:20,844 INFO Written out 1700000 reads
2026-01-31 16:59:23,449 INFO Parsed 6000000 input reads
2026-01-31 16:59:27,610 INFO Written out 1800000 reads
2026-01-31 17:00:03,090 INFO Written out 1900000 reads
2026-01-31 17:00:07,497 INFO Written out 2000000 reads
2026-01-31 17:00:10,822 INFO Written out 2100000 reads
2026-01-31 17:00:14,189 INFO Written out 2200000 reads
2026-01-31 17:01:14,903 INFO Written out 2300000 reads
2026-01-31 17:02:55,230 INFO Written out 2400000 reads
2026-01-31 17:03:00,782 INFO Parsed 7000000 input reads
2026-01-31 17:03:00,790 INFO Written out 2500000 reads
2026-01-31 17:03:12,561 INFO Written out 2600000 reads
2026-01-31 17:03:18,095 INFO Written out 2700000 reads
2026-01-31 17:03:21,553 INFO Written out 2800000 reads
2026-01-31 17:03:25,156 INFO Written out 2900000 reads
2026-01-31 17:03:30,001 INFO Written out 3000000 reads
2026-01-31 17:09:09,563 INFO Parsed 8000000 input reads
2026-01-31 17:23:05,930 INFO Written out 3100000 reads
# UMI-tools version: 1.1.6
# output generated by dedup --stdin=data/aligned/WT_FLAG_SMInput_Aligned.sortedByCoord.out.bam --stdout=data/aligned/WT_FLAG_SMInput_Aligned.sortedByCoord.dedup.bam --log=data/aligned/WT_FLAG_SMInput_dedup.log --extract-umi-method=read_id --method=unique
# job started at Sat Feb 14 18:19:35 2026 on compt322 -- cac31fb7-39cd-4043-b521-aa084a1c3bcb
# pid: 99312, system: Linux 4.18.0-553.el8_10.x86_64 #1 SMP Fri May 10 15:19:13 EDT 2024 x86_64
# assigned_tag                            : None
# cell_tag                                : None
# cell_tag_delim                          : None
# cell_tag_split                          : -
# chimeric_pairs                          : use
# chrom                                   : None
# compresslevel                           : 6
# detection_method                        : None
# filter_umi                              : None
# gene_tag                                : None
# gene_transcript_map                     : None
# get_umi_method                          : read_id
# ignore_tlen                             : False
# ignore_umi                              : False
# in_sam                                  : False
# log2stderr                              : False
# loglevel                                : 1
# mapping_quality                         : 0
# method                                  : unique
# no_sort_output                          : False
# out_sam                                 : False
# output_unmapped                         : False
# paired                                  : False
# per_cell                                : False
# per_contig                              : False
# per_gene                                : False
# random_seed                             : None
# read_length                             : False
# short_help                              : None
# skip_regex                              : ^(__|Unassigned)
# soft_clip_threshold                     : 4
# spliced                                 : False
# stats                                   : False
# stderr                                  : <_io.TextIOWrapper name='<stderr>' mode='w' encoding='utf-8'>
# stdin                                   : <_io.TextIOWrapper name='data/aligned/WT_FLAG_SMInput_Aligned.sortedByCoord.out.bam' mode='r' encoding='UTF-8'>
# stdlog                                  : <_io.TextIOWrapper name='data/aligned/WT_FLAG_SMInput_dedup.log' mode='a' encoding='UTF-8'>
# stdout                                  : <_io.TextIOWrapper name='data/aligned/WT_FLAG_SMInput_Aligned.sortedByCoord.dedup.bam' mode='w' encoding='UTF-8'>
# subset                                  : None
# threshold                               : 1
# timeit_file                             : None
# timeit_header                           : None
# timeit_name                             : all
# tmpdir                                  : None
# umi_sep                                 : _
# umi_tag                                 : RX
# umi_tag_delim                           : None
# umi_tag_split                           : None
# umi_whitelist                           : None
# umi_whitelist_paired                    : None
# unmapped_reads                          : discard
# unpaired_reads                          : use
# whole_contig                            : False
2026-02-14 18:19:35,809 INFO command: dedup --stdin=data/aligned/WT_FLAG_SMInput_Aligned.sortedByCoord.out.bam --stdout=data/aligned/WT_FLAG_SMInput_Aligned.sortedByCoord.dedup.bam --log=data/aligned/WT_FLAG_SMInput_dedup.log --extract-umi-method=read_id --method=unique
2026-02-14 18:19:42,912 INFO Written out 100000 reads
2026-02-14 18:19:43,508 INFO Written out 200000 reads
2026-02-14 18:19:44,357 INFO Written out 300000 reads
2026-02-14 18:19:45,239 INFO Written out 400000 reads
2026-02-14 18:19:51,492 INFO Written out 500000 reads
2026-02-14 18:19:52,469 INFO Written out 600000 reads
2026-02-14 18:19:52,502 INFO Parsed 1000000 input reads
2026-02-14 18:19:53,270 INFO Written out 700000 reads
2026-02-14 18:19:53,900 INFO Written out 800000 reads
2026-02-14 18:19:54,531 INFO Written out 900000 reads
2026-02-14 18:20:00,798 INFO Written out 1000000 reads
2026-02-14 18:20:01,328 INFO Parsed 2000000 input reads
2026-02-14 18:20:02,048 INFO Written out 1100000 reads
2026-02-14 18:20:02,240 INFO Written out 1200000 reads
2026-02-14 18:20:02,779 INFO Written out 1300000 reads
2026-02-14 18:20:08,852 INFO Written out 1400000 reads
2026-02-14 18:20:09,582 INFO Written out 1500000 reads
2026-02-14 18:20:10,292 INFO Written out 1600000 reads
2026-02-14 18:20:10,548 INFO Parsed 3000000 input reads
2026-02-14 18:20:10,871 INFO Written out 1700000 reads
2026-02-14 18:20:11,657 INFO Written out 1800000 reads
2026-02-14 18:20:13,395 INFO Written out 1900000 reads
2026-02-14 18:20:14,879 INFO Written out 2000000 reads
2026-02-14 18:20:21,158 INFO Written out 2100000 reads
2026-02-14 18:20:22,265 INFO Written out 2200000 reads
2026-02-14 18:20:22,690 INFO Written out 2300000 reads
2026-02-14 18:20:22,826 INFO Parsed 4000000 input reads
2026-02-14 18:20:23,376 INFO Written out 2400000 reads
2026-02-14 18:20:29,271 INFO Written out 2500000 reads
2026-02-14 18:20:30,233 INFO Written out 2600000 reads
2026-02-14 18:20:30,650 INFO Written out 2700000 reads
2026-02-14 18:20:31,418 INFO Written out 2800000 reads
2026-02-14 18:20:37,957 INFO Written out 2900000 reads
2026-02-14 18:20:38,086 INFO Parsed 5000000 input reads
2026-02-14 18:20:38,545 INFO Written out 3000000 reads
2026-02-14 18:20:39,397 INFO Written out 3100000 reads
2026-02-14 18:20:40,225 INFO Written out 3200000 reads
2026-02-14 18:20:41,007 INFO Written out 3300000 reads
2026-02-14 18:20:42,610 INFO Written out 3400000 reads
2026-02-14 18:20:44,358 INFO Written out 3500000 reads
2026-02-14 18:20:45,823 INFO Parsed 6000000 input reads
2026-02-14 18:20:46,146 INFO Written out 3600000 reads
2026-02-14 18:20:48,189 INFO Written out 3700000 reads
2026-02-14 18:20:49,660 INFO Written out 3800000 reads
2026-02-14 18:20:51,461 INFO Written out 3900000 reads
2026-02-14 18:20:53,314 INFO Written out 4000000 reads
2026-02-14 18:20:55,219 INFO Written out 4100000 reads
2026-02-14 18:20:58,041 INFO Written out 4200000 reads
2026-02-14 18:20:58,638 INFO Written out 4300000 reads
2026-02-14 18:21:00,299 INFO Written out 4400000 reads
2026-02-14 18:21:01,517 INFO Parsed 7000000 input reads
2026-02-14 18:21:01,972 INFO Written out 4500000 reads
2026-02-14 18:21:03,597 INFO Written out 4600000 reads
2026-02-14 18:21:05,107 INFO Written out 4700000 reads
2026-02-14 18:21:06,977 INFO Written out 4800000 reads
2026-02-14 18:21:08,880 INFO Written out 4900000 reads
2026-02-14 18:21:10,666 INFO Written out 5000000 reads
2026-02-14 18:21:19,099 INFO Written out 5100000 reads
2026-02-14 18:21:19,362 INFO Parsed 8000000 input reads
2026-02-14 18:21:19,942 INFO Written out 5200000 reads
2026-02-14 18:21:20,886 INFO Written out 5300000 reads
2026-02-14 18:21:21,524 INFO Written out 5400000 reads
2026-02-14 18:21:23,056 INFO Written out 5500000 reads
2026-02-14 18:21:24,730 INFO Written out 5600000 reads
2026-02-14 18:21:26,365 INFO Written out 5700000 reads
2026-02-14 18:21:28,255 INFO Written out 5800000 reads
2026-02-14 18:21:29,029 INFO Parsed 9000000 input reads
2026-02-14 18:21:30,110 INFO Written out 5900000 reads
2026-02-14 18:21:31,741 INFO Written out 6000000 reads
2026-02-14 18:21:33,432 INFO Written out 6100000 reads
2026-02-14 18:21:35,195 INFO Written out 6200000 reads
2026-02-14 18:21:37,015 INFO Written out 6300000 reads
2026-02-14 18:21:38,539 INFO Written out 6400000 reads
2026-02-14 18:21:40,522 INFO Written out 6500000 reads
2026-02-14 18:21:46,823 INFO Written out 6600000 reads
2026-02-14 18:21:47,165 INFO Parsed 10000000 input reads
2026-02-14 18:21:47,783 INFO Written out 6700000 reads
2026-02-14 18:21:48,262 INFO Written out 6800000 reads
2026-02-14 18:21:49,000 INFO Written out 6900000 reads
2026-02-14 18:21:54,960 INFO Written out 7000000 reads
2026-02-14 18:21:55,892 INFO Written out 7100000 reads
2026-02-14 18:21:56,633 INFO Written out 7200000 reads
2026-02-14 18:21:56,633 INFO Parsed 11000000 input reads
2026-02-14 18:21:57,259 INFO Written out 7300000 reads
2026-02-14 18:21:57,885 INFO Written out 7400000 reads
2026-02-14 18:21:59,279 INFO Written out 7500000 reads
2026-02-14 18:22:01,019 INFO Written out 7600000 reads
2026-02-14 18:22:02,815 INFO Written out 7700000 reads
2026-02-14 18:22:04,615 INFO Written out 7800000 reads
2026-02-14 18:22:06,469 INFO Written out 7900000 reads
2026-02-14 18:22:08,439 INFO Written out 8000000 reads
2026-02-14 18:22:09,387 INFO Parsed 12000000 input reads
2026-02-14 18:22:09,523 INFO Written out 8100000 reads
2026-02-14 18:22:11,327 INFO Written out 8200000 reads
2026-02-14 18:22:13,159 INFO Written out 8300000 reads
2026-02-14 18:22:14,972 INFO Written out 8400000 reads
2026-02-14 18:22:16,809 INFO Written out 8500000 reads
2026-02-14 18:22:18,606 INFO Written out 8600000 reads
2026-02-14 18:22:20,474 INFO Written out 8700000 reads
2026-02-14 18:22:24,709 INFO Written out 8800000 reads
2026-02-14 18:22:25,231 INFO Written out 8900000 reads
2026-02-14 18:22:25,881 INFO Written out 9000000 reads
2026-02-14 18:22:26,003 INFO Parsed 13000000 input reads
2026-02-14 18:22:26,453 INFO Written out 9100000 reads
2026-02-14 18:22:27,709 INFO Written out 9200000 reads
2026-02-14 18:22:29,414 INFO Written out 9300000 reads
2026-02-14 18:25:21,879 INFO Written out 9400000 reads
2026-02-14 18:25:22,458 INFO Written out 9500000 reads
2026-02-14 18:25:23,012 INFO Written out 9600000 reads
2026-02-14 18:25:23,591 INFO Written out 9700000 reads
2026-02-14 18:25:24,152 INFO Written out 9800000 reads
2026-02-14 18:25:24,708 INFO Written out 9900000 reads
2026-02-14 18:25:24,841 INFO Parsed 14000000 input reads
2026-02-14 18:25:25,253 INFO Written out 10000000 reads
2026-02-14 18:25:25,814 INFO Written out 10100000 reads
2026-02-14 18:25:26,367 INFO Written out 10200000 reads
2026-02-14 18:25:26,955 INFO Written out 10300000 reads
2026-02-14 18:25:27,533 INFO Written out 10400000 reads
2026-02-14 18:25:28,257 INFO Written out 10500000 reads
2026-02-14 18:25:28,815 INFO Written out 10600000 reads
2026-02-14 18:25:29,405 INFO Written out 10700000 reads
2026-02-14 18:25:29,576 INFO Parsed 15000000 input reads
2026-02-14 18:25:29,975 INFO Written out 10800000 reads
2026-02-14 18:25:30,553 INFO Written out 10900000 reads
2026-02-14 18:25:31,119 INFO Written out 11000000 reads
2026-02-14 18:25:31,674 INFO Written out 11100000 reads
2026-02-14 18:25:32,252 INFO Written out 11200000 reads
2026-02-14 18:25:32,831 INFO Written out 11300000 reads
2026-02-14 18:25:33,525 INFO Written out 11400000 reads
2026-02-14 18:25:34,083 INFO Written out 11500000 reads
2026-02-14 18:25:34,648 INFO Written out 11600000 reads
2026-02-14 18:25:34,726 INFO Parsed 16000000 input reads
2026-02-14 18:25:35,223 INFO Written out 11700000 reads
2026-02-14 18:25:35,801 INFO Written out 11800000 reads
2026-02-14 18:25:36,494 INFO Written out 11900000 reads
2026-02-14 18:25:36,932 INFO Written out 12000000 reads
2026-02-14 18:25:37,504 INFO Written out 12100000 reads
2026-02-14 18:25:38,047 INFO Written out 12200000 reads
2026-02-14 18:25:38,640 INFO Written out 12300000 reads
2026-02-14 18:25:39,216 INFO Written out 12400000 reads
2026-02-14 18:25:39,688 INFO Parsed 17000000 input reads
2026-02-14 18:25:40,011 INFO Written out 12500000 reads
2026-02-14 18:25:40,286 INFO Written out 12600000 reads
2026-02-14 18:25:40,844 INFO Written out 12700000 reads
2026-02-14 18:25:41,447 INFO Written out 12800000 reads
2026-02-14 18:25:42,014 INFO Written out 12900000 reads
2026-02-14 18:25:42,569 INFO Written out 13000000 reads
2026-02-14 18:25:42,691 INFO Parsed 18000000 input reads
2026-02-14 18:25:43,157 INFO Written out 13100000 reads
2026-02-14 18:25:43,783 INFO Written out 13200000 reads
2026-02-14 18:25:44,380 INFO Written out 13300000 reads
2026-02-14 18:25:45,016 INFO Written out 13400000 reads
2026-02-14 18:25:45,625 INFO Written out 13500000 reads
2026-02-14 18:25:46,294 INFO Written out 13600000 reads
2026-02-14 18:25:46,946 INFO Written out 13700000 reads
2026-02-14 18:25:54,052 INFO Written out 13800000 reads
2026-02-14 18:25:54,279 INFO Parsed 19000000 input reads
2026-02-14 18:25:54,713 INFO Written out 13900000 reads
2026-02-14 18:25:55,274 INFO Written out 14000000 reads
2026-02-14 18:25:55,901 INFO Written out 14100000 reads
2026-02-14 18:25:56,499 INFO Written out 14200000 reads
2026-02-14 18:25:57,136 INFO Written out 14300000 reads
2026-02-14 18:25:57,651 INFO Written out 14400000 reads
2026-02-14 18:25:58,274 INFO Written out 14500000 reads
2026-02-14 18:25:58,360 INFO Parsed 20000000 input reads
2026-02-14 18:25:59,096 INFO Written out 14600000 reads
2026-02-14 18:25:59,609 INFO Written out 14700000 reads
2026-02-14 18:26:00,359 INFO Written out 14800000 reads
2026-02-14 18:26:00,854 INFO Written out 14900000 reads
2026-02-14 18:26:01,497 INFO Written out 15000000 reads
2026-02-14 18:26:02,166 INFO Written out 15100000 reads
2026-02-14 18:26:02,842 INFO Written out 15200000 reads
2026-02-14 18:26:02,842 INFO Parsed 21000000 input reads
2026-02-14 18:26:04,174 INFO Written out 15300000 reads
2026-02-14 18:26:04,516 INFO Written out 15400000 reads
2026-02-14 18:26:04,996 INFO Written out 15500000 reads
2026-02-14 18:26:05,635 INFO Written out 15600000 reads
2026-02-14 18:26:05,858 INFO Parsed 22000000 input reads
2026-02-14 18:26:06,421 INFO Written out 15700000 reads
2026-02-14 18:26:06,933 INFO Written out 15800000 reads
2026-02-14 18:26:07,640 INFO Written out 15900000 reads
2026-02-14 18:26:08,423 INFO Written out 16000000 reads
2026-02-14 18:26:08,923 INFO Written out 16100000 reads
2026-02-14 18:26:09,204 INFO Parsed 23000000 input reads
2026-02-14 18:26:10,014 INFO Written out 16200000 reads
2026-02-14 18:26:10,192 INFO Written out 16300000 reads
2026-02-14 18:26:10,757 INFO Written out 16400000 reads
2026-02-14 18:26:11,456 INFO Written out 16500000 reads
2026-02-14 18:26:12,110 INFO Written out 16600000 reads
2026-02-14 18:26:12,673 INFO Written out 16700000 reads
2026-02-14 18:26:12,673 INFO Parsed 24000000 input reads
2026-02-14 18:26:14,227 INFO Written out 16800000 reads
2026-02-14 18:26:14,227 INFO Written out 16900000 reads
2026-02-14 18:26:14,540 INFO Written out 17000000 reads
2026-02-14 18:26:14,703 INFO Parsed 25000000 input reads
2026-02-14 18:26:15,042 INFO Written out 17100000 reads
2026-02-14 18:26:15,629 INFO Written out 17200000 reads
2026-02-14 18:26:16,203 INFO Written out 17300000 reads
2026-02-14 18:26:16,819 INFO Written out 17400000 reads
2026-02-14 18:26:17,378 INFO Written out 17500000 reads
2026-02-14 18:26:17,966 INFO Written out 17600000 reads
2026-02-14 18:26:18,541 INFO Written out 17700000 reads
2026-02-14 18:26:19,102 INFO Written out 17800000 reads
2026-02-14 18:26:19,714 INFO Written out 17900000 reads
2026-02-14 18:26:19,822 INFO Parsed 26000000 input reads
2026-02-14 18:26:20,293 INFO Written out 18000000 reads
2026-02-14 18:26:20,876 INFO Written out 18100000 reads
2026-02-14 18:26:21,439 INFO Written out 18200000 reads
2026-02-14 18:26:22,056 INFO Written out 18300000 reads
2026-02-14 18:26:22,566 INFO Written out 18400000 reads
2026-02-14 18:26:23,159 INFO Written out 18500000 reads
2026-02-14 18:26:23,829 INFO Written out 18600000 reads
2026-02-14 18:26:24,426 INFO Written out 18700000 reads
2026-02-14 18:26:24,822 INFO Parsed 27000000 input reads
2026-02-14 18:26:25,113 INFO Written out 18800000 reads
2026-02-14 18:26:25,650 INFO Written out 18900000 reads
2026-02-14 18:26:26,250 INFO Written out 19000000 reads
2026-02-14 18:26:26,834 INFO Written out 19100000 reads
2026-02-14 18:26:27,417 INFO Written out 19200000 reads
2026-02-14 18:26:28,009 INFO Written out 19300000 reads
2026-02-14 18:26:28,557 INFO Written out 19400000 reads
2026-02-14 18:26:29,139 INFO Written out 19500000 reads
2026-02-14 18:26:29,802 INFO Written out 19600000 reads
2026-02-14 18:26:29,905 INFO Parsed 28000000 input reads
2026-02-14 18:26:30,450 INFO Written out 19700000 reads
2026-02-14 18:26:31,015 INFO Written out 19800000 reads
2026-02-14 18:26:31,580 INFO Written out 19900000 reads
2026-02-14 18:26:32,176 INFO Written out 20000000 reads
2026-02-14 18:26:32,742 INFO Written out 20100000 reads
2026-02-14 18:26:33,319 INFO Written out 20200000 reads
2026-02-14 18:26:33,854 INFO Written out 20300000 reads
2026-02-14 18:26:34,401 INFO Written out 20400000 reads
2026-02-14 18:26:34,935 INFO Parsed 29000000 input reads
2026-02-14 18:26:35,025 INFO Written out 20500000 reads
2026-02-14 18:26:35,629 INFO Written out 20600000 reads
2026-02-14 18:26:36,229 INFO Written out 20700000 reads
2026-02-14 18:26:36,772 INFO Written out 20800000 reads
2026-02-14 18:26:37,316 INFO Written out 20900000 reads
2026-02-14 18:26:37,879 INFO Written out 21000000 reads
2026-02-14 18:26:38,433 INFO Parsed 30000000 input reads
2026-02-14 18:26:38,714 INFO Written out 21100000 reads
2026-02-14 18:26:39,038 INFO Written out 21200000 reads
2026-02-14 18:26:39,796 INFO Written out 21300000 reads
2026-02-14 18:26:40,220 INFO Written out 21400000 reads
2026-02-14 18:26:40,848 INFO Written out 21500000 reads
2026-02-14 18:26:41,438 INFO Written out 21600000 reads
2026-02-14 18:26:42,105 INFO Written out 21700000 reads
2026-02-14 18:26:42,657 INFO Written out 21800000 reads
2026-02-14 18:26:43,297 INFO Written out 21900000 reads
2026-02-14 18:26:43,351 INFO Parsed 31000000 input reads
2026-02-14 18:26:43,957 INFO Written out 22000000 reads
2026-02-14 18:26:44,551 INFO Written out 22100000 reads
2026-02-14 18:26:45,106 INFO Written out 22200000 reads
2026-02-14 18:26:47,811 INFO Written out 22300000 reads
2026-02-14 18:26:48,510 INFO Written out 22400000 reads
2026-02-14 18:26:49,134 INFO Written out 22500000 reads
2026-02-14 18:26:49,270 INFO Parsed 32000000 input reads
2026-02-14 18:26:49,652 INFO Written out 22600000 reads
2026-02-14 18:26:50,195 INFO Written out 22700000 reads
2026-02-14 18:26:50,787 INFO Written out 22800000 reads
2026-02-14 18:26:51,565 INFO Written out 22900000 reads
2026-02-14 18:26:52,156 INFO Written out 23000000 reads
2026-02-14 18:26:52,705 INFO Written out 23100000 reads
2026-02-14 18:26:53,311 INFO Written out 23200000 reads
2026-02-14 18:26:53,945 INFO Written out 23300000 reads
2026-02-14 18:26:54,100 INFO Parsed 33000000 input reads
2026-02-14 18:26:54,711 INFO Written out 23400000 reads
2026-02-14 18:26:55,573 INFO Written out 23500000 reads
2026-02-14 18:26:56,309 INFO Written out 23600000 reads
2026-02-14 18:26:56,766 INFO Written out 23700000 reads
2026-02-14 18:26:57,000 INFO Parsed 34000000 input reads
2026-02-14 18:26:57,413 INFO Written out 23800000 reads
2026-02-14 18:26:58,364 INFO Written out 23900000 reads
2026-02-14 18:26:58,860 INFO Written out 24000000 reads
2026-02-14 18:26:59,344 INFO Written out 24100000 reads
2026-02-14 18:27:01,076 INFO Written out 24200000 reads
2026-02-14 18:27:01,861 INFO Written out 24300000 reads
2026-02-14 18:27:01,861 INFO Parsed 35000000 input reads
2026-02-14 18:27:02,402 INFO Written out 24400000 reads
2026-02-14 18:27:03,212 INFO Written out 24500000 reads
2026-02-14 18:27:03,632 INFO Written out 24600000 reads
2026-02-14 18:27:04,260 INFO Written out 24700000 reads
2026-02-14 18:27:04,661 INFO Parsed 36000000 input reads
2026-02-14 18:27:05,575 INFO Written out 24800000 reads
2026-02-14 18:27:06,186 INFO Written out 24900000 reads
2026-02-14 18:27:06,730 INFO Written out 25000000 reads
2026-02-14 18:27:06,730 INFO Parsed 37000000 input reads
2026-02-14 18:27:08,458 INFO Written out 25100000 reads
2026-02-14 18:27:08,458 INFO Written out 25200000 reads
2026-02-14 18:27:09,029 INFO Written out 25300000 reads
2026-02-14 18:27:09,645 INFO Written out 25400000 reads
2026-02-14 18:27:10,199 INFO Written out 25500000 reads
2026-02-14 18:27:12,262 INFO Written out 25600000 reads
2026-02-14 18:27:12,923 INFO Written out 25700000 reads
2026-02-14 18:30:18,089 INFO Reads: Input Reads: 37747152
2026-02-14 18:30:18,089 INFO Number of reads out: 25714912
2026-02-14 18:30:18,089 INFO Total number of positions deduplicated: 3277080
2026-02-14 18:30:18,092 INFO Mean number of unique UMIs per position: 7.85
2026-02-14 18:30:18,093 INFO Max. number of unique UMIs per position: 228341
# job finished in 642 seconds at Sat Feb 14 18:30:18 2026 -- 628.19 13.32  0.00  0.00 -- cac31fb7-39cd-4043-b521-aa084a1c3bcb
