# UMI-tools version: 1.1.6
# output generated by dedup --stdin /mnt/vstor/SOM_CCCC_JGS25/sayyar/IFIT1-IFIT2-secondary-analysis/data/aligned/WT_HA_IP_Aligned.sortedByCoord.out.bam --stdout /mnt/vstor/SOM_CCCC_JGS25/sayyar/IFIT1-IFIT2-secondary-analysis/data/aligned/WT_HA_IP_dedup.bam --log /mnt/vstor/SOM_CCCC_JGS25/sayyar/IFIT1-IFIT2-secondary-analysis/data/aligned/WT_HA_IP_dedup.log --output-stats /mnt/vstor/SOM_CCCC_JGS25/sayyar/IFIT1-IFIT2-secondary-analysis/data/aligned/WT_HA_IP_dedup_stats
# job started at Sat Jan 31 13:55:27 2026 on compt379 -- 428c5eb6-8a8a-454a-bbe3-001660991dd3
# pid: 2373948, system: Linux 4.18.0-553.el8_10.x86_64 #1 SMP Fri May 10 15:19:13 EDT 2024 x86_64
# assigned_tag                            : None
# cell_tag                                : None
# cell_tag_delim                          : None
# cell_tag_split                          : -
# chimeric_pairs                          : use
# chrom                                   : None
# compresslevel                           : 6
# detection_method                        : None
# filter_umi                              : None
# gene_tag                                : None
# gene_transcript_map                     : None
# get_umi_method                          : read_id
# ignore_tlen                             : False
# ignore_umi                              : False
# in_sam                                  : False
# log2stderr                              : False
# loglevel                                : 1
# mapping_quality                         : 0
# method                                  : directional
# no_sort_output                          : False
# out_sam                                 : False
# output_unmapped                         : False
# paired                                  : False
# per_cell                                : False
# per_contig                              : False
# per_gene                                : False
# random_seed                             : None
# read_length                             : False
# short_help                              : None
# skip_regex                              : ^(__|Unassigned)
# soft_clip_threshold                     : 4
# spliced                                 : False
# stats                                   : /mnt/vstor/SOM_CCCC_JGS25/sayyar/IFIT1-IFIT2-secondary-analysis/data/aligned/WT_HA_IP_dedup_stats
# stderr                                  : <_io.TextIOWrapper name='<stderr>' mode='w' encoding='utf-8'>
# stdin                                   : <_io.TextIOWrapper name='/mnt/vstor/SOM_CCCC_JGS25/sayyar/IFIT1-IFIT2-secondary-analysis/data/aligned/WT_HA_IP_Aligned.sortedByCoord.out.bam' mode='r' encoding='UTF-8'>
# stdlog                                  : <_io.TextIOWrapper name='/mnt/vstor/SOM_CCCC_JGS25/sayyar/IFIT1-IFIT2-secondary-analysis/data/aligned/WT_HA_IP_dedup.log' mode='a' encoding='UTF-8'>
# stdout                                  : <_io.TextIOWrapper name='/mnt/vstor/SOM_CCCC_JGS25/sayyar/IFIT1-IFIT2-secondary-analysis/data/aligned/WT_HA_IP_dedup.bam' mode='w' encoding='UTF-8'>
# subset                                  : None
# threshold                               : 1
# timeit_file                             : None
# timeit_header                           : None
# timeit_name                             : all
# tmpdir                                  : None
# umi_sep                                 : _
# umi_tag                                 : RX
# umi_tag_delim                           : None
# umi_tag_split                           : None
# umi_whitelist                           : None
# umi_whitelist_paired                    : None
# unmapped_reads                          : discard
# unpaired_reads                          : use
# whole_contig                            : False
2026-01-31 13:55:27,256 INFO command: dedup --stdin /mnt/vstor/SOM_CCCC_JGS25/sayyar/IFIT1-IFIT2-secondary-analysis/data/aligned/WT_HA_IP_Aligned.sortedByCoord.out.bam --stdout /mnt/vstor/SOM_CCCC_JGS25/sayyar/IFIT1-IFIT2-secondary-analysis/data/aligned/WT_HA_IP_dedup.bam --log /mnt/vstor/SOM_CCCC_JGS25/sayyar/IFIT1-IFIT2-secondary-analysis/data/aligned/WT_HA_IP_dedup.log --output-stats /mnt/vstor/SOM_CCCC_JGS25/sayyar/IFIT1-IFIT2-secondary-analysis/data/aligned/WT_HA_IP_dedup_stats
2026-01-31 13:56:03,595 INFO total_umis 21069263
2026-01-31 13:56:03,595 INFO #umis 692246
2026-01-31 13:56:26,416 INFO Written out 100000 reads
2026-01-31 13:56:35,832 INFO Written out 200000 reads
2026-01-31 13:56:47,272 INFO Parsed 1000000 input reads
2026-01-31 13:56:48,665 INFO Written out 300000 reads
2026-01-31 13:56:52,327 INFO Written out 400000 reads
2026-01-31 13:56:56,160 INFO Written out 500000 reads
2026-01-31 13:57:00,087 INFO Written out 600000 reads
2026-01-31 13:57:19,778 INFO Parsed 2000000 input reads
2026-01-31 13:57:20,345 INFO Written out 700000 reads
2026-01-31 13:57:24,862 INFO Written out 800000 reads
2026-01-31 13:57:29,507 INFO Written out 900000 reads
2026-01-31 13:57:51,167 INFO Written out 1000000 reads
2026-01-31 13:57:55,640 INFO Written out 1100000 reads
2026-01-31 13:57:56,346 INFO Parsed 3000000 input reads
2026-01-31 13:57:59,879 INFO Written out 1200000 reads
2026-01-31 13:58:07,225 INFO Written out 1300000 reads
2026-01-31 13:58:11,340 INFO Written out 1400000 reads
2026-01-31 13:58:24,809 INFO Written out 1500000 reads
2026-01-31 13:58:25,137 INFO Parsed 4000000 input reads
2026-01-31 13:58:28,704 INFO Written out 1600000 reads
2026-01-31 13:58:33,799 INFO Written out 1700000 reads
2026-01-31 13:58:38,751 INFO Written out 1800000 reads
2026-01-31 13:58:46,302 INFO Parsed 5000000 input reads
2026-01-31 13:58:48,229 INFO Written out 1900000 reads
2026-01-31 14:00:30,952 INFO Written out 2000000 reads
2026-01-31 14:00:40,014 INFO Written out 2100000 reads
2026-01-31 14:00:47,951 INFO Parsed 6000000 input reads
2026-01-31 14:00:53,641 INFO Written out 2200000 reads
2026-01-31 14:01:06,177 INFO Written out 2300000 reads
2026-01-31 14:01:22,989 INFO Written out 2400000 reads
2026-01-31 14:01:23,522 INFO Parsed 7000000 input reads
2026-01-31 14:01:33,372 INFO Written out 2500000 reads
2026-01-31 14:01:56,123 INFO Written out 2600000 reads
2026-01-31 14:02:07,687 INFO Parsed 8000000 input reads
2026-01-31 14:02:18,126 INFO Written out 2700000 reads
2026-01-31 14:02:34,505 INFO Written out 2800000 reads
2026-01-31 14:02:48,638 INFO Parsed 9000000 input reads
2026-01-31 14:03:10,319 INFO Written out 2900000 reads
2026-01-31 14:03:38,695 INFO Written out 3000000 reads
2026-01-31 14:05:08,897 INFO Parsed 10000000 input reads
2026-01-31 14:10:09,629 INFO Written out 3100000 reads
2026-01-31 14:10:15,234 INFO Parsed 11000000 input reads
2026-01-31 14:20:34,134 INFO Written out 3200000 reads
2026-01-31 14:23:05,483 INFO Parsed 12000000 input reads
2026-01-31 14:23:08,904 INFO Written out 3300000 reads
2026-01-31 14:23:36,323 INFO Written out 3400000 reads
2026-01-31 14:24:27,242 INFO Written out 3500000 reads
2026-01-31 14:24:27,905 INFO Parsed 13000000 input reads
2026-01-31 14:24:39,688 INFO Written out 3600000 reads
2026-01-31 14:24:49,692 INFO Written out 3700000 reads
2026-01-31 14:24:55,913 INFO Parsed 14000000 input reads
2026-01-31 14:25:06,470 INFO Written out 3800000 reads
2026-01-31 14:25:17,382 INFO Written out 3900000 reads
2026-01-31 14:25:33,164 INFO Parsed 15000000 input reads
2026-01-31 14:25:33,639 INFO Written out 4000000 reads
2026-01-31 14:25:46,725 INFO Written out 4100000 reads
2026-01-31 14:26:08,825 INFO Written out 4200000 reads
2026-01-31 14:26:12,848 INFO Parsed 16000000 input reads
2026-01-31 14:26:32,051 INFO Written out 4300000 reads
2026-01-31 14:26:49,638 INFO Written out 4400000 reads
2026-01-31 14:26:58,084 INFO Parsed 17000000 input reads
2026-01-31 14:27:26,922 INFO Written out 4500000 reads
2026-01-31 14:28:02,597 INFO Parsed 18000000 input reads
2026-01-31 14:29:23,901 INFO Written out 4600000 reads
2026-01-31 14:34:23,564 INFO Written out 4700000 reads
2026-01-31 14:34:25,728 INFO Parsed 19000000 input reads
2026-01-31 14:44:41,890 INFO Written out 4800000 reads
2026-01-31 14:47:11,068 INFO Parsed 20000000 input reads
2026-01-31 14:47:20,469 INFO Written out 4900000 reads
2026-01-31 14:47:48,693 INFO Written out 5000000 reads
2026-01-31 14:48:36,908 INFO Parsed 21000000 input reads
2026-01-31 14:48:37,721 INFO Written out 5100000 reads
2026-01-31 14:49:35,411 INFO Reads: Input Reads: 21069263
2026-01-31 14:49:35,411 INFO Number of reads out: 5107965
2026-01-31 14:49:35,411 INFO Total number of positions deduplicated: 1312348
2026-01-31 14:49:35,411 INFO Mean number of unique UMIs per position: 4.96
2026-01-31 14:49:35,411 INFO Max. number of unique UMIs per position: 74509
# job finished in 3248 seconds at Sat Jan 31 14:49:35 2026 -- 3159.99 82.54  0.00  0.00 -- 428c5eb6-8a8a-454a-bbe3-001660991dd3
