# UMI-tools version: 1.1.6
# output generated by dedup --stdin /mnt/vstor/SOM_CCCC_JGS25/sayyar/IFIT1-IFIT2-secondary-analysis/data/aligned/WT_HA_SMInput_Aligned.sortedByCoord.out.bam --stdout /mnt/vstor/SOM_CCCC_JGS25/sayyar/IFIT1-IFIT2-secondary-analysis/data/aligned/WT_HA_SMInput_dedup.bam --log /mnt/vstor/SOM_CCCC_JGS25/sayyar/IFIT1-IFIT2-secondary-analysis/data/aligned/WT_HA_SMInput_dedup.log --output-stats /mnt/vstor/SOM_CCCC_JGS25/sayyar/IFIT1-IFIT2-secondary-analysis/data/aligned/WT_HA_SMInput_dedup_stats
# job started at Sat Jan 31 13:51:25 2026 on compt291 -- 0fc9decb-3014-4bc0-8bd4-c55954231ca2
# pid: 2537545, system: Linux 4.18.0-553.el8_10.x86_64 #1 SMP Fri May 10 15:19:13 EDT 2024 x86_64
# assigned_tag                            : None
# cell_tag                                : None
# cell_tag_delim                          : None
# cell_tag_split                          : -
# chimeric_pairs                          : use
# chrom                                   : None
# compresslevel                           : 6
# detection_method                        : None
# filter_umi                              : None
# gene_tag                                : None
# gene_transcript_map                     : None
# get_umi_method                          : read_id
# ignore_tlen                             : False
# ignore_umi                              : False
# in_sam                                  : False
# log2stderr                              : False
# loglevel                                : 1
# mapping_quality                         : 0
# method                                  : directional
# no_sort_output                          : False
# out_sam                                 : False
# output_unmapped                         : False
# paired                                  : False
# per_cell                                : False
# per_contig                              : False
# per_gene                                : False
# random_seed                             : None
# read_length                             : False
# short_help                              : None
# skip_regex                              : ^(__|Unassigned)
# soft_clip_threshold                     : 4
# spliced                                 : False
# stats                                   : /mnt/vstor/SOM_CCCC_JGS25/sayyar/IFIT1-IFIT2-secondary-analysis/data/aligned/WT_HA_SMInput_dedup_stats
# stderr                                  : <_io.TextIOWrapper name='<stderr>' mode='w' encoding='utf-8'>
# stdin                                   : <_io.TextIOWrapper name='/mnt/vstor/SOM_CCCC_JGS25/sayyar/IFIT1-IFIT2-secondary-analysis/data/aligned/WT_HA_SMInput_Aligned.sortedByCoord.out.bam' mode='r' encoding='UTF-8'>
# stdlog                                  : <_io.TextIOWrapper name='/mnt/vstor/SOM_CCCC_JGS25/sayyar/IFIT1-IFIT2-secondary-analysis/data/aligned/WT_HA_SMInput_dedup.log' mode='a' encoding='UTF-8'>
# stdout                                  : <_io.TextIOWrapper name='/mnt/vstor/SOM_CCCC_JGS25/sayyar/IFIT1-IFIT2-secondary-analysis/data/aligned/WT_HA_SMInput_dedup.bam' mode='w' encoding='UTF-8'>
# subset                                  : None
# threshold                               : 1
# timeit_file                             : None
# timeit_header                           : None
# timeit_name                             : all
# tmpdir                                  : None
# umi_sep                                 : _
# umi_tag                                 : RX
# umi_tag_delim                           : None
# umi_tag_split                           : None
# umi_whitelist                           : None
# umi_whitelist_paired                    : None
# unmapped_reads                          : discard
# unpaired_reads                          : use
# whole_contig                            : False
2026-01-31 13:51:25,661 INFO command: dedup --stdin /mnt/vstor/SOM_CCCC_JGS25/sayyar/IFIT1-IFIT2-secondary-analysis/data/aligned/WT_HA_SMInput_Aligned.sortedByCoord.out.bam --stdout /mnt/vstor/SOM_CCCC_JGS25/sayyar/IFIT1-IFIT2-secondary-analysis/data/aligned/WT_HA_SMInput_dedup.bam --log /mnt/vstor/SOM_CCCC_JGS25/sayyar/IFIT1-IFIT2-secondary-analysis/data/aligned/WT_HA_SMInput_dedup.log --output-stats /mnt/vstor/SOM_CCCC_JGS25/sayyar/IFIT1-IFIT2-secondary-analysis/data/aligned/WT_HA_SMInput_dedup_stats
2026-01-31 13:52:19,801 INFO total_umis 24945895
2026-01-31 13:52:19,855 INFO #umis 936189
2026-01-31 13:53:33,172 INFO Written out 100000 reads
2026-01-31 14:07:13,525 INFO Written out 200000 reads
2026-01-31 14:20:57,846 INFO Parsed 1000000 input reads
2026-01-31 14:21:44,774 INFO Written out 300000 reads
2026-01-31 14:35:02,419 INFO Written out 400000 reads
2026-01-31 14:48:57,141 INFO Written out 500000 reads
2026-01-31 14:49:13,953 INFO Parsed 2000000 input reads
2026-01-31 14:49:14,861 INFO Written out 600000 reads
2026-01-31 14:49:43,939 INFO Written out 700000 reads
2026-01-31 15:03:34,413 INFO Written out 800000 reads
2026-01-31 15:16:52,073 INFO Parsed 3000000 input reads
2026-01-31 15:17:34,970 INFO Written out 900000 reads
2026-01-31 15:31:03,292 INFO Written out 1000000 reads
2026-01-31 15:32:04,862 INFO Written out 1100000 reads
2026-01-31 15:32:16,940 INFO Written out 1200000 reads
2026-01-31 15:32:26,147 INFO Written out 1300000 reads
2026-01-31 15:32:46,173 INFO Written out 1400000 reads
2026-01-31 15:32:51,592 INFO Parsed 4000000 input reads
2026-01-31 15:32:52,825 INFO Written out 1500000 reads
2026-01-31 15:32:56,315 INFO Written out 1600000 reads
2026-01-31 15:34:29,891 INFO Written out 1700000 reads
2026-01-31 15:34:40,976 INFO Written out 1800000 reads
2026-01-31 15:34:47,303 INFO Written out 1900000 reads
2026-01-31 15:34:50,556 INFO Written out 2000000 reads
2026-01-31 15:34:59,677 INFO Written out 2100000 reads
2026-01-31 15:37:03,632 INFO Parsed 5000000 input reads
2026-01-31 15:53:31,891 INFO Written out 2200000 reads
2026-01-31 15:53:37,784 INFO Written out 2300000 reads
2026-01-31 15:53:44,823 INFO Written out 2400000 reads
2026-01-31 15:53:48,748 INFO Written out 2500000 reads
2026-01-31 15:54:21,168 INFO Written out 2600000 reads
2026-01-31 15:54:29,500 INFO Written out 2700000 reads
2026-01-31 15:54:43,235 INFO Written out 2800000 reads
2026-01-31 15:54:47,040 INFO Parsed 6000000 input reads
2026-01-31 15:54:50,289 INFO Written out 2900000 reads
2026-01-31 16:08:10,449 INFO Written out 3000000 reads
2026-01-31 16:09:50,738 INFO Written out 3100000 reads
2026-01-31 16:22:42,152 INFO Parsed 7000000 input reads
2026-01-31 16:23:46,347 INFO Written out 3200000 reads
2026-01-31 16:24:07,847 INFO Written out 3300000 reads
2026-01-31 16:24:11,194 INFO Written out 3400000 reads
2026-01-31 16:24:16,042 INFO Written out 3500000 reads
2026-01-31 16:24:22,736 INFO Written out 3600000 reads
2026-01-31 16:24:30,306 INFO Written out 3700000 reads
2026-01-31 16:24:34,136 INFO Written out 3800000 reads
2026-01-31 16:24:38,367 INFO Written out 3900000 reads
2026-01-31 16:24:47,840 INFO Written out 4000000 reads
2026-01-31 16:24:48,478 INFO Parsed 8000000 input reads
2026-01-31 16:25:18,869 INFO Written out 4100000 reads
2026-01-31 16:25:35,663 INFO Written out 4200000 reads
2026-01-31 16:26:05,148 INFO Written out 4300000 reads
2026-01-31 16:28:26,591 INFO Written out 4400000 reads
2026-01-31 16:28:47,498 INFO Written out 4500000 reads
2026-01-31 16:29:08,823 INFO Written out 4600000 reads
2026-01-31 16:29:40,768 INFO Written out 4700000 reads
2026-01-31 16:29:50,970 INFO Parsed 9000000 input reads
2026-01-31 16:29:55,435 INFO Written out 4800000 reads
2026-01-31 16:30:33,900 INFO Written out 4900000 reads
2026-01-31 16:32:05,861 INFO Written out 5000000 reads
2026-01-31 16:34:29,160 INFO Written out 5100000 reads
2026-01-31 16:34:51,773 INFO Written out 5200000 reads
2026-01-31 16:35:17,934 INFO Written out 5300000 reads
2026-01-31 16:35:49,929 INFO Written out 5400000 reads
2026-01-31 16:35:51,603 INFO Parsed 10000000 input reads
2026-01-31 16:37:00,981 INFO Written out 5500000 reads
2026-01-31 16:37:47,712 INFO Written out 5600000 reads
2026-01-31 16:38:10,278 INFO Written out 5700000 reads
2026-01-31 16:38:56,565 INFO Written out 5800000 reads
2026-01-31 16:40:52,654 INFO Written out 5900000 reads
2026-01-31 16:42:30,363 INFO Written out 6000000 reads
2026-01-31 16:42:45,314 INFO Parsed 11000000 input reads
2026-01-31 16:45:01,204 INFO Written out 6100000 reads
2026-01-31 16:48:08,359 INFO Written out 6200000 reads
2026-01-31 16:50:52,526 INFO Written out 6300000 reads
2026-01-31 16:51:35,482 INFO Written out 6400000 reads
2026-01-31 16:52:17,723 INFO Written out 6500000 reads
2026-01-31 16:52:20,947 INFO Parsed 12000000 input reads
2026-01-31 16:55:24,549 INFO Written out 6600000 reads
2026-01-31 16:59:03,653 INFO Written out 6700000 reads
2026-01-31 17:09:34,509 INFO Written out 6800000 reads
2026-01-31 17:09:49,239 INFO Parsed 13000000 input reads
2026-01-31 17:10:33,997 INFO Written out 6900000 reads
2026-01-31 17:40:16,721 INFO Written out 7000000 reads
2026-01-31 17:41:05,099 INFO Written out 7100000 reads
2026-01-31 17:41:55,899 INFO Written out 7200000 reads
# UMI-tools version: 1.1.6
# output generated by dedup --stdin=data/aligned/WT_HA_SMInput_Aligned.sortedByCoord.out.bam --stdout=data/aligned/WT_HA_SMInput_Aligned.sortedByCoord.dedup.bam --log=data/aligned/WT_HA_SMInput_dedup.log --extract-umi-method=read_id --method=unique
# job started at Sat Feb 14 18:30:49 2026 on compt322 -- 6a8dbd75-2f5d-4194-9940-b126b438637b
# pid: 101188, system: Linux 4.18.0-553.el8_10.x86_64 #1 SMP Fri May 10 15:19:13 EDT 2024 x86_64
# assigned_tag                            : None
# cell_tag                                : None
# cell_tag_delim                          : None
# cell_tag_split                          : -
# chimeric_pairs                          : use
# chrom                                   : None
# compresslevel                           : 6
# detection_method                        : None
# filter_umi                              : None
# gene_tag                                : None
# gene_transcript_map                     : None
# get_umi_method                          : read_id
# ignore_tlen                             : False
# ignore_umi                              : False
# in_sam                                  : False
# log2stderr                              : False
# loglevel                                : 1
# mapping_quality                         : 0
# method                                  : unique
# no_sort_output                          : False
# out_sam                                 : False
# output_unmapped                         : False
# paired                                  : False
# per_cell                                : False
# per_contig                              : False
# per_gene                                : False
# random_seed                             : None
# read_length                             : False
# short_help                              : None
# skip_regex                              : ^(__|Unassigned)
# soft_clip_threshold                     : 4
# spliced                                 : False
# stats                                   : False
# stderr                                  : <_io.TextIOWrapper name='<stderr>' mode='w' encoding='utf-8'>
# stdin                                   : <_io.TextIOWrapper name='data/aligned/WT_HA_SMInput_Aligned.sortedByCoord.out.bam' mode='r' encoding='UTF-8'>
# stdlog                                  : <_io.TextIOWrapper name='data/aligned/WT_HA_SMInput_dedup.log' mode='a' encoding='UTF-8'>
# stdout                                  : <_io.TextIOWrapper name='data/aligned/WT_HA_SMInput_Aligned.sortedByCoord.dedup.bam' mode='w' encoding='UTF-8'>
# subset                                  : None
# threshold                               : 1
# timeit_file                             : None
# timeit_header                           : None
# timeit_name                             : all
# tmpdir                                  : None
# umi_sep                                 : _
# umi_tag                                 : RX
# umi_tag_delim                           : None
# umi_tag_split                           : None
# umi_whitelist                           : None
# umi_whitelist_paired                    : None
# unmapped_reads                          : discard
# unpaired_reads                          : use
# whole_contig                            : False
2026-02-14 18:30:49,172 INFO command: dedup --stdin=data/aligned/WT_HA_SMInput_Aligned.sortedByCoord.out.bam --stdout=data/aligned/WT_HA_SMInput_Aligned.sortedByCoord.dedup.bam --log=data/aligned/WT_HA_SMInput_dedup.log --extract-umi-method=read_id --method=unique
2026-02-14 18:30:54,000 INFO Written out 100000 reads
2026-02-14 18:30:54,615 INFO Written out 200000 reads
2026-02-14 18:30:55,432 INFO Written out 300000 reads
2026-02-14 18:30:59,880 INFO Written out 400000 reads
2026-02-14 18:31:00,856 INFO Written out 500000 reads
2026-02-14 18:31:01,325 INFO Written out 600000 reads
2026-02-14 18:31:05,060 INFO Parsed 1000000 input reads
2026-02-14 18:31:05,792 INFO Written out 700000 reads
2026-02-14 18:31:06,453 INFO Written out 800000 reads
2026-02-14 18:31:10,593 INFO Written out 900000 reads
2026-02-14 18:31:11,390 INFO Written out 1000000 reads
2026-02-14 18:31:11,972 INFO Written out 1100000 reads
2026-02-14 18:31:12,912 INFO Written out 1200000 reads
2026-02-14 18:31:13,238 INFO Parsed 2000000 input reads
2026-02-14 18:31:14,917 INFO Written out 1300000 reads
2026-02-14 18:31:19,602 INFO Written out 1400000 reads
2026-02-14 18:31:20,627 INFO Written out 1500000 reads
2026-02-14 18:31:21,211 INFO Written out 1600000 reads
2026-02-14 18:31:25,991 INFO Written out 1700000 reads
2026-02-14 18:31:26,450 INFO Written out 1800000 reads
2026-02-14 18:31:26,582 INFO Parsed 3000000 input reads
2026-02-14 18:31:31,303 INFO Written out 1900000 reads
2026-02-14 18:31:32,382 INFO Written out 2000000 reads
2026-02-14 18:31:32,796 INFO Written out 2100000 reads
2026-02-14 18:31:33,953 INFO Written out 2200000 reads
2026-02-14 18:31:35,893 INFO Written out 2300000 reads
2026-02-14 18:31:37,731 INFO Written out 2400000 reads
2026-02-14 18:31:39,731 INFO Written out 2500000 reads
2026-02-14 18:31:41,645 INFO Written out 2600000 reads
2026-02-14 18:31:41,769 INFO Parsed 4000000 input reads
2026-02-14 18:31:43,704 INFO Written out 2700000 reads
2026-02-14 18:31:46,278 INFO Written out 2800000 reads
2026-02-14 18:31:47,390 INFO Written out 2900000 reads
2026-02-14 18:31:49,224 INFO Written out 3000000 reads
2026-02-14 18:31:51,059 INFO Written out 3100000 reads
2026-02-14 18:31:53,091 INFO Written out 3200000 reads
2026-02-14 18:31:55,104 INFO Written out 3300000 reads
2026-02-14 18:32:00,610 INFO Written out 3400000 reads
2026-02-14 18:32:00,753 INFO Parsed 5000000 input reads
2026-02-14 18:32:01,768 INFO Written out 3500000 reads
2026-02-14 18:32:02,688 INFO Written out 3600000 reads
2026-02-14 18:32:04,572 INFO Written out 3700000 reads
2026-02-14 18:32:06,421 INFO Written out 3800000 reads
2026-02-14 18:32:08,478 INFO Written out 3900000 reads
2026-02-14 18:32:10,337 INFO Written out 4000000 reads
2026-02-14 18:32:12,263 INFO Written out 4100000 reads
2026-02-14 18:32:14,203 INFO Written out 4200000 reads
2026-02-14 18:32:14,879 INFO Parsed 6000000 input reads
2026-02-14 18:32:16,034 INFO Written out 4300000 reads
2026-02-14 18:32:21,178 INFO Written out 4400000 reads
2026-02-14 18:32:22,384 INFO Written out 4500000 reads
2026-02-14 18:32:22,791 INFO Written out 4600000 reads
2026-02-14 18:32:27,351 INFO Written out 4700000 reads
2026-02-14 18:32:28,049 INFO Written out 4800000 reads
2026-02-14 18:32:28,666 INFO Parsed 7000000 input reads
2026-02-14 18:32:28,936 INFO Written out 4900000 reads
2026-02-14 18:32:30,239 INFO Written out 5000000 reads
2026-02-14 18:32:32,191 INFO Written out 5100000 reads
2026-02-14 18:32:34,261 INFO Written out 5200000 reads
2026-02-14 18:32:36,299 INFO Written out 5300000 reads
2026-02-14 18:32:38,075 INFO Written out 5400000 reads
2026-02-14 18:32:39,683 INFO Written out 5500000 reads
2026-02-14 18:32:41,777 INFO Written out 5600000 reads
2026-02-14 18:32:43,749 INFO Written out 5700000 reads
2026-02-14 18:32:45,636 INFO Parsed 8000000 input reads
2026-02-14 18:32:45,708 INFO Written out 5800000 reads
2026-02-14 18:32:49,612 INFO Written out 5900000 reads
2026-02-14 18:32:50,189 INFO Written out 6000000 reads
2026-02-14 18:32:50,778 INFO Written out 6100000 reads
2026-02-14 18:32:52,242 INFO Written out 6200000 reads
2026-02-14 18:34:57,973 INFO Written out 6300000 reads
2026-02-14 18:34:58,574 INFO Written out 6400000 reads
2026-02-14 18:34:59,168 INFO Written out 6500000 reads
2026-02-14 18:34:59,759 INFO Written out 6600000 reads
2026-02-14 18:35:00,332 INFO Written out 6700000 reads
2026-02-14 18:35:00,380 INFO Parsed 9000000 input reads
2026-02-14 18:35:00,915 INFO Written out 6800000 reads
2026-02-14 18:35:01,507 INFO Written out 6900000 reads
2026-02-14 18:35:02,145 INFO Written out 7000000 reads
2026-02-14 18:35:02,745 INFO Written out 7100000 reads
2026-02-14 18:35:03,353 INFO Written out 7200000 reads
2026-02-14 18:35:03,941 INFO Written out 7300000 reads
2026-02-14 18:35:04,562 INFO Written out 7400000 reads
2026-02-14 18:35:05,139 INFO Written out 7500000 reads
2026-02-14 18:35:05,634 INFO Parsed 10000000 input reads
2026-02-14 18:35:05,854 INFO Written out 7600000 reads
2026-02-14 18:35:06,542 INFO Written out 7700000 reads
2026-02-14 18:35:07,137 INFO Written out 7800000 reads
2026-02-14 18:35:07,764 INFO Written out 7900000 reads
2026-02-14 18:35:08,379 INFO Written out 8000000 reads
2026-02-14 18:35:08,984 INFO Written out 8100000 reads
2026-02-14 18:35:09,569 INFO Written out 8200000 reads
2026-02-14 18:35:10,196 INFO Written out 8300000 reads
2026-02-14 18:35:10,797 INFO Written out 8400000 reads
2026-02-14 18:35:10,916 INFO Parsed 11000000 input reads
2026-02-14 18:35:11,370 INFO Written out 8500000 reads
2026-02-14 18:35:12,024 INFO Written out 8600000 reads
2026-02-14 18:35:12,584 INFO Written out 8700000 reads
2026-02-14 18:35:13,197 INFO Written out 8800000 reads
2026-02-14 18:35:13,829 INFO Written out 8900000 reads
2026-02-14 18:35:14,461 INFO Written out 9000000 reads
2026-02-14 18:35:15,077 INFO Written out 9100000 reads
2026-02-14 18:35:15,590 INFO Parsed 12000000 input reads
2026-02-14 18:35:15,686 INFO Written out 9200000 reads
2026-02-14 18:35:16,346 INFO Written out 9300000 reads
2026-02-14 18:35:16,915 INFO Written out 9400000 reads
2026-02-14 18:35:22,036 INFO Written out 9500000 reads
2026-02-14 18:35:22,589 INFO Written out 9600000 reads
2026-02-14 18:35:23,207 INFO Written out 9700000 reads
2026-02-14 18:35:23,784 INFO Written out 9800000 reads
2026-02-14 18:35:24,415 INFO Written out 9900000 reads
2026-02-14 18:35:24,426 INFO Parsed 13000000 input reads
2026-02-14 18:35:25,360 INFO Written out 10000000 reads
2026-02-14 18:35:26,354 INFO Written out 10100000 reads
2026-02-14 18:35:26,610 INFO Written out 10200000 reads
2026-02-14 18:35:27,357 INFO Written out 10300000 reads
2026-02-14 18:35:27,961 INFO Written out 10400000 reads
2026-02-14 18:35:28,593 INFO Written out 10500000 reads
2026-02-14 18:35:29,222 INFO Parsed 14000000 input reads
2026-02-14 18:35:29,573 INFO Written out 10600000 reads
2026-02-14 18:35:30,041 INFO Written out 10700000 reads
2026-02-14 18:35:30,760 INFO Written out 10800000 reads
2026-02-14 18:35:31,439 INFO Written out 10900000 reads
2026-02-14 18:35:32,087 INFO Written out 11000000 reads
2026-02-14 18:35:32,694 INFO Written out 11100000 reads
2026-02-14 18:35:33,005 INFO Parsed 15000000 input reads
2026-02-14 18:35:33,701 INFO Written out 11200000 reads
2026-02-14 18:35:34,022 INFO Written out 11300000 reads
2026-02-14 18:35:34,623 INFO Written out 11400000 reads
2026-02-14 18:35:35,255 INFO Written out 11500000 reads
2026-02-14 18:35:35,593 INFO Parsed 16000000 input reads
2026-02-14 18:35:36,510 INFO Written out 11600000 reads
2026-02-14 18:35:36,510 INFO Written out 11700000 reads
2026-02-14 18:35:37,030 INFO Written out 11800000 reads
2026-02-14 18:35:37,602 INFO Written out 11900000 reads
2026-02-14 18:35:38,222 INFO Written out 12000000 reads
2026-02-14 18:35:38,802 INFO Written out 12100000 reads
2026-02-14 18:35:39,392 INFO Written out 12200000 reads
2026-02-14 18:35:39,988 INFO Written out 12300000 reads
2026-02-14 18:35:40,556 INFO Parsed 17000000 input reads
2026-02-14 18:35:40,574 INFO Written out 12400000 reads
2026-02-14 18:35:41,169 INFO Written out 12500000 reads
2026-02-14 18:35:41,745 INFO Written out 12600000 reads
2026-02-14 18:35:42,337 INFO Written out 12700000 reads
2026-02-14 18:35:42,911 INFO Written out 12800000 reads
2026-02-14 18:35:43,513 INFO Written out 12900000 reads
2026-02-14 18:35:44,207 INFO Written out 13000000 reads
2026-02-14 18:35:44,796 INFO Written out 13100000 reads
2026-02-14 18:35:45,399 INFO Written out 13200000 reads
2026-02-14 18:35:45,799 INFO Parsed 18000000 input reads
2026-02-14 18:35:45,980 INFO Written out 13300000 reads
2026-02-14 18:35:46,576 INFO Written out 13400000 reads
2026-02-14 18:35:47,170 INFO Written out 13500000 reads
2026-02-14 18:35:47,889 INFO Written out 13600000 reads
2026-02-14 18:35:48,553 INFO Written out 13700000 reads
2026-02-14 18:35:49,143 INFO Written out 13800000 reads
2026-02-14 18:35:49,756 INFO Written out 13900000 reads
2026-02-14 18:35:50,356 INFO Written out 14000000 reads
2026-02-14 18:35:50,942 INFO Written out 14100000 reads
2026-02-14 18:35:51,110 INFO Parsed 19000000 input reads
2026-02-14 18:35:51,530 INFO Written out 14200000 reads
2026-02-14 18:35:52,076 INFO Written out 14300000 reads
2026-02-14 18:35:52,635 INFO Written out 14400000 reads
2026-02-14 18:35:53,203 INFO Written out 14500000 reads
2026-02-14 18:35:53,808 INFO Written out 14600000 reads
2026-02-14 18:35:54,496 INFO Written out 14700000 reads
2026-02-14 18:35:54,988 INFO Written out 14800000 reads
2026-02-14 18:35:55,521 INFO Parsed 20000000 input reads
2026-02-14 18:35:55,619 INFO Written out 14900000 reads
2026-02-14 18:35:56,216 INFO Written out 15000000 reads
2026-02-14 18:35:56,808 INFO Written out 15100000 reads
2026-02-14 18:35:57,429 INFO Written out 15200000 reads
2026-02-14 18:35:58,017 INFO Written out 15300000 reads
2026-02-14 18:35:58,658 INFO Written out 15400000 reads
2026-02-14 18:35:59,243 INFO Written out 15500000 reads
2026-02-14 18:35:59,785 INFO Parsed 21000000 input reads
2026-02-14 18:36:00,018 INFO Written out 15600000 reads
2026-02-14 18:36:00,462 INFO Written out 15700000 reads
2026-02-14 18:36:01,102 INFO Written out 15800000 reads
2026-02-14 18:36:01,789 INFO Written out 15900000 reads
2026-02-14 18:36:02,611 INFO Written out 16000000 reads
2026-02-14 18:36:03,276 INFO Written out 16100000 reads
2026-02-14 18:36:04,032 INFO Written out 16200000 reads
2026-02-14 18:36:04,642 INFO Written out 16300000 reads
2026-02-14 18:36:04,792 INFO Parsed 22000000 input reads
2026-02-14 18:36:05,285 INFO Written out 16400000 reads
2026-02-14 18:36:07,058 INFO Written out 16500000 reads
2026-02-14 18:36:07,869 INFO Written out 16600000 reads
2026-02-14 18:36:08,439 INFO Written out 16700000 reads
2026-02-14 18:36:09,076 INFO Written out 16800000 reads
2026-02-14 18:36:09,756 INFO Written out 16900000 reads
2026-02-14 18:36:09,879 INFO Parsed 23000000 input reads
2026-02-14 18:36:10,473 INFO Written out 17000000 reads
2026-02-14 18:36:12,042 INFO Written out 17100000 reads
2026-02-14 18:36:12,213 INFO Written out 17200000 reads
2026-02-14 18:36:12,936 INFO Written out 17300000 reads
2026-02-14 18:36:13,392 INFO Written out 17400000 reads
2026-02-14 18:36:14,211 INFO Parsed 24000000 input reads
2026-02-14 18:36:15,117 INFO Written out 17500000 reads
2026-02-14 18:36:15,117 INFO Written out 17600000 reads
2026-02-14 18:36:15,827 INFO Written out 17700000 reads
2026-02-14 18:36:16,377 INFO Written out 17800000 reads
2026-02-14 18:36:18,771 INFO Written out 17900000 reads
2026-02-14 18:36:19,405 INFO Written out 18000000 reads
2026-02-14 18:38:27,795 INFO Reads: Input Reads: 24945895
2026-02-14 18:38:27,795 INFO Number of reads out: 18048768
2026-02-14 18:38:27,795 INFO Total number of positions deduplicated: 2277514
2026-02-14 18:38:27,795 INFO Mean number of unique UMIs per position: 7.92
2026-02-14 18:38:27,795 INFO Max. number of unique UMIs per position: 163852
# job finished in 458 seconds at Sat Feb 14 18:38:27 2026 -- 449.77  9.23  0.00  0.00 -- 6a8dbd75-2f5d-4194-9940-b126b438637b
