2026-01-31 13:42:47,059 - __main__ - INFO - ======================================================================
2026-01-31 13:42:47,059 - __main__ - INFO - Processing sample: WT_FLAG_SMInput
2026-01-31 13:42:47,059 - __main__ - INFO - ======================================================================
2026-01-31 13:42:47,059 - __main__ - INFO - Description: Wild-type, FLAG SMInput control
2026-01-31 13:42:47,059 - __main__ - INFO - SRR: SRR31773538
2026-01-31 13:42:47,059 - __main__ - INFO - 
2026-01-31 13:42:47,059 - __main__ - INFO - Input FASTQ: /mnt/vstor/SOM_CCCC_JGS25/sayyar/IFIT1-IFIT2-secondary-analysis/data/raw_fastq/SRR31773538.fastq.gz
2026-01-31 13:42:47,059 - __main__ - INFO - 
[Step 1/4] Running FastQC...
2026-01-31 13:42:47,060 - utils - INFO - Running FastQC on 1 files...
2026-01-31 13:44:01,577 - utils - INFO - FastQC complete. Reports in /mnt/vstor/SOM_CCCC_JGS25/sayyar/IFIT1-IFIT2-secondary-analysis/data/qc
2026-01-31 13:44:01,578 - __main__ - INFO - 
[Step 2/4] Extracting UMI and trimming adapters...
2026-01-31 13:44:01,579 - utils - INFO - Extracting UMI from SRR31773538...
2026-01-31 13:50:41,913 - utils - INFO - Trimming adapters from SRR31773538...
2026-01-31 13:51:07,683 - utils - INFO - Trimming complete: N/A reads passed
2026-01-31 13:51:07,683 - __main__ - INFO - Trimmed FASTQ: /mnt/vstor/SOM_CCCC_JGS25/sayyar/IFIT1-IFIT2-secondary-analysis/data/trimmed/SRR31773538_trimmed.fastq.gz
2026-01-31 13:51:07,683 - __main__ - INFO - 
[Step 3/4] Aligning with STAR...
2026-01-31 13:51:07,687 - utils - INFO - Aligning WT_FLAG_SMInput with STAR (single-end mode)...
2026-01-31 13:54:06,988 - utils - INFO - Alignment complete: /mnt/vstor/SOM_CCCC_JGS25/sayyar/IFIT1-IFIT2-secondary-analysis/data/aligned/WT_FLAG_SMInput_Aligned.sortedByCoord.out.bam
2026-01-31 13:54:06,991 - __main__ - INFO - Aligned BAM: /mnt/vstor/SOM_CCCC_JGS25/sayyar/IFIT1-IFIT2-secondary-analysis/data/aligned/WT_FLAG_SMInput_Aligned.sortedByCoord.out.bam
2026-01-31 13:54:06,991 - __main__ - INFO - 
[Step 4/4] Removing PCR duplicates...
2026-01-31 13:54:06,992 - utils - INFO - Deduplicating WT_FLAG_SMInput...
2026-01-31 17:40:07,869 - utils - ERROR - ERROR in deduplication: Command '['umi_tools', 'dedup', '--stdin', '/mnt/vstor/SOM_CCCC_JGS25/sayyar/IFIT1-IFIT2-secondary-analysis/data/aligned/WT_FLAG_SMInput_Aligned.sortedByCoord.out.bam', '--stdout', '/mnt/vstor/SOM_CCCC_JGS25/sayyar/IFIT1-IFIT2-secondary-analysis/data/aligned/WT_FLAG_SMInput_dedup.bam', '--log', '/mnt/vstor/SOM_CCCC_JGS25/sayyar/IFIT1-IFIT2-secondary-analysis/data/aligned/WT_FLAG_SMInput_dedup.log', '--output-stats', '/mnt/vstor/SOM_CCCC_JGS25/sayyar/IFIT1-IFIT2-secondary-analysis/data/aligned/WT_FLAG_SMInput_dedup_stats']' died with <Signals.SIGKILL: 9>.
2026-01-31 17:40:07,871 - __main__ - ERROR - Deduplication failed
[2026-01-31T17:40:07.931] error: Detected 1 oom_kill event in StepId=3108158.batch. Some of the step tasks have been OOM Killed.
