2026-02-14 20:28:47,170 - INFO - ======================================================================
2026-02-14 20:28:47,170 - INFO - IFIT2-IFIT3 eCLIP Analysis: Peak Calling with CLIPper
2026-02-14 20:28:47,170 - INFO - ======================================================================
2026-02-14 20:28:47,170 - INFO - 
Using Yeo lab CLIPper for peak calling
2026-02-14 20:28:47,171 - INFO -   Execution mode: singularity
2026-02-14 20:28:47,171 - INFO -   Container: clipper_5d865bb.sif
2026-02-14 20:28:47,171 - INFO -   Species: hg19
2026-02-14 20:28:47,171 - INFO -   FDR: 0.05
2026-02-14 20:28:47,171 - INFO -   Fold-change threshold: 2.0
2026-02-14 20:28:47,171 - INFO -   P-value threshold: 0.001
2026-02-14 20:28:47,171 - INFO - 
Processing single sample (index 5): WT_HA_IP
2026-02-14 20:28:47,174 - INFO - Validating BAM file: /mnt/vstor/SOM_CCCC_JGS25/sayyar/IFIT1-IFIT2-secondary-analysis/data/aligned/WT_HA_IP_Aligned.sortedByCoord.dedup.bam
2026-02-14 20:28:48,930 - INFO -   Read count: 5,107,965
2026-02-14 20:28:48,930 - INFO - 
======================================================================
2026-02-14 20:28:48,930 - INFO - Processing: WT_HA_IP
2026-02-14 20:28:48,930 - INFO - ======================================================================
2026-02-14 20:28:48,932 - INFO - Calling peaks for WT_HA_IP using CLIPper...
2026-02-14 20:28:48,932 - INFO -   Execution mode: singularity
2026-02-14 20:28:48,932 - INFO -   Species: hg19
2026-02-14 20:28:48,932 - INFO -   FDR threshold: 0.05
2026-02-14 20:28:48,933 - INFO - Using Singularity container: clipper_5d865bb.sif
2026-02-14 20:28:48,933 - INFO - Command: singularity exec --bind /mnt/vstor/SOM_CCCC_JGS25/sayyar/IFIT1-IFIT2-secondary-analysis/data/aligned:/mnt/vstor/SOM_CCCC_JGS25/sayyar/IFIT1-IFIT2-secondary-analysis/data/aligned,/mnt/vstor/SOM_CCCC_JGS25/sayyar/IFIT1-IFIT2-secondary-analysis/data/peaks:/mnt/vstor/SOM_CCCC_JGS25/sayyar/IFIT1-IFIT2-secondary-analysis/data/peaks clipper_5d865bb.sif clipper -s hg19 -b /mnt/vstor/SOM_CCCC_JGS25/sayyar/IFIT1-IFIT2-secondary-analysis/data/aligned/WT_HA_IP_Aligned.sortedByCoord.dedup.bam -o /mnt/vstor/SOM_CCCC_JGS25/sayyar/IFIT1-IFIT2-secondary-analysis/data/peaks/WT_HA_IP_clipper_peaks_raw.bed
2026-02-15 01:26:40,204 - INFO - Converting CLIPper BED8 output to standard BED6 format...
2026-02-15 01:26:40,283 - INFO - CLIPper found 17,274 peaks
2026-02-15 01:26:46,942 - INFO - Normalizing peaks against input for WT_HA_IP...
2026-02-15 01:26:46,942 - INFO -   IP reads: 5,107,965
2026-02-15 01:26:46,942 - INFO -   Input reads: 18,048,768
2026-02-15 01:31:54,040 - INFO - Normalized peaks: 1,019 pass thresholds
2026-02-15 01:31:54,041 - INFO -   (FC >= 2.0, -log10(p) >= 3.00)
2026-02-15 01:31:54,157 - INFO - Peak calling complete for WT_HA_IP
2026-02-15 01:31:54,157 - INFO - 
Sample WT_HA_IP completed successfully!
