2026-01-31 13:42:44,715 - __main__ - INFO - ======================================================================
2026-01-31 13:42:44,719 - __main__ - INFO - Processing sample: IFIT2_alone_FLAG_IP
2026-01-31 13:42:44,719 - __main__ - INFO - ======================================================================
2026-01-31 13:42:44,719 - __main__ - INFO - Description: IFIT2 alone, FLAG IP
2026-01-31 13:42:44,719 - __main__ - INFO - SRR: SRR31773519
2026-01-31 13:42:44,719 - __main__ - INFO - 
2026-01-31 13:42:44,723 - __main__ - INFO - Input FASTQ: /mnt/vstor/SOM_CCCC_JGS25/sayyar/IFIT1-IFIT2-secondary-analysis/data/raw_fastq/SRR31773519.fastq.gz
2026-01-31 13:42:44,723 - __main__ - INFO - 
[Step 1/4] Running FastQC...
2026-01-31 13:42:44,723 - utils - INFO - Running FastQC on 1 files...
2026-01-31 13:43:52,151 - utils - INFO - FastQC complete. Reports in /mnt/vstor/SOM_CCCC_JGS25/sayyar/IFIT1-IFIT2-secondary-analysis/data/qc
2026-01-31 13:43:52,152 - __main__ - INFO - 
[Step 2/4] Extracting UMI and trimming adapters...
2026-01-31 13:43:52,153 - utils - INFO - Extracting UMI from SRR31773519...
2026-01-31 13:49:19,680 - utils - INFO - Trimming adapters from SRR31773519...
2026-01-31 13:49:41,969 - utils - INFO - Trimming complete: N/A reads passed
2026-01-31 13:49:41,969 - __main__ - INFO - Trimmed FASTQ: /mnt/vstor/SOM_CCCC_JGS25/sayyar/IFIT1-IFIT2-secondary-analysis/data/trimmed/SRR31773519_trimmed.fastq.gz
2026-01-31 13:49:41,970 - __main__ - INFO - 
[Step 3/4] Aligning with STAR...
2026-01-31 13:49:41,974 - utils - INFO - Aligning IFIT2_alone_FLAG_IP with STAR (single-end mode)...
2026-01-31 13:52:07,552 - utils - INFO - Alignment complete: /mnt/vstor/SOM_CCCC_JGS25/sayyar/IFIT1-IFIT2-secondary-analysis/data/aligned/IFIT2_alone_FLAG_IP_Aligned.sortedByCoord.out.bam
2026-01-31 13:52:07,560 - __main__ - INFO - Aligned BAM: /mnt/vstor/SOM_CCCC_JGS25/sayyar/IFIT1-IFIT2-secondary-analysis/data/aligned/IFIT2_alone_FLAG_IP_Aligned.sortedByCoord.out.bam
2026-01-31 13:52:07,560 - __main__ - INFO - 
[Step 4/4] Removing PCR duplicates...
2026-01-31 13:52:07,562 - utils - INFO - Deduplicating IFIT2_alone_FLAG_IP...
2026-01-31 16:18:33,877 - utils - ERROR - ERROR in deduplication: Command '['umi_tools', 'dedup', '--stdin', '/mnt/vstor/SOM_CCCC_JGS25/sayyar/IFIT1-IFIT2-secondary-analysis/data/aligned/IFIT2_alone_FLAG_IP_Aligned.sortedByCoord.out.bam', '--stdout', '/mnt/vstor/SOM_CCCC_JGS25/sayyar/IFIT1-IFIT2-secondary-analysis/data/aligned/IFIT2_alone_FLAG_IP_dedup.bam', '--log', '/mnt/vstor/SOM_CCCC_JGS25/sayyar/IFIT1-IFIT2-secondary-analysis/data/aligned/IFIT2_alone_FLAG_IP_dedup.log', '--output-stats', '/mnt/vstor/SOM_CCCC_JGS25/sayyar/IFIT1-IFIT2-secondary-analysis/data/aligned/IFIT2_alone_FLAG_IP_dedup_stats']' died with <Signals.SIGKILL: 9>.
2026-01-31 16:18:33,880 - __main__ - ERROR - Deduplication failed
[2026-01-31T16:18:34.040] error: Detected 1 oom_kill event in StepId=3108152.batch. Some of the step tasks have been OOM Killed.
