2026-01-31 13:42:39,921 - __main__ - INFO - ======================================================================
2026-01-31 13:42:39,924 - __main__ - INFO - Processing sample: IFIT3_alone_SMInput
2026-01-31 13:42:39,924 - __main__ - INFO - ======================================================================
2026-01-31 13:42:39,924 - __main__ - INFO - Description: IFIT3 alone, SMInput control
2026-01-31 13:42:39,924 - __main__ - INFO - SRR: SRR31773516
2026-01-31 13:42:39,925 - __main__ - INFO - 
2026-01-31 13:42:39,929 - __main__ - INFO - Input FASTQ: /mnt/vstor/SOM_CCCC_JGS25/sayyar/IFIT1-IFIT2-secondary-analysis/data/raw_fastq/SRR31773516.fastq.gz
2026-01-31 13:42:39,929 - __main__ - INFO - 
[Step 1/4] Running FastQC...
2026-01-31 13:42:39,930 - utils - INFO - Running FastQC on 1 files...
2026-01-31 13:43:39,161 - utils - INFO - FastQC complete. Reports in /mnt/vstor/SOM_CCCC_JGS25/sayyar/IFIT1-IFIT2-secondary-analysis/data/qc
2026-01-31 13:43:39,162 - __main__ - INFO - 
[Step 2/4] Extracting UMI and trimming adapters...
2026-01-31 13:43:39,163 - utils - INFO - Extracting UMI from SRR31773516...
2026-01-31 13:48:46,471 - utils - INFO - Trimming adapters from SRR31773516...
2026-01-31 13:49:04,158 - utils - INFO - Trimming complete: N/A reads passed
2026-01-31 13:49:04,159 - __main__ - INFO - Trimmed FASTQ: /mnt/vstor/SOM_CCCC_JGS25/sayyar/IFIT1-IFIT2-secondary-analysis/data/trimmed/SRR31773516_trimmed.fastq.gz
2026-01-31 13:49:04,159 - __main__ - INFO - 
[Step 3/4] Aligning with STAR...
2026-01-31 13:49:04,164 - utils - INFO - Aligning IFIT3_alone_SMInput with STAR (single-end mode)...
2026-01-31 13:51:17,022 - utils - INFO - Alignment complete: /mnt/vstor/SOM_CCCC_JGS25/sayyar/IFIT1-IFIT2-secondary-analysis/data/aligned/IFIT3_alone_SMInput_Aligned.sortedByCoord.out.bam
2026-01-31 13:51:17,027 - __main__ - INFO - Aligned BAM: /mnt/vstor/SOM_CCCC_JGS25/sayyar/IFIT1-IFIT2-secondary-analysis/data/aligned/IFIT3_alone_SMInput_Aligned.sortedByCoord.out.bam
2026-01-31 13:51:17,027 - __main__ - INFO - 
[Step 4/4] Removing PCR duplicates...
2026-01-31 13:51:17,028 - utils - INFO - Deduplicating IFIT3_alone_SMInput...
[2026-01-31T17:42:42.005] error: *** JOB 3108155 ON compt371 CANCELLED AT 2026-01-31T17:42:42 DUE TO TIME LIMIT ***
