2026-01-31 13:42:41,999 - __main__ - INFO - ======================================================================
2026-01-31 13:42:42,001 - __main__ - INFO - Processing sample: IFIT2_IFIT3_FLAG_IP
2026-01-31 13:42:42,001 - __main__ - INFO - ======================================================================
2026-01-31 13:42:42,001 - __main__ - INFO - Description: IFIT2+IFIT3 co-expression, FLAG IP (IFIT2 pulldown)
2026-01-31 13:42:42,001 - __main__ - INFO - SRR: SRR31773513
2026-01-31 13:42:42,001 - __main__ - INFO - 
2026-01-31 13:42:42,005 - __main__ - INFO - Input FASTQ: /mnt/vstor/SOM_CCCC_JGS25/sayyar/IFIT1-IFIT2-secondary-analysis/data/raw_fastq/SRR31773513.fastq.gz
2026-01-31 13:42:42,005 - __main__ - INFO - 
[Step 1/4] Running FastQC...
2026-01-31 13:42:42,006 - utils - INFO - Running FastQC on 1 files...
2026-01-31 13:44:03,460 - utils - INFO - FastQC complete. Reports in /mnt/vstor/SOM_CCCC_JGS25/sayyar/IFIT1-IFIT2-secondary-analysis/data/qc
2026-01-31 13:44:03,461 - __main__ - INFO - 
[Step 2/4] Extracting UMI and trimming adapters...
2026-01-31 13:44:03,462 - utils - INFO - Extracting UMI from SRR31773513...
2026-01-31 13:51:00,486 - utils - INFO - Trimming adapters from SRR31773513...
2026-01-31 13:51:24,986 - utils - INFO - Trimming complete: N/A reads passed
2026-01-31 13:51:24,988 - __main__ - INFO - Trimmed FASTQ: /mnt/vstor/SOM_CCCC_JGS25/sayyar/IFIT1-IFIT2-secondary-analysis/data/trimmed/SRR31773513_trimmed.fastq.gz
2026-01-31 13:51:24,988 - __main__ - INFO - 
[Step 3/4] Aligning with STAR...
2026-01-31 13:51:24,997 - utils - INFO - Aligning IFIT2_IFIT3_FLAG_IP with STAR (single-end mode)...
2026-01-31 13:53:54,194 - utils - INFO - Alignment complete: /mnt/vstor/SOM_CCCC_JGS25/sayyar/IFIT1-IFIT2-secondary-analysis/data/aligned/IFIT2_IFIT3_FLAG_IP_Aligned.sortedByCoord.out.bam
2026-01-31 13:53:54,197 - __main__ - INFO - Aligned BAM: /mnt/vstor/SOM_CCCC_JGS25/sayyar/IFIT1-IFIT2-secondary-analysis/data/aligned/IFIT2_IFIT3_FLAG_IP_Aligned.sortedByCoord.out.bam
2026-01-31 13:53:54,197 - __main__ - INFO - 
[Step 4/4] Removing PCR duplicates...
2026-01-31 13:53:54,198 - utils - INFO - Deduplicating IFIT2_IFIT3_FLAG_IP...
2026-01-31 15:24:08,435 - utils - ERROR - ERROR in deduplication: Command '['umi_tools', 'dedup', '--stdin', '/mnt/vstor/SOM_CCCC_JGS25/sayyar/IFIT1-IFIT2-secondary-analysis/data/aligned/IFIT2_IFIT3_FLAG_IP_Aligned.sortedByCoord.out.bam', '--stdout', '/mnt/vstor/SOM_CCCC_JGS25/sayyar/IFIT1-IFIT2-secondary-analysis/data/aligned/IFIT2_IFIT3_FLAG_IP_dedup.bam', '--log', '/mnt/vstor/SOM_CCCC_JGS25/sayyar/IFIT1-IFIT2-secondary-analysis/data/aligned/IFIT2_IFIT3_FLAG_IP_dedup.log', '--output-stats', '/mnt/vstor/SOM_CCCC_JGS25/sayyar/IFIT1-IFIT2-secondary-analysis/data/aligned/IFIT2_IFIT3_FLAG_IP_dedup_stats']' died with <Signals.SIGKILL: 9>.
2026-01-31 15:24:08,439 - __main__ - ERROR - Deduplication failed
[2026-01-31T15:24:08.565] error: Detected 1 oom_kill event in StepId=3108148.batch. Some of the step tasks have been OOM Killed.
