2026-01-31 13:42:36,428 - __main__ - INFO - ======================================================================
2026-01-31 13:42:36,428 - __main__ - INFO - Processing sample: IFIT2_IFIT3_FLAG_SMInput
2026-01-31 13:42:36,428 - __main__ - INFO - ======================================================================
2026-01-31 13:42:36,428 - __main__ - INFO - Description: IFIT2+IFIT3 co-expression, FLAG SMInput control
2026-01-31 13:42:36,428 - __main__ - INFO - SRR: SRR31773512
2026-01-31 13:42:36,428 - __main__ - INFO - 
2026-01-31 13:42:36,431 - __main__ - INFO - Input FASTQ: /mnt/vstor/SOM_CCCC_JGS25/sayyar/IFIT1-IFIT2-secondary-analysis/data/raw_fastq/SRR31773512.fastq.gz
2026-01-31 13:42:36,431 - __main__ - INFO - 
[Step 1/4] Running FastQC...
2026-01-31 13:42:36,432 - utils - INFO - Running FastQC on 1 files...
2026-01-31 13:43:43,761 - utils - INFO - FastQC complete. Reports in /mnt/vstor/SOM_CCCC_JGS25/sayyar/IFIT1-IFIT2-secondary-analysis/data/qc
2026-01-31 13:43:43,763 - __main__ - INFO - 
[Step 2/4] Extracting UMI and trimming adapters...
2026-01-31 13:43:43,764 - utils - INFO - Extracting UMI from SRR31773512...
2026-01-31 13:49:36,750 - utils - INFO - Trimming adapters from SRR31773512...
2026-01-31 13:49:55,918 - utils - INFO - Trimming complete: N/A reads passed
2026-01-31 13:49:55,919 - __main__ - INFO - Trimmed FASTQ: /mnt/vstor/SOM_CCCC_JGS25/sayyar/IFIT1-IFIT2-secondary-analysis/data/trimmed/SRR31773512_trimmed.fastq.gz
2026-01-31 13:49:55,919 - __main__ - INFO - 
[Step 3/4] Aligning with STAR...
2026-01-31 13:49:55,922 - utils - INFO - Aligning IFIT2_IFIT3_FLAG_SMInput with STAR (single-end mode)...
2026-01-31 13:52:28,816 - utils - INFO - Alignment complete: /mnt/vstor/SOM_CCCC_JGS25/sayyar/IFIT1-IFIT2-secondary-analysis/data/aligned/IFIT2_IFIT3_FLAG_SMInput_Aligned.sortedByCoord.out.bam
2026-01-31 13:52:28,822 - __main__ - INFO - Aligned BAM: /mnt/vstor/SOM_CCCC_JGS25/sayyar/IFIT1-IFIT2-secondary-analysis/data/aligned/IFIT2_IFIT3_FLAG_SMInput_Aligned.sortedByCoord.out.bam
2026-01-31 13:52:28,823 - __main__ - INFO - 
[Step 4/4] Removing PCR duplicates...
2026-01-31 13:52:28,823 - utils - INFO - Deduplicating IFIT2_IFIT3_FLAG_SMInput...
[2026-01-31T17:42:42.003] error: *** JOB 3108150 ON compt368 CANCELLED AT 2026-01-31T17:42:42 DUE TO TIME LIMIT ***
