2026-01-31 13:42:41,960 - __main__ - INFO - ======================================================================
2026-01-31 13:42:41,960 - __main__ - INFO - Processing sample: IFIT2_alone_SMInput
2026-01-31 13:42:41,960 - __main__ - INFO - ======================================================================
2026-01-31 13:42:41,960 - __main__ - INFO - Description: IFIT2 alone, SMInput control
2026-01-31 13:42:41,960 - __main__ - INFO - SRR: SRR31773518
2026-01-31 13:42:41,960 - __main__ - INFO - 
2026-01-31 13:42:41,965 - __main__ - INFO - Input FASTQ: /mnt/vstor/SOM_CCCC_JGS25/sayyar/IFIT1-IFIT2-secondary-analysis/data/raw_fastq/SRR31773518.fastq.gz
2026-01-31 13:42:41,965 - __main__ - INFO - 
[Step 1/4] Running FastQC...
2026-01-31 13:42:41,966 - utils - INFO - Running FastQC on 1 files...
2026-01-31 13:43:47,399 - utils - INFO - FastQC complete. Reports in /mnt/vstor/SOM_CCCC_JGS25/sayyar/IFIT1-IFIT2-secondary-analysis/data/qc
2026-01-31 13:43:47,401 - __main__ - INFO - 
[Step 2/4] Extracting UMI and trimming adapters...
2026-01-31 13:43:47,403 - utils - INFO - Extracting UMI from SRR31773518...
2026-01-31 13:49:43,835 - utils - INFO - Trimming adapters from SRR31773518...
2026-01-31 13:50:06,642 - utils - INFO - Trimming complete: N/A reads passed
2026-01-31 13:50:06,644 - __main__ - INFO - Trimmed FASTQ: /mnt/vstor/SOM_CCCC_JGS25/sayyar/IFIT1-IFIT2-secondary-analysis/data/trimmed/SRR31773518_trimmed.fastq.gz
2026-01-31 13:50:06,644 - __main__ - INFO - 
[Step 3/4] Aligning with STAR...
2026-01-31 13:50:06,652 - utils - INFO - Aligning IFIT2_alone_SMInput with STAR (single-end mode)...
2026-01-31 13:52:56,563 - utils - INFO - Alignment complete: /mnt/vstor/SOM_CCCC_JGS25/sayyar/IFIT1-IFIT2-secondary-analysis/data/aligned/IFIT2_alone_SMInput_Aligned.sortedByCoord.out.bam
2026-01-31 13:52:56,567 - __main__ - INFO - Aligned BAM: /mnt/vstor/SOM_CCCC_JGS25/sayyar/IFIT1-IFIT2-secondary-analysis/data/aligned/IFIT2_alone_SMInput_Aligned.sortedByCoord.out.bam
2026-01-31 13:52:56,567 - __main__ - INFO - 
[Step 4/4] Removing PCR duplicates...
2026-01-31 13:52:56,568 - utils - INFO - Deduplicating IFIT2_alone_SMInput...
2026-01-31 14:11:20,558 - utils - ERROR - ERROR in deduplication: Command '['umi_tools', 'dedup', '--stdin', '/mnt/vstor/SOM_CCCC_JGS25/sayyar/IFIT1-IFIT2-secondary-analysis/data/aligned/IFIT2_alone_SMInput_Aligned.sortedByCoord.out.bam', '--stdout', '/mnt/vstor/SOM_CCCC_JGS25/sayyar/IFIT1-IFIT2-secondary-analysis/data/aligned/IFIT2_alone_SMInput_dedup.bam', '--log', '/mnt/vstor/SOM_CCCC_JGS25/sayyar/IFIT1-IFIT2-secondary-analysis/data/aligned/IFIT2_alone_SMInput_dedup.log', '--output-stats', '/mnt/vstor/SOM_CCCC_JGS25/sayyar/IFIT1-IFIT2-secondary-analysis/data/aligned/IFIT2_alone_SMInput_dedup_stats']' died with <Signals.SIGKILL: 9>.
2026-01-31 14:11:20,560 - __main__ - ERROR - Deduplication failed
[2026-01-31T14:11:20.672] error: Detected 1 oom_kill event in StepId=3108153.batch. Some of the step tasks have been OOM Killed.
