2026-01-31 13:42:36,525 - __main__ - INFO - ======================================================================
2026-01-31 13:42:36,526 - __main__ - INFO - Processing sample: WT_HA_SMInput
2026-01-31 13:42:36,526 - __main__ - INFO - ======================================================================
2026-01-31 13:42:36,526 - __main__ - INFO - Description: Wild-type, HA SMInput control
2026-01-31 13:42:36,526 - __main__ - INFO - SRR: SRR31773540
2026-01-31 13:42:36,526 - __main__ - INFO - 
2026-01-31 13:42:36,533 - __main__ - INFO - Input FASTQ: /mnt/vstor/SOM_CCCC_JGS25/sayyar/IFIT1-IFIT2-secondary-analysis/data/raw_fastq/SRR31773540.fastq.gz
2026-01-31 13:42:36,533 - __main__ - INFO - 
[Step 1/4] Running FastQC...
2026-01-31 13:42:36,534 - utils - INFO - Running FastQC on 1 files...
2026-01-31 13:43:43,197 - utils - INFO - FastQC complete. Reports in /mnt/vstor/SOM_CCCC_JGS25/sayyar/IFIT1-IFIT2-secondary-analysis/data/qc
2026-01-31 13:43:43,202 - __main__ - INFO - 
[Step 2/4] Extracting UMI and trimming adapters...
2026-01-31 13:43:43,206 - utils - INFO - Extracting UMI from SRR31773540...
2026-01-31 13:48:40,803 - utils - INFO - Trimming adapters from SRR31773540...
2026-01-31 13:49:02,295 - utils - INFO - Trimming complete: N/A reads passed
2026-01-31 13:49:02,295 - __main__ - INFO - Trimmed FASTQ: /mnt/vstor/SOM_CCCC_JGS25/sayyar/IFIT1-IFIT2-secondary-analysis/data/trimmed/SRR31773540_trimmed.fastq.gz
2026-01-31 13:49:02,295 - __main__ - INFO - 
[Step 3/4] Aligning with STAR...
2026-01-31 13:49:02,300 - utils - INFO - Aligning WT_HA_SMInput with STAR (single-end mode)...
2026-01-31 13:51:13,309 - utils - INFO - Alignment complete: /mnt/vstor/SOM_CCCC_JGS25/sayyar/IFIT1-IFIT2-secondary-analysis/data/aligned/WT_HA_SMInput_Aligned.sortedByCoord.out.bam
2026-01-31 13:51:13,317 - __main__ - INFO - Aligned BAM: /mnt/vstor/SOM_CCCC_JGS25/sayyar/IFIT1-IFIT2-secondary-analysis/data/aligned/WT_HA_SMInput_Aligned.sortedByCoord.out.bam
2026-01-31 13:51:13,317 - __main__ - INFO - 
[Step 4/4] Removing PCR duplicates...
2026-01-31 13:51:13,319 - utils - INFO - Deduplicating WT_HA_SMInput...
[2026-01-31T17:42:42.006] error: *** JOB 3108147 ON compt291 CANCELLED AT 2026-01-31T17:42:42 DUE TO TIME LIMIT ***
