2026-01-31 13:42:36,662 - __main__ - INFO - ======================================================================
2026-01-31 13:42:36,662 - __main__ - INFO - Processing sample: IFIT2_IFIT3_HA_SMInput
2026-01-31 13:42:36,662 - __main__ - INFO - ======================================================================
2026-01-31 13:42:36,662 - __main__ - INFO - Description: IFIT2+IFIT3 co-expression, HA SMInput control
2026-01-31 13:42:36,662 - __main__ - INFO - SRR: SRR31773514
2026-01-31 13:42:36,662 - __main__ - INFO - 
2026-01-31 13:42:36,665 - __main__ - INFO - Input FASTQ: /mnt/vstor/SOM_CCCC_JGS25/sayyar/IFIT1-IFIT2-secondary-analysis/data/raw_fastq/SRR31773514.fastq.gz
2026-01-31 13:42:36,665 - __main__ - INFO - 
[Step 1/4] Running FastQC...
2026-01-31 13:42:36,666 - utils - INFO - Running FastQC on 1 files...
2026-01-31 13:43:35,949 - utils - INFO - FastQC complete. Reports in /mnt/vstor/SOM_CCCC_JGS25/sayyar/IFIT1-IFIT2-secondary-analysis/data/qc
2026-01-31 13:43:35,950 - __main__ - INFO - 
[Step 2/4] Extracting UMI and trimming adapters...
2026-01-31 13:43:35,951 - utils - INFO - Extracting UMI from SRR31773514...
2026-01-31 13:48:39,400 - utils - INFO - Trimming adapters from SRR31773514...
2026-01-31 13:48:58,745 - utils - INFO - Trimming complete: N/A reads passed
2026-01-31 13:48:58,746 - __main__ - INFO - Trimmed FASTQ: /mnt/vstor/SOM_CCCC_JGS25/sayyar/IFIT1-IFIT2-secondary-analysis/data/trimmed/SRR31773514_trimmed.fastq.gz
2026-01-31 13:48:58,746 - __main__ - INFO - 
[Step 3/4] Aligning with STAR...
2026-01-31 13:48:58,753 - utils - INFO - Aligning IFIT2_IFIT3_HA_SMInput with STAR (single-end mode)...
2026-01-31 13:51:16,248 - utils - INFO - Alignment complete: /mnt/vstor/SOM_CCCC_JGS25/sayyar/IFIT1-IFIT2-secondary-analysis/data/aligned/IFIT2_IFIT3_HA_SMInput_Aligned.sortedByCoord.out.bam
2026-01-31 13:51:16,253 - __main__ - INFO - Aligned BAM: /mnt/vstor/SOM_CCCC_JGS25/sayyar/IFIT1-IFIT2-secondary-analysis/data/aligned/IFIT2_IFIT3_HA_SMInput_Aligned.sortedByCoord.out.bam
2026-01-31 13:51:16,253 - __main__ - INFO - 
[Step 4/4] Removing PCR duplicates...
2026-01-31 13:51:16,255 - utils - INFO - Deduplicating IFIT2_IFIT3_HA_SMInput...
[2026-01-31T17:42:42.004] error: *** JOB 3108151 ON compt377 CANCELLED AT 2026-01-31T17:42:42 DUE TO TIME LIMIT ***
