2026-01-31 13:42:39,761 - __main__ - INFO - ======================================================================
2026-01-31 13:42:39,763 - __main__ - INFO - Processing sample: IFIT3_alone_HA_IP
2026-01-31 13:42:39,763 - __main__ - INFO - ======================================================================
2026-01-31 13:42:39,763 - __main__ - INFO - Description: IFIT3 alone, HA IP
2026-01-31 13:42:39,763 - __main__ - INFO - SRR: SRR31773517
2026-01-31 13:42:39,763 - __main__ - INFO - 
2026-01-31 13:42:39,766 - __main__ - INFO - Input FASTQ: /mnt/vstor/SOM_CCCC_JGS25/sayyar/IFIT1-IFIT2-secondary-analysis/data/raw_fastq/SRR31773517.fastq.gz
2026-01-31 13:42:39,766 - __main__ - INFO - 
[Step 1/4] Running FastQC...
2026-01-31 13:42:39,767 - utils - INFO - Running FastQC on 1 files...
2026-01-31 13:43:55,048 - utils - INFO - FastQC complete. Reports in /mnt/vstor/SOM_CCCC_JGS25/sayyar/IFIT1-IFIT2-secondary-analysis/data/qc
2026-01-31 13:43:55,049 - __main__ - INFO - 
[Step 2/4] Extracting UMI and trimming adapters...
2026-01-31 13:43:55,049 - utils - INFO - Extracting UMI from SRR31773517...
2026-01-31 13:50:43,673 - utils - INFO - Trimming adapters from SRR31773517...
2026-01-31 13:51:08,712 - utils - INFO - Trimming complete: N/A reads passed
2026-01-31 13:51:08,712 - __main__ - INFO - Trimmed FASTQ: /mnt/vstor/SOM_CCCC_JGS25/sayyar/IFIT1-IFIT2-secondary-analysis/data/trimmed/SRR31773517_trimmed.fastq.gz
2026-01-31 13:51:08,712 - __main__ - INFO - 
[Step 3/4] Aligning with STAR...
2026-01-31 13:51:08,714 - utils - INFO - Aligning IFIT3_alone_HA_IP with STAR (single-end mode)...
2026-01-31 13:53:39,277 - utils - INFO - Alignment complete: /mnt/vstor/SOM_CCCC_JGS25/sayyar/IFIT1-IFIT2-secondary-analysis/data/aligned/IFIT3_alone_HA_IP_Aligned.sortedByCoord.out.bam
2026-01-31 13:53:39,279 - __main__ - INFO - Aligned BAM: /mnt/vstor/SOM_CCCC_JGS25/sayyar/IFIT1-IFIT2-secondary-analysis/data/aligned/IFIT3_alone_HA_IP_Aligned.sortedByCoord.out.bam
2026-01-31 13:53:39,279 - __main__ - INFO - 
[Step 4/4] Removing PCR duplicates...
2026-01-31 13:53:39,280 - utils - INFO - Deduplicating IFIT3_alone_HA_IP...
2026-01-31 14:48:32,928 - utils - ERROR - ERROR in deduplication: Command '['umi_tools', 'dedup', '--stdin', '/mnt/vstor/SOM_CCCC_JGS25/sayyar/IFIT1-IFIT2-secondary-analysis/data/aligned/IFIT3_alone_HA_IP_Aligned.sortedByCoord.out.bam', '--stdout', '/mnt/vstor/SOM_CCCC_JGS25/sayyar/IFIT1-IFIT2-secondary-analysis/data/aligned/IFIT3_alone_HA_IP_dedup.bam', '--log', '/mnt/vstor/SOM_CCCC_JGS25/sayyar/IFIT1-IFIT2-secondary-analysis/data/aligned/IFIT3_alone_HA_IP_dedup.log', '--output-stats', '/mnt/vstor/SOM_CCCC_JGS25/sayyar/IFIT1-IFIT2-secondary-analysis/data/aligned/IFIT3_alone_HA_IP_dedup_stats']' died with <Signals.SIGKILL: 9>.
2026-01-31 14:48:32,932 - __main__ - ERROR - Deduplication failed
[2026-01-31T14:48:33.032] error: Detected 1 oom_kill event in StepId=3108154.batch. Some of the step tasks have been OOM Killed.
