2026-01-31 13:42:46,623 - __main__ - INFO - ======================================================================
2026-01-31 13:42:46,625 - __main__ - INFO - Processing sample: WT_FLAG_IP
2026-01-31 13:42:46,625 - __main__ - INFO - ======================================================================
2026-01-31 13:42:46,625 - __main__ - INFO - Description: Wild-type, FLAG IP control
2026-01-31 13:42:46,625 - __main__ - INFO - SRR: SRR31773539
2026-01-31 13:42:46,625 - __main__ - INFO - 
2026-01-31 13:42:46,628 - __main__ - INFO - Input FASTQ: /mnt/vstor/SOM_CCCC_JGS25/sayyar/IFIT1-IFIT2-secondary-analysis/data/raw_fastq/SRR31773539.fastq.gz
2026-01-31 13:42:46,628 - __main__ - INFO - 
[Step 1/4] Running FastQC...
2026-01-31 13:42:46,629 - utils - INFO - Running FastQC on 1 files...
2026-01-31 13:44:11,459 - utils - INFO - FastQC complete. Reports in /mnt/vstor/SOM_CCCC_JGS25/sayyar/IFIT1-IFIT2-secondary-analysis/data/qc
2026-01-31 13:44:11,460 - __main__ - INFO - 
[Step 2/4] Extracting UMI and trimming adapters...
2026-01-31 13:44:11,460 - utils - INFO - Extracting UMI from SRR31773539...
2026-01-31 13:51:50,165 - utils - INFO - Trimming adapters from SRR31773539...
2026-01-31 13:52:19,770 - utils - INFO - Trimming complete: N/A reads passed
2026-01-31 13:52:19,770 - __main__ - INFO - Trimmed FASTQ: /mnt/vstor/SOM_CCCC_JGS25/sayyar/IFIT1-IFIT2-secondary-analysis/data/trimmed/SRR31773539_trimmed.fastq.gz
2026-01-31 13:52:19,770 - __main__ - INFO - 
[Step 3/4] Aligning with STAR...
2026-01-31 13:52:19,771 - utils - INFO - Aligning WT_FLAG_IP with STAR (single-end mode)...
2026-01-31 13:55:34,999 - utils - INFO - Alignment complete: /mnt/vstor/SOM_CCCC_JGS25/sayyar/IFIT1-IFIT2-secondary-analysis/data/aligned/WT_FLAG_IP_Aligned.sortedByCoord.out.bam
2026-01-31 13:55:35,002 - __main__ - INFO - Aligned BAM: /mnt/vstor/SOM_CCCC_JGS25/sayyar/IFIT1-IFIT2-secondary-analysis/data/aligned/WT_FLAG_IP_Aligned.sortedByCoord.out.bam
2026-01-31 13:55:35,002 - __main__ - INFO - 
[Step 4/4] Removing PCR duplicates...
2026-01-31 13:55:35,002 - utils - INFO - Deduplicating WT_FLAG_IP...
2026-01-31 15:16:00,704 - utils - ERROR - ERROR in deduplication: Command '['umi_tools', 'dedup', '--stdin', '/mnt/vstor/SOM_CCCC_JGS25/sayyar/IFIT1-IFIT2-secondary-analysis/data/aligned/WT_FLAG_IP_Aligned.sortedByCoord.out.bam', '--stdout', '/mnt/vstor/SOM_CCCC_JGS25/sayyar/IFIT1-IFIT2-secondary-analysis/data/aligned/WT_FLAG_IP_dedup.bam', '--log', '/mnt/vstor/SOM_CCCC_JGS25/sayyar/IFIT1-IFIT2-secondary-analysis/data/aligned/WT_FLAG_IP_dedup.log', '--output-stats', '/mnt/vstor/SOM_CCCC_JGS25/sayyar/IFIT1-IFIT2-secondary-analysis/data/aligned/WT_FLAG_IP_dedup_stats']' died with <Signals.SIGKILL: 9>.
2026-01-31 15:16:00,712 - __main__ - ERROR - Deduplication failed
[2026-01-31T15:16:00.764] error: Detected 1 oom_kill event in StepId=3108156.batch. Some of the step tasks have been OOM Killed.
