2026-02-15 13:41:29,510 - INFO - ======================================================================
2026-02-15 13:41:29,510 - INFO - IFIT2-IFIT3 eCLIP Analysis: Visualization
2026-02-15 13:41:29,510 - INFO - ======================================================================
2026-02-15 13:41:29,727 - INFO - Loaded 92406 transcripts
2026-02-15 13:41:29,742 - INFO - 
Generating IFIT comparison figure...
2026-02-15 13:41:30,438 - WARNING - findfont: Font family 'Arial' not found.
2026-02-15 13:41:30,458 - WARNING - findfont: Font family 'Arial' not found.
2026-02-15 13:41:30,459 - WARNING - findfont: Font family 'Arial' not found.
2026-02-15 13:41:30,459 - WARNING - findfont: Font family 'Arial' not found.
2026-02-15 13:41:30,460 - WARNING - findfont: Font family 'Arial' not found.
2026-02-15 13:41:30,460 - WARNING - findfont: Font family 'Arial' not found.
2026-02-15 13:41:30,461 - WARNING - findfont: Font family 'Arial' not found.
2026-02-15 13:41:30,464 - WARNING - findfont: Font family 'Arial' not found.
2026-02-15 13:41:30,474 - WARNING - findfont: Font family 'Arial' not found.
2026-02-15 13:41:30,475 - WARNING - findfont: Font family 'Arial' not found.
2026-02-15 13:41:30,476 - WARNING - findfont: Font family 'Arial' not found.
2026-02-15 13:41:30,476 - WARNING - findfont: Font family 'Arial' not found.
2026-02-15 13:41:30,477 - WARNING - findfont: Font family 'Arial' not found.
2026-02-15 13:41:30,477 - WARNING - findfont: Font family 'Arial' not found.
2026-02-15 13:41:30,480 - WARNING - findfont: Font family 'Arial' not found.
2026-02-15 13:41:30,496 - WARNING - findfont: Font family 'Arial' not found.
2026-02-15 13:41:30,506 - WARNING - findfont: Font family 'Arial' not found.
2026-02-15 13:41:30,524 - WARNING - findfont: Font family 'Arial' not found.
2026-02-15 13:41:30,525 - WARNING - findfont: Font family 'Arial' not found.
2026-02-15 13:41:30,526 - WARNING - findfont: Font family 'Arial' not found.
2026-02-15 13:41:30,526 - WARNING - findfont: Font family 'Arial' not found.
2026-02-15 13:41:30,566 - WARNING - findfont: Font family 'Arial' not found.
2026-02-15 13:41:30,567 - WARNING - findfont: Font family 'Arial' not found.
2026-02-15 13:41:30,568 - WARNING - findfont: Font family 'Arial' not found.
2026-02-15 13:41:30,568 - WARNING - findfont: Font family 'Arial' not found.
2026-02-15 13:41:30,569 - WARNING - findfont: Font family 'Arial' not found.
2026-02-15 13:41:30,569 - WARNING - findfont: Font family 'Arial' not found.
2026-02-15 13:41:30,572 - WARNING - findfont: Font family 'Arial' not found.
2026-02-15 13:41:30,584 - WARNING - findfont: Font family 'Arial' not found.
2026-02-15 13:41:30,614 - WARNING - findfont: Font family 'Arial' not found.
2026-02-15 13:41:30,615 - WARNING - findfont: Font family 'Arial' not found.
2026-02-15 13:41:30,615 - WARNING - findfont: Font family 'Arial' not found.
2026-02-15 13:41:30,616 - WARNING - findfont: Font family 'Arial' not found.
2026-02-15 13:41:30,625 - WARNING - findfont: Font family 'Arial' not found.
2026-02-15 13:41:30,646 - WARNING - findfont: Font family 'Arial' not found.
2026-02-15 13:41:30,655 - WARNING - findfont: Font family 'Arial' not found.
2026-02-15 13:41:30,672 - WARNING - findfont: Font family 'Arial' not found.
2026-02-15 13:41:30,673 - WARNING - findfont: Font family 'Arial' not found.
2026-02-15 13:41:30,673 - WARNING - findfont: Font family 'Arial' not found.
2026-02-15 13:41:30,674 - WARNING - findfont: Font family 'Arial' not found.
2026-02-15 13:41:30,676 - WARNING - findfont: Font family 'Arial' not found.
2026-02-15 13:41:30,685 - WARNING - findfont: Font family 'Arial' not found.
2026-02-15 13:41:30,686 - WARNING - findfont: Font family 'Arial' not found.
2026-02-15 13:41:30,687 - WARNING - findfont: Font family 'Arial' not found.
2026-02-15 13:41:30,688 - WARNING - findfont: Font family 'Arial' not found.
2026-02-15 13:41:30,688 - WARNING - findfont: Font family 'Arial' not found.
2026-02-15 13:41:30,703 - WARNING - findfont: Font family 'Arial' not found.
2026-02-15 13:41:30,704 - WARNING - findfont: Font family 'Arial' not found.
2026-02-15 13:41:30,706 - WARNING - findfont: Font family 'Arial' not found.
2026-02-15 13:41:30,715 - WARNING - findfont: Font family 'Arial' not found.
2026-02-15 13:41:30,719 - WARNING - findfont: Font family 'Arial' not found.
2026-02-15 13:41:32,228 - WARNING - findfont: Font family 'Arial' not found.
2026-02-15 13:41:32,229 - WARNING - findfont: Font family 'Arial' not found.
2026-02-15 13:41:32,229 - WARNING - findfont: Font family 'Arial' not found.
2026-02-15 13:41:32,229 - WARNING - findfont: Font family 'Arial' not found.
2026-02-15 13:41:32,230 - WARNING - findfont: Font family 'Arial' not found.
2026-02-15 13:41:32,230 - WARNING - findfont: Font family 'Arial' not found.
2026-02-15 13:41:32,231 - WARNING - findfont: Font family 'Arial' not found.
2026-02-15 13:41:32,234 - WARNING - findfont: Font family 'Arial' not found.
2026-02-15 13:41:32,236 - WARNING - findfont: Font family 'Arial' not found.
2026-02-15 13:41:32,237 - WARNING - findfont: Font family 'Arial' not found.
2026-02-15 13:41:32,237 - WARNING - findfont: Font family 'Arial' not found.
2026-02-15 13:41:32,238 - WARNING - findfont: Font family 'Arial' not found.
2026-02-15 13:41:32,238 - WARNING - findfont: Font family 'Arial' not found.
2026-02-15 13:41:32,239 - WARNING - findfont: Font family 'Arial' not found.
2026-02-15 13:41:32,241 - WARNING - findfont: Font family 'Arial' not found.
2026-02-15 13:41:32,242 - WARNING - findfont: Font family 'Arial' not found.
2026-02-15 13:41:32,242 - WARNING - findfont: Font family 'Arial' not found.
2026-02-15 13:41:32,288 - WARNING - findfont: Font family 'Arial' not found.
2026-02-15 13:41:32,288 - WARNING - findfont: Font family 'Arial' not found.
2026-02-15 13:41:32,289 - WARNING - findfont: Font family 'Arial' not found.
2026-02-15 13:41:32,290 - WARNING - findfont: Font family 'Arial' not found.
2026-02-15 13:41:32,329 - WARNING - findfont: Font family 'Arial' not found.
2026-02-15 13:41:32,330 - WARNING - findfont: Font family 'Arial' not found.
2026-02-15 13:41:32,330 - WARNING - findfont: Font family 'Arial' not found.
2026-02-15 13:41:32,331 - WARNING - findfont: Font family 'Arial' not found.
2026-02-15 13:41:32,331 - WARNING - findfont: Font family 'Arial' not found.
2026-02-15 13:41:32,332 - WARNING - findfont: Font family 'Arial' not found.
2026-02-15 13:41:32,334 - WARNING - findfont: Font family 'Arial' not found.
2026-02-15 13:41:32,335 - WARNING - findfont: Font family 'Arial' not found.
2026-02-15 13:41:32,383 - WARNING - findfont: Font family 'Arial' not found.
2026-02-15 13:41:32,383 - WARNING - findfont: Font family 'Arial' not found.
2026-02-15 13:41:32,384 - WARNING - findfont: Font family 'Arial' not found.
2026-02-15 13:41:32,384 - WARNING - findfont: Font family 'Arial' not found.
2026-02-15 13:41:32,387 - WARNING - findfont: Font family 'Arial' not found.
2026-02-15 13:41:32,410 - WARNING - findfont: Font family 'Arial' not found.
2026-02-15 13:41:32,411 - WARNING - findfont: Font family 'Arial' not found.
2026-02-15 13:41:32,431 - WARNING - findfont: Font family 'Arial' not found.
2026-02-15 13:41:32,432 - WARNING - findfont: Font family 'Arial' not found.
2026-02-15 13:41:32,432 - WARNING - findfont: Font family 'Arial' not found.
2026-02-15 13:41:32,433 - WARNING - findfont: Font family 'Arial' not found.
2026-02-15 13:41:32,436 - WARNING - findfont: Font family 'Arial' not found.
2026-02-15 13:41:32,436 - WARNING - findfont: Font family 'Arial' not found.
2026-02-15 13:41:32,450 - WARNING - findfont: Font family 'Arial' not found.
2026-02-15 13:41:32,451 - WARNING - findfont: Font family 'Arial' not found.
2026-02-15 13:41:32,451 - WARNING - findfont: Font family 'Arial' not found.
2026-02-15 13:41:32,452 - WARNING - findfont: Font family 'Arial' not found.
2026-02-15 13:41:32,459 - WARNING - findfont: Font family 'Arial' not found.
2026-02-15 13:41:32,459 - WARNING - findfont: Font family 'Arial' not found.
2026-02-15 13:41:32,462 - WARNING - findfont: Font family 'Arial' not found.
2026-02-15 13:41:32,463 - WARNING - findfont: Font family 'Arial' not found.
2026-02-15 13:41:32,478 - WARNING - findfont: Font family 'Arial' not found.
2026-02-15 13:41:32,663 - WARNING - findfont: Font family 'Arial' not found.
2026-02-15 13:41:32,664 - WARNING - findfont: Font family 'Arial' not found.
2026-02-15 13:41:32,664 - WARNING - findfont: Font family 'Arial' not found.
2026-02-15 13:41:32,665 - WARNING - findfont: Font family 'Arial' not found.
2026-02-15 13:41:32,665 - WARNING - findfont: Font family 'Arial' not found.
2026-02-15 13:41:32,666 - WARNING - findfont: Font family 'Arial' not found.
2026-02-15 13:41:32,666 - WARNING - findfont: Font family 'Arial' not found.
2026-02-15 13:41:32,669 - WARNING - findfont: Font family 'Arial' not found.
2026-02-15 13:41:32,671 - WARNING - findfont: Font family 'Arial' not found.
2026-02-15 13:41:32,672 - WARNING - findfont: Font family 'Arial' not found.
2026-02-15 13:41:32,672 - WARNING - findfont: Font family 'Arial' not found.
2026-02-15 13:41:32,672 - WARNING - findfont: Font family 'Arial' not found.
2026-02-15 13:41:32,673 - WARNING - findfont: Font family 'Arial' not found.
2026-02-15 13:41:32,673 - WARNING - findfont: Font family 'Arial' not found.
2026-02-15 13:41:32,676 - WARNING - findfont: Font family 'Arial' not found.
2026-02-15 13:41:32,676 - WARNING - findfont: Font family 'Arial' not found.
2026-02-15 13:41:32,677 - WARNING - findfont: Font family 'Arial' not found.
2026-02-15 13:41:32,680 - WARNING - findfont: Font family 'Arial' not found.
2026-02-15 13:41:32,699 - WARNING - findfont: Font family 'Arial' not found.
2026-02-15 13:41:32,701 - WARNING - findfont: Font family 'Arial' not found.
2026-02-15 13:41:32,702 - WARNING - findfont: Font family 'Arial' not found.
2026-02-15 13:41:32,703 - WARNING - findfont: Font family 'Arial' not found.
2026-02-15 13:41:32,704 - WARNING - findfont: Font family 'Arial' not found.
2026-02-15 13:41:32,708 - WARNING - findfont: Font family 'Arial' not found.
2026-02-15 13:41:32,711 - WARNING - findfont: Font family 'Arial' not found.
2026-02-15 13:41:32,713 - WARNING - findfont: Font family 'Arial' not found.
2026-02-15 13:41:32,714 - WARNING - findfont: Font family 'Arial' not found.
2026-02-15 13:41:32,715 - WARNING - findfont: Font family 'Arial' not found.
2026-02-15 13:41:32,716 - WARNING - findfont: Font family 'Arial' not found.
2026-02-15 13:41:32,718 - WARNING - findfont: Font family 'Arial' not found.
2026-02-15 13:41:32,722 - WARNING - findfont: Font family 'Arial' not found.
2026-02-15 13:41:32,797 - WARNING - findfont: Font family 'Arial' not found.
2026-02-15 13:41:32,798 - WARNING - findfont: Font family 'Arial' not found.
2026-02-15 13:41:32,799 - WARNING - findfont: Font family 'Arial' not found.
2026-02-15 13:41:32,800 - WARNING - findfont: Font family 'Arial' not found.
2026-02-15 13:41:32,800 - WARNING - findfont: Font family 'Arial' not found.
2026-02-15 13:41:32,830 - WARNING - findfont: Font family 'Arial' not found.
2026-02-15 13:41:32,832 - WARNING - findfont: Font family 'Arial' not found.
2026-02-15 13:41:32,833 - WARNING - findfont: Font family 'Arial' not found.
2026-02-15 13:41:32,835 - WARNING - findfont: Font family 'Arial' not found.
2026-02-15 13:41:32,844 - WARNING - findfont: Font family 'Arial' not found.
2026-02-15 13:41:32,844 - WARNING - findfont: Font family 'Arial' not found.
2026-02-15 13:41:32,845 - WARNING - findfont: Font family 'Arial' not found.
2026-02-15 13:41:32,845 - WARNING - findfont: Font family 'Arial' not found.
2026-02-15 13:41:32,846 - WARNING - findfont: Font family 'Arial' not found.
2026-02-15 13:41:32,846 - WARNING - findfont: Font family 'Arial' not found.
2026-02-15 13:41:32,849 - WARNING - findfont: Font family 'Arial' not found.
2026-02-15 13:41:32,850 - WARNING - findfont: Font family 'Arial' not found.
2026-02-15 13:41:32,854 - WARNING - findfont: Font family 'Arial' not found.
2026-02-15 13:41:32,855 - WARNING - findfont: Font family 'Arial' not found.
2026-02-15 13:41:32,856 - WARNING - findfont: Font family 'Arial' not found.
2026-02-15 13:41:32,858 - WARNING - findfont: Font family 'Arial' not found.
2026-02-15 13:41:32,859 - WARNING - findfont: Font family 'Arial' not found.
2026-02-15 13:41:32,860 - WARNING - findfont: Font family 'Arial' not found.
2026-02-15 13:41:32,864 - WARNING - findfont: Font family 'Arial' not found.
2026-02-15 13:41:32,868 - WARNING - findfont: Font family 'Arial' not found.
2026-02-15 13:41:32,869 - WARNING - findfont: Font family 'Arial' not found.
2026-02-15 13:41:32,870 - WARNING - findfont: Font family 'Arial' not found.
2026-02-15 13:41:32,871 - WARNING - findfont: Font family 'Arial' not found.
2026-02-15 13:41:32,873 - WARNING - findfont: Font family 'Arial' not found.
2026-02-15 13:41:32,874 - WARNING - findfont: Font family 'Arial' not found.
2026-02-15 13:41:32,878 - WARNING - findfont: Font family 'Arial' not found.
2026-02-15 13:41:32,890 - WARNING - findfont: Font family 'Arial' not found.
2026-02-15 13:41:32,910 - WARNING - findfont: Font family 'Arial' not found.
2026-02-15 13:41:32,912 - WARNING - findfont: Font family 'Arial' not found.
2026-02-15 13:41:32,914 - WARNING - findfont: Font family 'Arial' not found.
2026-02-15 13:41:32,915 - WARNING - findfont: Font family 'Arial' not found.
2026-02-15 13:41:32,921 - WARNING - findfont: Font family 'Arial' not found.
2026-02-15 13:41:32,921 - WARNING - findfont: Font family 'Arial' not found.
2026-02-15 13:41:32,922 - WARNING - findfont: Font family 'Arial' not found.
2026-02-15 13:41:32,922 - WARNING - findfont: Font family 'Arial' not found.
2026-02-15 13:41:32,925 - WARNING - findfont: Font family 'Arial' not found.
2026-02-15 13:41:32,928 - WARNING - findfont: Font family 'Arial' not found.
2026-02-15 13:41:32,929 - WARNING - findfont: Font family 'Arial' not found.
2026-02-15 13:41:32,931 - WARNING - findfont: Font family 'Arial' not found.
2026-02-15 13:41:32,932 - WARNING - findfont: Font family 'Arial' not found.
2026-02-15 13:41:32,937 - WARNING - findfont: Font family 'Arial' not found.
2026-02-15 13:41:32,938 - WARNING - findfont: Font family 'Arial' not found.
2026-02-15 13:41:32,939 - WARNING - findfont: Font family 'Arial' not found.
2026-02-15 13:41:32,940 - WARNING - findfont: Font family 'Arial' not found.
2026-02-15 13:41:32,941 - WARNING - findfont: Font family 'Arial' not found.
2026-02-15 13:41:32,945 - WARNING - findfont: Font family 'Arial' not found.
2026-02-15 13:41:32,954 - WARNING - findfont: Font family 'Arial' not found.
2026-02-15 13:41:32,962 - WARNING - findfont: Font family 'Arial' not found.
2026-02-15 13:41:32,963 - WARNING - findfont: Font family 'Arial' not found.
2026-02-15 13:41:32,966 - WARNING - findfont: Font family 'Arial' not found.
2026-02-15 13:41:32,967 - WARNING - findfont: Font family 'Arial' not found.
2026-02-15 13:41:32,969 - WARNING - findfont: Font family 'Arial' not found.
2026-02-15 13:41:32,970 - WARNING - findfont: Font family 'Arial' not found.
2026-02-15 13:41:32,975 - WARNING - findfont: Font family 'Arial' not found.
2026-02-15 13:41:32,976 - WARNING - findfont: Font family 'Arial' not found.
2026-02-15 13:41:32,977 - WARNING - findfont: Font family 'Arial' not found.
2026-02-15 13:41:32,979 - WARNING - findfont: Font family 'Arial' not found.
2026-02-15 13:41:32,980 - WARNING - findfont: Font family 'Arial' not found.
2026-02-15 13:41:32,981 - WARNING - findfont: Font family 'Arial' not found.
2026-02-15 13:41:32,985 - WARNING - findfont: Font family 'Arial' not found.
2026-02-15 13:41:32,989 - WARNING - findfont: Font family 'Arial' not found.
2026-02-15 13:41:32,994 - WARNING - findfont: Font family 'Arial' not found.
2026-02-15 13:41:32,995 - WARNING - findfont: Font family 'Arial' not found.
2026-02-15 13:41:32,995 - WARNING - findfont: Font family 'Arial' not found.
2026-02-15 13:41:32,996 - WARNING - findfont: Font family 'Arial' not found.
2026-02-15 13:41:32,998 - WARNING - findfont: Font family 'Arial' not found.
2026-02-15 13:41:32,999 - WARNING - findfont: Font family 'Arial' not found.
2026-02-15 13:41:33,002 - WARNING - findfont: Font family 'Arial' not found.
2026-02-15 13:41:33,003 - WARNING - findfont: Font family 'Arial' not found.
2026-02-15 13:41:33,005 - WARNING - findfont: Font family 'Arial' not found.
2026-02-15 13:41:33,006 - WARNING - findfont: Font family 'Arial' not found.
2026-02-15 13:41:33,010 - WARNING - findfont: Font family 'Arial' not found.
2026-02-15 13:41:33,012 - WARNING - findfont: Font family 'Arial' not found.
2026-02-15 13:41:33,013 - WARNING - findfont: Font family 'Arial' not found.
2026-02-15 13:41:33,014 - WARNING - findfont: Font family 'Arial' not found.
2026-02-15 13:41:33,016 - WARNING - findfont: Font family 'Arial' not found.
2026-02-15 13:41:33,020 - WARNING - findfont: Font family 'Arial' not found.
2026-02-15 13:41:33,023 - WARNING - findfont: Font family 'Arial' not found.
2026-02-15 13:41:33,023 - WARNING - findfont: Font family 'Arial' not found.
2026-02-15 13:41:33,024 - WARNING - findfont: Font family 'Arial' not found.
2026-02-15 13:41:33,024 - WARNING - findfont: Font family 'Arial' not found.
2026-02-15 13:41:33,025 - WARNING - findfont: Font family 'Arial' not found.
2026-02-15 13:41:33,025 - WARNING - findfont: Font family 'Arial' not found.
2026-02-15 13:41:33,026 - WARNING - findfont: Font family 'Arial' not found.
2026-02-15 13:41:33,026 - WARNING - findfont: Font family 'Arial' not found.
2026-02-15 13:41:33,027 - WARNING - findfont: Font family 'Arial' not found.
2026-02-15 13:41:33,033 - WARNING - findfont: Font family 'Arial' not found.
2026-02-15 13:41:33,033 - WARNING - findfont: Font family 'Arial' not found.
2026-02-15 13:41:33,035 - WARNING - findfont: Font family 'Arial' not found.
2026-02-15 13:41:33,036 - WARNING - findfont: Font family 'Arial' not found.
2026-02-15 13:41:33,039 - WARNING - findfont: Font family 'Arial' not found.
2026-02-15 13:41:33,040 - WARNING - findfont: Font family 'Arial' not found.
2026-02-15 13:41:33,042 - WARNING - findfont: Font family 'Arial' not found.
2026-02-15 13:41:33,043 - WARNING - findfont: Font family 'Arial' not found.
2026-02-15 13:41:33,048 - WARNING - findfont: Font family 'Arial' not found.
2026-02-15 13:41:33,049 - WARNING - findfont: Font family 'Arial' not found.
2026-02-15 13:41:33,050 - WARNING - findfont: Font family 'Arial' not found.
2026-02-15 13:41:33,051 - WARNING - findfont: Font family 'Arial' not found.
2026-02-15 13:41:33,053 - WARNING - findfont: Font family 'Arial' not found.
2026-02-15 13:41:33,056 - WARNING - findfont: Font family 'Arial' not found.
2026-02-15 13:41:33,060 - WARNING - findfont: Font family 'Arial' not found.
2026-02-15 13:41:33,061 - WARNING - findfont: Font family 'Arial' not found.
2026-02-15 13:41:33,065 - WARNING - findfont: Font family 'Arial' not found.
2026-02-15 13:41:33,148 - WARNING - findfont: Font family 'Arial' not found.
2026-02-15 13:41:33,150 - WARNING - findfont: Font family 'Arial' not found.
2026-02-15 13:41:33,151 - WARNING - findfont: Font family 'Arial' not found.
2026-02-15 13:41:33,152 - WARNING - findfont: Font family 'Arial' not found.
2026-02-15 13:41:33,154 - WARNING - findfont: Font family 'Arial' not found.
2026-02-15 13:41:33,155 - WARNING - findfont: Font family 'Arial' not found.
2026-02-15 13:41:33,159 - WARNING - findfont: Font family 'Arial' not found.
2026-02-15 13:41:33,162 - WARNING - findfont: Font family 'Arial' not found.
2026-02-15 13:41:33,163 - WARNING - findfont: Font family 'Arial' not found.
2026-02-15 13:41:33,165 - WARNING - findfont: Font family 'Arial' not found.
2026-02-15 13:41:33,166 - WARNING - findfont: Font family 'Arial' not found.
2026-02-15 13:41:33,167 - WARNING - findfont: Font family 'Arial' not found.
2026-02-15 13:41:33,168 - WARNING - findfont: Font family 'Arial' not found.
2026-02-15 13:41:33,171 - WARNING - findfont: Font family 'Arial' not found.
2026-02-15 13:41:33,303 - WARNING - findfont: Font family 'Arial' not found.
2026-02-15 13:41:33,335 - WARNING - findfont: Font family 'Arial' not found.
2026-02-15 13:41:33,337 - WARNING - findfont: Font family 'Arial' not found.
2026-02-15 13:41:33,338 - WARNING - findfont: Font family 'Arial' not found.
2026-02-15 13:41:33,340 - WARNING - findfont: Font family 'Arial' not found.
2026-02-15 13:41:33,359 - WARNING - findfont: Font family 'Arial' not found.
2026-02-15 13:41:33,360 - WARNING - findfont: Font family 'Arial' not found.
2026-02-15 13:41:33,362 - WARNING - findfont: Font family 'Arial' not found.
2026-02-15 13:41:33,363 - WARNING - findfont: Font family 'Arial' not found.
2026-02-15 13:41:33,364 - WARNING - findfont: Font family 'Arial' not found.
2026-02-15 13:41:33,365 - WARNING - findfont: Font family 'Arial' not found.
2026-02-15 13:41:33,369 - WARNING - findfont: Font family 'Arial' not found.
2026-02-15 13:41:33,373 - WARNING - findfont: Font family 'Arial' not found.
2026-02-15 13:41:33,374 - WARNING - findfont: Font family 'Arial' not found.
2026-02-15 13:41:33,375 - WARNING - findfont: Font family 'Arial' not found.
2026-02-15 13:41:33,376 - WARNING - findfont: Font family 'Arial' not found.
2026-02-15 13:41:33,377 - WARNING - findfont: Font family 'Arial' not found.
2026-02-15 13:41:33,378 - WARNING - findfont: Font family 'Arial' not found.
2026-02-15 13:41:33,382 - WARNING - findfont: Font family 'Arial' not found.
2026-02-15 13:41:33,395 - WARNING - findfont: Font family 'Arial' not found.
2026-02-15 13:41:33,418 - WARNING - findfont: Font family 'Arial' not found.
2026-02-15 13:41:33,420 - WARNING - findfont: Font family 'Arial' not found.
2026-02-15 13:41:33,421 - WARNING - findfont: Font family 'Arial' not found.
2026-02-15 13:41:33,422 - WARNING - findfont: Font family 'Arial' not found.
2026-02-15 13:41:33,437 - WARNING - findfont: Font family 'Arial' not found.
2026-02-15 13:41:33,439 - WARNING - findfont: Font family 'Arial' not found.
2026-02-15 13:41:33,441 - WARNING - findfont: Font family 'Arial' not found.
2026-02-15 13:41:33,443 - WARNING - findfont: Font family 'Arial' not found.
2026-02-15 13:41:33,449 - WARNING - findfont: Font family 'Arial' not found.
2026-02-15 13:41:33,450 - WARNING - findfont: Font family 'Arial' not found.
2026-02-15 13:41:33,451 - WARNING - findfont: Font family 'Arial' not found.
2026-02-15 13:41:33,452 - WARNING - findfont: Font family 'Arial' not found.
2026-02-15 13:41:33,453 - WARNING - findfont: Font family 'Arial' not found.
2026-02-15 13:41:33,457 - WARNING - findfont: Font family 'Arial' not found.
2026-02-15 13:41:33,464 - WARNING - findfont: Font family 'Arial' not found.
2026-02-15 13:41:33,480 - WARNING - findfont: Font family 'Arial' not found.
2026-02-15 13:41:33,482 - WARNING - findfont: Font family 'Arial' not found.
2026-02-15 13:41:33,484 - WARNING - findfont: Font family 'Arial' not found.
2026-02-15 13:41:33,487 - WARNING - findfont: Font family 'Arial' not found.
2026-02-15 13:41:33,492 - WARNING - findfont: Font family 'Arial' not found.
2026-02-15 13:41:33,493 - WARNING - findfont: Font family 'Arial' not found.
2026-02-15 13:41:33,494 - WARNING - findfont: Font family 'Arial' not found.
2026-02-15 13:41:33,495 - WARNING - findfont: Font family 'Arial' not found.
2026-02-15 13:41:33,496 - WARNING - findfont: Font family 'Arial' not found.
2026-02-15 13:41:33,497 - WARNING - findfont: Font family 'Arial' not found.
2026-02-15 13:41:33,501 - WARNING - findfont: Font family 'Arial' not found.
2026-02-15 13:41:33,507 - WARNING - findfont: Font family 'Arial' not found.
2026-02-15 13:41:33,521 - WARNING - findfont: Font family 'Arial' not found.
2026-02-15 13:41:33,523 - WARNING - findfont: Font family 'Arial' not found.
2026-02-15 13:41:33,525 - WARNING - findfont: Font family 'Arial' not found.
2026-02-15 13:41:33,528 - WARNING - findfont: Font family 'Arial' not found.
2026-02-15 13:41:33,533 - WARNING - findfont: Font family 'Arial' not found.
2026-02-15 13:41:33,534 - WARNING - findfont: Font family 'Arial' not found.
2026-02-15 13:41:33,535 - WARNING - findfont: Font family 'Arial' not found.
2026-02-15 13:41:33,536 - WARNING - findfont: Font family 'Arial' not found.
2026-02-15 13:41:33,537 - WARNING - findfont: Font family 'Arial' not found.
2026-02-15 13:41:33,541 - WARNING - findfont: Font family 'Arial' not found.
2026-02-15 13:41:33,547 - WARNING - findfont: Font family 'Arial' not found.
2026-02-15 13:41:33,548 - WARNING - findfont: Font family 'Arial' not found.
2026-02-15 13:41:33,549 - WARNING - findfont: Font family 'Arial' not found.
2026-02-15 13:41:33,549 - WARNING - findfont: Font family 'Arial' not found.
2026-02-15 13:41:33,550 - WARNING - findfont: Font family 'Arial' not found.
2026-02-15 13:41:33,565 - WARNING - findfont: Font family 'Arial' not found.
2026-02-15 13:41:33,567 - WARNING - findfont: Font family 'Arial' not found.
2026-02-15 13:41:33,569 - WARNING - findfont: Font family 'Arial' not found.
2026-02-15 13:41:33,571 - WARNING - findfont: Font family 'Arial' not found.
2026-02-15 13:41:33,576 - WARNING - findfont: Font family 'Arial' not found.
2026-02-15 13:41:33,577 - WARNING - findfont: Font family 'Arial' not found.
2026-02-15 13:41:33,578 - WARNING - findfont: Font family 'Arial' not found.
2026-02-15 13:41:33,579 - WARNING - findfont: Font family 'Arial' not found.
2026-02-15 13:41:33,580 - WARNING - findfont: Font family 'Arial' not found.
2026-02-15 13:41:33,583 - WARNING - findfont: Font family 'Arial' not found.
2026-02-15 13:41:33,593 - WARNING - findfont: Font family 'Arial' not found.
2026-02-15 13:41:33,598 - WARNING - findfont: Font family 'Arial' not found.
2026-02-15 13:41:33,598 - INFO - Saved IFIT comparison figure to /mnt/vstor/SOM_CCCC_JGS25/sayyar/IFIT1-IFIT2-secondary-analysis/data/results/figures/ifit_comparison.pdf
2026-02-15 13:41:33,601 - INFO - 
Generating UTR length analysis figure...
2026-02-15 13:41:33,814 - WARNING - findfont: Font family 'Arial' not found.
2026-02-15 13:41:33,814 - WARNING - findfont: Font family 'Arial' not found.
2026-02-15 13:41:33,815 - WARNING - findfont: Font family 'Arial' not found.
2026-02-15 13:41:33,815 - WARNING - findfont: Font family 'Arial' not found.
2026-02-15 13:41:33,816 - WARNING - findfont: Font family 'Arial' not found.
2026-02-15 13:41:33,816 - WARNING - findfont: Font family 'Arial' not found.
2026-02-15 13:41:33,817 - WARNING - findfont: Font family 'Arial' not found.
2026-02-15 13:41:33,819 - WARNING - findfont: Font family 'Arial' not found.
2026-02-15 13:41:33,830 - WARNING - findfont: Font family 'Arial' not found.
2026-02-15 13:41:33,831 - WARNING - findfont: Font family 'Arial' not found.
2026-02-15 13:41:33,831 - WARNING - findfont: Font family 'Arial' not found.
2026-02-15 13:41:33,832 - WARNING - findfont: Font family 'Arial' not found.
2026-02-15 13:41:33,832 - WARNING - findfont: Font family 'Arial' not found.
2026-02-15 13:41:33,833 - WARNING - findfont: Font family 'Arial' not found.
2026-02-15 13:41:33,836 - WARNING - findfont: Font family 'Arial' not found.
2026-02-15 13:41:33,847 - WARNING - findfont: Font family 'Arial' not found.
2026-02-15 13:41:33,848 - WARNING - findfont: Font family 'Arial' not found.
2026-02-15 13:41:33,858 - WARNING - findfont: Font family 'Arial' not found.
2026-02-15 13:41:33,859 - WARNING - findfont: Font family 'Arial' not found.
2026-02-15 13:41:33,888 - WARNING - findfont: Font family 'Arial' not found.
2026-02-15 13:41:33,888 - WARNING - findfont: Font family 'Arial' not found.
2026-02-15 13:41:33,889 - WARNING - findfont: Font family 'Arial' not found.
2026-02-15 13:41:33,889 - WARNING - findfont: Font family 'Arial' not found.
2026-02-15 13:41:33,890 - WARNING - findfont: Font family 'Arial' not found.
2026-02-15 13:41:33,890 - WARNING - findfont: Font family 'Arial' not found.
2026-02-15 13:41:33,893 - WARNING - findfont: Font family 'Arial' not found.
2026-02-15 13:41:33,904 - WARNING - findfont: Font family 'Arial' not found.
2026-02-15 13:41:33,910 - WARNING - findfont: Font family 'Arial' not found.
2026-02-15 13:41:33,934 - WARNING - findfont: Font family 'Arial' not found.
2026-02-15 13:41:33,934 - WARNING - findfont: Font family 'Arial' not found.
2026-02-15 13:41:33,935 - WARNING - findfont: Font family 'Arial' not found.
2026-02-15 13:41:33,935 - WARNING - findfont: Font family 'Arial' not found.
2026-02-15 13:41:33,945 - WARNING - findfont: Font family 'Arial' not found.
2026-02-15 13:41:33,946 - WARNING - findfont: Font family 'Arial' not found.
2026-02-15 13:41:33,955 - WARNING - findfont: Font family 'Arial' not found.
2026-02-15 13:41:33,955 - WARNING - findfont: Font family 'Arial' not found.
2026-02-15 13:41:33,956 - WARNING - findfont: Font family 'Arial' not found.
2026-02-15 13:41:33,956 - WARNING - findfont: Font family 'Arial' not found.
2026-02-15 13:41:33,957 - WARNING - findfont: Font family 'Arial' not found.
2026-02-15 13:41:33,957 - WARNING - findfont: Font family 'Arial' not found.
2026-02-15 13:41:33,957 - WARNING - findfont: Font family 'Arial' not found.
2026-02-15 13:41:33,960 - WARNING - findfont: Font family 'Arial' not found.
2026-02-15 13:41:33,963 - WARNING - findfont: Font family 'Arial' not found.
2026-02-15 13:41:33,963 - WARNING - findfont: Font family 'Arial' not found.
2026-02-15 13:41:33,964 - WARNING - findfont: Font family 'Arial' not found.
2026-02-15 13:41:33,964 - WARNING - findfont: Font family 'Arial' not found.
2026-02-15 13:41:33,965 - WARNING - findfont: Font family 'Arial' not found.
2026-02-15 13:41:33,965 - WARNING - findfont: Font family 'Arial' not found.
2026-02-15 13:41:33,968 - WARNING - findfont: Font family 'Arial' not found.
2026-02-15 13:41:33,968 - WARNING - findfont: Font family 'Arial' not found.
2026-02-15 13:41:33,969 - WARNING - findfont: Font family 'Arial' not found.
2026-02-15 13:41:33,998 - WARNING - findfont: Font family 'Arial' not found.
2026-02-15 13:41:33,999 - WARNING - findfont: Font family 'Arial' not found.
2026-02-15 13:41:34,022 - WARNING - findfont: Font family 'Arial' not found.
2026-02-15 13:41:34,022 - WARNING - findfont: Font family 'Arial' not found.
2026-02-15 13:41:34,023 - WARNING - findfont: Font family 'Arial' not found.
2026-02-15 13:41:34,023 - WARNING - findfont: Font family 'Arial' not found.
2026-02-15 13:41:34,023 - WARNING - findfont: Font family 'Arial' not found.
2026-02-15 13:41:34,024 - WARNING - findfont: Font family 'Arial' not found.
2026-02-15 13:41:34,027 - WARNING - findfont: Font family 'Arial' not found.
2026-02-15 13:41:34,028 - WARNING - findfont: Font family 'Arial' not found.
2026-02-15 13:41:34,045 - WARNING - findfont: Font family 'Arial' not found.
2026-02-15 13:41:34,068 - WARNING - findfont: Font family 'Arial' not found.
2026-02-15 13:41:34,069 - WARNING - findfont: Font family 'Arial' not found.
2026-02-15 13:41:34,069 - WARNING - findfont: Font family 'Arial' not found.
2026-02-15 13:41:34,069 - WARNING - findfont: Font family 'Arial' not found.
2026-02-15 13:41:34,072 - WARNING - findfont: Font family 'Arial' not found.
2026-02-15 13:41:34,084 - WARNING - findfont: Font family 'Arial' not found.
2026-02-15 13:41:34,181 - WARNING - findfont: Font family 'Arial' not found.
2026-02-15 13:41:34,182 - WARNING - findfont: Font family 'Arial' not found.
2026-02-15 13:41:34,182 - WARNING - findfont: Font family 'Arial' not found.
2026-02-15 13:41:34,182 - WARNING - findfont: Font family 'Arial' not found.
2026-02-15 13:41:34,183 - WARNING - findfont: Font family 'Arial' not found.
2026-02-15 13:41:34,183 - WARNING - findfont: Font family 'Arial' not found.
2026-02-15 13:41:34,184 - WARNING - findfont: Font family 'Arial' not found.
2026-02-15 13:41:34,187 - WARNING - findfont: Font family 'Arial' not found.
2026-02-15 13:41:34,189 - WARNING - findfont: Font family 'Arial' not found.
2026-02-15 13:41:34,190 - WARNING - findfont: Font family 'Arial' not found.
2026-02-15 13:41:34,190 - WARNING - findfont: Font family 'Arial' not found.
2026-02-15 13:41:34,191 - WARNING - findfont: Font family 'Arial' not found.
2026-02-15 13:41:34,191 - WARNING - findfont: Font family 'Arial' not found.
2026-02-15 13:41:34,191 - WARNING - findfont: Font family 'Arial' not found.
2026-02-15 13:41:34,194 - WARNING - findfont: Font family 'Arial' not found.
2026-02-15 13:41:34,195 - WARNING - findfont: Font family 'Arial' not found.
2026-02-15 13:41:34,195 - WARNING - findfont: Font family 'Arial' not found.
2026-02-15 13:41:34,199 - WARNING - findfont: Font family 'Arial' not found.
2026-02-15 13:41:34,200 - WARNING - findfont: Font family 'Arial' not found.
2026-02-15 13:41:34,201 - WARNING - findfont: Font family 'Arial' not found.
2026-02-15 13:41:34,203 - WARNING - findfont: Font family 'Arial' not found.
2026-02-15 13:41:34,204 - WARNING - findfont: Font family 'Arial' not found.
2026-02-15 13:41:34,205 - WARNING - findfont: Font family 'Arial' not found.
2026-02-15 13:41:34,209 - WARNING - findfont: Font family 'Arial' not found.
2026-02-15 13:41:34,212 - WARNING - findfont: Font family 'Arial' not found.
2026-02-15 13:41:34,213 - WARNING - findfont: Font family 'Arial' not found.
2026-02-15 13:41:34,214 - WARNING - findfont: Font family 'Arial' not found.
2026-02-15 13:41:34,216 - WARNING - findfont: Font family 'Arial' not found.
2026-02-15 13:41:34,217 - WARNING - findfont: Font family 'Arial' not found.
2026-02-15 13:41:34,218 - WARNING - findfont: Font family 'Arial' not found.
2026-02-15 13:41:34,222 - WARNING - findfont: Font family 'Arial' not found.
2026-02-15 13:41:34,258 - WARNING - findfont: Font family 'Arial' not found.
2026-02-15 13:41:34,259 - WARNING - findfont: Font family 'Arial' not found.
2026-02-15 13:41:34,259 - WARNING - findfont: Font family 'Arial' not found.
2026-02-15 13:41:34,275 - WARNING - findfont: Font family 'Arial' not found.
2026-02-15 13:41:34,276 - WARNING - findfont: Font family 'Arial' not found.
2026-02-15 13:41:34,284 - WARNING - findfont: Font family 'Arial' not found.
2026-02-15 13:41:34,284 - WARNING - findfont: Font family 'Arial' not found.
2026-02-15 13:41:34,285 - WARNING - findfont: Font family 'Arial' not found.
2026-02-15 13:41:34,285 - WARNING - findfont: Font family 'Arial' not found.
2026-02-15 13:41:34,285 - WARNING - findfont: Font family 'Arial' not found.
2026-02-15 13:41:34,286 - WARNING - findfont: Font family 'Arial' not found.
2026-02-15 13:41:34,288 - WARNING - findfont: Font family 'Arial' not found.
2026-02-15 13:41:34,289 - WARNING - findfont: Font family 'Arial' not found.
2026-02-15 13:41:34,293 - WARNING - findfont: Font family 'Arial' not found.
2026-02-15 13:41:34,294 - WARNING - findfont: Font family 'Arial' not found.
2026-02-15 13:41:34,295 - WARNING - findfont: Font family 'Arial' not found.
2026-02-15 13:41:34,296 - WARNING - findfont: Font family 'Arial' not found.
2026-02-15 13:41:34,297 - WARNING - findfont: Font family 'Arial' not found.
2026-02-15 13:41:34,298 - WARNING - findfont: Font family 'Arial' not found.
2026-02-15 13:41:34,302 - WARNING - findfont: Font family 'Arial' not found.
2026-02-15 13:41:34,306 - WARNING - findfont: Font family 'Arial' not found.
2026-02-15 13:41:34,307 - WARNING - findfont: Font family 'Arial' not found.
2026-02-15 13:41:34,308 - WARNING - findfont: Font family 'Arial' not found.
2026-02-15 13:41:34,309 - WARNING - findfont: Font family 'Arial' not found.
2026-02-15 13:41:34,311 - WARNING - findfont: Font family 'Arial' not found.
2026-02-15 13:41:34,312 - WARNING - findfont: Font family 'Arial' not found.
2026-02-15 13:41:34,315 - WARNING - findfont: Font family 'Arial' not found.
2026-02-15 13:41:34,324 - WARNING - findfont: Font family 'Arial' not found.
2026-02-15 13:41:34,325 - WARNING - findfont: Font family 'Arial' not found.
2026-02-15 13:41:34,344 - WARNING - findfont: Font family 'Arial' not found.
2026-02-15 13:41:34,345 - WARNING - findfont: Font family 'Arial' not found.
2026-02-15 13:41:34,347 - WARNING - findfont: Font family 'Arial' not found.
2026-02-15 13:41:34,351 - WARNING - findfont: Font family 'Arial' not found.
2026-02-15 13:41:34,352 - WARNING - findfont: Font family 'Arial' not found.
2026-02-15 13:41:34,352 - WARNING - findfont: Font family 'Arial' not found.
2026-02-15 13:41:34,353 - WARNING - findfont: Font family 'Arial' not found.
2026-02-15 13:41:34,356 - WARNING - findfont: Font family 'Arial' not found.
2026-02-15 13:41:34,358 - WARNING - findfont: Font family 'Arial' not found.
2026-02-15 13:41:34,359 - WARNING - findfont: Font family 'Arial' not found.
2026-02-15 13:41:34,363 - WARNING - findfont: Font family 'Arial' not found.
2026-02-15 13:41:34,364 - WARNING - findfont: Font family 'Arial' not found.
2026-02-15 13:41:34,365 - WARNING - findfont: Font family 'Arial' not found.
2026-02-15 13:41:34,366 - WARNING - findfont: Font family 'Arial' not found.
2026-02-15 13:41:34,368 - WARNING - findfont: Font family 'Arial' not found.
2026-02-15 13:41:34,369 - WARNING - findfont: Font family 'Arial' not found.
2026-02-15 13:41:34,372 - WARNING - findfont: Font family 'Arial' not found.
2026-02-15 13:41:34,377 - WARNING - findfont: Font family 'Arial' not found.
2026-02-15 13:41:34,377 - WARNING - findfont: Font family 'Arial' not found.
2026-02-15 13:41:34,378 - WARNING - findfont: Font family 'Arial' not found.
2026-02-15 13:41:34,431 - WARNING - findfont: Font family 'Arial' not found.
2026-02-15 13:41:34,433 - WARNING - findfont: Font family 'Arial' not found.
2026-02-15 13:41:34,434 - WARNING - findfont: Font family 'Arial' not found.
2026-02-15 13:41:34,435 - WARNING - findfont: Font family 'Arial' not found.
2026-02-15 13:41:34,436 - WARNING - findfont: Font family 'Arial' not found.
2026-02-15 13:41:34,438 - WARNING - findfont: Font family 'Arial' not found.
2026-02-15 13:41:34,441 - WARNING - findfont: Font family 'Arial' not found.
2026-02-15 13:41:34,445 - WARNING - findfont: Font family 'Arial' not found.
2026-02-15 13:41:34,446 - WARNING - findfont: Font family 'Arial' not found.
2026-02-15 13:41:34,447 - WARNING - findfont: Font family 'Arial' not found.
2026-02-15 13:41:34,448 - WARNING - findfont: Font family 'Arial' not found.
2026-02-15 13:41:34,449 - WARNING - findfont: Font family 'Arial' not found.
2026-02-15 13:41:34,451 - WARNING - findfont: Font family 'Arial' not found.
2026-02-15 13:41:34,455 - WARNING - findfont: Font family 'Arial' not found.
2026-02-15 13:41:34,515 - WARNING - findfont: Font family 'Arial' not found.
2026-02-15 13:41:34,534 - WARNING - findfont: Font family 'Arial' not found.
2026-02-15 13:41:34,535 - WARNING - findfont: Font family 'Arial' not found.
2026-02-15 13:41:34,553 - WARNING - findfont: Font family 'Arial' not found.
2026-02-15 13:41:34,554 - WARNING - findfont: Font family 'Arial' not found.
2026-02-15 13:41:34,556 - WARNING - findfont: Font family 'Arial' not found.
2026-02-15 13:41:34,557 - WARNING - findfont: Font family 'Arial' not found.
2026-02-15 13:41:34,558 - WARNING - findfont: Font family 'Arial' not found.
2026-02-15 13:41:34,559 - WARNING - findfont: Font family 'Arial' not found.
2026-02-15 13:41:34,563 - WARNING - findfont: Font family 'Arial' not found.
2026-02-15 13:41:34,567 - WARNING - findfont: Font family 'Arial' not found.
2026-02-15 13:41:34,568 - WARNING - findfont: Font family 'Arial' not found.
2026-02-15 13:41:34,569 - WARNING - findfont: Font family 'Arial' not found.
2026-02-15 13:41:34,570 - WARNING - findfont: Font family 'Arial' not found.
2026-02-15 13:41:34,571 - WARNING - findfont: Font family 'Arial' not found.
2026-02-15 13:41:34,572 - WARNING - findfont: Font family 'Arial' not found.
2026-02-15 13:41:34,576 - WARNING - findfont: Font family 'Arial' not found.
2026-02-15 13:41:34,586 - WARNING - findfont: Font family 'Arial' not found.
2026-02-15 13:41:34,608 - WARNING - findfont: Font family 'Arial' not found.
2026-02-15 13:41:34,609 - WARNING - findfont: Font family 'Arial' not found.
2026-02-15 13:41:34,610 - WARNING - findfont: Font family 'Arial' not found.
2026-02-15 13:41:34,622 - WARNING - findfont: Font family 'Arial' not found.
2026-02-15 13:41:34,623 - WARNING - findfont: Font family 'Arial' not found.
2026-02-15 13:41:34,627 - WARNING - findfont: Font family 'Arial' not found.
2026-02-15 13:41:34,628 - WARNING - findfont: Font family 'Arial' not found.
2026-02-15 13:41:34,629 - WARNING - findfont: Font family 'Arial' not found.
2026-02-15 13:41:34,630 - WARNING - findfont: Font family 'Arial' not found.
2026-02-15 13:41:34,631 - WARNING - findfont: Font family 'Arial' not found.
2026-02-15 13:41:34,632 - WARNING - findfont: Font family 'Arial' not found.
2026-02-15 13:41:34,636 - WARNING - findfont: Font family 'Arial' not found.
2026-02-15 13:41:34,641 - WARNING - findfont: Font family 'Arial' not found.
2026-02-15 13:41:34,642 - WARNING - findfont: Font family 'Arial' not found.
2026-02-15 13:41:34,643 - INFO - Saved UTR length analysis figure to /mnt/vstor/SOM_CCCC_JGS25/sayyar/IFIT1-IFIT2-secondary-analysis/data/results/figures/utr_length_histogram.pdf
2026-02-15 13:41:34,643 - INFO - 
======================================================================
2026-02-15 13:41:34,643 - INFO - Visualization complete!
2026-02-15 13:41:34,643 - INFO - ======================================================================
2026-02-15 13:41:34,643 - INFO - 
Figures saved to:
2026-02-15 13:41:34,643 - INFO -   /mnt/vstor/SOM_CCCC_JGS25/sayyar/IFIT1-IFIT2-secondary-analysis/data/results/figures/ifit_comparison.pdf
2026-02-15 13:41:34,643 - INFO -   /mnt/vstor/SOM_CCCC_JGS25/sayyar/IFIT1-IFIT2-secondary-analysis/data/results/figures/utr_length_histogram.pdf
