# UMI-tools version: 1.1.6
# output generated by extract --bc-pattern NNNNNNNNNN --stdin /mnt/vstor/SOM_CCCC_JGS25/sayyar/IFIT1-IFIT2-secondary-analysis/data/raw_fastq/SRR31773514.fastq.gz --stdout /mnt/vstor/SOM_CCCC_JGS25/sayyar/IFIT1-IFIT2-secondary-analysis/data/trimmed/SRR31773514_umi.fastq.gz --log /mnt/vstor/SOM_CCCC_JGS25/sayyar/IFIT1-IFIT2-secondary-analysis/data/trimmed/SRR31773514_umi_extract.log
# job started at Sat Jan 31 13:43:48 2026 on compt377 -- 5b6b9806-dd21-48e4-ac03-a7f0ce8c8c99
# pid: 1574832, system: Linux 4.18.0-553.el8_10.x86_64 #1 SMP Fri May 10 15:19:13 EDT 2024 x86_64
# blacklist                               : None
# compresslevel                           : 6
# correct_umi_threshold                   : 0
# either_read                             : False
# either_read_resolve                     : discard
# error_correct_cell                      : False
# extract_method                          : string
# filter_cell_barcode                     : None
# filter_cell_barcodes                    : False
# filter_umi                              : None
# filtered_out                            : None
# filtered_out2                           : None
# ignore_suffix                           : False
# log2stderr                              : False
# loglevel                                : 1
# pattern                                 : NNNNNNNNNN
# pattern2                                : None
# prime3                                  : None
# quality_encoding                        : None
# quality_filter_mask                     : None
# quality_filter_threshold                : None
# random_seed                             : None
# read2_in                                : None
# read2_only                              : False
# read2_out                               : False
# read2_stdout                            : False
# reads_subset                            : None
# reconcile                               : False
# retain_umi                              : None
# short_help                              : None
# stderr                                  : <_io.TextIOWrapper name='<stderr>' mode='w' encoding='utf-8'>
# stdin                                   : <_io.TextIOWrapper name='/mnt/vstor/SOM_CCCC_JGS25/sayyar/IFIT1-IFIT2-secondary-analysis/data/raw_fastq/SRR31773514.fastq.gz' encoding='ascii'>
# stdlog                                  : <_io.TextIOWrapper name='/mnt/vstor/SOM_CCCC_JGS25/sayyar/IFIT1-IFIT2-secondary-analysis/data/trimmed/SRR31773514_umi_extract.log' mode='a' encoding='UTF-8'>
# stdout                                  : <_io.TextIOWrapper name='/mnt/vstor/SOM_CCCC_JGS25/sayyar/IFIT1-IFIT2-secondary-analysis/data/trimmed/SRR31773514_umi.fastq.gz' encoding='ascii'>
# timeit_file                             : None
# timeit_header                           : None
# timeit_name                             : all
# tmpdir                                  : None
# umi_correct_log                         : None
# umi_separator                           : _
# umi_whitelist                           : None
# umi_whitelist_paired                    : None
# whitelist                               : None
2026-01-31 13:43:48,096 INFO Starting barcode extraction
2026-01-31 13:43:50,199 INFO Parsed 100000 reads
2026-01-31 13:43:52,226 INFO Parsed 200000 reads
2026-01-31 13:43:54,261 INFO Parsed 300000 reads
2026-01-31 13:43:56,515 INFO Parsed 400000 reads
2026-01-31 13:43:58,538 INFO Parsed 500000 reads
2026-01-31 13:44:00,649 INFO Parsed 600000 reads
2026-01-31 13:44:02,691 INFO Parsed 700000 reads
2026-01-31 13:44:04,771 INFO Parsed 800000 reads
2026-01-31 13:44:06,799 INFO Parsed 900000 reads
2026-01-31 13:44:08,807 INFO Parsed 1000000 reads
2026-01-31 13:44:11,005 INFO Parsed 1100000 reads
2026-01-31 13:44:13,149 INFO Parsed 1200000 reads
2026-01-31 13:44:15,154 INFO Parsed 1300000 reads
2026-01-31 13:44:17,209 INFO Parsed 1400000 reads
2026-01-31 13:44:19,265 INFO Parsed 1500000 reads
2026-01-31 13:44:21,351 INFO Parsed 1600000 reads
2026-01-31 13:44:23,362 INFO Parsed 1700000 reads
2026-01-31 13:44:25,433 INFO Parsed 1800000 reads
2026-01-31 13:44:27,715 INFO Parsed 1900000 reads
2026-01-31 13:44:29,728 INFO Parsed 2000000 reads
2026-01-31 13:44:31,832 INFO Parsed 2100000 reads
2026-01-31 13:44:33,849 INFO Parsed 2200000 reads
2026-01-31 13:44:35,935 INFO Parsed 2300000 reads
2026-01-31 13:44:37,962 INFO Parsed 2400000 reads
2026-01-31 13:44:40,000 INFO Parsed 2500000 reads
2026-01-31 13:44:42,310 INFO Parsed 2600000 reads
2026-01-31 13:44:44,352 INFO Parsed 2700000 reads
2026-01-31 13:44:46,394 INFO Parsed 2800000 reads
2026-01-31 13:44:48,553 INFO Parsed 2900000 reads
2026-01-31 13:44:50,658 INFO Parsed 3000000 reads
2026-01-31 13:44:52,660 INFO Parsed 3100000 reads
2026-01-31 13:44:54,662 INFO Parsed 3200000 reads
2026-01-31 13:44:57,009 INFO Parsed 3300000 reads
2026-01-31 13:44:59,016 INFO Parsed 3400000 reads
2026-01-31 13:45:01,033 INFO Parsed 3500000 reads
2026-01-31 13:45:03,257 INFO Parsed 3600000 reads
2026-01-31 13:45:05,281 INFO Parsed 3700000 reads
2026-01-31 13:45:07,304 INFO Parsed 3800000 reads
2026-01-31 13:45:09,532 INFO Parsed 3900000 reads
2026-01-31 13:45:11,625 INFO Parsed 4000000 reads
2026-01-31 13:45:13,694 INFO Parsed 4100000 reads
2026-01-31 13:45:15,784 INFO Parsed 4200000 reads
2026-01-31 13:45:17,786 INFO Parsed 4300000 reads
2026-01-31 13:45:19,854 INFO Parsed 4400000 reads
2026-01-31 13:45:21,861 INFO Parsed 4500000 reads
2026-01-31 13:45:23,892 INFO Parsed 4600000 reads
2026-01-31 13:45:26,179 INFO Parsed 4700000 reads
2026-01-31 13:45:28,183 INFO Parsed 4800000 reads
2026-01-31 13:45:30,217 INFO Parsed 4900000 reads
2026-01-31 13:45:32,227 INFO Parsed 5000000 reads
2026-01-31 13:45:34,323 INFO Parsed 5100000 reads
2026-01-31 13:45:36,307 INFO Parsed 5200000 reads
2026-01-31 13:45:38,368 INFO Parsed 5300000 reads
2026-01-31 13:45:40,531 INFO Parsed 5400000 reads
2026-01-31 13:45:42,658 INFO Parsed 5500000 reads
2026-01-31 13:45:44,653 INFO Parsed 5600000 reads
2026-01-31 13:45:46,727 INFO Parsed 5700000 reads
2026-01-31 13:45:48,781 INFO Parsed 5800000 reads
2026-01-31 13:45:50,793 INFO Parsed 5900000 reads
2026-01-31 13:45:52,819 INFO Parsed 6000000 reads
2026-01-31 13:45:54,873 INFO Parsed 6100000 reads
2026-01-31 13:45:57,205 INFO Parsed 6200000 reads
2026-01-31 13:45:59,198 INFO Parsed 6300000 reads
2026-01-31 13:46:01,260 INFO Parsed 6400000 reads
2026-01-31 13:46:03,470 INFO Parsed 6500000 reads
2026-01-31 13:46:05,504 INFO Parsed 6600000 reads
2026-01-31 13:46:07,478 INFO Parsed 6700000 reads
2026-01-31 13:46:09,504 INFO Parsed 6800000 reads
2026-01-31 13:46:11,850 INFO Parsed 6900000 reads
2026-01-31 13:46:13,861 INFO Parsed 7000000 reads
2026-01-31 13:46:15,872 INFO Parsed 7100000 reads
2026-01-31 13:46:18,070 INFO Parsed 7200000 reads
2026-01-31 13:46:20,036 INFO Parsed 7300000 reads
2026-01-31 13:46:22,033 INFO Parsed 7400000 reads
2026-01-31 13:46:24,235 INFO Parsed 7500000 reads
2026-01-31 13:46:26,237 INFO Parsed 7600000 reads
2026-01-31 13:46:28,341 INFO Parsed 7700000 reads
2026-01-31 13:46:30,398 INFO Parsed 7800000 reads
2026-01-31 13:46:32,446 INFO Parsed 7900000 reads
2026-01-31 13:46:34,441 INFO Parsed 8000000 reads
2026-01-31 13:46:36,425 INFO Parsed 8100000 reads
2026-01-31 13:46:38,536 INFO Parsed 8200000 reads
2026-01-31 13:46:40,691 INFO Parsed 8300000 reads
2026-01-31 13:46:42,726 INFO Parsed 8400000 reads
2026-01-31 13:46:44,745 INFO Parsed 8500000 reads
2026-01-31 13:46:46,750 INFO Parsed 8600000 reads
2026-01-31 13:46:48,812 INFO Parsed 8700000 reads
2026-01-31 13:46:50,762 INFO Parsed 8800000 reads
2026-01-31 13:46:52,780 INFO Parsed 8900000 reads
2026-01-31 13:46:55,048 INFO Parsed 9000000 reads
2026-01-31 13:46:57,020 INFO Parsed 9100000 reads
2026-01-31 13:46:59,092 INFO Parsed 9200000 reads
2026-01-31 13:47:01,106 INFO Parsed 9300000 reads
2026-01-31 13:47:03,165 INFO Parsed 9400000 reads
2026-01-31 13:47:05,139 INFO Parsed 9500000 reads
2026-01-31 13:47:07,130 INFO Parsed 9600000 reads
2026-01-31 13:47:09,405 INFO Parsed 9700000 reads
2026-01-31 13:47:11,411 INFO Parsed 9800000 reads
2026-01-31 13:47:13,420 INFO Parsed 9900000 reads
2026-01-31 13:47:15,639 INFO Parsed 10000000 reads
2026-01-31 13:47:17,616 INFO Parsed 10100000 reads
2026-01-31 13:47:19,561 INFO Parsed 10200000 reads
2026-01-31 13:47:21,633 INFO Parsed 10300000 reads
2026-01-31 13:47:23,896 INFO Parsed 10400000 reads
2026-01-31 13:47:25,890 INFO Parsed 10500000 reads
2026-01-31 13:47:27,862 INFO Parsed 10600000 reads
2026-01-31 13:47:29,990 INFO Parsed 10700000 reads
2026-01-31 13:47:31,956 INFO Parsed 10800000 reads
2026-01-31 13:47:33,927 INFO Parsed 10900000 reads
2026-01-31 13:47:36,115 INFO Parsed 11000000 reads
2026-01-31 13:47:38,123 INFO Parsed 11100000 reads
2026-01-31 13:47:40,169 INFO Parsed 11200000 reads
2026-01-31 13:47:42,167 INFO Parsed 11300000 reads
2026-01-31 13:47:44,316 INFO Parsed 11400000 reads
2026-01-31 13:47:46,318 INFO Parsed 11500000 reads
2026-01-31 13:47:48,424 INFO Parsed 11600000 reads
2026-01-31 13:47:50,525 INFO Parsed 11700000 reads
2026-01-31 13:47:52,654 INFO Parsed 11800000 reads
2026-01-31 13:47:54,602 INFO Parsed 11900000 reads
2026-01-31 13:47:56,725 INFO Parsed 12000000 reads
2026-01-31 13:47:58,700 INFO Parsed 12100000 reads
2026-01-31 13:48:00,665 INFO Parsed 12200000 reads
2026-01-31 13:48:02,620 INFO Parsed 12300000 reads
2026-01-31 13:48:04,774 INFO Parsed 12400000 reads
2026-01-31 13:48:06,958 INFO Parsed 12500000 reads
2026-01-31 13:48:08,887 INFO Parsed 12600000 reads
2026-01-31 13:48:11,023 INFO Parsed 12700000 reads
2026-01-31 13:48:13,027 INFO Parsed 12800000 reads
2026-01-31 13:48:14,954 INFO Parsed 12900000 reads
2026-01-31 13:48:16,979 INFO Parsed 13000000 reads
2026-01-31 13:48:18,901 INFO Parsed 13100000 reads
2026-01-31 13:48:21,105 INFO Parsed 13200000 reads
2026-01-31 13:48:22,973 INFO Parsed 13300000 reads
2026-01-31 13:48:24,950 INFO Parsed 13400000 reads
2026-01-31 13:48:27,007 INFO Parsed 13500000 reads
2026-01-31 13:48:28,880 INFO Parsed 13600000 reads
2026-01-31 13:48:30,722 INFO Parsed 13700000 reads
2026-01-31 13:48:32,709 INFO Parsed 13800000 reads
2026-01-31 13:48:34,793 INFO Parsed 13900000 reads
2026-01-31 13:48:36,748 INFO Parsed 14000000 reads
2026-01-31 13:48:38,773 INFO Parsed 14100000 reads
2026-01-31 13:48:38,828 INFO Input Reads: 14102060
2026-01-31 13:48:38,828 INFO Reads output: 14102060
# job finished in 290 seconds at Sat Jan 31 13:48:38 2026 -- 290.99  0.54  0.00  0.00 -- 5b6b9806-dd21-48e4-ac03-a7f0ce8c8c99
