# UMI-tools version: 1.1.6
# output generated by extract --bc-pattern NNNNNNNNNN --stdin /mnt/vstor/SOM_CCCC_JGS25/sayyar/IFIT1-IFIT2-secondary-analysis/data/raw_fastq/SRR31773516.fastq.gz --stdout /mnt/vstor/SOM_CCCC_JGS25/sayyar/IFIT1-IFIT2-secondary-analysis/data/trimmed/SRR31773516_umi.fastq.gz --log /mnt/vstor/SOM_CCCC_JGS25/sayyar/IFIT1-IFIT2-secondary-analysis/data/trimmed/SRR31773516_umi_extract.log
# job started at Sat Jan 31 13:43:52 2026 on compt371 -- 3be257cc-34b3-444c-a05d-cc0c7fdb7dd7
# pid: 2790231, system: Linux 4.18.0-553.el8_10.x86_64 #1 SMP Fri May 10 15:19:13 EDT 2024 x86_64
# blacklist                               : None
# compresslevel                           : 6
# correct_umi_threshold                   : 0
# either_read                             : False
# either_read_resolve                     : discard
# error_correct_cell                      : False
# extract_method                          : string
# filter_cell_barcode                     : None
# filter_cell_barcodes                    : False
# filter_umi                              : None
# filtered_out                            : None
# filtered_out2                           : None
# ignore_suffix                           : False
# log2stderr                              : False
# loglevel                                : 1
# pattern                                 : NNNNNNNNNN
# pattern2                                : None
# prime3                                  : None
# quality_encoding                        : None
# quality_filter_mask                     : None
# quality_filter_threshold                : None
# random_seed                             : None
# read2_in                                : None
# read2_only                              : False
# read2_out                               : False
# read2_stdout                            : False
# reads_subset                            : None
# reconcile                               : False
# retain_umi                              : None
# short_help                              : None
# stderr                                  : <_io.TextIOWrapper name='<stderr>' mode='w' encoding='utf-8'>
# stdin                                   : <_io.TextIOWrapper name='/mnt/vstor/SOM_CCCC_JGS25/sayyar/IFIT1-IFIT2-secondary-analysis/data/raw_fastq/SRR31773516.fastq.gz' encoding='ascii'>
# stdlog                                  : <_io.TextIOWrapper name='/mnt/vstor/SOM_CCCC_JGS25/sayyar/IFIT1-IFIT2-secondary-analysis/data/trimmed/SRR31773516_umi_extract.log' mode='a' encoding='UTF-8'>
# stdout                                  : <_io.TextIOWrapper name='/mnt/vstor/SOM_CCCC_JGS25/sayyar/IFIT1-IFIT2-secondary-analysis/data/trimmed/SRR31773516_umi.fastq.gz' encoding='ascii'>
# timeit_file                             : None
# timeit_header                           : None
# timeit_name                             : all
# tmpdir                                  : None
# umi_correct_log                         : None
# umi_separator                           : _
# umi_whitelist                           : None
# umi_whitelist_paired                    : None
# whitelist                               : None
2026-01-31 13:43:52,092 INFO Starting barcode extraction
2026-01-31 13:43:54,219 INFO Parsed 100000 reads
2026-01-31 13:43:56,267 INFO Parsed 200000 reads
2026-01-31 13:43:58,318 INFO Parsed 300000 reads
2026-01-31 13:44:00,604 INFO Parsed 400000 reads
2026-01-31 13:44:02,647 INFO Parsed 500000 reads
2026-01-31 13:44:04,755 INFO Parsed 600000 reads
2026-01-31 13:44:06,803 INFO Parsed 700000 reads
2026-01-31 13:44:08,883 INFO Parsed 800000 reads
2026-01-31 13:44:10,928 INFO Parsed 900000 reads
2026-01-31 13:44:12,930 INFO Parsed 1000000 reads
2026-01-31 13:44:15,099 INFO Parsed 1100000 reads
2026-01-31 13:44:17,257 INFO Parsed 1200000 reads
2026-01-31 13:44:19,295 INFO Parsed 1300000 reads
2026-01-31 13:44:21,361 INFO Parsed 1400000 reads
2026-01-31 13:44:23,426 INFO Parsed 1500000 reads
2026-01-31 13:44:25,490 INFO Parsed 1600000 reads
2026-01-31 13:44:27,505 INFO Parsed 1700000 reads
2026-01-31 13:44:29,572 INFO Parsed 1800000 reads
2026-01-31 13:44:31,863 INFO Parsed 1900000 reads
2026-01-31 13:44:33,910 INFO Parsed 2000000 reads
2026-01-31 13:44:36,029 INFO Parsed 2100000 reads
2026-01-31 13:44:38,040 INFO Parsed 2200000 reads
2026-01-31 13:44:40,118 INFO Parsed 2300000 reads
2026-01-31 13:44:42,146 INFO Parsed 2400000 reads
2026-01-31 13:44:44,182 INFO Parsed 2500000 reads
2026-01-31 13:44:46,494 INFO Parsed 2600000 reads
2026-01-31 13:44:48,564 INFO Parsed 2700000 reads
2026-01-31 13:44:50,657 INFO Parsed 2800000 reads
2026-01-31 13:44:52,828 INFO Parsed 2900000 reads
2026-01-31 13:44:54,937 INFO Parsed 3000000 reads
2026-01-31 13:44:56,939 INFO Parsed 3100000 reads
2026-01-31 13:44:58,934 INFO Parsed 3200000 reads
2026-01-31 13:45:01,290 INFO Parsed 3300000 reads
2026-01-31 13:45:03,313 INFO Parsed 3400000 reads
2026-01-31 13:45:05,342 INFO Parsed 3500000 reads
2026-01-31 13:45:07,567 INFO Parsed 3600000 reads
2026-01-31 13:45:09,620 INFO Parsed 3700000 reads
2026-01-31 13:45:11,657 INFO Parsed 3800000 reads
2026-01-31 13:45:13,901 INFO Parsed 3900000 reads
2026-01-31 13:45:15,999 INFO Parsed 4000000 reads
2026-01-31 13:45:18,070 INFO Parsed 4100000 reads
2026-01-31 13:45:20,162 INFO Parsed 4200000 reads
2026-01-31 13:45:22,180 INFO Parsed 4300000 reads
2026-01-31 13:45:24,255 INFO Parsed 4400000 reads
2026-01-31 13:45:26,265 INFO Parsed 4500000 reads
2026-01-31 13:45:28,306 INFO Parsed 4600000 reads
2026-01-31 13:45:30,586 INFO Parsed 4700000 reads
2026-01-31 13:45:32,610 INFO Parsed 4800000 reads
2026-01-31 13:45:34,654 INFO Parsed 4900000 reads
2026-01-31 13:45:36,682 INFO Parsed 5000000 reads
2026-01-31 13:45:38,791 INFO Parsed 5100000 reads
2026-01-31 13:45:40,801 INFO Parsed 5200000 reads
2026-01-31 13:45:42,823 INFO Parsed 5300000 reads
2026-01-31 13:45:44,932 INFO Parsed 5400000 reads
2026-01-31 13:45:47,065 INFO Parsed 5500000 reads
2026-01-31 13:45:49,082 INFO Parsed 5600000 reads
2026-01-31 13:45:51,186 INFO Parsed 5700000 reads
2026-01-31 13:45:53,253 INFO Parsed 5800000 reads
2026-01-31 13:45:55,277 INFO Parsed 5900000 reads
2026-01-31 13:45:57,314 INFO Parsed 6000000 reads
2026-01-31 13:45:59,388 INFO Parsed 6100000 reads
2026-01-31 13:46:01,743 INFO Parsed 6200000 reads
2026-01-31 13:46:03,760 INFO Parsed 6300000 reads
2026-01-31 13:46:05,844 INFO Parsed 6400000 reads
2026-01-31 13:46:08,069 INFO Parsed 6500000 reads
2026-01-31 13:46:10,115 INFO Parsed 6600000 reads
2026-01-31 13:46:12,101 INFO Parsed 6700000 reads
2026-01-31 13:46:14,172 INFO Parsed 6800000 reads
2026-01-31 13:46:16,495 INFO Parsed 6900000 reads
2026-01-31 13:46:18,525 INFO Parsed 7000000 reads
2026-01-31 13:46:20,559 INFO Parsed 7100000 reads
2026-01-31 13:46:22,781 INFO Parsed 7200000 reads
2026-01-31 13:46:24,767 INFO Parsed 7300000 reads
2026-01-31 13:46:26,771 INFO Parsed 7400000 reads
2026-01-31 13:46:28,993 INFO Parsed 7500000 reads
2026-01-31 13:46:30,995 INFO Parsed 7600000 reads
2026-01-31 13:46:33,118 INFO Parsed 7700000 reads
2026-01-31 13:46:35,173 INFO Parsed 7800000 reads
2026-01-31 13:46:37,219 INFO Parsed 7900000 reads
2026-01-31 13:46:39,210 INFO Parsed 8000000 reads
2026-01-31 13:46:41,185 INFO Parsed 8100000 reads
2026-01-31 13:46:43,288 INFO Parsed 8200000 reads
2026-01-31 13:46:45,442 INFO Parsed 8300000 reads
2026-01-31 13:46:47,478 INFO Parsed 8400000 reads
2026-01-31 13:46:49,516 INFO Parsed 8500000 reads
2026-01-31 13:46:51,531 INFO Parsed 8600000 reads
2026-01-31 13:46:53,615 INFO Parsed 8700000 reads
2026-01-31 13:46:55,581 INFO Parsed 8800000 reads
2026-01-31 13:46:57,600 INFO Parsed 8900000 reads
2026-01-31 13:46:59,869 INFO Parsed 9000000 reads
2026-01-31 13:47:01,850 INFO Parsed 9100000 reads
2026-01-31 13:47:03,934 INFO Parsed 9200000 reads
2026-01-31 13:47:05,920 INFO Parsed 9300000 reads
2026-01-31 13:47:07,972 INFO Parsed 9400000 reads
2026-01-31 13:47:09,967 INFO Parsed 9500000 reads
2026-01-31 13:47:11,974 INFO Parsed 9600000 reads
2026-01-31 13:47:14,300 INFO Parsed 9700000 reads
2026-01-31 13:47:16,290 INFO Parsed 9800000 reads
2026-01-31 13:47:18,310 INFO Parsed 9900000 reads
2026-01-31 13:47:20,544 INFO Parsed 10000000 reads
2026-01-31 13:47:22,539 INFO Parsed 10100000 reads
2026-01-31 13:47:24,496 INFO Parsed 10200000 reads
2026-01-31 13:47:26,598 INFO Parsed 10300000 reads
2026-01-31 13:47:28,850 INFO Parsed 10400000 reads
2026-01-31 13:47:30,855 INFO Parsed 10500000 reads
2026-01-31 13:47:32,877 INFO Parsed 10600000 reads
2026-01-31 13:47:34,991 INFO Parsed 10700000 reads
2026-01-31 13:47:36,970 INFO Parsed 10800000 reads
2026-01-31 13:47:38,985 INFO Parsed 10900000 reads
2026-01-31 13:47:41,243 INFO Parsed 11000000 reads
2026-01-31 13:47:43,242 INFO Parsed 11100000 reads
2026-01-31 13:47:45,307 INFO Parsed 11200000 reads
2026-01-31 13:47:47,320 INFO Parsed 11300000 reads
2026-01-31 13:47:49,696 INFO Parsed 11400000 reads
2026-01-31 13:47:51,664 INFO Parsed 11500000 reads
2026-01-31 13:47:53,765 INFO Parsed 11600000 reads
2026-01-31 13:47:55,862 INFO Parsed 11700000 reads
2026-01-31 13:47:57,940 INFO Parsed 11800000 reads
2026-01-31 13:47:59,920 INFO Parsed 11900000 reads
2026-01-31 13:48:01,974 INFO Parsed 12000000 reads
2026-01-31 13:48:03,924 INFO Parsed 12100000 reads
2026-01-31 13:48:06,006 INFO Parsed 12200000 reads
2026-01-31 13:48:07,945 INFO Parsed 12300000 reads
2026-01-31 13:48:09,905 INFO Parsed 12400000 reads
2026-01-31 13:48:12,220 INFO Parsed 12500000 reads
2026-01-31 13:48:14,114 INFO Parsed 12600000 reads
2026-01-31 13:48:16,265 INFO Parsed 12700000 reads
2026-01-31 13:48:18,555 INFO Parsed 12800000 reads
2026-01-31 13:48:20,829 INFO Parsed 12900000 reads
2026-01-31 13:48:23,019 INFO Parsed 13000000 reads
2026-01-31 13:48:25,093 INFO Parsed 13100000 reads
2026-01-31 13:48:27,390 INFO Parsed 13200000 reads
2026-01-31 13:48:29,373 INFO Parsed 13300000 reads
2026-01-31 13:48:31,466 INFO Parsed 13400000 reads
2026-01-31 13:48:33,633 INFO Parsed 13500000 reads
2026-01-31 13:48:35,579 INFO Parsed 13600000 reads
2026-01-31 13:48:37,487 INFO Parsed 13700000 reads
2026-01-31 13:48:39,613 INFO Parsed 13800000 reads
2026-01-31 13:48:41,774 INFO Parsed 13900000 reads
2026-01-31 13:48:43,840 INFO Parsed 14000000 reads
2026-01-31 13:48:45,772 INFO Input Reads: 14087751
2026-01-31 13:48:45,772 INFO Reads output: 14087751
# job finished in 293 seconds at Sat Jan 31 13:48:45 2026 -- 294.00  0.57  0.00  0.00 -- 3be257cc-34b3-444c-a05d-cc0c7fdb7dd7
