# UMI-tools version: 1.1.6
# output generated by extract --bc-pattern NNNNNNNNNN --stdin /mnt/vstor/SOM_CCCC_JGS25/sayyar/IFIT1-IFIT2-secondary-analysis/data/raw_fastq/SRR31773538.fastq.gz --stdout /mnt/vstor/SOM_CCCC_JGS25/sayyar/IFIT1-IFIT2-secondary-analysis/data/trimmed/SRR31773538_umi.fastq.gz --log /mnt/vstor/SOM_CCCC_JGS25/sayyar/IFIT1-IFIT2-secondary-analysis/data/trimmed/SRR31773538_umi_extract.log
# job started at Sat Jan 31 13:44:11 2026 on compt379 -- 1f9b03d8-31d0-47cd-bb34-2d8dfa29ca45
# pid: 2373731, system: Linux 4.18.0-553.el8_10.x86_64 #1 SMP Fri May 10 15:19:13 EDT 2024 x86_64
# blacklist                               : None
# compresslevel                           : 6
# correct_umi_threshold                   : 0
# either_read                             : False
# either_read_resolve                     : discard
# error_correct_cell                      : False
# extract_method                          : string
# filter_cell_barcode                     : None
# filter_cell_barcodes                    : False
# filter_umi                              : None
# filtered_out                            : None
# filtered_out2                           : None
# ignore_suffix                           : False
# log2stderr                              : False
# loglevel                                : 1
# pattern                                 : NNNNNNNNNN
# pattern2                                : None
# prime3                                  : None
# quality_encoding                        : None
# quality_filter_mask                     : None
# quality_filter_threshold                : None
# random_seed                             : None
# read2_in                                : None
# read2_only                              : False
# read2_out                               : False
# read2_stdout                            : False
# reads_subset                            : None
# reconcile                               : False
# retain_umi                              : None
# short_help                              : None
# stderr                                  : <_io.TextIOWrapper name='<stderr>' mode='w' encoding='utf-8'>
# stdin                                   : <_io.TextIOWrapper name='/mnt/vstor/SOM_CCCC_JGS25/sayyar/IFIT1-IFIT2-secondary-analysis/data/raw_fastq/SRR31773538.fastq.gz' encoding='ascii'>
# stdlog                                  : <_io.TextIOWrapper name='/mnt/vstor/SOM_CCCC_JGS25/sayyar/IFIT1-IFIT2-secondary-analysis/data/trimmed/SRR31773538_umi_extract.log' mode='a' encoding='UTF-8'>
# stdout                                  : <_io.TextIOWrapper name='/mnt/vstor/SOM_CCCC_JGS25/sayyar/IFIT1-IFIT2-secondary-analysis/data/trimmed/SRR31773538_umi.fastq.gz' encoding='ascii'>
# timeit_file                             : None
# timeit_header                           : None
# timeit_name                             : all
# tmpdir                                  : None
# umi_correct_log                         : None
# umi_separator                           : _
# umi_whitelist                           : None
# umi_whitelist_paired                    : None
# whitelist                               : None
2026-01-31 13:44:11,383 INFO Starting barcode extraction
2026-01-31 13:44:13,480 INFO Parsed 100000 reads
2026-01-31 13:44:15,432 INFO Parsed 200000 reads
2026-01-31 13:44:17,370 INFO Parsed 300000 reads
2026-01-31 13:44:19,323 INFO Parsed 400000 reads
2026-01-31 13:44:21,483 INFO Parsed 500000 reads
2026-01-31 13:44:23,499 INFO Parsed 600000 reads
2026-01-31 13:44:25,446 INFO Parsed 700000 reads
2026-01-31 13:44:27,419 INFO Parsed 800000 reads
2026-01-31 13:44:29,471 INFO Parsed 900000 reads
2026-01-31 13:44:31,383 INFO Parsed 1000000 reads
2026-01-31 13:44:33,387 INFO Parsed 1100000 reads
2026-01-31 13:44:35,341 INFO Parsed 1200000 reads
2026-01-31 13:44:37,271 INFO Parsed 1300000 reads
2026-01-31 13:44:39,178 INFO Parsed 1400000 reads
2026-01-31 13:44:41,247 INFO Parsed 1500000 reads
2026-01-31 13:44:43,386 INFO Parsed 1600000 reads
2026-01-31 13:44:45,316 INFO Parsed 1700000 reads
2026-01-31 13:44:47,224 INFO Parsed 1800000 reads
2026-01-31 13:44:49,293 INFO Parsed 1900000 reads
2026-01-31 13:44:51,203 INFO Parsed 2000000 reads
2026-01-31 13:44:53,158 INFO Parsed 2100000 reads
2026-01-31 13:44:55,171 INFO Parsed 2200000 reads
2026-01-31 13:44:57,066 INFO Parsed 2300000 reads
2026-01-31 13:44:58,978 INFO Parsed 2400000 reads
2026-01-31 13:45:00,929 INFO Parsed 2500000 reads
2026-01-31 13:45:03,194 INFO Parsed 2600000 reads
2026-01-31 13:45:05,142 INFO Parsed 2700000 reads
2026-01-31 13:45:07,049 INFO Parsed 2800000 reads
2026-01-31 13:45:09,078 INFO Parsed 2900000 reads
2026-01-31 13:45:10,978 INFO Parsed 3000000 reads
2026-01-31 13:45:12,919 INFO Parsed 3100000 reads
2026-01-31 13:45:14,866 INFO Parsed 3200000 reads
2026-01-31 13:45:16,776 INFO Parsed 3300000 reads
2026-01-31 13:45:18,693 INFO Parsed 3400000 reads
2026-01-31 13:45:20,620 INFO Parsed 3500000 reads
2026-01-31 13:45:22,876 INFO Parsed 3600000 reads
2026-01-31 13:45:24,929 INFO Parsed 3700000 reads
2026-01-31 13:45:26,845 INFO Parsed 3800000 reads
2026-01-31 13:45:28,789 INFO Parsed 3900000 reads
2026-01-31 13:45:30,773 INFO Parsed 4000000 reads
2026-01-31 13:45:32,960 INFO Parsed 4100000 reads
2026-01-31 13:45:34,892 INFO Parsed 4200000 reads
2026-01-31 13:45:36,792 INFO Parsed 4300000 reads
2026-01-31 13:45:38,686 INFO Parsed 4400000 reads
2026-01-31 13:45:40,676 INFO Parsed 4500000 reads
2026-01-31 13:45:42,974 INFO Parsed 4600000 reads
2026-01-31 13:45:44,873 INFO Parsed 4700000 reads
2026-01-31 13:45:46,810 INFO Parsed 4800000 reads
2026-01-31 13:45:48,714 INFO Parsed 4900000 reads
2026-01-31 13:45:50,839 INFO Parsed 5000000 reads
2026-01-31 13:45:52,846 INFO Parsed 5100000 reads
2026-01-31 13:45:54,774 INFO Parsed 5200000 reads
2026-01-31 13:45:56,691 INFO Parsed 5300000 reads
2026-01-31 13:45:58,709 INFO Parsed 5400000 reads
2026-01-31 13:46:00,901 INFO Parsed 5500000 reads
2026-01-31 13:46:02,848 INFO Parsed 5600000 reads
2026-01-31 13:46:04,798 INFO Parsed 5700000 reads
2026-01-31 13:46:06,828 INFO Parsed 5800000 reads
2026-01-31 13:46:08,767 INFO Parsed 5900000 reads
2026-01-31 13:46:10,668 INFO Parsed 6000000 reads
2026-01-31 13:46:12,665 INFO Parsed 6100000 reads
2026-01-31 13:46:14,584 INFO Parsed 6200000 reads
2026-01-31 13:46:16,494 INFO Parsed 6300000 reads
2026-01-31 13:46:18,404 INFO Parsed 6400000 reads
2026-01-31 13:46:20,490 INFO Parsed 6500000 reads
2026-01-31 13:46:22,618 INFO Parsed 6600000 reads
2026-01-31 13:46:24,534 INFO Parsed 6700000 reads
2026-01-31 13:46:26,442 INFO Parsed 6800000 reads
2026-01-31 13:46:28,393 INFO Parsed 6900000 reads
2026-01-31 13:46:30,291 INFO Parsed 7000000 reads
2026-01-31 13:46:32,246 INFO Parsed 7100000 reads
2026-01-31 13:46:34,236 INFO Parsed 7200000 reads
2026-01-31 13:46:36,133 INFO Parsed 7300000 reads
2026-01-31 13:46:38,044 INFO Parsed 7400000 reads
2026-01-31 13:46:40,004 INFO Parsed 7500000 reads
2026-01-31 13:46:42,266 INFO Parsed 7600000 reads
2026-01-31 13:46:44,218 INFO Parsed 7700000 reads
2026-01-31 13:46:46,117 INFO Parsed 7800000 reads
2026-01-31 13:46:48,152 INFO Parsed 7900000 reads
2026-01-31 13:46:50,052 INFO Parsed 8000000 reads
2026-01-31 13:46:51,988 INFO Parsed 8100000 reads
2026-01-31 13:46:53,944 INFO Parsed 8200000 reads
2026-01-31 13:46:55,848 INFO Parsed 8300000 reads
2026-01-31 13:46:57,786 INFO Parsed 8400000 reads
2026-01-31 13:46:59,700 INFO Parsed 8500000 reads
2026-01-31 13:47:01,936 INFO Parsed 8600000 reads
2026-01-31 13:47:04,065 INFO Parsed 8700000 reads
2026-01-31 13:47:05,965 INFO Parsed 8800000 reads
2026-01-31 13:47:07,889 INFO Parsed 8900000 reads
2026-01-31 13:47:09,877 INFO Parsed 9000000 reads
2026-01-31 13:47:11,906 INFO Parsed 9100000 reads
2026-01-31 13:47:13,988 INFO Parsed 9200000 reads
2026-01-31 13:47:15,894 INFO Parsed 9300000 reads
2026-01-31 13:47:17,776 INFO Parsed 9400000 reads
2026-01-31 13:47:19,648 INFO Parsed 9500000 reads
2026-01-31 13:47:21,887 INFO Parsed 9600000 reads
2026-01-31 13:47:23,975 INFO Parsed 9700000 reads
2026-01-31 13:47:25,859 INFO Parsed 9800000 reads
2026-01-31 13:47:27,812 INFO Parsed 9900000 reads
2026-01-31 13:47:29,898 INFO Parsed 10000000 reads
2026-01-31 13:47:31,918 INFO Parsed 10100000 reads
2026-01-31 13:47:33,788 INFO Parsed 10200000 reads
2026-01-31 13:47:35,649 INFO Parsed 10300000 reads
2026-01-31 13:47:37,569 INFO Parsed 10400000 reads
2026-01-31 13:47:39,728 INFO Parsed 10500000 reads
2026-01-31 13:47:41,677 INFO Parsed 10600000 reads
2026-01-31 13:47:43,578 INFO Parsed 10700000 reads
2026-01-31 13:47:45,600 INFO Parsed 10800000 reads
2026-01-31 13:47:47,599 INFO Parsed 10900000 reads
2026-01-31 13:47:49,474 INFO Parsed 11000000 reads
2026-01-31 13:47:51,445 INFO Parsed 11100000 reads
2026-01-31 13:47:53,324 INFO Parsed 11200000 reads
2026-01-31 13:47:55,210 INFO Parsed 11300000 reads
2026-01-31 13:47:57,083 INFO Parsed 11400000 reads
2026-01-31 13:47:59,123 INFO Parsed 11500000 reads
2026-01-31 13:48:01,214 INFO Parsed 11600000 reads
2026-01-31 13:48:03,130 INFO Parsed 11700000 reads
2026-01-31 13:48:05,042 INFO Parsed 11800000 reads
2026-01-31 13:48:06,976 INFO Parsed 11900000 reads
2026-01-31 13:48:08,868 INFO Parsed 12000000 reads
2026-01-31 13:48:10,806 INFO Parsed 12100000 reads
2026-01-31 13:48:12,769 INFO Parsed 12200000 reads
2026-01-31 13:48:14,626 INFO Parsed 12300000 reads
2026-01-31 13:48:16,506 INFO Parsed 12400000 reads
2026-01-31 13:48:18,432 INFO Parsed 12500000 reads
2026-01-31 13:48:20,666 INFO Parsed 12600000 reads
2026-01-31 13:48:22,581 INFO Parsed 12700000 reads
2026-01-31 13:48:24,430 INFO Parsed 12800000 reads
2026-01-31 13:48:26,459 INFO Parsed 12900000 reads
2026-01-31 13:48:28,325 INFO Parsed 13000000 reads
2026-01-31 13:48:30,228 INFO Parsed 13100000 reads
2026-01-31 13:48:32,150 INFO Parsed 13200000 reads
2026-01-31 13:48:34,034 INFO Parsed 13300000 reads
2026-01-31 13:48:35,889 INFO Parsed 13400000 reads
2026-01-31 13:48:37,808 INFO Parsed 13500000 reads
2026-01-31 13:48:40,055 INFO Parsed 13600000 reads
2026-01-31 13:48:42,131 INFO Parsed 13700000 reads
2026-01-31 13:48:44,007 INFO Parsed 13800000 reads
2026-01-31 13:48:45,944 INFO Parsed 13900000 reads
2026-01-31 13:48:47,950 INFO Parsed 14000000 reads
2026-01-31 13:48:50,048 INFO Parsed 14100000 reads
2026-01-31 13:48:51,901 INFO Parsed 14200000 reads
2026-01-31 13:48:53,748 INFO Parsed 14300000 reads
2026-01-31 13:48:55,600 INFO Parsed 14400000 reads
2026-01-31 13:48:57,841 INFO Parsed 14500000 reads
2026-01-31 13:48:59,942 INFO Parsed 14600000 reads
2026-01-31 13:49:01,787 INFO Parsed 14700000 reads
2026-01-31 13:49:03,708 INFO Parsed 14800000 reads
2026-01-31 13:49:05,727 INFO Parsed 14900000 reads
2026-01-31 13:49:07,692 INFO Parsed 15000000 reads
2026-01-31 13:49:09,561 INFO Parsed 15100000 reads
2026-01-31 13:49:11,418 INFO Parsed 15200000 reads
2026-01-31 13:49:13,317 INFO Parsed 15300000 reads
2026-01-31 13:49:15,487 INFO Parsed 15400000 reads
2026-01-31 13:49:17,458 INFO Parsed 15500000 reads
2026-01-31 13:49:19,351 INFO Parsed 15600000 reads
2026-01-31 13:49:21,253 INFO Parsed 15700000 reads
2026-01-31 13:49:23,228 INFO Parsed 15800000 reads
2026-01-31 13:49:25,099 INFO Parsed 15900000 reads
2026-01-31 13:49:27,239 INFO Parsed 16000000 reads
2026-01-31 13:49:29,181 INFO Parsed 16100000 reads
2026-01-31 13:49:31,122 INFO Parsed 16200000 reads
2026-01-31 13:49:33,137 INFO Parsed 16300000 reads
2026-01-31 13:49:35,173 INFO Parsed 16400000 reads
2026-01-31 13:49:37,270 INFO Parsed 16500000 reads
2026-01-31 13:49:39,147 INFO Parsed 16600000 reads
2026-01-31 13:49:41,000 INFO Parsed 16700000 reads
2026-01-31 13:49:42,910 INFO Parsed 16800000 reads
2026-01-31 13:49:44,769 INFO Parsed 16900000 reads
2026-01-31 13:49:46,679 INFO Parsed 17000000 reads
2026-01-31 13:49:48,576 INFO Parsed 17100000 reads
2026-01-31 13:49:50,428 INFO Parsed 17200000 reads
2026-01-31 13:49:52,326 INFO Parsed 17300000 reads
2026-01-31 13:49:54,264 INFO Parsed 17400000 reads
2026-01-31 13:49:56,511 INFO Parsed 17500000 reads
2026-01-31 13:49:58,550 INFO Parsed 17600000 reads
2026-01-31 13:50:00,395 INFO Parsed 17700000 reads
2026-01-31 13:50:02,450 INFO Parsed 17800000 reads
2026-01-31 13:50:04,385 INFO Parsed 17900000 reads
2026-01-31 13:50:06,294 INFO Parsed 18000000 reads
2026-01-31 13:50:08,204 INFO Parsed 18100000 reads
2026-01-31 13:50:10,100 INFO Parsed 18200000 reads
2026-01-31 13:50:11,956 INFO Parsed 18300000 reads
2026-01-31 13:50:13,930 INFO Parsed 18400000 reads
2026-01-31 13:50:16,196 INFO Parsed 18500000 reads
2026-01-31 13:50:18,094 INFO Parsed 18600000 reads
2026-01-31 13:50:20,005 INFO Parsed 18700000 reads
2026-01-31 13:50:21,998 INFO Parsed 18800000 reads
2026-01-31 13:50:23,909 INFO Parsed 18900000 reads
2026-01-31 13:50:26,053 INFO Parsed 19000000 reads
2026-01-31 13:50:27,900 INFO Parsed 19100000 reads
2026-01-31 13:50:29,745 INFO Parsed 19200000 reads
2026-01-31 13:50:31,582 INFO Parsed 19300000 reads
2026-01-31 13:50:33,742 INFO Parsed 19400000 reads
2026-01-31 13:50:35,820 INFO Parsed 19500000 reads
2026-01-31 13:50:37,685 INFO Parsed 19600000 reads
2026-01-31 13:50:39,702 INFO Parsed 19700000 reads
2026-01-31 13:50:41,728 INFO Input Reads: 19796422
2026-01-31 13:50:41,728 INFO Reads output: 19796422
# job finished in 390 seconds at Sat Jan 31 13:50:41 2026 -- 390.20  0.68  0.00  0.00 -- 1f9b03d8-31d0-47cd-bb34-2d8dfa29ca45
