# UMI-tools version: 1.1.6
# output generated by extract --bc-pattern NNNNNNNNNN --stdin /mnt/vstor/SOM_CCCC_JGS25/sayyar/IFIT1-IFIT2-secondary-analysis/data/raw_fastq/SRR31773513.fastq.gz --stdout /mnt/vstor/SOM_CCCC_JGS25/sayyar/IFIT1-IFIT2-secondary-analysis/data/trimmed/SRR31773513_umi.fastq.gz --log /mnt/vstor/SOM_CCCC_JGS25/sayyar/IFIT1-IFIT2-secondary-analysis/data/trimmed/SRR31773513_umi_extract.log
# job started at Sat Jan 31 13:44:13 2026 on compt347 -- 1f36e3b6-5882-4d23-ba5d-fcc54eb7fac3
# pid: 3003536, system: Linux 4.18.0-553.el8_10.x86_64 #1 SMP Fri May 10 15:19:13 EDT 2024 x86_64
# blacklist                               : None
# compresslevel                           : 6
# correct_umi_threshold                   : 0
# either_read                             : False
# either_read_resolve                     : discard
# error_correct_cell                      : False
# extract_method                          : string
# filter_cell_barcode                     : None
# filter_cell_barcodes                    : False
# filter_umi                              : None
# filtered_out                            : None
# filtered_out2                           : None
# ignore_suffix                           : False
# log2stderr                              : False
# loglevel                                : 1
# pattern                                 : NNNNNNNNNN
# pattern2                                : None
# prime3                                  : None
# quality_encoding                        : None
# quality_filter_mask                     : None
# quality_filter_threshold                : None
# random_seed                             : None
# read2_in                                : None
# read2_only                              : False
# read2_out                               : False
# read2_stdout                            : False
# reads_subset                            : None
# reconcile                               : False
# retain_umi                              : None
# short_help                              : None
# stderr                                  : <_io.TextIOWrapper name='<stderr>' mode='w' encoding='utf-8'>
# stdin                                   : <_io.TextIOWrapper name='/mnt/vstor/SOM_CCCC_JGS25/sayyar/IFIT1-IFIT2-secondary-analysis/data/raw_fastq/SRR31773513.fastq.gz' encoding='ascii'>
# stdlog                                  : <_io.TextIOWrapper name='/mnt/vstor/SOM_CCCC_JGS25/sayyar/IFIT1-IFIT2-secondary-analysis/data/trimmed/SRR31773513_umi_extract.log' mode='a' encoding='UTF-8'>
# stdout                                  : <_io.TextIOWrapper name='/mnt/vstor/SOM_CCCC_JGS25/sayyar/IFIT1-IFIT2-secondary-analysis/data/trimmed/SRR31773513_umi.fastq.gz' encoding='ascii'>
# timeit_file                             : None
# timeit_header                           : None
# timeit_name                             : all
# tmpdir                                  : None
# umi_correct_log                         : None
# umi_separator                           : _
# umi_whitelist                           : None
# umi_whitelist_paired                    : None
# whitelist                               : None
2026-01-31 13:44:13,709 INFO Starting barcode extraction
2026-01-31 13:44:15,675 INFO Parsed 100000 reads
2026-01-31 13:44:17,532 INFO Parsed 200000 reads
2026-01-31 13:44:19,376 INFO Parsed 300000 reads
2026-01-31 13:44:21,207 INFO Parsed 400000 reads
2026-01-31 13:44:23,175 INFO Parsed 500000 reads
2026-01-31 13:44:25,271 INFO Parsed 600000 reads
2026-01-31 13:44:27,069 INFO Parsed 700000 reads
2026-01-31 13:44:28,933 INFO Parsed 800000 reads
2026-01-31 13:44:30,881 INFO Parsed 900000 reads
2026-01-31 13:44:32,755 INFO Parsed 1000000 reads
2026-01-31 13:44:34,585 INFO Parsed 1100000 reads
2026-01-31 13:44:36,503 INFO Parsed 1200000 reads
2026-01-31 13:44:38,357 INFO Parsed 1300000 reads
2026-01-31 13:44:40,197 INFO Parsed 1400000 reads
2026-01-31 13:44:42,016 INFO Parsed 1500000 reads
2026-01-31 13:44:43,841 INFO Parsed 1600000 reads
2026-01-31 13:44:45,949 INFO Parsed 1700000 reads
2026-01-31 13:44:47,940 INFO Parsed 1800000 reads
2026-01-31 13:44:49,815 INFO Parsed 1900000 reads
2026-01-31 13:44:51,655 INFO Parsed 2000000 reads
2026-01-31 13:44:53,505 INFO Parsed 2100000 reads
2026-01-31 13:44:55,335 INFO Parsed 2200000 reads
2026-01-31 13:44:57,206 INFO Parsed 2300000 reads
2026-01-31 13:44:59,108 INFO Parsed 2400000 reads
2026-01-31 13:45:00,909 INFO Parsed 2500000 reads
2026-01-31 13:45:02,727 INFO Parsed 2600000 reads
2026-01-31 13:45:04,595 INFO Parsed 2700000 reads
2026-01-31 13:45:06,516 INFO Parsed 2800000 reads
2026-01-31 13:45:08,666 INFO Parsed 2900000 reads
2026-01-31 13:45:10,485 INFO Parsed 3000000 reads
2026-01-31 13:45:12,305 INFO Parsed 3100000 reads
2026-01-31 13:45:14,251 INFO Parsed 3200000 reads
2026-01-31 13:45:16,066 INFO Parsed 3300000 reads
2026-01-31 13:45:17,925 INFO Parsed 3400000 reads
2026-01-31 13:45:19,774 INFO Parsed 3500000 reads
2026-01-31 13:45:21,584 INFO Parsed 3600000 reads
2026-01-31 13:45:23,416 INFO Parsed 3700000 reads
2026-01-31 13:45:25,223 INFO Parsed 3800000 reads
2026-01-31 13:45:27,228 INFO Parsed 3900000 reads
2026-01-31 13:45:29,413 INFO Parsed 4000000 reads
2026-01-31 13:45:31,264 INFO Parsed 4100000 reads
2026-01-31 13:45:33,096 INFO Parsed 4200000 reads
2026-01-31 13:45:34,980 INFO Parsed 4300000 reads
2026-01-31 13:45:36,897 INFO Parsed 4400000 reads
2026-01-31 13:45:39,000 INFO Parsed 4500000 reads
2026-01-31 13:45:40,828 INFO Parsed 4600000 reads
2026-01-31 13:45:42,633 INFO Parsed 4700000 reads
2026-01-31 13:45:44,436 INFO Parsed 4800000 reads
2026-01-31 13:45:46,238 INFO Parsed 4900000 reads
2026-01-31 13:45:48,549 INFO Parsed 5000000 reads
2026-01-31 13:45:50,407 INFO Parsed 5100000 reads
2026-01-31 13:45:52,199 INFO Parsed 5200000 reads
2026-01-31 13:45:54,061 INFO Parsed 5300000 reads
2026-01-31 13:45:55,998 INFO Parsed 5400000 reads
2026-01-31 13:45:57,989 INFO Parsed 5500000 reads
2026-01-31 13:45:59,865 INFO Parsed 5600000 reads
2026-01-31 13:46:01,685 INFO Parsed 5700000 reads
2026-01-31 13:46:03,501 INFO Parsed 5800000 reads
2026-01-31 13:46:05,429 INFO Parsed 5900000 reads
2026-01-31 13:46:07,521 INFO Parsed 6000000 reads
2026-01-31 13:46:09,434 INFO Parsed 6100000 reads
2026-01-31 13:46:11,291 INFO Parsed 6200000 reads
2026-01-31 13:46:13,175 INFO Parsed 6300000 reads
2026-01-31 13:46:15,090 INFO Parsed 6400000 reads
2026-01-31 13:46:16,894 INFO Parsed 6500000 reads
2026-01-31 13:46:18,709 INFO Parsed 6600000 reads
2026-01-31 13:46:20,605 INFO Parsed 6700000 reads
2026-01-31 13:46:22,437 INFO Parsed 6800000 reads
2026-01-31 13:46:24,260 INFO Parsed 6900000 reads
2026-01-31 13:46:26,080 INFO Parsed 7000000 reads
2026-01-31 13:46:28,090 INFO Parsed 7100000 reads
2026-01-31 13:46:30,152 INFO Parsed 7200000 reads
2026-01-31 13:46:31,985 INFO Parsed 7300000 reads
2026-01-31 13:46:33,789 INFO Parsed 7400000 reads
2026-01-31 13:46:35,642 INFO Parsed 7500000 reads
2026-01-31 13:46:37,457 INFO Parsed 7600000 reads
2026-01-31 13:46:39,305 INFO Parsed 7700000 reads
2026-01-31 13:46:41,215 INFO Parsed 7800000 reads
2026-01-31 13:46:43,025 INFO Parsed 7900000 reads
2026-01-31 13:46:44,826 INFO Parsed 8000000 reads
2026-01-31 13:46:46,651 INFO Parsed 8100000 reads
2026-01-31 13:46:48,526 INFO Parsed 8200000 reads
2026-01-31 13:46:50,690 INFO Parsed 8300000 reads
2026-01-31 13:46:52,589 INFO Parsed 8400000 reads
2026-01-31 13:46:54,395 INFO Parsed 8500000 reads
2026-01-31 13:46:56,233 INFO Parsed 8600000 reads
2026-01-31 13:46:58,158 INFO Parsed 8700000 reads
2026-01-31 13:46:59,974 INFO Parsed 8800000 reads
2026-01-31 13:47:01,847 INFO Parsed 8900000 reads
2026-01-31 13:47:03,686 INFO Parsed 9000000 reads
2026-01-31 13:47:05,518 INFO Parsed 9100000 reads
2026-01-31 13:47:07,346 INFO Parsed 9200000 reads
2026-01-31 13:47:09,183 INFO Parsed 9300000 reads
2026-01-31 13:47:11,310 INFO Parsed 9400000 reads
2026-01-31 13:47:13,406 INFO Parsed 9500000 reads
2026-01-31 13:47:15,199 INFO Parsed 9600000 reads
2026-01-31 13:47:17,009 INFO Parsed 9700000 reads
2026-01-31 13:47:18,887 INFO Parsed 9800000 reads
2026-01-31 13:47:20,768 INFO Parsed 9900000 reads
2026-01-31 13:47:22,852 INFO Parsed 10000000 reads
2026-01-31 13:47:24,695 INFO Parsed 10100000 reads
2026-01-31 13:47:26,491 INFO Parsed 10200000 reads
2026-01-31 13:47:28,280 INFO Parsed 10300000 reads
2026-01-31 13:47:30,057 INFO Parsed 10400000 reads
2026-01-31 13:47:32,224 INFO Parsed 10500000 reads
2026-01-31 13:47:34,256 INFO Parsed 10600000 reads
2026-01-31 13:47:36,037 INFO Parsed 10700000 reads
2026-01-31 13:47:37,884 INFO Parsed 10800000 reads
2026-01-31 13:47:39,689 INFO Parsed 10900000 reads
2026-01-31 13:47:41,721 INFO Parsed 11000000 reads
2026-01-31 13:47:43,578 INFO Parsed 11100000 reads
2026-01-31 13:47:45,359 INFO Parsed 11200000 reads
2026-01-31 13:47:47,125 INFO Parsed 11300000 reads
2026-01-31 13:47:48,987 INFO Parsed 11400000 reads
2026-01-31 13:47:51,071 INFO Parsed 11500000 reads
2026-01-31 13:47:52,925 INFO Parsed 11600000 reads
2026-01-31 13:47:54,738 INFO Parsed 11700000 reads
2026-01-31 13:47:56,651 INFO Parsed 11800000 reads
2026-01-31 13:47:58,609 INFO Parsed 11900000 reads
2026-01-31 13:48:00,391 INFO Parsed 12000000 reads
2026-01-31 13:48:02,236 INFO Parsed 12100000 reads
2026-01-31 13:48:04,060 INFO Parsed 12200000 reads
2026-01-31 13:48:05,847 INFO Parsed 12300000 reads
2026-01-31 13:48:07,636 INFO Parsed 12400000 reads
2026-01-31 13:48:09,419 INFO Parsed 12500000 reads
2026-01-31 13:48:11,441 INFO Parsed 12600000 reads
2026-01-31 13:48:13,431 INFO Parsed 12700000 reads
2026-01-31 13:48:15,263 INFO Parsed 12800000 reads
2026-01-31 13:48:17,086 INFO Parsed 12900000 reads
2026-01-31 13:48:18,922 INFO Parsed 13000000 reads
2026-01-31 13:48:20,715 INFO Parsed 13100000 reads
2026-01-31 13:48:22,547 INFO Parsed 13200000 reads
2026-01-31 13:48:24,443 INFO Parsed 13300000 reads
2026-01-31 13:48:26,214 INFO Parsed 13400000 reads
2026-01-31 13:48:27,984 INFO Parsed 13500000 reads
2026-01-31 13:48:29,825 INFO Parsed 13600000 reads
2026-01-31 13:48:31,705 INFO Parsed 13700000 reads
2026-01-31 13:48:33,845 INFO Parsed 13800000 reads
2026-01-31 13:48:35,640 INFO Parsed 13900000 reads
2026-01-31 13:48:37,399 INFO Parsed 14000000 reads
2026-01-31 13:48:39,348 INFO Parsed 14100000 reads
2026-01-31 13:48:41,122 INFO Parsed 14200000 reads
2026-01-31 13:48:42,944 INFO Parsed 14300000 reads
2026-01-31 13:48:44,783 INFO Parsed 14400000 reads
2026-01-31 13:48:46,576 INFO Parsed 14500000 reads
2026-01-31 13:48:48,344 INFO Parsed 14600000 reads
2026-01-31 13:48:50,157 INFO Parsed 14700000 reads
2026-01-31 13:48:52,243 INFO Parsed 14800000 reads
2026-01-31 13:48:54,245 INFO Parsed 14900000 reads
2026-01-31 13:48:56,015 INFO Parsed 15000000 reads
2026-01-31 13:48:57,792 INFO Parsed 15100000 reads
2026-01-31 13:48:59,642 INFO Parsed 15200000 reads
2026-01-31 13:49:01,649 INFO Parsed 15300000 reads
2026-01-31 13:49:03,591 INFO Parsed 15400000 reads
2026-01-31 13:49:05,357 INFO Parsed 15500000 reads
2026-01-31 13:49:07,112 INFO Parsed 15600000 reads
2026-01-31 13:49:08,878 INFO Parsed 15700000 reads
2026-01-31 13:49:10,891 INFO Parsed 15800000 reads
2026-01-31 13:49:13,114 INFO Parsed 15900000 reads
2026-01-31 13:49:14,869 INFO Parsed 16000000 reads
2026-01-31 13:49:16,689 INFO Parsed 16100000 reads
2026-01-31 13:49:18,452 INFO Parsed 16200000 reads
2026-01-31 13:49:20,413 INFO Parsed 16300000 reads
2026-01-31 13:49:22,267 INFO Parsed 16400000 reads
2026-01-31 13:49:24,039 INFO Parsed 16500000 reads
2026-01-31 13:49:25,806 INFO Parsed 16600000 reads
2026-01-31 13:49:27,617 INFO Parsed 16700000 reads
2026-01-31 13:49:29,686 INFO Parsed 16800000 reads
2026-01-31 13:49:31,629 INFO Parsed 16900000 reads
2026-01-31 13:49:33,391 INFO Parsed 17000000 reads
2026-01-31 13:49:35,196 INFO Parsed 17100000 reads
2026-01-31 13:49:37,090 INFO Parsed 17200000 reads
2026-01-31 13:49:38,905 INFO Parsed 17300000 reads
2026-01-31 13:49:40,756 INFO Parsed 17400000 reads
2026-01-31 13:49:42,835 INFO Parsed 17500000 reads
2026-01-31 13:49:44,618 INFO Parsed 17600000 reads
2026-01-31 13:49:46,513 INFO Parsed 17700000 reads
2026-01-31 13:49:48,423 INFO Parsed 17800000 reads
2026-01-31 13:49:50,377 INFO Parsed 17900000 reads
2026-01-31 13:49:52,404 INFO Parsed 18000000 reads
2026-01-31 13:49:54,209 INFO Parsed 18100000 reads
2026-01-31 13:49:55,973 INFO Parsed 18200000 reads
2026-01-31 13:49:57,791 INFO Parsed 18300000 reads
2026-01-31 13:49:59,560 INFO Parsed 18400000 reads
2026-01-31 13:50:01,364 INFO Parsed 18500000 reads
2026-01-31 13:50:03,200 INFO Parsed 18600000 reads
2026-01-31 13:50:04,970 INFO Parsed 18700000 reads
2026-01-31 13:50:06,738 INFO Parsed 18800000 reads
2026-01-31 13:50:08,580 INFO Parsed 18900000 reads
2026-01-31 13:50:10,408 INFO Parsed 19000000 reads
2026-01-31 13:50:12,580 INFO Parsed 19100000 reads
2026-01-31 13:50:14,432 INFO Parsed 19200000 reads
2026-01-31 13:50:16,206 INFO Parsed 19300000 reads
2026-01-31 13:50:18,130 INFO Parsed 19400000 reads
2026-01-31 13:50:20,020 INFO Parsed 19500000 reads
2026-01-31 13:50:21,794 INFO Parsed 19600000 reads
2026-01-31 13:50:23,662 INFO Parsed 19700000 reads
2026-01-31 13:50:25,434 INFO Parsed 19800000 reads
2026-01-31 13:50:27,246 INFO Parsed 19900000 reads
2026-01-31 13:50:29,008 INFO Parsed 20000000 reads
2026-01-31 13:50:30,953 INFO Parsed 20100000 reads
2026-01-31 13:50:33,125 INFO Parsed 20200000 reads
2026-01-31 13:50:34,951 INFO Parsed 20300000 reads
2026-01-31 13:50:36,755 INFO Parsed 20400000 reads
2026-01-31 13:50:38,693 INFO Parsed 20500000 reads
2026-01-31 13:50:40,502 INFO Parsed 20600000 reads
2026-01-31 13:50:42,530 INFO Parsed 20700000 reads
2026-01-31 13:50:44,321 INFO Parsed 20800000 reads
2026-01-31 13:50:46,079 INFO Parsed 20900000 reads
2026-01-31 13:50:47,833 INFO Parsed 21000000 reads
2026-01-31 13:50:49,581 INFO Parsed 21100000 reads
2026-01-31 13:50:51,817 INFO Parsed 21200000 reads
2026-01-31 13:50:53,715 INFO Parsed 21300000 reads
2026-01-31 13:50:55,494 INFO Parsed 21400000 reads
2026-01-31 13:50:57,431 INFO Parsed 21500000 reads
2026-01-31 13:50:59,358 INFO Parsed 21600000 reads
2026-01-31 13:50:59,755 INFO Input Reads: 21616323
2026-01-31 13:50:59,755 INFO Reads output: 21616323
# job finished in 406 seconds at Sat Jan 31 13:50:59 2026 -- 405.95  0.65  0.00  0.00 -- 1f36e3b6-5882-4d23-ba5d-fcc54eb7fac3
