# UMI-tools version: 1.1.6
# output generated by extract --bc-pattern NNNNNNNNNN --stdin /mnt/vstor/SOM_CCCC_JGS25/sayyar/IFIT1-IFIT2-secondary-analysis/data/raw_fastq/SRR31773540.fastq.gz --stdout /mnt/vstor/SOM_CCCC_JGS25/sayyar/IFIT1-IFIT2-secondary-analysis/data/trimmed/SRR31773540_umi.fastq.gz --log /mnt/vstor/SOM_CCCC_JGS25/sayyar/IFIT1-IFIT2-secondary-analysis/data/trimmed/SRR31773540_umi_extract.log
# job started at Sat Jan 31 13:43:56 2026 on compt291 -- 71963d97-cab7-4c1b-88e1-b13010f9f915
# pid: 2537472, system: Linux 4.18.0-553.el8_10.x86_64 #1 SMP Fri May 10 15:19:13 EDT 2024 x86_64
# blacklist                               : None
# compresslevel                           : 6
# correct_umi_threshold                   : 0
# either_read                             : False
# either_read_resolve                     : discard
# error_correct_cell                      : False
# extract_method                          : string
# filter_cell_barcode                     : None
# filter_cell_barcodes                    : False
# filter_umi                              : None
# filtered_out                            : None
# filtered_out2                           : None
# ignore_suffix                           : False
# log2stderr                              : False
# loglevel                                : 1
# pattern                                 : NNNNNNNNNN
# pattern2                                : None
# prime3                                  : None
# quality_encoding                        : None
# quality_filter_mask                     : None
# quality_filter_threshold                : None
# random_seed                             : None
# read2_in                                : None
# read2_only                              : False
# read2_out                               : False
# read2_stdout                            : False
# reads_subset                            : None
# reconcile                               : False
# retain_umi                              : None
# short_help                              : None
# stderr                                  : <_io.TextIOWrapper name='<stderr>' mode='w' encoding='utf-8'>
# stdin                                   : <_io.TextIOWrapper name='/mnt/vstor/SOM_CCCC_JGS25/sayyar/IFIT1-IFIT2-secondary-analysis/data/raw_fastq/SRR31773540.fastq.gz' encoding='ascii'>
# stdlog                                  : <_io.TextIOWrapper name='/mnt/vstor/SOM_CCCC_JGS25/sayyar/IFIT1-IFIT2-secondary-analysis/data/trimmed/SRR31773540_umi_extract.log' mode='a' encoding='UTF-8'>
# stdout                                  : <_io.TextIOWrapper name='/mnt/vstor/SOM_CCCC_JGS25/sayyar/IFIT1-IFIT2-secondary-analysis/data/trimmed/SRR31773540_umi.fastq.gz' encoding='ascii'>
# timeit_file                             : None
# timeit_header                           : None
# timeit_name                             : all
# tmpdir                                  : None
# umi_correct_log                         : None
# umi_separator                           : _
# umi_whitelist                           : None
# umi_whitelist_paired                    : None
# whitelist                               : None
2026-01-31 13:43:56,585 INFO Starting barcode extraction
2026-01-31 13:43:58,605 INFO Parsed 100000 reads
2026-01-31 13:44:00,653 INFO Parsed 200000 reads
2026-01-31 13:44:02,859 INFO Parsed 300000 reads
2026-01-31 13:44:05,261 INFO Parsed 400000 reads
2026-01-31 13:44:07,437 INFO Parsed 500000 reads
2026-01-31 13:44:09,484 INFO Parsed 600000 reads
2026-01-31 13:44:11,402 INFO Parsed 700000 reads
2026-01-31 13:44:13,364 INFO Parsed 800000 reads
2026-01-31 13:44:15,283 INFO Parsed 900000 reads
2026-01-31 13:44:17,341 INFO Parsed 1000000 reads
2026-01-31 13:44:19,625 INFO Parsed 1100000 reads
2026-01-31 13:44:21,548 INFO Parsed 1200000 reads
2026-01-31 13:44:23,476 INFO Parsed 1300000 reads
2026-01-31 13:44:25,396 INFO Parsed 1400000 reads
2026-01-31 13:44:27,576 INFO Parsed 1500000 reads
2026-01-31 13:44:29,734 INFO Parsed 1600000 reads
2026-01-31 13:44:31,925 INFO Parsed 1700000 reads
2026-01-31 13:44:34,135 INFO Parsed 1800000 reads
2026-01-31 13:44:36,065 INFO Parsed 1900000 reads
2026-01-31 13:44:38,039 INFO Parsed 2000000 reads
2026-01-31 13:44:39,947 INFO Parsed 2100000 reads
2026-01-31 13:44:42,153 INFO Parsed 2200000 reads
2026-01-31 13:44:44,327 INFO Parsed 2300000 reads
2026-01-31 13:44:46,492 INFO Parsed 2400000 reads
2026-01-31 13:44:48,848 INFO Parsed 2500000 reads
2026-01-31 13:44:50,818 INFO Parsed 2600000 reads
2026-01-31 13:44:52,747 INFO Parsed 2700000 reads
2026-01-31 13:44:54,733 INFO Parsed 2800000 reads
2026-01-31 13:44:56,879 INFO Parsed 2900000 reads
2026-01-31 13:44:59,016 INFO Parsed 3000000 reads
2026-01-31 13:45:00,900 INFO Parsed 3100000 reads
2026-01-31 13:45:03,112 INFO Parsed 3200000 reads
2026-01-31 13:45:04,987 INFO Parsed 3300000 reads
2026-01-31 13:45:07,019 INFO Parsed 3400000 reads
2026-01-31 13:45:09,383 INFO Parsed 3500000 reads
2026-01-31 13:45:11,579 INFO Parsed 3600000 reads
2026-01-31 13:45:13,654 INFO Parsed 3700000 reads
2026-01-31 13:45:15,765 INFO Parsed 3800000 reads
2026-01-31 13:45:17,728 INFO Parsed 3900000 reads
2026-01-31 13:45:19,696 INFO Parsed 4000000 reads
2026-01-31 13:45:21,834 INFO Parsed 4100000 reads
2026-01-31 13:45:24,028 INFO Parsed 4200000 reads
2026-01-31 13:45:26,219 INFO Parsed 4300000 reads
2026-01-31 13:45:28,391 INFO Parsed 4400000 reads
2026-01-31 13:45:30,416 INFO Parsed 4500000 reads
2026-01-31 13:45:32,472 INFO Parsed 4600000 reads
2026-01-31 13:45:34,363 INFO Parsed 4700000 reads
2026-01-31 13:45:36,338 INFO Parsed 4800000 reads
2026-01-31 13:45:38,436 INFO Parsed 4900000 reads
2026-01-31 13:45:40,486 INFO Parsed 5000000 reads
2026-01-31 13:45:42,376 INFO Parsed 5100000 reads
2026-01-31 13:45:44,311 INFO Parsed 5200000 reads
2026-01-31 13:45:46,458 INFO Parsed 5300000 reads
2026-01-31 13:45:48,624 INFO Parsed 5400000 reads
2026-01-31 13:45:50,872 INFO Parsed 5500000 reads
2026-01-31 13:45:53,034 INFO Parsed 5600000 reads
2026-01-31 13:45:55,007 INFO Parsed 5700000 reads
2026-01-31 13:45:56,909 INFO Parsed 5800000 reads
2026-01-31 13:45:58,836 INFO Parsed 5900000 reads
2026-01-31 13:46:01,070 INFO Parsed 6000000 reads
2026-01-31 13:46:03,292 INFO Parsed 6100000 reads
2026-01-31 13:46:05,493 INFO Parsed 6200000 reads
2026-01-31 13:46:07,723 INFO Parsed 6300000 reads
2026-01-31 13:46:09,928 INFO Parsed 6400000 reads
2026-01-31 13:46:11,826 INFO Parsed 6500000 reads
2026-01-31 13:46:13,695 INFO Parsed 6600000 reads
2026-01-31 13:46:15,927 INFO Parsed 6700000 reads
2026-01-31 13:46:17,925 INFO Parsed 6800000 reads
2026-01-31 13:46:20,046 INFO Parsed 6900000 reads
2026-01-31 13:46:22,126 INFO Parsed 7000000 reads
2026-01-31 13:46:24,002 INFO Parsed 7100000 reads
2026-01-31 13:46:25,900 INFO Parsed 7200000 reads
2026-01-31 13:46:28,135 INFO Parsed 7300000 reads
2026-01-31 13:46:30,311 INFO Parsed 7400000 reads
2026-01-31 13:46:32,588 INFO Parsed 7500000 reads
2026-01-31 13:46:34,647 INFO Parsed 7600000 reads
2026-01-31 13:46:36,588 INFO Parsed 7700000 reads
2026-01-31 13:46:38,469 INFO Parsed 7800000 reads
2026-01-31 13:46:40,350 INFO Parsed 7900000 reads
2026-01-31 13:46:42,578 INFO Parsed 8000000 reads
2026-01-31 13:46:44,846 INFO Parsed 8100000 reads
2026-01-31 13:46:47,042 INFO Parsed 8200000 reads
2026-01-31 13:46:49,190 INFO Parsed 8300000 reads
2026-01-31 13:46:51,138 INFO Parsed 8400000 reads
2026-01-31 13:46:53,047 INFO Parsed 8500000 reads
2026-01-31 13:46:54,935 INFO Parsed 8600000 reads
2026-01-31 13:46:56,950 INFO Parsed 8700000 reads
2026-01-31 13:46:59,197 INFO Parsed 8800000 reads
2026-01-31 13:47:01,172 INFO Parsed 8900000 reads
2026-01-31 13:47:03,127 INFO Parsed 9000000 reads
2026-01-31 13:47:05,027 INFO Parsed 9100000 reads
2026-01-31 13:47:06,941 INFO Parsed 9200000 reads
2026-01-31 13:47:09,022 INFO Parsed 9300000 reads
2026-01-31 13:47:11,399 INFO Parsed 9400000 reads
2026-01-31 13:47:13,648 INFO Parsed 9500000 reads
2026-01-31 13:47:15,594 INFO Parsed 9600000 reads
2026-01-31 13:47:17,550 INFO Parsed 9700000 reads
2026-01-31 13:47:19,587 INFO Parsed 9800000 reads
2026-01-31 13:47:21,465 INFO Parsed 9900000 reads
2026-01-31 13:47:23,583 INFO Parsed 10000000 reads
2026-01-31 13:47:26,135 INFO Parsed 10100000 reads
2026-01-31 13:47:28,242 INFO Parsed 10200000 reads
2026-01-31 13:47:30,295 INFO Parsed 10300000 reads
2026-01-31 13:47:32,312 INFO Parsed 10400000 reads
2026-01-31 13:47:34,174 INFO Parsed 10500000 reads
2026-01-31 13:47:36,052 INFO Parsed 10600000 reads
2026-01-31 13:47:38,204 INFO Parsed 10700000 reads
2026-01-31 13:47:40,357 INFO Parsed 10800000 reads
2026-01-31 13:47:42,298 INFO Parsed 10900000 reads
2026-01-31 13:47:44,189 INFO Parsed 11000000 reads
2026-01-31 13:47:46,256 INFO Parsed 11100000 reads
2026-01-31 13:47:48,228 INFO Parsed 11200000 reads
2026-01-31 13:47:50,502 INFO Parsed 11300000 reads
2026-01-31 13:47:52,794 INFO Parsed 11400000 reads
2026-01-31 13:47:54,934 INFO Parsed 11500000 reads
2026-01-31 13:47:56,816 INFO Parsed 11600000 reads
2026-01-31 13:47:58,676 INFO Parsed 11700000 reads
2026-01-31 13:48:00,595 INFO Parsed 11800000 reads
2026-01-31 13:48:02,576 INFO Parsed 11900000 reads
2026-01-31 13:48:04,743 INFO Parsed 12000000 reads
2026-01-31 13:48:07,075 INFO Parsed 12100000 reads
2026-01-31 13:48:09,306 INFO Parsed 12200000 reads
2026-01-31 13:48:11,315 INFO Parsed 12300000 reads
2026-01-31 13:48:13,265 INFO Parsed 12400000 reads
2026-01-31 13:48:15,183 INFO Parsed 12500000 reads
2026-01-31 13:48:17,071 INFO Parsed 12600000 reads
2026-01-31 13:48:19,052 INFO Parsed 12700000 reads
2026-01-31 13:48:21,405 INFO Parsed 12800000 reads
2026-01-31 13:48:23,320 INFO Parsed 12900000 reads
2026-01-31 13:48:25,286 INFO Parsed 13000000 reads
2026-01-31 13:48:27,191 INFO Parsed 13100000 reads
2026-01-31 13:48:29,374 INFO Parsed 13200000 reads
2026-01-31 13:48:31,477 INFO Parsed 13300000 reads
2026-01-31 13:48:33,580 INFO Parsed 13400000 reads
2026-01-31 13:48:35,885 INFO Parsed 13500000 reads
2026-01-31 13:48:37,804 INFO Parsed 13600000 reads
2026-01-31 13:48:39,761 INFO Parsed 13700000 reads
2026-01-31 13:48:40,149 INFO Input Reads: 13716335
2026-01-31 13:48:40,149 INFO Reads output: 13716335
# job finished in 283 seconds at Sat Jan 31 13:48:40 2026 -- 285.21  1.04  0.00  0.00 -- 71963d97-cab7-4c1b-88e1-b13010f9f915
