# UMI-tools version: 1.1.6
# output generated by extract --bc-pattern NNNNNNNNNN --stdin /mnt/vstor/SOM_CCCC_JGS25/sayyar/IFIT1-IFIT2-secondary-analysis/data/raw_fastq/SRR31773541.fastq.gz --stdout /mnt/vstor/SOM_CCCC_JGS25/sayyar/IFIT1-IFIT2-secondary-analysis/data/trimmed/SRR31773541_umi.fastq.gz --log /mnt/vstor/SOM_CCCC_JGS25/sayyar/IFIT1-IFIT2-secondary-analysis/data/trimmed/SRR31773541_umi_extract.log
# job started at Sat Jan 31 13:44:16 2026 on compt379 -- 91794a1b-13ca-494d-a51e-cfded7400934
# pid: 2373760, system: Linux 4.18.0-553.el8_10.x86_64 #1 SMP Fri May 10 15:19:13 EDT 2024 x86_64
# blacklist                               : None
# compresslevel                           : 6
# correct_umi_threshold                   : 0
# either_read                             : False
# either_read_resolve                     : discard
# error_correct_cell                      : False
# extract_method                          : string
# filter_cell_barcode                     : None
# filter_cell_barcodes                    : False
# filter_umi                              : None
# filtered_out                            : None
# filtered_out2                           : None
# ignore_suffix                           : False
# log2stderr                              : False
# loglevel                                : 1
# pattern                                 : NNNNNNNNNN
# pattern2                                : None
# prime3                                  : None
# quality_encoding                        : None
# quality_filter_mask                     : None
# quality_filter_threshold                : None
# random_seed                             : None
# read2_in                                : None
# read2_only                              : False
# read2_out                               : False
# read2_stdout                            : False
# reads_subset                            : None
# reconcile                               : False
# retain_umi                              : None
# short_help                              : None
# stderr                                  : <_io.TextIOWrapper name='<stderr>' mode='w' encoding='utf-8'>
# stdin                                   : <_io.TextIOWrapper name='/mnt/vstor/SOM_CCCC_JGS25/sayyar/IFIT1-IFIT2-secondary-analysis/data/raw_fastq/SRR31773541.fastq.gz' encoding='ascii'>
# stdlog                                  : <_io.TextIOWrapper name='/mnt/vstor/SOM_CCCC_JGS25/sayyar/IFIT1-IFIT2-secondary-analysis/data/trimmed/SRR31773541_umi_extract.log' mode='a' encoding='UTF-8'>
# stdout                                  : <_io.TextIOWrapper name='/mnt/vstor/SOM_CCCC_JGS25/sayyar/IFIT1-IFIT2-secondary-analysis/data/trimmed/SRR31773541_umi.fastq.gz' encoding='ascii'>
# timeit_file                             : None
# timeit_header                           : None
# timeit_name                             : all
# tmpdir                                  : None
# umi_correct_log                         : None
# umi_separator                           : _
# umi_whitelist                           : None
# umi_whitelist_paired                    : None
# whitelist                               : None
2026-01-31 13:44:16,965 INFO Starting barcode extraction
2026-01-31 13:44:18,591 INFO Parsed 100000 reads
2026-01-31 13:44:20,163 INFO Parsed 200000 reads
2026-01-31 13:44:21,711 INFO Parsed 300000 reads
2026-01-31 13:44:23,251 INFO Parsed 400000 reads
2026-01-31 13:44:24,779 INFO Parsed 500000 reads
2026-01-31 13:44:26,366 INFO Parsed 600000 reads
2026-01-31 13:44:28,153 INFO Parsed 700000 reads
2026-01-31 13:44:29,844 INFO Parsed 800000 reads
2026-01-31 13:44:31,328 INFO Parsed 900000 reads
2026-01-31 13:44:32,858 INFO Parsed 1000000 reads
2026-01-31 13:44:34,388 INFO Parsed 1100000 reads
2026-01-31 13:44:36,047 INFO Parsed 1200000 reads
2026-01-31 13:44:37,626 INFO Parsed 1300000 reads
2026-01-31 13:44:39,147 INFO Parsed 1400000 reads
2026-01-31 13:44:40,662 INFO Parsed 1500000 reads
2026-01-31 13:44:42,287 INFO Parsed 1600000 reads
2026-01-31 13:44:43,829 INFO Parsed 1700000 reads
2026-01-31 13:44:45,377 INFO Parsed 1800000 reads
2026-01-31 13:44:46,893 INFO Parsed 1900000 reads
2026-01-31 13:44:48,398 INFO Parsed 2000000 reads
2026-01-31 13:44:49,949 INFO Parsed 2100000 reads
2026-01-31 13:44:51,690 INFO Parsed 2200000 reads
2026-01-31 13:44:53,430 INFO Parsed 2300000 reads
2026-01-31 13:44:54,990 INFO Parsed 2400000 reads
2026-01-31 13:44:56,493 INFO Parsed 2500000 reads
2026-01-31 13:44:58,001 INFO Parsed 2600000 reads
2026-01-31 13:44:59,546 INFO Parsed 2700000 reads
2026-01-31 13:45:01,067 INFO Parsed 2800000 reads
2026-01-31 13:45:02,573 INFO Parsed 2900000 reads
2026-01-31 13:45:04,113 INFO Parsed 3000000 reads
2026-01-31 13:45:05,699 INFO Parsed 3100000 reads
2026-01-31 13:45:07,241 INFO Parsed 3200000 reads
2026-01-31 13:45:08,737 INFO Parsed 3300000 reads
2026-01-31 13:45:10,235 INFO Parsed 3400000 reads
2026-01-31 13:45:11,744 INFO Parsed 3500000 reads
2026-01-31 13:45:13,297 INFO Parsed 3600000 reads
2026-01-31 13:45:14,846 INFO Parsed 3700000 reads
2026-01-31 13:45:16,781 INFO Parsed 3800000 reads
2026-01-31 13:45:18,336 INFO Parsed 3900000 reads
2026-01-31 13:45:19,820 INFO Parsed 4000000 reads
2026-01-31 13:45:21,318 INFO Parsed 4100000 reads
2026-01-31 13:45:22,837 INFO Parsed 4200000 reads
2026-01-31 13:45:24,454 INFO Parsed 4300000 reads
2026-01-31 13:45:25,959 INFO Parsed 4400000 reads
2026-01-31 13:45:27,456 INFO Parsed 4500000 reads
2026-01-31 13:45:29,011 INFO Parsed 4600000 reads
2026-01-31 13:45:30,540 INFO Parsed 4700000 reads
2026-01-31 13:45:32,023 INFO Parsed 4800000 reads
2026-01-31 13:45:33,536 INFO Parsed 4900000 reads
2026-01-31 13:45:35,049 INFO Parsed 5000000 reads
2026-01-31 13:45:36,542 INFO Parsed 5100000 reads
2026-01-31 13:45:38,122 INFO Parsed 5200000 reads
2026-01-31 13:45:40,100 INFO Parsed 5300000 reads
2026-01-31 13:45:41,772 INFO Parsed 5400000 reads
2026-01-31 13:45:43,235 INFO Parsed 5500000 reads
2026-01-31 13:45:44,743 INFO Parsed 5600000 reads
2026-01-31 13:45:46,301 INFO Parsed 5700000 reads
2026-01-31 13:45:47,866 INFO Parsed 5800000 reads
2026-01-31 13:45:49,447 INFO Parsed 5900000 reads
2026-01-31 13:45:51,204 INFO Parsed 6000000 reads
2026-01-31 13:45:52,838 INFO Parsed 6100000 reads
2026-01-31 13:45:54,330 INFO Parsed 6200000 reads
2026-01-31 13:45:55,845 INFO Parsed 6300000 reads
2026-01-31 13:45:57,329 INFO Parsed 6400000 reads
2026-01-31 13:45:58,823 INFO Parsed 6500000 reads
2026-01-31 13:46:00,307 INFO Parsed 6600000 reads
2026-01-31 13:46:02,186 INFO Parsed 6700000 reads
2026-01-31 13:46:04,036 INFO Parsed 6800000 reads
2026-01-31 13:46:05,512 INFO Parsed 6900000 reads
2026-01-31 13:46:06,997 INFO Parsed 7000000 reads
2026-01-31 13:46:08,545 INFO Parsed 7100000 reads
2026-01-31 13:46:10,050 INFO Parsed 7200000 reads
2026-01-31 13:46:11,720 INFO Parsed 7300000 reads
2026-01-31 13:46:13,347 INFO Parsed 7400000 reads
2026-01-31 13:46:14,935 INFO Parsed 7500000 reads
2026-01-31 13:46:16,489 INFO Parsed 7600000 reads
2026-01-31 13:46:18,006 INFO Parsed 7700000 reads
2026-01-31 13:46:19,525 INFO Parsed 7800000 reads
2026-01-31 13:46:21,109 INFO Parsed 7900000 reads
2026-01-31 13:46:22,882 INFO Parsed 8000000 reads
2026-01-31 13:46:24,576 INFO Parsed 8100000 reads
2026-01-31 13:46:26,162 INFO Parsed 8200000 reads
2026-01-31 13:46:27,656 INFO Parsed 8300000 reads
2026-01-31 13:46:29,213 INFO Parsed 8400000 reads
2026-01-31 13:46:30,812 INFO Parsed 8500000 reads
2026-01-31 13:46:32,387 INFO Parsed 8600000 reads
2026-01-31 13:46:33,923 INFO Parsed 8700000 reads
2026-01-31 13:46:35,437 INFO Parsed 8800000 reads
2026-01-31 13:46:36,972 INFO Parsed 8900000 reads
2026-01-31 13:46:38,562 INFO Parsed 9000000 reads
2026-01-31 13:46:40,097 INFO Parsed 9100000 reads
2026-01-31 13:46:41,613 INFO Parsed 9200000 reads
2026-01-31 13:46:43,139 INFO Parsed 9300000 reads
2026-01-31 13:46:44,648 INFO Parsed 9400000 reads
2026-01-31 13:46:46,231 INFO Parsed 9500000 reads
2026-01-31 13:46:47,959 INFO Parsed 9600000 reads
2026-01-31 13:46:49,709 INFO Parsed 9700000 reads
2026-01-31 13:46:51,217 INFO Parsed 9800000 reads
2026-01-31 13:46:52,712 INFO Parsed 9900000 reads
2026-01-31 13:46:54,215 INFO Parsed 10000000 reads
2026-01-31 13:46:55,776 INFO Parsed 10100000 reads
2026-01-31 13:46:57,288 INFO Parsed 10200000 reads
2026-01-31 13:46:58,792 INFO Parsed 10300000 reads
2026-01-31 13:47:00,331 INFO Parsed 10400000 reads
2026-01-31 13:47:01,948 INFO Parsed 10500000 reads
2026-01-31 13:47:03,441 INFO Parsed 10600000 reads
2026-01-31 13:47:04,937 INFO Parsed 10700000 reads
2026-01-31 13:47:06,432 INFO Parsed 10800000 reads
2026-01-31 13:47:07,949 INFO Parsed 10900000 reads
2026-01-31 13:47:09,505 INFO Parsed 11000000 reads
2026-01-31 13:47:11,070 INFO Parsed 11100000 reads
2026-01-31 13:47:13,040 INFO Parsed 11200000 reads
2026-01-31 13:47:14,555 INFO Parsed 11300000 reads
2026-01-31 13:47:16,043 INFO Parsed 11400000 reads
2026-01-31 13:47:17,540 INFO Parsed 11500000 reads
2026-01-31 13:47:19,140 INFO Parsed 11600000 reads
2026-01-31 13:47:20,686 INFO Parsed 11700000 reads
2026-01-31 13:47:22,191 INFO Parsed 11800000 reads
2026-01-31 13:47:23,696 INFO Parsed 11900000 reads
2026-01-31 13:47:25,264 INFO Parsed 12000000 reads
2026-01-31 13:47:26,787 INFO Parsed 12100000 reads
2026-01-31 13:47:28,281 INFO Parsed 12200000 reads
2026-01-31 13:47:29,806 INFO Parsed 12300000 reads
2026-01-31 13:47:31,337 INFO Parsed 12400000 reads
2026-01-31 13:47:32,824 INFO Parsed 12500000 reads
2026-01-31 13:47:34,491 INFO Parsed 12600000 reads
2026-01-31 13:47:36,439 INFO Parsed 12700000 reads
2026-01-31 13:47:38,068 INFO Parsed 12800000 reads
2026-01-31 13:47:39,524 INFO Parsed 12900000 reads
2026-01-31 13:47:41,028 INFO Parsed 13000000 reads
2026-01-31 13:47:42,559 INFO Parsed 13100000 reads
2026-01-31 13:47:44,099 INFO Parsed 13200000 reads
2026-01-31 13:47:45,671 INFO Parsed 13300000 reads
2026-01-31 13:47:47,335 INFO Parsed 13400000 reads
2026-01-31 13:47:49,027 INFO Parsed 13500000 reads
2026-01-31 13:47:50,518 INFO Parsed 13600000 reads
2026-01-31 13:47:52,015 INFO Parsed 13700000 reads
2026-01-31 13:47:53,497 INFO Parsed 13800000 reads
2026-01-31 13:47:54,985 INFO Parsed 13900000 reads
2026-01-31 13:47:56,456 INFO Parsed 14000000 reads
2026-01-31 13:47:58,249 INFO Parsed 14100000 reads
2026-01-31 13:48:00,222 INFO Parsed 14200000 reads
2026-01-31 13:48:01,722 INFO Parsed 14300000 reads
2026-01-31 13:48:03,202 INFO Parsed 14400000 reads
2026-01-31 13:48:04,750 INFO Parsed 14500000 reads
2026-01-31 13:48:06,245 INFO Parsed 14600000 reads
2026-01-31 13:48:07,774 INFO Parsed 14700000 reads
2026-01-31 13:48:09,461 INFO Parsed 14800000 reads
2026-01-31 13:48:11,062 INFO Parsed 14900000 reads
2026-01-31 13:48:12,546 INFO Parsed 15000000 reads
2026-01-31 13:48:14,028 INFO Parsed 15100000 reads
2026-01-31 13:48:15,498 INFO Parsed 15200000 reads
2026-01-31 13:48:17,050 INFO Parsed 15300000 reads
2026-01-31 13:48:18,749 INFO Parsed 15400000 reads
2026-01-31 13:48:20,422 INFO Parsed 15500000 reads
2026-01-31 13:48:21,942 INFO Parsed 15600000 reads
2026-01-31 13:48:23,395 INFO Parsed 15700000 reads
2026-01-31 13:48:24,918 INFO Parsed 15800000 reads
2026-01-31 13:48:26,560 INFO Parsed 15900000 reads
2026-01-31 13:48:28,208 INFO Parsed 16000000 reads
2026-01-31 13:48:29,695 INFO Parsed 16100000 reads
2026-01-31 13:48:31,182 INFO Parsed 16200000 reads
2026-01-31 13:48:32,744 INFO Parsed 16300000 reads
2026-01-31 13:48:34,273 INFO Parsed 16400000 reads
2026-01-31 13:48:35,764 INFO Parsed 16500000 reads
2026-01-31 13:48:37,252 INFO Parsed 16600000 reads
2026-01-31 13:48:38,738 INFO Parsed 16700000 reads
2026-01-31 13:48:40,224 INFO Parsed 16800000 reads
2026-01-31 13:48:41,965 INFO Parsed 16900000 reads
2026-01-31 13:48:43,659 INFO Parsed 17000000 reads
2026-01-31 13:48:45,233 INFO Parsed 17100000 reads
2026-01-31 13:48:46,737 INFO Parsed 17200000 reads
2026-01-31 13:48:48,283 INFO Parsed 17300000 reads
2026-01-31 13:48:49,791 INFO Parsed 17400000 reads
2026-01-31 13:48:51,303 INFO Parsed 17500000 reads
2026-01-31 13:48:52,789 INFO Parsed 17600000 reads
2026-01-31 13:48:54,318 INFO Parsed 17700000 reads
2026-01-31 13:48:55,862 INFO Parsed 17800000 reads
2026-01-31 13:48:57,431 INFO Parsed 17900000 reads
2026-01-31 13:48:58,912 INFO Parsed 18000000 reads
2026-01-31 13:49:00,379 INFO Parsed 18100000 reads
2026-01-31 13:49:01,855 INFO Parsed 18200000 reads
2026-01-31 13:49:03,403 INFO Parsed 18300000 reads
2026-01-31 13:49:04,937 INFO Parsed 18400000 reads
2026-01-31 13:49:06,894 INFO Parsed 18500000 reads
2026-01-31 13:49:08,420 INFO Parsed 18600000 reads
2026-01-31 13:49:09,913 INFO Parsed 18700000 reads
2026-01-31 13:49:11,375 INFO Parsed 18800000 reads
2026-01-31 13:49:12,925 INFO Parsed 18900000 reads
2026-01-31 13:49:14,517 INFO Parsed 19000000 reads
2026-01-31 13:49:15,997 INFO Parsed 19100000 reads
2026-01-31 13:49:17,468 INFO Parsed 19200000 reads
2026-01-31 13:49:19,006 INFO Parsed 19300000 reads
2026-01-31 13:49:20,545 INFO Parsed 19400000 reads
2026-01-31 13:49:22,014 INFO Parsed 19500000 reads
2026-01-31 13:49:23,516 INFO Parsed 19600000 reads
2026-01-31 13:49:24,996 INFO Parsed 19700000 reads
2026-01-31 13:49:26,532 INFO Parsed 19800000 reads
2026-01-31 13:49:28,203 INFO Parsed 19900000 reads
2026-01-31 13:49:30,028 INFO Parsed 20000000 reads
2026-01-31 13:49:31,606 INFO Parsed 20100000 reads
2026-01-31 13:49:33,143 INFO Parsed 20200000 reads
2026-01-31 13:49:34,625 INFO Parsed 20300000 reads
2026-01-31 13:49:36,180 INFO Parsed 20400000 reads
2026-01-31 13:49:37,673 INFO Parsed 20500000 reads
2026-01-31 13:49:39,299 INFO Parsed 20600000 reads
2026-01-31 13:49:41,084 INFO Parsed 20700000 reads
2026-01-31 13:49:42,554 INFO Parsed 20800000 reads
2026-01-31 13:49:44,026 INFO Parsed 20900000 reads
2026-01-31 13:49:45,484 INFO Parsed 21000000 reads
2026-01-31 13:49:46,961 INFO Parsed 21100000 reads
2026-01-31 13:49:48,413 INFO Parsed 21200000 reads
2026-01-31 13:49:50,226 INFO Parsed 21300000 reads
2026-01-31 13:49:52,179 INFO Parsed 21400000 reads
2026-01-31 13:49:53,672 INFO Parsed 21500000 reads
2026-01-31 13:49:55,143 INFO Parsed 21600000 reads
2026-01-31 13:49:56,674 INFO Parsed 21700000 reads
2026-01-31 13:49:58,149 INFO Parsed 21800000 reads
2026-01-31 13:49:59,667 INFO Parsed 21900000 reads
2026-01-31 13:50:01,320 INFO Parsed 22000000 reads
2026-01-31 13:50:02,875 INFO Parsed 22100000 reads
2026-01-31 13:50:04,361 INFO Parsed 22200000 reads
2026-01-31 13:50:05,845 INFO Parsed 22300000 reads
2026-01-31 13:50:07,322 INFO Parsed 22400000 reads
2026-01-31 13:50:08,848 INFO Parsed 22500000 reads
2026-01-31 13:50:10,532 INFO Parsed 22600000 reads
2026-01-31 13:50:12,248 INFO Parsed 22700000 reads
2026-01-31 13:50:13,834 INFO Parsed 22800000 reads
2026-01-31 13:50:15,283 INFO Parsed 22900000 reads
2026-01-31 13:50:16,798 INFO Parsed 23000000 reads
2026-01-31 13:50:18,330 INFO Parsed 23100000 reads
2026-01-31 13:50:19,888 INFO Parsed 23200000 reads
2026-01-31 13:50:21,407 INFO Parsed 23300000 reads
2026-01-31 13:50:22,907 INFO Parsed 23400000 reads
2026-01-31 13:50:24,593 INFO Parsed 23500000 reads
2026-01-31 13:50:26,270 INFO Parsed 23600000 reads
2026-01-31 13:50:27,754 INFO Parsed 23700000 reads
2026-01-31 13:50:29,282 INFO Parsed 23800000 reads
2026-01-31 13:50:30,941 INFO Parsed 23900000 reads
2026-01-31 13:50:32,438 INFO Parsed 24000000 reads
2026-01-31 13:50:34,136 INFO Parsed 24100000 reads
2026-01-31 13:50:35,811 INFO Parsed 24200000 reads
2026-01-31 13:50:37,425 INFO Parsed 24300000 reads
2026-01-31 13:50:38,888 INFO Parsed 24400000 reads
2026-01-31 13:50:40,368 INFO Parsed 24500000 reads
2026-01-31 13:50:41,889 INFO Parsed 24600000 reads
2026-01-31 13:50:43,379 INFO Parsed 24700000 reads
2026-01-31 13:50:44,872 INFO Parsed 24800000 reads
2026-01-31 13:50:46,412 INFO Parsed 24900000 reads
2026-01-31 13:50:47,964 INFO Parsed 25000000 reads
2026-01-31 13:50:49,475 INFO Parsed 25100000 reads
2026-01-31 13:50:50,965 INFO Parsed 25200000 reads
2026-01-31 13:50:52,470 INFO Parsed 25300000 reads
2026-01-31 13:50:53,990 INFO Parsed 25400000 reads
2026-01-31 13:50:55,783 INFO Parsed 25500000 reads
2026-01-31 13:50:57,350 INFO Parsed 25600000 reads
2026-01-31 13:50:59,348 INFO Parsed 25700000 reads
2026-01-31 13:51:00,909 INFO Parsed 25800000 reads
2026-01-31 13:51:02,512 INFO Parsed 25900000 reads
2026-01-31 13:51:04,049 INFO Parsed 26000000 reads
2026-01-31 13:51:05,753 INFO Parsed 26100000 reads
2026-01-31 13:51:07,382 INFO Parsed 26200000 reads
2026-01-31 13:51:08,926 INFO Parsed 26300000 reads
2026-01-31 13:51:10,475 INFO Parsed 26400000 reads
2026-01-31 13:51:11,996 INFO Parsed 26500000 reads
2026-01-31 13:51:13,503 INFO Parsed 26600000 reads
2026-01-31 13:51:15,036 INFO Parsed 26700000 reads
2026-01-31 13:51:16,522 INFO Parsed 26800000 reads
2026-01-31 13:51:18,002 INFO Parsed 26900000 reads
2026-01-31 13:51:19,602 INFO Parsed 27000000 reads
2026-01-31 13:51:21,536 INFO Parsed 27100000 reads
2026-01-31 13:51:23,255 INFO Parsed 27200000 reads
2026-01-31 13:51:24,713 INFO Parsed 27300000 reads
2026-01-31 13:51:26,216 INFO Parsed 27400000 reads
2026-01-31 13:51:27,760 INFO Parsed 27500000 reads
2026-01-31 13:51:29,363 INFO Parsed 27600000 reads
2026-01-31 13:51:30,881 INFO Parsed 27700000 reads
2026-01-31 13:51:32,473 INFO Parsed 27800000 reads
2026-01-31 13:51:34,198 INFO Parsed 27900000 reads
2026-01-31 13:51:35,675 INFO Parsed 28000000 reads
2026-01-31 13:51:37,154 INFO Parsed 28100000 reads
2026-01-31 13:51:38,616 INFO Parsed 28200000 reads
2026-01-31 13:51:40,092 INFO Parsed 28300000 reads
2026-01-31 13:51:41,552 INFO Parsed 28400000 reads
2026-01-31 13:51:43,418 INFO Parsed 28500000 reads
2026-01-31 13:51:45,279 INFO Parsed 28600000 reads
2026-01-31 13:51:46,750 INFO Parsed 28700000 reads
2026-01-31 13:51:48,240 INFO Parsed 28800000 reads
2026-01-31 13:51:49,931 INFO Parsed 28900000 reads
2026-01-31 13:51:51,495 INFO Parsed 29000000 reads
2026-01-31 13:51:53,391 INFO Parsed 29100000 reads
2026-01-31 13:51:53,473 INFO Input Reads: 29103450
2026-01-31 13:51:53,473 INFO Reads output: 29103450
# job finished in 456 seconds at Sat Jan 31 13:51:53 2026 -- 456.07  0.59  0.00  0.00 -- 91794a1b-13ca-494d-a51e-cfded7400934
