# UMI-tools version: 1.1.6
# output generated by extract --bc-pattern NNNNNNNNNN --stdin /mnt/vstor/SOM_CCCC_JGS25/sayyar/IFIT1-IFIT2-secondary-analysis/data/raw_fastq/SRR31773539.fastq.gz --stdout /mnt/vstor/SOM_CCCC_JGS25/sayyar/IFIT1-IFIT2-secondary-analysis/data/trimmed/SRR31773539_umi.fastq.gz --log /mnt/vstor/SOM_CCCC_JGS25/sayyar/IFIT1-IFIT2-secondary-analysis/data/trimmed/SRR31773539_umi_extract.log
# job started at Sat Jan 31 13:44:16 2026 on compt379 -- f267d3fe-ad12-4934-96d8-fb481b9d946e
# pid: 2373751, system: Linux 4.18.0-553.el8_10.x86_64 #1 SMP Fri May 10 15:19:13 EDT 2024 x86_64
# blacklist                               : None
# compresslevel                           : 6
# correct_umi_threshold                   : 0
# either_read                             : False
# either_read_resolve                     : discard
# error_correct_cell                      : False
# extract_method                          : string
# filter_cell_barcode                     : None
# filter_cell_barcodes                    : False
# filter_umi                              : None
# filtered_out                            : None
# filtered_out2                           : None
# ignore_suffix                           : False
# log2stderr                              : False
# loglevel                                : 1
# pattern                                 : NNNNNNNNNN
# pattern2                                : None
# prime3                                  : None
# quality_encoding                        : None
# quality_filter_mask                     : None
# quality_filter_threshold                : None
# random_seed                             : None
# read2_in                                : None
# read2_only                              : False
# read2_out                               : False
# read2_stdout                            : False
# reads_subset                            : None
# reconcile                               : False
# retain_umi                              : None
# short_help                              : None
# stderr                                  : <_io.TextIOWrapper name='<stderr>' mode='w' encoding='utf-8'>
# stdin                                   : <_io.TextIOWrapper name='/mnt/vstor/SOM_CCCC_JGS25/sayyar/IFIT1-IFIT2-secondary-analysis/data/raw_fastq/SRR31773539.fastq.gz' encoding='ascii'>
# stdlog                                  : <_io.TextIOWrapper name='/mnt/vstor/SOM_CCCC_JGS25/sayyar/IFIT1-IFIT2-secondary-analysis/data/trimmed/SRR31773539_umi_extract.log' mode='a' encoding='UTF-8'>
# stdout                                  : <_io.TextIOWrapper name='/mnt/vstor/SOM_CCCC_JGS25/sayyar/IFIT1-IFIT2-secondary-analysis/data/trimmed/SRR31773539_umi.fastq.gz' encoding='ascii'>
# timeit_file                             : None
# timeit_header                           : None
# timeit_name                             : all
# tmpdir                                  : None
# umi_correct_log                         : None
# umi_separator                           : _
# umi_whitelist                           : None
# umi_whitelist_paired                    : None
# whitelist                               : None
2026-01-31 13:44:16,911 INFO Starting barcode extraction
2026-01-31 13:44:18,854 INFO Parsed 100000 reads
2026-01-31 13:44:20,712 INFO Parsed 200000 reads
2026-01-31 13:44:22,546 INFO Parsed 300000 reads
2026-01-31 13:44:24,378 INFO Parsed 400000 reads
2026-01-31 13:44:26,244 INFO Parsed 500000 reads
2026-01-31 13:44:28,328 INFO Parsed 600000 reads
2026-01-31 13:44:30,276 INFO Parsed 700000 reads
2026-01-31 13:44:32,051 INFO Parsed 800000 reads
2026-01-31 13:44:33,904 INFO Parsed 900000 reads
2026-01-31 13:44:35,839 INFO Parsed 1000000 reads
2026-01-31 13:44:37,712 INFO Parsed 1100000 reads
2026-01-31 13:44:39,533 INFO Parsed 1200000 reads
2026-01-31 13:44:41,359 INFO Parsed 1300000 reads
2026-01-31 13:44:43,282 INFO Parsed 1400000 reads
2026-01-31 13:44:45,132 INFO Parsed 1500000 reads
2026-01-31 13:44:46,945 INFO Parsed 1600000 reads
2026-01-31 13:44:48,753 INFO Parsed 1700000 reads
2026-01-31 13:44:50,594 INFO Parsed 1800000 reads
2026-01-31 13:44:52,671 INFO Parsed 1900000 reads
2026-01-31 13:44:54,651 INFO Parsed 2000000 reads
2026-01-31 13:44:56,461 INFO Parsed 2100000 reads
2026-01-31 13:44:58,272 INFO Parsed 2200000 reads
2026-01-31 13:45:00,123 INFO Parsed 2300000 reads
2026-01-31 13:45:01,938 INFO Parsed 2400000 reads
2026-01-31 13:45:03,793 INFO Parsed 2500000 reads
2026-01-31 13:45:05,683 INFO Parsed 2600000 reads
2026-01-31 13:45:07,522 INFO Parsed 2700000 reads
2026-01-31 13:45:09,307 INFO Parsed 2800000 reads
2026-01-31 13:45:11,115 INFO Parsed 2900000 reads
2026-01-31 13:45:12,976 INFO Parsed 3000000 reads
2026-01-31 13:45:14,845 INFO Parsed 3100000 reads
2026-01-31 13:45:17,043 INFO Parsed 3200000 reads
2026-01-31 13:45:18,867 INFO Parsed 3300000 reads
2026-01-31 13:45:20,673 INFO Parsed 3400000 reads
2026-01-31 13:45:22,514 INFO Parsed 3500000 reads
2026-01-31 13:45:24,413 INFO Parsed 3600000 reads
2026-01-31 13:45:26,228 INFO Parsed 3700000 reads
2026-01-31 13:45:28,075 INFO Parsed 3800000 reads
2026-01-31 13:45:29,911 INFO Parsed 3900000 reads
2026-01-31 13:45:31,704 INFO Parsed 4000000 reads
2026-01-31 13:45:33,521 INFO Parsed 4100000 reads
2026-01-31 13:45:35,336 INFO Parsed 4200000 reads
2026-01-31 13:45:37,181 INFO Parsed 4300000 reads
2026-01-31 13:45:39,345 INFO Parsed 4400000 reads
2026-01-31 13:45:41,357 INFO Parsed 4500000 reads
2026-01-31 13:45:43,125 INFO Parsed 4600000 reads
2026-01-31 13:45:44,940 INFO Parsed 4700000 reads
2026-01-31 13:45:46,822 INFO Parsed 4800000 reads
2026-01-31 13:45:48,701 INFO Parsed 4900000 reads
2026-01-31 13:45:50,801 INFO Parsed 5000000 reads
2026-01-31 13:45:52,645 INFO Parsed 5100000 reads
2026-01-31 13:45:54,454 INFO Parsed 5200000 reads
2026-01-31 13:45:56,251 INFO Parsed 5300000 reads
2026-01-31 13:45:58,037 INFO Parsed 5400000 reads
2026-01-31 13:45:59,855 INFO Parsed 5500000 reads
2026-01-31 13:46:02,154 INFO Parsed 5600000 reads
2026-01-31 13:46:04,008 INFO Parsed 5700000 reads
2026-01-31 13:46:05,792 INFO Parsed 5800000 reads
2026-01-31 13:46:07,633 INFO Parsed 5900000 reads
2026-01-31 13:46:09,434 INFO Parsed 6000000 reads
2026-01-31 13:46:11,470 INFO Parsed 6100000 reads
2026-01-31 13:46:13,388 INFO Parsed 6200000 reads
2026-01-31 13:46:15,243 INFO Parsed 6300000 reads
2026-01-31 13:46:17,057 INFO Parsed 6400000 reads
2026-01-31 13:46:18,866 INFO Parsed 6500000 reads
2026-01-31 13:46:20,775 INFO Parsed 6600000 reads
2026-01-31 13:46:22,869 INFO Parsed 6700000 reads
2026-01-31 13:46:24,808 INFO Parsed 6800000 reads
2026-01-31 13:46:26,618 INFO Parsed 6900000 reads
2026-01-31 13:46:28,458 INFO Parsed 7000000 reads
2026-01-31 13:46:30,397 INFO Parsed 7100000 reads
2026-01-31 13:46:32,242 INFO Parsed 7200000 reads
2026-01-31 13:46:34,049 INFO Parsed 7300000 reads
2026-01-31 13:46:35,889 INFO Parsed 7400000 reads
2026-01-31 13:46:37,757 INFO Parsed 7500000 reads
2026-01-31 13:46:39,584 INFO Parsed 7600000 reads
2026-01-31 13:46:41,398 INFO Parsed 7700000 reads
2026-01-31 13:46:43,230 INFO Parsed 7800000 reads
2026-01-31 13:46:45,087 INFO Parsed 7900000 reads
2026-01-31 13:46:47,144 INFO Parsed 8000000 reads
2026-01-31 13:46:49,123 INFO Parsed 8100000 reads
2026-01-31 13:46:50,922 INFO Parsed 8200000 reads
2026-01-31 13:46:52,721 INFO Parsed 8300000 reads
2026-01-31 13:46:54,568 INFO Parsed 8400000 reads
2026-01-31 13:46:56,384 INFO Parsed 8500000 reads
2026-01-31 13:46:58,226 INFO Parsed 8600000 reads
2026-01-31 13:47:00,093 INFO Parsed 8700000 reads
2026-01-31 13:47:01,946 INFO Parsed 8800000 reads
2026-01-31 13:47:03,737 INFO Parsed 8900000 reads
2026-01-31 13:47:05,535 INFO Parsed 9000000 reads
2026-01-31 13:47:07,401 INFO Parsed 9100000 reads
2026-01-31 13:47:09,229 INFO Parsed 9200000 reads
2026-01-31 13:47:11,433 INFO Parsed 9300000 reads
2026-01-31 13:47:13,266 INFO Parsed 9400000 reads
2026-01-31 13:47:15,054 INFO Parsed 9500000 reads
2026-01-31 13:47:16,856 INFO Parsed 9600000 reads
2026-01-31 13:47:18,803 INFO Parsed 9700000 reads
2026-01-31 13:47:20,608 INFO Parsed 9800000 reads
2026-01-31 13:47:22,421 INFO Parsed 9900000 reads
2026-01-31 13:47:24,291 INFO Parsed 10000000 reads
2026-01-31 13:47:26,103 INFO Parsed 10100000 reads
2026-01-31 13:47:27,927 INFO Parsed 10200000 reads
2026-01-31 13:47:29,753 INFO Parsed 10300000 reads
2026-01-31 13:47:31,549 INFO Parsed 10400000 reads
2026-01-31 13:47:33,597 INFO Parsed 10500000 reads
2026-01-31 13:47:35,725 INFO Parsed 10600000 reads
2026-01-31 13:47:37,558 INFO Parsed 10700000 reads
2026-01-31 13:47:39,363 INFO Parsed 10800000 reads
2026-01-31 13:47:41,209 INFO Parsed 10900000 reads
2026-01-31 13:47:43,064 INFO Parsed 11000000 reads
2026-01-31 13:47:44,922 INFO Parsed 11100000 reads
2026-01-31 13:47:46,997 INFO Parsed 11200000 reads
2026-01-31 13:47:48,822 INFO Parsed 11300000 reads
2026-01-31 13:47:50,616 INFO Parsed 11400000 reads
2026-01-31 13:47:52,403 INFO Parsed 11500000 reads
2026-01-31 13:47:54,174 INFO Parsed 11600000 reads
2026-01-31 13:47:56,182 INFO Parsed 11700000 reads
2026-01-31 13:47:58,379 INFO Parsed 11800000 reads
2026-01-31 13:48:00,178 INFO Parsed 11900000 reads
2026-01-31 13:48:01,951 INFO Parsed 12000000 reads
2026-01-31 13:48:03,809 INFO Parsed 12100000 reads
2026-01-31 13:48:05,613 INFO Parsed 12200000 reads
2026-01-31 13:48:07,622 INFO Parsed 12300000 reads
2026-01-31 13:48:09,496 INFO Parsed 12400000 reads
2026-01-31 13:48:11,288 INFO Parsed 12500000 reads
2026-01-31 13:48:13,050 INFO Parsed 12600000 reads
2026-01-31 13:48:14,916 INFO Parsed 12700000 reads
2026-01-31 13:48:16,911 INFO Parsed 12800000 reads
2026-01-31 13:48:18,903 INFO Parsed 12900000 reads
2026-01-31 13:48:20,647 INFO Parsed 13000000 reads
2026-01-31 13:48:22,463 INFO Parsed 13100000 reads
2026-01-31 13:48:24,353 INFO Parsed 13200000 reads
2026-01-31 13:48:26,350 INFO Parsed 13300000 reads
2026-01-31 13:48:28,126 INFO Parsed 13400000 reads
2026-01-31 13:48:29,902 INFO Parsed 13500000 reads
2026-01-31 13:48:31,793 INFO Parsed 13600000 reads
2026-01-31 13:48:33,570 INFO Parsed 13700000 reads
2026-01-31 13:48:35,354 INFO Parsed 13800000 reads
2026-01-31 13:48:37,129 INFO Parsed 13900000 reads
2026-01-31 13:48:38,906 INFO Parsed 14000000 reads
2026-01-31 13:48:40,937 INFO Parsed 14100000 reads
2026-01-31 13:48:42,915 INFO Parsed 14200000 reads
2026-01-31 13:48:44,734 INFO Parsed 14300000 reads
2026-01-31 13:48:46,565 INFO Parsed 14400000 reads
2026-01-31 13:48:48,384 INFO Parsed 14500000 reads
2026-01-31 13:48:50,193 INFO Parsed 14600000 reads
2026-01-31 13:48:52,011 INFO Parsed 14700000 reads
2026-01-31 13:48:53,848 INFO Parsed 14800000 reads
2026-01-31 13:48:55,719 INFO Parsed 14900000 reads
2026-01-31 13:48:57,482 INFO Parsed 15000000 reads
2026-01-31 13:48:59,243 INFO Parsed 15100000 reads
2026-01-31 13:49:01,087 INFO Parsed 15200000 reads
2026-01-31 13:49:02,889 INFO Parsed 15300000 reads
2026-01-31 13:49:05,087 INFO Parsed 15400000 reads
2026-01-31 13:49:06,894 INFO Parsed 15500000 reads
2026-01-31 13:49:08,666 INFO Parsed 15600000 reads
2026-01-31 13:49:10,488 INFO Parsed 15700000 reads
2026-01-31 13:49:12,379 INFO Parsed 15800000 reads
2026-01-31 13:49:14,153 INFO Parsed 15900000 reads
2026-01-31 13:49:15,982 INFO Parsed 16000000 reads
2026-01-31 13:49:17,819 INFO Parsed 16100000 reads
2026-01-31 13:49:19,577 INFO Parsed 16200000 reads
2026-01-31 13:49:21,371 INFO Parsed 16300000 reads
2026-01-31 13:49:23,135 INFO Parsed 16400000 reads
2026-01-31 13:49:24,973 INFO Parsed 16500000 reads
2026-01-31 13:49:27,187 INFO Parsed 16600000 reads
2026-01-31 13:49:29,070 INFO Parsed 16700000 reads
2026-01-31 13:49:30,833 INFO Parsed 16800000 reads
2026-01-31 13:49:32,626 INFO Parsed 16900000 reads
2026-01-31 13:49:34,473 INFO Parsed 17000000 reads
2026-01-31 13:49:36,345 INFO Parsed 17100000 reads
2026-01-31 13:49:38,430 INFO Parsed 17200000 reads
2026-01-31 13:49:40,196 INFO Parsed 17300000 reads
2026-01-31 13:49:41,955 INFO Parsed 17400000 reads
2026-01-31 13:49:43,718 INFO Parsed 17500000 reads
2026-01-31 13:49:45,471 INFO Parsed 17600000 reads
2026-01-31 13:49:47,506 INFO Parsed 17700000 reads
2026-01-31 13:49:49,734 INFO Parsed 17800000 reads
2026-01-31 13:49:51,486 INFO Parsed 17900000 reads
2026-01-31 13:49:53,285 INFO Parsed 18000000 reads
2026-01-31 13:49:55,073 INFO Parsed 18100000 reads
2026-01-31 13:49:56,922 INFO Parsed 18200000 reads
2026-01-31 13:49:58,853 INFO Parsed 18300000 reads
2026-01-31 13:50:00,648 INFO Parsed 18400000 reads
2026-01-31 13:50:02,422 INFO Parsed 18500000 reads
2026-01-31 13:50:04,188 INFO Parsed 18600000 reads
2026-01-31 13:50:06,004 INFO Parsed 18700000 reads
2026-01-31 13:50:08,039 INFO Parsed 18800000 reads
2026-01-31 13:50:10,032 INFO Parsed 18900000 reads
2026-01-31 13:50:11,784 INFO Parsed 19000000 reads
2026-01-31 13:50:13,602 INFO Parsed 19100000 reads
2026-01-31 13:50:15,430 INFO Parsed 19200000 reads
2026-01-31 13:50:17,293 INFO Parsed 19300000 reads
2026-01-31 13:50:19,067 INFO Parsed 19400000 reads
2026-01-31 13:50:20,966 INFO Parsed 19500000 reads
2026-01-31 13:50:23,014 INFO Parsed 19600000 reads
2026-01-31 13:50:24,800 INFO Parsed 19700000 reads
2026-01-31 13:50:26,671 INFO Parsed 19800000 reads
2026-01-31 13:50:28,616 INFO Parsed 19900000 reads
2026-01-31 13:50:30,393 INFO Parsed 20000000 reads
2026-01-31 13:50:32,433 INFO Parsed 20100000 reads
2026-01-31 13:50:34,428 INFO Parsed 20200000 reads
2026-01-31 13:50:36,181 INFO Parsed 20300000 reads
2026-01-31 13:50:37,943 INFO Parsed 20400000 reads
2026-01-31 13:50:39,757 INFO Parsed 20500000 reads
2026-01-31 13:50:41,521 INFO Parsed 20600000 reads
2026-01-31 13:50:43,332 INFO Parsed 20700000 reads
2026-01-31 13:50:45,190 INFO Parsed 20800000 reads
2026-01-31 13:50:46,994 INFO Parsed 20900000 reads
2026-01-31 13:50:48,785 INFO Parsed 21000000 reads
2026-01-31 13:50:50,580 INFO Parsed 21100000 reads
2026-01-31 13:50:52,478 INFO Parsed 21200000 reads
2026-01-31 13:50:54,335 INFO Parsed 21300000 reads
2026-01-31 13:50:56,571 INFO Parsed 21400000 reads
2026-01-31 13:50:58,438 INFO Parsed 21500000 reads
2026-01-31 13:51:00,239 INFO Parsed 21600000 reads
2026-01-31 13:51:02,238 INFO Parsed 21700000 reads
2026-01-31 13:51:04,225 INFO Parsed 21800000 reads
2026-01-31 13:51:06,099 INFO Parsed 21900000 reads
2026-01-31 13:51:07,988 INFO Parsed 22000000 reads
2026-01-31 13:51:09,831 INFO Parsed 22100000 reads
2026-01-31 13:51:11,658 INFO Parsed 22200000 reads
2026-01-31 13:51:13,442 INFO Parsed 22300000 reads
2026-01-31 13:51:15,218 INFO Parsed 22400000 reads
2026-01-31 13:51:17,218 INFO Parsed 22500000 reads
2026-01-31 13:51:19,377 INFO Parsed 22600000 reads
2026-01-31 13:51:21,230 INFO Parsed 22700000 reads
2026-01-31 13:51:23,018 INFO Parsed 22800000 reads
2026-01-31 13:51:24,932 INFO Parsed 22900000 reads
2026-01-31 13:51:26,784 INFO Parsed 23000000 reads
2026-01-31 13:51:28,603 INFO Parsed 23100000 reads
2026-01-31 13:51:30,672 INFO Parsed 23200000 reads
2026-01-31 13:51:32,439 INFO Parsed 23300000 reads
2026-01-31 13:51:34,215 INFO Parsed 23400000 reads
2026-01-31 13:51:35,984 INFO Parsed 23500000 reads
2026-01-31 13:51:37,736 INFO Parsed 23600000 reads
2026-01-31 13:51:39,828 INFO Parsed 23700000 reads
2026-01-31 13:51:41,925 INFO Parsed 23800000 reads
2026-01-31 13:51:43,673 INFO Parsed 23900000 reads
2026-01-31 13:51:45,598 INFO Parsed 24000000 reads
2026-01-31 13:51:47,445 INFO Parsed 24100000 reads
2026-01-31 13:51:49,360 INFO Input Reads: 24193483
2026-01-31 13:51:49,361 INFO Reads output: 24193483
# job finished in 452 seconds at Sat Jan 31 13:51:49 2026 -- 452.33  0.61  0.00  0.00 -- f267d3fe-ad12-4934-96d8-fb481b9d946e
