# UMI-tools version: 1.1.6
# output generated by extract --bc-pattern NNNNNNNNNN --stdin /mnt/vstor/SOM_CCCC_JGS25/sayyar/IFIT1-IFIT2-secondary-analysis/data/raw_fastq/SRR31773512.fastq.gz --stdout /mnt/vstor/SOM_CCCC_JGS25/sayyar/IFIT1-IFIT2-secondary-analysis/data/trimmed/SRR31773512_umi.fastq.gz --log /mnt/vstor/SOM_CCCC_JGS25/sayyar/IFIT1-IFIT2-secondary-analysis/data/trimmed/SRR31773512_umi_extract.log
# job started at Sat Jan 31 13:43:56 2026 on compt368 -- 99ec2922-b3b4-40eb-8223-46dd882d7183
# pid: 2872342, system: Linux 4.18.0-553.el8_10.x86_64 #1 SMP Fri May 10 15:19:13 EDT 2024 x86_64
# blacklist                               : None
# compresslevel                           : 6
# correct_umi_threshold                   : 0
# either_read                             : False
# either_read_resolve                     : discard
# error_correct_cell                      : False
# extract_method                          : string
# filter_cell_barcode                     : None
# filter_cell_barcodes                    : False
# filter_umi                              : None
# filtered_out                            : None
# filtered_out2                           : None
# ignore_suffix                           : False
# log2stderr                              : False
# loglevel                                : 1
# pattern                                 : NNNNNNNNNN
# pattern2                                : None
# prime3                                  : None
# quality_encoding                        : None
# quality_filter_mask                     : None
# quality_filter_threshold                : None
# random_seed                             : None
# read2_in                                : None
# read2_only                              : False
# read2_out                               : False
# read2_stdout                            : False
# reads_subset                            : None
# reconcile                               : False
# retain_umi                              : None
# short_help                              : None
# stderr                                  : <_io.TextIOWrapper name='<stderr>' mode='w' encoding='utf-8'>
# stdin                                   : <_io.TextIOWrapper name='/mnt/vstor/SOM_CCCC_JGS25/sayyar/IFIT1-IFIT2-secondary-analysis/data/raw_fastq/SRR31773512.fastq.gz' encoding='ascii'>
# stdlog                                  : <_io.TextIOWrapper name='/mnt/vstor/SOM_CCCC_JGS25/sayyar/IFIT1-IFIT2-secondary-analysis/data/trimmed/SRR31773512_umi_extract.log' mode='a' encoding='UTF-8'>
# stdout                                  : <_io.TextIOWrapper name='/mnt/vstor/SOM_CCCC_JGS25/sayyar/IFIT1-IFIT2-secondary-analysis/data/trimmed/SRR31773512_umi.fastq.gz' encoding='ascii'>
# timeit_file                             : None
# timeit_header                           : None
# timeit_name                             : all
# tmpdir                                  : None
# umi_correct_log                         : None
# umi_separator                           : _
# umi_whitelist                           : None
# umi_whitelist_paired                    : None
# whitelist                               : None
2026-01-31 13:43:56,169 INFO Starting barcode extraction
2026-01-31 13:43:58,305 INFO Parsed 100000 reads
2026-01-31 13:44:00,372 INFO Parsed 200000 reads
2026-01-31 13:44:02,401 INFO Parsed 300000 reads
2026-01-31 13:44:04,635 INFO Parsed 400000 reads
2026-01-31 13:44:06,778 INFO Parsed 500000 reads
2026-01-31 13:44:08,823 INFO Parsed 600000 reads
2026-01-31 13:44:11,000 INFO Parsed 700000 reads
2026-01-31 13:44:13,122 INFO Parsed 800000 reads
2026-01-31 13:44:15,216 INFO Parsed 900000 reads
2026-01-31 13:44:17,279 INFO Parsed 1000000 reads
2026-01-31 13:44:19,321 INFO Parsed 1100000 reads
2026-01-31 13:44:21,351 INFO Parsed 1200000 reads
2026-01-31 13:44:23,646 INFO Parsed 1300000 reads
2026-01-31 13:44:25,754 INFO Parsed 1400000 reads
2026-01-31 13:44:27,806 INFO Parsed 1500000 reads
2026-01-31 13:44:30,080 INFO Parsed 1600000 reads
2026-01-31 13:44:32,171 INFO Parsed 1700000 reads
2026-01-31 13:44:34,286 INFO Parsed 1800000 reads
2026-01-31 13:44:36,303 INFO Parsed 1900000 reads
2026-01-31 13:44:38,337 INFO Parsed 2000000 reads
2026-01-31 13:44:40,382 INFO Parsed 2100000 reads
2026-01-31 13:44:42,715 INFO Parsed 2200000 reads
2026-01-31 13:44:44,725 INFO Parsed 2300000 reads
2026-01-31 13:44:46,858 INFO Parsed 2400000 reads
2026-01-31 13:44:48,883 INFO Parsed 2500000 reads
2026-01-31 13:44:50,937 INFO Parsed 2600000 reads
2026-01-31 13:44:52,965 INFO Parsed 2700000 reads
2026-01-31 13:44:54,993 INFO Parsed 2800000 reads
2026-01-31 13:44:57,028 INFO Parsed 2900000 reads
2026-01-31 13:44:59,377 INFO Parsed 3000000 reads
2026-01-31 13:45:01,459 INFO Parsed 3100000 reads
2026-01-31 13:45:03,500 INFO Parsed 3200000 reads
2026-01-31 13:45:05,601 INFO Parsed 3300000 reads
2026-01-31 13:45:07,886 INFO Parsed 3400000 reads
2026-01-31 13:45:09,893 INFO Parsed 3500000 reads
2026-01-31 13:45:11,879 INFO Parsed 3600000 reads
2026-01-31 13:45:13,876 INFO Parsed 3700000 reads
2026-01-31 13:45:16,291 INFO Parsed 3800000 reads
2026-01-31 13:45:18,264 INFO Parsed 3900000 reads
2026-01-31 13:45:20,292 INFO Parsed 4000000 reads
2026-01-31 13:45:22,469 INFO Parsed 4100000 reads
2026-01-31 13:45:24,570 INFO Parsed 4200000 reads
2026-01-31 13:45:26,603 INFO Parsed 4300000 reads
2026-01-31 13:45:28,636 INFO Parsed 4400000 reads
2026-01-31 13:45:30,907 INFO Parsed 4500000 reads
2026-01-31 13:45:33,014 INFO Parsed 4600000 reads
2026-01-31 13:45:35,048 INFO Parsed 4700000 reads
2026-01-31 13:45:37,159 INFO Parsed 4800000 reads
2026-01-31 13:45:39,194 INFO Parsed 4900000 reads
2026-01-31 13:45:41,252 INFO Parsed 5000000 reads
2026-01-31 13:45:43,294 INFO Parsed 5100000 reads
2026-01-31 13:45:45,327 INFO Parsed 5200000 reads
2026-01-31 13:45:47,345 INFO Parsed 5300000 reads
2026-01-31 13:45:49,591 INFO Parsed 5400000 reads
2026-01-31 13:45:51,733 INFO Parsed 5500000 reads
2026-01-31 13:45:53,735 INFO Parsed 5600000 reads
2026-01-31 13:45:55,789 INFO Parsed 5700000 reads
2026-01-31 13:45:57,833 INFO Parsed 5800000 reads
2026-01-31 13:45:59,948 INFO Parsed 5900000 reads
2026-01-31 13:46:01,956 INFO Parsed 6000000 reads
2026-01-31 13:46:03,971 INFO Parsed 6100000 reads
2026-01-31 13:46:06,050 INFO Parsed 6200000 reads
2026-01-31 13:46:08,394 INFO Parsed 6300000 reads
2026-01-31 13:46:10,406 INFO Parsed 6400000 reads
2026-01-31 13:46:12,476 INFO Parsed 6500000 reads
2026-01-31 13:46:14,527 INFO Parsed 6600000 reads
2026-01-31 13:46:16,590 INFO Parsed 6700000 reads
2026-01-31 13:46:18,635 INFO Parsed 6800000 reads
2026-01-31 13:46:20,663 INFO Parsed 6900000 reads
2026-01-31 13:46:22,693 INFO Parsed 7000000 reads
2026-01-31 13:46:25,004 INFO Parsed 7100000 reads
2026-01-31 13:46:27,183 INFO Parsed 7200000 reads
2026-01-31 13:46:29,182 INFO Parsed 7300000 reads
2026-01-31 13:46:31,247 INFO Parsed 7400000 reads
2026-01-31 13:46:33,355 INFO Parsed 7500000 reads
2026-01-31 13:46:35,560 INFO Parsed 7600000 reads
2026-01-31 13:46:37,574 INFO Parsed 7700000 reads
2026-01-31 13:46:39,567 INFO Parsed 7800000 reads
2026-01-31 13:46:41,739 INFO Parsed 7900000 reads
2026-01-31 13:46:44,054 INFO Parsed 8000000 reads
2026-01-31 13:46:46,070 INFO Parsed 8100000 reads
2026-01-31 13:46:48,086 INFO Parsed 8200000 reads
2026-01-31 13:46:50,279 INFO Parsed 8300000 reads
2026-01-31 13:46:52,310 INFO Parsed 8400000 reads
2026-01-31 13:46:54,275 INFO Parsed 8500000 reads
2026-01-31 13:46:56,299 INFO Parsed 8600000 reads
2026-01-31 13:46:58,580 INFO Parsed 8700000 reads
2026-01-31 13:47:00,535 INFO Parsed 8800000 reads
2026-01-31 13:47:02,605 INFO Parsed 8900000 reads
2026-01-31 13:47:04,769 INFO Parsed 9000000 reads
2026-01-31 13:47:06,763 INFO Parsed 9100000 reads
2026-01-31 13:47:08,827 INFO Parsed 9200000 reads
2026-01-31 13:47:10,810 INFO Parsed 9300000 reads
2026-01-31 13:47:12,794 INFO Parsed 9400000 reads
2026-01-31 13:47:14,903 INFO Parsed 9500000 reads
2026-01-31 13:47:17,076 INFO Parsed 9600000 reads
2026-01-31 13:47:19,109 INFO Parsed 9700000 reads
2026-01-31 13:47:21,120 INFO Parsed 9800000 reads
2026-01-31 13:47:23,117 INFO Parsed 9900000 reads
2026-01-31 13:47:25,180 INFO Parsed 10000000 reads
2026-01-31 13:47:27,192 INFO Parsed 10100000 reads
2026-01-31 13:47:29,140 INFO Parsed 10200000 reads
2026-01-31 13:47:31,164 INFO Parsed 10300000 reads
2026-01-31 13:47:33,469 INFO Parsed 10400000 reads
2026-01-31 13:47:35,478 INFO Parsed 10500000 reads
2026-01-31 13:47:37,453 INFO Parsed 10600000 reads
2026-01-31 13:47:39,506 INFO Parsed 10700000 reads
2026-01-31 13:47:41,512 INFO Parsed 10800000 reads
2026-01-31 13:47:43,525 INFO Parsed 10900000 reads
2026-01-31 13:47:45,505 INFO Parsed 11000000 reads
2026-01-31 13:47:47,454 INFO Parsed 11100000 reads
2026-01-31 13:47:49,753 INFO Parsed 11200000 reads
2026-01-31 13:47:51,822 INFO Parsed 11300000 reads
2026-01-31 13:47:53,791 INFO Parsed 11400000 reads
2026-01-31 13:47:55,805 INFO Parsed 11500000 reads
2026-01-31 13:47:58,061 INFO Parsed 11600000 reads
2026-01-31 13:48:00,053 INFO Parsed 11700000 reads
2026-01-31 13:48:01,994 INFO Parsed 11800000 reads
2026-01-31 13:48:03,950 INFO Parsed 11900000 reads
2026-01-31 13:48:06,406 INFO Parsed 12000000 reads
2026-01-31 13:48:08,403 INFO Parsed 12100000 reads
2026-01-31 13:48:10,399 INFO Parsed 12200000 reads
2026-01-31 13:48:12,478 INFO Parsed 12300000 reads
2026-01-31 13:48:14,517 INFO Parsed 12400000 reads
2026-01-31 13:48:16,469 INFO Parsed 12500000 reads
2026-01-31 13:48:18,428 INFO Parsed 12600000 reads
2026-01-31 13:48:20,637 INFO Parsed 12700000 reads
2026-01-31 13:48:22,770 INFO Parsed 12800000 reads
2026-01-31 13:48:24,760 INFO Parsed 12900000 reads
2026-01-31 13:48:26,811 INFO Parsed 13000000 reads
2026-01-31 13:48:28,807 INFO Parsed 13100000 reads
2026-01-31 13:48:30,957 INFO Parsed 13200000 reads
2026-01-31 13:48:33,023 INFO Parsed 13300000 reads
2026-01-31 13:48:35,100 INFO Parsed 13400000 reads
2026-01-31 13:48:37,125 INFO Parsed 13500000 reads
2026-01-31 13:48:39,371 INFO Parsed 13600000 reads
2026-01-31 13:48:41,400 INFO Parsed 13700000 reads
2026-01-31 13:48:43,372 INFO Parsed 13800000 reads
2026-01-31 13:48:45,347 INFO Parsed 13900000 reads
2026-01-31 13:48:47,341 INFO Parsed 14000000 reads
2026-01-31 13:48:49,372 INFO Parsed 14100000 reads
2026-01-31 13:48:51,328 INFO Parsed 14200000 reads
2026-01-31 13:48:53,343 INFO Parsed 14300000 reads
2026-01-31 13:48:55,391 INFO Parsed 14400000 reads
2026-01-31 13:48:57,655 INFO Parsed 14500000 reads
2026-01-31 13:48:59,636 INFO Parsed 14600000 reads
2026-01-31 13:49:01,761 INFO Parsed 14700000 reads
2026-01-31 13:49:03,769 INFO Parsed 14800000 reads
2026-01-31 13:49:05,817 INFO Parsed 14900000 reads
2026-01-31 13:49:07,803 INFO Parsed 15000000 reads
2026-01-31 13:49:09,785 INFO Parsed 15100000 reads
2026-01-31 13:49:11,895 INFO Parsed 15200000 reads
2026-01-31 13:49:14,215 INFO Parsed 15300000 reads
2026-01-31 13:49:16,189 INFO Parsed 15400000 reads
2026-01-31 13:49:18,308 INFO Parsed 15500000 reads
2026-01-31 13:49:20,317 INFO Parsed 15600000 reads
2026-01-31 13:49:22,497 INFO Parsed 15700000 reads
2026-01-31 13:49:24,442 INFO Parsed 15800000 reads
2026-01-31 13:49:26,376 INFO Parsed 15900000 reads
2026-01-31 13:49:28,496 INFO Parsed 16000000 reads
2026-01-31 13:49:30,719 INFO Parsed 16100000 reads
2026-01-31 13:49:32,767 INFO Parsed 16200000 reads
2026-01-31 13:49:34,849 INFO Parsed 16300000 reads
2026-01-31 13:49:35,912 INFO Input Reads: 16343614
2026-01-31 13:49:35,912 INFO Reads output: 16343614
# job finished in 339 seconds at Sat Jan 31 13:49:35 2026 -- 340.03  0.60  0.00  0.00 -- 99ec2922-b3b4-40eb-8223-46dd882d7183
