# UMI-tools version: 1.1.6
# output generated by extract --bc-pattern NNNNNNNNNN --stdin /mnt/vstor/SOM_CCCC_JGS25/sayyar/IFIT1-IFIT2-secondary-analysis/data/raw_fastq/SRR31773519.fastq.gz --stdout /mnt/vstor/SOM_CCCC_JGS25/sayyar/IFIT1-IFIT2-secondary-analysis/data/trimmed/SRR31773519_umi.fastq.gz --log /mnt/vstor/SOM_CCCC_JGS25/sayyar/IFIT1-IFIT2-secondary-analysis/data/trimmed/SRR31773519_umi_extract.log
# job started at Sat Jan 31 13:44:03 2026 on compt296 -- 3c92849d-5416-4b6f-970e-6d530230e0d2
# pid: 4170824, system: Linux 4.18.0-553.el8_10.x86_64 #1 SMP Fri May 10 15:19:13 EDT 2024 x86_64
# blacklist                               : None
# compresslevel                           : 6
# correct_umi_threshold                   : 0
# either_read                             : False
# either_read_resolve                     : discard
# error_correct_cell                      : False
# extract_method                          : string
# filter_cell_barcode                     : None
# filter_cell_barcodes                    : False
# filter_umi                              : None
# filtered_out                            : None
# filtered_out2                           : None
# ignore_suffix                           : False
# log2stderr                              : False
# loglevel                                : 1
# pattern                                 : NNNNNNNNNN
# pattern2                                : None
# prime3                                  : None
# quality_encoding                        : None
# quality_filter_mask                     : None
# quality_filter_threshold                : None
# random_seed                             : None
# read2_in                                : None
# read2_only                              : False
# read2_out                               : False
# read2_stdout                            : False
# reads_subset                            : None
# reconcile                               : False
# retain_umi                              : None
# short_help                              : None
# stderr                                  : <_io.TextIOWrapper name='<stderr>' mode='w' encoding='utf-8'>
# stdin                                   : <_io.TextIOWrapper name='/mnt/vstor/SOM_CCCC_JGS25/sayyar/IFIT1-IFIT2-secondary-analysis/data/raw_fastq/SRR31773519.fastq.gz' encoding='ascii'>
# stdlog                                  : <_io.TextIOWrapper name='/mnt/vstor/SOM_CCCC_JGS25/sayyar/IFIT1-IFIT2-secondary-analysis/data/trimmed/SRR31773519_umi_extract.log' mode='a' encoding='UTF-8'>
# stdout                                  : <_io.TextIOWrapper name='/mnt/vstor/SOM_CCCC_JGS25/sayyar/IFIT1-IFIT2-secondary-analysis/data/trimmed/SRR31773519_umi.fastq.gz' encoding='ascii'>
# timeit_file                             : None
# timeit_header                           : None
# timeit_name                             : all
# tmpdir                                  : None
# umi_correct_log                         : None
# umi_separator                           : _
# umi_whitelist                           : None
# umi_whitelist_paired                    : None
# whitelist                               : None
2026-01-31 13:44:03,559 INFO Starting barcode extraction
2026-01-31 13:44:05,641 INFO Parsed 100000 reads
2026-01-31 13:44:07,616 INFO Parsed 200000 reads
2026-01-31 13:44:09,577 INFO Parsed 300000 reads
2026-01-31 13:44:11,739 INFO Parsed 400000 reads
2026-01-31 13:44:13,764 INFO Parsed 500000 reads
2026-01-31 13:44:15,736 INFO Parsed 600000 reads
2026-01-31 13:44:17,751 INFO Parsed 700000 reads
2026-01-31 13:44:19,697 INFO Parsed 800000 reads
2026-01-31 13:44:21,676 INFO Parsed 900000 reads
2026-01-31 13:44:23,609 INFO Parsed 1000000 reads
2026-01-31 13:44:25,523 INFO Parsed 1100000 reads
2026-01-31 13:44:27,459 INFO Parsed 1200000 reads
2026-01-31 13:44:29,652 INFO Parsed 1300000 reads
2026-01-31 13:44:31,573 INFO Parsed 1400000 reads
2026-01-31 13:44:33,512 INFO Parsed 1500000 reads
2026-01-31 13:44:35,428 INFO Parsed 1600000 reads
2026-01-31 13:44:37,368 INFO Parsed 1700000 reads
2026-01-31 13:44:39,366 INFO Parsed 1800000 reads
2026-01-31 13:44:41,253 INFO Parsed 1900000 reads
2026-01-31 13:44:43,187 INFO Parsed 2000000 reads
2026-01-31 13:44:45,316 INFO Parsed 2100000 reads
2026-01-31 13:44:47,294 INFO Parsed 2200000 reads
2026-01-31 13:44:49,191 INFO Parsed 2300000 reads
2026-01-31 13:44:51,181 INFO Parsed 2400000 reads
2026-01-31 13:44:53,079 INFO Parsed 2500000 reads
2026-01-31 13:44:55,041 INFO Parsed 2600000 reads
2026-01-31 13:44:56,947 INFO Parsed 2700000 reads
2026-01-31 13:44:58,851 INFO Parsed 2800000 reads
2026-01-31 13:45:00,843 INFO Parsed 2900000 reads
2026-01-31 13:45:03,045 INFO Parsed 3000000 reads
2026-01-31 13:45:04,939 INFO Parsed 3100000 reads
2026-01-31 13:45:06,878 INFO Parsed 3200000 reads
2026-01-31 13:45:08,882 INFO Parsed 3300000 reads
2026-01-31 13:45:10,938 INFO Parsed 3400000 reads
2026-01-31 13:45:12,833 INFO Parsed 3500000 reads
2026-01-31 13:45:14,700 INFO Parsed 3600000 reads
2026-01-31 13:45:16,784 INFO Parsed 3700000 reads
2026-01-31 13:45:18,851 INFO Parsed 3800000 reads
2026-01-31 13:45:20,765 INFO Parsed 3900000 reads
2026-01-31 13:45:22,673 INFO Parsed 4000000 reads
2026-01-31 13:45:24,782 INFO Parsed 4100000 reads
2026-01-31 13:45:26,720 INFO Parsed 4200000 reads
2026-01-31 13:45:28,630 INFO Parsed 4300000 reads
2026-01-31 13:45:30,621 INFO Parsed 4400000 reads
2026-01-31 13:45:32,768 INFO Parsed 4500000 reads
2026-01-31 13:45:34,693 INFO Parsed 4600000 reads
2026-01-31 13:45:36,671 INFO Parsed 4700000 reads
2026-01-31 13:45:38,610 INFO Parsed 4800000 reads
2026-01-31 13:45:40,514 INFO Parsed 4900000 reads
2026-01-31 13:45:42,477 INFO Parsed 5000000 reads
2026-01-31 13:45:44,386 INFO Parsed 5100000 reads
2026-01-31 13:45:46,292 INFO Parsed 5200000 reads
2026-01-31 13:45:48,334 INFO Parsed 5300000 reads
2026-01-31 13:45:50,425 INFO Parsed 5400000 reads
2026-01-31 13:45:52,318 INFO Parsed 5500000 reads
2026-01-31 13:45:54,238 INFO Parsed 5600000 reads
2026-01-31 13:45:56,134 INFO Parsed 5700000 reads
2026-01-31 13:45:58,107 INFO Parsed 5800000 reads
2026-01-31 13:46:00,015 INFO Parsed 5900000 reads
2026-01-31 13:46:01,908 INFO Parsed 6000000 reads
2026-01-31 13:46:03,852 INFO Parsed 6100000 reads
2026-01-31 13:46:06,022 INFO Parsed 6200000 reads
2026-01-31 13:46:07,935 INFO Parsed 6300000 reads
2026-01-31 13:46:09,842 INFO Parsed 6400000 reads
2026-01-31 13:46:11,819 INFO Parsed 6500000 reads
2026-01-31 13:46:13,745 INFO Parsed 6600000 reads
2026-01-31 13:46:15,665 INFO Parsed 6700000 reads
2026-01-31 13:46:17,571 INFO Parsed 6800000 reads
2026-01-31 13:46:19,486 INFO Parsed 6900000 reads
2026-01-31 13:46:21,610 INFO Parsed 7000000 reads
2026-01-31 13:46:23,693 INFO Parsed 7100000 reads
2026-01-31 13:46:25,579 INFO Parsed 7200000 reads
2026-01-31 13:46:27,519 INFO Parsed 7300000 reads
2026-01-31 13:46:29,489 INFO Parsed 7400000 reads
2026-01-31 13:46:31,571 INFO Parsed 7500000 reads
2026-01-31 13:46:33,464 INFO Parsed 7600000 reads
2026-01-31 13:46:35,340 INFO Parsed 7700000 reads
2026-01-31 13:46:37,351 INFO Parsed 7800000 reads
2026-01-31 13:46:39,519 INFO Parsed 7900000 reads
2026-01-31 13:46:41,427 INFO Parsed 8000000 reads
2026-01-31 13:46:43,325 INFO Parsed 8100000 reads
2026-01-31 13:46:45,407 INFO Parsed 8200000 reads
2026-01-31 13:46:47,320 INFO Parsed 8300000 reads
2026-01-31 13:46:49,181 INFO Parsed 8400000 reads
2026-01-31 13:46:51,141 INFO Parsed 8500000 reads
2026-01-31 13:46:53,259 INFO Parsed 8600000 reads
2026-01-31 13:46:55,151 INFO Parsed 8700000 reads
2026-01-31 13:46:57,163 INFO Parsed 8800000 reads
2026-01-31 13:46:59,110 INFO Parsed 8900000 reads
2026-01-31 13:47:01,017 INFO Parsed 9000000 reads
2026-01-31 13:47:02,940 INFO Parsed 9100000 reads
2026-01-31 13:47:04,813 INFO Parsed 9200000 reads
2026-01-31 13:47:06,680 INFO Parsed 9300000 reads
2026-01-31 13:47:08,817 INFO Parsed 9400000 reads
2026-01-31 13:47:10,760 INFO Parsed 9500000 reads
2026-01-31 13:47:12,682 INFO Parsed 9600000 reads
2026-01-31 13:47:14,607 INFO Parsed 9700000 reads
2026-01-31 13:47:16,514 INFO Parsed 9800000 reads
2026-01-31 13:47:18,487 INFO Parsed 9900000 reads
2026-01-31 13:47:20,348 INFO Parsed 10000000 reads
2026-01-31 13:47:22,247 INFO Parsed 10100000 reads
2026-01-31 13:47:24,219 INFO Parsed 10200000 reads
2026-01-31 13:47:26,290 INFO Parsed 10300000 reads
2026-01-31 13:47:28,149 INFO Parsed 10400000 reads
2026-01-31 13:47:30,121 INFO Parsed 10500000 reads
2026-01-31 13:47:31,978 INFO Parsed 10600000 reads
2026-01-31 13:47:33,927 INFO Parsed 10700000 reads
2026-01-31 13:47:35,805 INFO Parsed 10800000 reads
2026-01-31 13:47:37,657 INFO Parsed 10900000 reads
2026-01-31 13:47:39,674 INFO Parsed 11000000 reads
2026-01-31 13:47:41,785 INFO Parsed 11100000 reads
2026-01-31 13:47:43,654 INFO Parsed 11200000 reads
2026-01-31 13:47:45,565 INFO Parsed 11300000 reads
2026-01-31 13:47:47,671 INFO Parsed 11400000 reads
2026-01-31 13:47:49,564 INFO Parsed 11500000 reads
2026-01-31 13:47:51,413 INFO Parsed 11600000 reads
2026-01-31 13:47:53,264 INFO Parsed 11700000 reads
2026-01-31 13:47:55,535 INFO Parsed 11800000 reads
2026-01-31 13:47:57,449 INFO Parsed 11900000 reads
2026-01-31 13:47:59,334 INFO Parsed 12000000 reads
2026-01-31 13:48:01,268 INFO Parsed 12100000 reads
2026-01-31 13:48:03,232 INFO Parsed 12200000 reads
2026-01-31 13:48:05,096 INFO Parsed 12300000 reads
2026-01-31 13:48:06,950 INFO Parsed 12400000 reads
2026-01-31 13:48:09,046 INFO Parsed 12500000 reads
2026-01-31 13:48:11,029 INFO Parsed 12600000 reads
2026-01-31 13:48:12,915 INFO Parsed 12700000 reads
2026-01-31 13:48:14,857 INFO Parsed 12800000 reads
2026-01-31 13:48:16,746 INFO Parsed 12900000 reads
2026-01-31 13:48:18,834 INFO Parsed 13000000 reads
2026-01-31 13:48:20,752 INFO Parsed 13100000 reads
2026-01-31 13:48:22,774 INFO Parsed 13200000 reads
2026-01-31 13:48:24,670 INFO Parsed 13300000 reads
2026-01-31 13:48:26,826 INFO Parsed 13400000 reads
2026-01-31 13:48:28,698 INFO Parsed 13500000 reads
2026-01-31 13:48:30,582 INFO Parsed 13600000 reads
2026-01-31 13:48:32,432 INFO Parsed 13700000 reads
2026-01-31 13:48:34,321 INFO Parsed 13800000 reads
2026-01-31 13:48:36,225 INFO Parsed 13900000 reads
2026-01-31 13:48:38,075 INFO Parsed 14000000 reads
2026-01-31 13:48:39,997 INFO Parsed 14100000 reads
2026-01-31 13:48:42,143 INFO Parsed 14200000 reads
2026-01-31 13:48:44,070 INFO Parsed 14300000 reads
2026-01-31 13:48:45,918 INFO Parsed 14400000 reads
2026-01-31 13:48:47,962 INFO Parsed 14500000 reads
2026-01-31 13:48:49,864 INFO Parsed 14600000 reads
2026-01-31 13:48:51,764 INFO Parsed 14700000 reads
2026-01-31 13:48:53,641 INFO Parsed 14800000 reads
2026-01-31 13:48:55,492 INFO Parsed 14900000 reads
2026-01-31 13:48:57,713 INFO Parsed 15000000 reads
2026-01-31 13:48:59,644 INFO Parsed 15100000 reads
2026-01-31 13:49:01,551 INFO Parsed 15200000 reads
2026-01-31 13:49:03,524 INFO Parsed 15300000 reads
2026-01-31 13:49:05,566 INFO Parsed 15400000 reads
2026-01-31 13:49:07,433 INFO Parsed 15500000 reads
2026-01-31 13:49:09,273 INFO Parsed 15600000 reads
2026-01-31 13:49:11,111 INFO Parsed 15700000 reads
2026-01-31 13:49:13,364 INFO Parsed 15800000 reads
2026-01-31 13:49:15,252 INFO Parsed 15900000 reads
2026-01-31 13:49:17,243 INFO Parsed 16000000 reads
2026-01-31 13:49:18,991 INFO Input Reads: 16083935
2026-01-31 13:49:18,991 INFO Reads output: 16083935
# job finished in 315 seconds at Sat Jan 31 13:49:18 2026 -- 316.83  0.78  0.00  0.00 -- 3c92849d-5416-4b6f-970e-6d530230e0d2
