# UMI-tools version: 1.1.6
# output generated by extract --bc-pattern NNNNNNNNNN --stdin /mnt/vstor/SOM_CCCC_JGS25/sayyar/IFIT1-IFIT2-secondary-analysis/data/raw_fastq/SRR31773518.fastq.gz --stdout /mnt/vstor/SOM_CCCC_JGS25/sayyar/IFIT1-IFIT2-secondary-analysis/data/trimmed/SRR31773518_umi.fastq.gz --log /mnt/vstor/SOM_CCCC_JGS25/sayyar/IFIT1-IFIT2-secondary-analysis/data/trimmed/SRR31773518_umi_extract.log
# job started at Sat Jan 31 13:44:02 2026 on compt310 -- 1a24645b-6480-4054-a7ab-8a488e02c1be
# pid: 1844397, system: Linux 4.18.0-553.el8_10.x86_64 #1 SMP Fri May 10 15:19:13 EDT 2024 x86_64
# blacklist                               : None
# compresslevel                           : 6
# correct_umi_threshold                   : 0
# either_read                             : False
# either_read_resolve                     : discard
# error_correct_cell                      : False
# extract_method                          : string
# filter_cell_barcode                     : None
# filter_cell_barcodes                    : False
# filter_umi                              : None
# filtered_out                            : None
# filtered_out2                           : None
# ignore_suffix                           : False
# log2stderr                              : False
# loglevel                                : 1
# pattern                                 : NNNNNNNNNN
# pattern2                                : None
# prime3                                  : None
# quality_encoding                        : None
# quality_filter_mask                     : None
# quality_filter_threshold                : None
# random_seed                             : None
# read2_in                                : None
# read2_only                              : False
# read2_out                               : False
# read2_stdout                            : False
# reads_subset                            : None
# reconcile                               : False
# retain_umi                              : None
# short_help                              : None
# stderr                                  : <_io.TextIOWrapper name='<stderr>' mode='w' encoding='utf-8'>
# stdin                                   : <_io.TextIOWrapper name='/mnt/vstor/SOM_CCCC_JGS25/sayyar/IFIT1-IFIT2-secondary-analysis/data/raw_fastq/SRR31773518.fastq.gz' encoding='ascii'>
# stdlog                                  : <_io.TextIOWrapper name='/mnt/vstor/SOM_CCCC_JGS25/sayyar/IFIT1-IFIT2-secondary-analysis/data/trimmed/SRR31773518_umi_extract.log' mode='a' encoding='UTF-8'>
# stdout                                  : <_io.TextIOWrapper name='/mnt/vstor/SOM_CCCC_JGS25/sayyar/IFIT1-IFIT2-secondary-analysis/data/trimmed/SRR31773518_umi.fastq.gz' encoding='ascii'>
# timeit_file                             : None
# timeit_header                           : None
# timeit_name                             : all
# tmpdir                                  : None
# umi_correct_log                         : None
# umi_separator                           : _
# umi_whitelist                           : None
# umi_whitelist_paired                    : None
# whitelist                               : None
2026-01-31 13:44:02,048 INFO Starting barcode extraction
2026-01-31 13:44:04,102 INFO Parsed 100000 reads
2026-01-31 13:44:06,046 INFO Parsed 200000 reads
2026-01-31 13:44:07,986 INFO Parsed 300000 reads
2026-01-31 13:44:09,994 INFO Parsed 400000 reads
2026-01-31 13:44:12,124 INFO Parsed 500000 reads
2026-01-31 13:44:14,042 INFO Parsed 600000 reads
2026-01-31 13:44:16,015 INFO Parsed 700000 reads
2026-01-31 13:44:18,022 INFO Parsed 800000 reads
2026-01-31 13:44:19,942 INFO Parsed 900000 reads
2026-01-31 13:44:21,938 INFO Parsed 1000000 reads
2026-01-31 13:44:23,886 INFO Parsed 1100000 reads
2026-01-31 13:44:25,801 INFO Parsed 1200000 reads
2026-01-31 13:44:27,772 INFO Parsed 1300000 reads
2026-01-31 13:44:29,923 INFO Parsed 1400000 reads
2026-01-31 13:44:31,854 INFO Parsed 1500000 reads
2026-01-31 13:44:33,770 INFO Parsed 1600000 reads
2026-01-31 13:44:35,721 INFO Parsed 1700000 reads
2026-01-31 13:44:37,667 INFO Parsed 1800000 reads
2026-01-31 13:44:39,657 INFO Parsed 1900000 reads
2026-01-31 13:44:41,570 INFO Parsed 2000000 reads
2026-01-31 13:44:43,483 INFO Parsed 2100000 reads
2026-01-31 13:44:45,438 INFO Parsed 2200000 reads
2026-01-31 13:44:47,623 INFO Parsed 2300000 reads
2026-01-31 13:44:49,553 INFO Parsed 2400000 reads
2026-01-31 13:44:51,472 INFO Parsed 2500000 reads
2026-01-31 13:44:53,467 INFO Parsed 2600000 reads
2026-01-31 13:44:55,375 INFO Parsed 2700000 reads
2026-01-31 13:44:57,351 INFO Parsed 2800000 reads
2026-01-31 13:44:59,274 INFO Parsed 2900000 reads
2026-01-31 13:45:01,189 INFO Parsed 3000000 reads
2026-01-31 13:45:03,128 INFO Parsed 3100000 reads
2026-01-31 13:45:05,370 INFO Parsed 3200000 reads
2026-01-31 13:45:07,317 INFO Parsed 3300000 reads
2026-01-31 13:45:09,249 INFO Parsed 3400000 reads
2026-01-31 13:45:11,242 INFO Parsed 3500000 reads
2026-01-31 13:45:13,383 INFO Parsed 3600000 reads
2026-01-31 13:45:15,308 INFO Parsed 3700000 reads
2026-01-31 13:45:17,211 INFO Parsed 3800000 reads
2026-01-31 13:45:19,097 INFO Parsed 3900000 reads
2026-01-31 13:45:21,302 INFO Parsed 4000000 reads
2026-01-31 13:45:23,275 INFO Parsed 4100000 reads
2026-01-31 13:45:25,206 INFO Parsed 4200000 reads
2026-01-31 13:45:27,120 INFO Parsed 4300000 reads
2026-01-31 13:45:29,238 INFO Parsed 4400000 reads
2026-01-31 13:45:31,215 INFO Parsed 4500000 reads
2026-01-31 13:45:33,145 INFO Parsed 4600000 reads
2026-01-31 13:45:35,089 INFO Parsed 4700000 reads
2026-01-31 13:45:37,231 INFO Parsed 4800000 reads
2026-01-31 13:45:39,217 INFO Parsed 4900000 reads
2026-01-31 13:45:41,162 INFO Parsed 5000000 reads
2026-01-31 13:45:43,170 INFO Parsed 5100000 reads
2026-01-31 13:45:45,107 INFO Parsed 5200000 reads
2026-01-31 13:45:47,037 INFO Parsed 5300000 reads
2026-01-31 13:45:48,996 INFO Parsed 5400000 reads
2026-01-31 13:45:50,918 INFO Parsed 5500000 reads
2026-01-31 13:45:52,836 INFO Parsed 5600000 reads
2026-01-31 13:45:54,878 INFO Parsed 5700000 reads
2026-01-31 13:45:56,964 INFO Parsed 5800000 reads
2026-01-31 13:45:58,870 INFO Parsed 5900000 reads
2026-01-31 13:46:00,811 INFO Parsed 6000000 reads
2026-01-31 13:46:02,726 INFO Parsed 6100000 reads
2026-01-31 13:46:04,661 INFO Parsed 6200000 reads
2026-01-31 13:46:06,646 INFO Parsed 6300000 reads
2026-01-31 13:46:08,545 INFO Parsed 6400000 reads
2026-01-31 13:46:10,468 INFO Parsed 6500000 reads
2026-01-31 13:46:12,421 INFO Parsed 6600000 reads
2026-01-31 13:46:14,616 INFO Parsed 6700000 reads
2026-01-31 13:46:16,517 INFO Parsed 6800000 reads
2026-01-31 13:46:18,496 INFO Parsed 6900000 reads
2026-01-31 13:46:20,435 INFO Parsed 7000000 reads
2026-01-31 13:46:22,384 INFO Parsed 7100000 reads
2026-01-31 13:46:24,321 INFO Parsed 7200000 reads
2026-01-31 13:46:26,244 INFO Parsed 7300000 reads
2026-01-31 13:46:28,173 INFO Parsed 7400000 reads
2026-01-31 13:46:30,146 INFO Parsed 7500000 reads
2026-01-31 13:46:32,410 INFO Parsed 7600000 reads
2026-01-31 13:46:34,311 INFO Parsed 7700000 reads
2026-01-31 13:46:36,247 INFO Parsed 7800000 reads
2026-01-31 13:46:38,229 INFO Parsed 7900000 reads
2026-01-31 13:46:40,340 INFO Parsed 8000000 reads
2026-01-31 13:46:42,276 INFO Parsed 8100000 reads
2026-01-31 13:46:44,181 INFO Parsed 8200000 reads
2026-01-31 13:46:46,063 INFO Parsed 8300000 reads
2026-01-31 13:46:48,166 INFO Parsed 8400000 reads
2026-01-31 13:46:50,261 INFO Parsed 8500000 reads
2026-01-31 13:46:52,179 INFO Parsed 8600000 reads
2026-01-31 13:46:54,093 INFO Parsed 8700000 reads
2026-01-31 13:46:56,158 INFO Parsed 8800000 reads
2026-01-31 13:46:58,125 INFO Parsed 8900000 reads
2026-01-31 13:47:00,009 INFO Parsed 9000000 reads
2026-01-31 13:47:01,916 INFO Parsed 9100000 reads
2026-01-31 13:47:04,040 INFO Parsed 9200000 reads
2026-01-31 13:47:05,979 INFO Parsed 9300000 reads
2026-01-31 13:47:07,897 INFO Parsed 9400000 reads
2026-01-31 13:47:09,972 INFO Parsed 9500000 reads
2026-01-31 13:47:11,886 INFO Parsed 9600000 reads
2026-01-31 13:47:13,829 INFO Parsed 9700000 reads
2026-01-31 13:47:15,739 INFO Parsed 9800000 reads
2026-01-31 13:47:17,626 INFO Parsed 9900000 reads
2026-01-31 13:47:19,515 INFO Parsed 10000000 reads
2026-01-31 13:47:21,567 INFO Parsed 10100000 reads
2026-01-31 13:47:23,579 INFO Parsed 10200000 reads
2026-01-31 13:47:25,507 INFO Parsed 10300000 reads
2026-01-31 13:47:27,425 INFO Parsed 10400000 reads
2026-01-31 13:47:29,316 INFO Parsed 10500000 reads
2026-01-31 13:47:31,259 INFO Parsed 10600000 reads
2026-01-31 13:47:33,204 INFO Parsed 10700000 reads
2026-01-31 13:47:35,064 INFO Parsed 10800000 reads
2026-01-31 13:47:36,985 INFO Parsed 10900000 reads
2026-01-31 13:47:39,094 INFO Parsed 11000000 reads
2026-01-31 13:47:41,049 INFO Parsed 11100000 reads
2026-01-31 13:47:42,916 INFO Parsed 11200000 reads
2026-01-31 13:47:44,906 INFO Parsed 11300000 reads
2026-01-31 13:47:46,775 INFO Parsed 11400000 reads
2026-01-31 13:47:48,698 INFO Parsed 11500000 reads
2026-01-31 13:47:50,587 INFO Parsed 11600000 reads
2026-01-31 13:47:52,478 INFO Parsed 11700000 reads
2026-01-31 13:47:54,369 INFO Parsed 11800000 reads
2026-01-31 13:47:56,541 INFO Parsed 11900000 reads
2026-01-31 13:47:58,464 INFO Parsed 12000000 reads
2026-01-31 13:48:00,342 INFO Parsed 12100000 reads
2026-01-31 13:48:02,282 INFO Parsed 12200000 reads
2026-01-31 13:48:04,403 INFO Parsed 12300000 reads
2026-01-31 13:48:06,291 INFO Parsed 12400000 reads
2026-01-31 13:48:08,151 INFO Parsed 12500000 reads
2026-01-31 13:48:10,007 INFO Parsed 12600000 reads
2026-01-31 13:48:12,184 INFO Parsed 12700000 reads
2026-01-31 13:48:14,195 INFO Parsed 12800000 reads
2026-01-31 13:48:16,097 INFO Parsed 12900000 reads
2026-01-31 13:48:17,959 INFO Parsed 13000000 reads
2026-01-31 13:48:19,995 INFO Parsed 13100000 reads
2026-01-31 13:48:21,900 INFO Parsed 13200000 reads
2026-01-31 13:48:23,775 INFO Parsed 13300000 reads
2026-01-31 13:48:25,661 INFO Parsed 13400000 reads
2026-01-31 13:48:27,777 INFO Parsed 13500000 reads
2026-01-31 13:48:29,709 INFO Parsed 13600000 reads
2026-01-31 13:48:31,608 INFO Parsed 13700000 reads
2026-01-31 13:48:33,567 INFO Parsed 13800000 reads
2026-01-31 13:48:35,466 INFO Parsed 13900000 reads
2026-01-31 13:48:37,524 INFO Parsed 14000000 reads
2026-01-31 13:48:39,480 INFO Parsed 14100000 reads
2026-01-31 13:48:41,448 INFO Parsed 14200000 reads
2026-01-31 13:48:43,397 INFO Parsed 14300000 reads
2026-01-31 13:48:45,459 INFO Parsed 14400000 reads
2026-01-31 13:48:47,467 INFO Parsed 14500000 reads
2026-01-31 13:48:49,324 INFO Parsed 14600000 reads
2026-01-31 13:48:51,226 INFO Parsed 14700000 reads
2026-01-31 13:48:53,096 INFO Parsed 14800000 reads
2026-01-31 13:48:55,020 INFO Parsed 14900000 reads
2026-01-31 13:48:56,889 INFO Parsed 15000000 reads
2026-01-31 13:48:58,752 INFO Parsed 15100000 reads
2026-01-31 13:49:00,681 INFO Parsed 15200000 reads
2026-01-31 13:49:02,844 INFO Parsed 15300000 reads
2026-01-31 13:49:04,774 INFO Parsed 15400000 reads
2026-01-31 13:49:06,632 INFO Parsed 15500000 reads
2026-01-31 13:49:08,671 INFO Parsed 15600000 reads
2026-01-31 13:49:10,571 INFO Parsed 15700000 reads
2026-01-31 13:49:12,517 INFO Parsed 15800000 reads
2026-01-31 13:49:14,405 INFO Parsed 15900000 reads
2026-01-31 13:49:16,276 INFO Parsed 16000000 reads
2026-01-31 13:49:18,199 INFO Parsed 16100000 reads
2026-01-31 13:49:20,432 INFO Parsed 16200000 reads
2026-01-31 13:49:22,296 INFO Parsed 16300000 reads
2026-01-31 13:49:24,260 INFO Parsed 16400000 reads
2026-01-31 13:49:26,189 INFO Parsed 16500000 reads
2026-01-31 13:49:28,244 INFO Parsed 16600000 reads
2026-01-31 13:49:30,118 INFO Parsed 16700000 reads
2026-01-31 13:49:31,972 INFO Parsed 16800000 reads
2026-01-31 13:49:33,817 INFO Parsed 16900000 reads
2026-01-31 13:49:36,031 INFO Parsed 17000000 reads
2026-01-31 13:49:37,935 INFO Parsed 17100000 reads
2026-01-31 13:49:39,911 INFO Parsed 17200000 reads
2026-01-31 13:49:41,844 INFO Parsed 17300000 reads
2026-01-31 13:49:42,497 INFO Input Reads: 17328206
2026-01-31 13:49:42,497 INFO Reads output: 17328206
# job finished in 340 seconds at Sat Jan 31 13:49:42 2026 -- 342.49  0.94  0.00  0.00 -- 1a24645b-6480-4054-a7ab-8a488e02c1be
