# UMI-tools version: 1.1.6
# output generated by extract --bc-pattern NNNNNNNNNN --stdin /mnt/vstor/SOM_CCCC_JGS25/sayyar/IFIT1-IFIT2-secondary-analysis/data/raw_fastq/SRR31773515.fastq.gz --stdout /mnt/vstor/SOM_CCCC_JGS25/sayyar/IFIT1-IFIT2-secondary-analysis/data/trimmed/SRR31773515_umi.fastq.gz --log /mnt/vstor/SOM_CCCC_JGS25/sayyar/IFIT1-IFIT2-secondary-analysis/data/trimmed/SRR31773515_umi_extract.log
# job started at Sat Jan 31 13:46:00 2026 on compt364 -- 79c8223b-6b95-4d4d-bd3a-6d5d3f588e60
# pid: 2235646, system: Linux 4.18.0-553.el8_10.x86_64 #1 SMP Fri May 10 15:19:13 EDT 2024 x86_64
# blacklist                               : None
# compresslevel                           : 6
# correct_umi_threshold                   : 0
# either_read                             : False
# either_read_resolve                     : discard
# error_correct_cell                      : False
# extract_method                          : string
# filter_cell_barcode                     : None
# filter_cell_barcodes                    : False
# filter_umi                              : None
# filtered_out                            : None
# filtered_out2                           : None
# ignore_suffix                           : False
# log2stderr                              : False
# loglevel                                : 1
# pattern                                 : NNNNNNNNNN
# pattern2                                : None
# prime3                                  : None
# quality_encoding                        : None
# quality_filter_mask                     : None
# quality_filter_threshold                : None
# random_seed                             : None
# read2_in                                : None
# read2_only                              : False
# read2_out                               : False
# read2_stdout                            : False
# reads_subset                            : None
# reconcile                               : False
# retain_umi                              : None
# short_help                              : None
# stderr                                  : <_io.TextIOWrapper name='<stderr>' mode='w' encoding='utf-8'>
# stdin                                   : <_io.TextIOWrapper name='/mnt/vstor/SOM_CCCC_JGS25/sayyar/IFIT1-IFIT2-secondary-analysis/data/raw_fastq/SRR31773515.fastq.gz' encoding='ascii'>
# stdlog                                  : <_io.TextIOWrapper name='/mnt/vstor/SOM_CCCC_JGS25/sayyar/IFIT1-IFIT2-secondary-analysis/data/trimmed/SRR31773515_umi_extract.log' mode='a' encoding='UTF-8'>
# stdout                                  : <_io.TextIOWrapper name='/mnt/vstor/SOM_CCCC_JGS25/sayyar/IFIT1-IFIT2-secondary-analysis/data/trimmed/SRR31773515_umi.fastq.gz' encoding='ascii'>
# timeit_file                             : None
# timeit_header                           : None
# timeit_name                             : all
# tmpdir                                  : None
# umi_correct_log                         : None
# umi_separator                           : _
# umi_whitelist                           : None
# umi_whitelist_paired                    : None
# whitelist                               : None
2026-01-31 13:46:00,512 INFO Starting barcode extraction
2026-01-31 13:46:02,752 INFO Parsed 100000 reads
2026-01-31 13:46:04,892 INFO Parsed 200000 reads
2026-01-31 13:46:06,994 INFO Parsed 300000 reads
2026-01-31 13:46:09,088 INFO Parsed 400000 reads
2026-01-31 13:46:11,188 INFO Parsed 500000 reads
2026-01-31 13:46:13,426 INFO Parsed 600000 reads
2026-01-31 13:46:15,484 INFO Parsed 700000 reads
2026-01-31 13:46:17,552 INFO Parsed 800000 reads
2026-01-31 13:46:19,700 INFO Parsed 900000 reads
2026-01-31 13:46:21,802 INFO Parsed 1000000 reads
2026-01-31 13:46:23,809 INFO Parsed 1100000 reads
2026-01-31 13:46:25,825 INFO Parsed 1200000 reads
2026-01-31 13:46:28,008 INFO Parsed 1300000 reads
2026-01-31 13:46:30,119 INFO Parsed 1400000 reads
2026-01-31 13:46:32,207 INFO Parsed 1500000 reads
2026-01-31 13:46:34,243 INFO Parsed 1600000 reads
2026-01-31 13:46:36,424 INFO Parsed 1700000 reads
2026-01-31 13:46:38,647 INFO Parsed 1800000 reads
2026-01-31 13:46:40,676 INFO Parsed 1900000 reads
2026-01-31 13:46:42,734 INFO Parsed 2000000 reads
2026-01-31 13:46:44,836 INFO Parsed 2100000 reads
2026-01-31 13:46:46,910 INFO Parsed 2200000 reads
2026-01-31 13:46:48,979 INFO Parsed 2300000 reads
2026-01-31 13:46:51,060 INFO Parsed 2400000 reads
2026-01-31 13:46:53,073 INFO Parsed 2500000 reads
2026-01-31 13:46:55,048 INFO Parsed 2600000 reads
2026-01-31 13:46:57,114 INFO Parsed 2700000 reads
2026-01-31 13:46:59,224 INFO Parsed 2800000 reads
2026-01-31 13:47:01,573 INFO Parsed 2900000 reads
2026-01-31 13:47:03,743 INFO Parsed 3000000 reads
2026-01-31 13:47:05,738 INFO Parsed 3100000 reads
2026-01-31 13:47:07,730 INFO Parsed 3200000 reads
2026-01-31 13:47:09,864 INFO Parsed 3300000 reads
2026-01-31 13:47:11,930 INFO Parsed 3400000 reads
2026-01-31 13:47:14,042 INFO Parsed 3500000 reads
2026-01-31 13:47:16,162 INFO Parsed 3600000 reads
2026-01-31 13:47:18,186 INFO Parsed 3700000 reads
2026-01-31 13:47:20,195 INFO Parsed 3800000 reads
2026-01-31 13:47:22,182 INFO Parsed 3900000 reads
2026-01-31 13:47:24,263 INFO Parsed 4000000 reads
2026-01-31 13:47:26,679 INFO Parsed 4100000 reads
2026-01-31 13:47:28,804 INFO Parsed 4200000 reads
2026-01-31 13:47:30,877 INFO Parsed 4300000 reads
2026-01-31 13:47:32,991 INFO Parsed 4400000 reads
2026-01-31 13:47:35,052 INFO Parsed 4500000 reads
2026-01-31 13:47:37,324 INFO Parsed 4600000 reads
2026-01-31 13:47:39,351 INFO Parsed 4700000 reads
2026-01-31 13:47:41,432 INFO Parsed 4800000 reads
2026-01-31 13:47:43,467 INFO Parsed 4900000 reads
2026-01-31 13:47:45,488 INFO Parsed 5000000 reads
2026-01-31 13:47:47,727 INFO Parsed 5100000 reads
2026-01-31 13:47:50,056 INFO Parsed 5200000 reads
2026-01-31 13:47:52,017 INFO Parsed 5300000 reads
2026-01-31 13:47:54,039 INFO Parsed 5400000 reads
2026-01-31 13:47:56,037 INFO Parsed 5500000 reads
2026-01-31 13:47:58,308 INFO Parsed 5600000 reads
2026-01-31 13:48:00,415 INFO Parsed 5700000 reads
2026-01-31 13:48:02,454 INFO Parsed 5800000 reads
2026-01-31 13:48:04,456 INFO Parsed 5900000 reads
2026-01-31 13:48:06,473 INFO Parsed 6000000 reads
2026-01-31 13:48:08,748 INFO Parsed 6100000 reads
2026-01-31 13:48:11,079 INFO Parsed 6200000 reads
2026-01-31 13:48:13,085 INFO Parsed 6300000 reads
2026-01-31 13:48:15,119 INFO Parsed 6400000 reads
2026-01-31 13:48:17,217 INFO Parsed 6500000 reads
2026-01-31 13:48:19,284 INFO Parsed 6600000 reads
2026-01-31 13:48:21,339 INFO Parsed 6700000 reads
2026-01-31 13:48:23,416 INFO Parsed 6800000 reads
2026-01-31 13:48:25,556 INFO Parsed 6900000 reads
2026-01-31 13:48:27,598 INFO Parsed 7000000 reads
2026-01-31 13:48:29,592 INFO Parsed 7100000 reads
2026-01-31 13:48:31,592 INFO Parsed 7200000 reads
2026-01-31 13:48:33,773 INFO Parsed 7300000 reads
2026-01-31 13:48:36,067 INFO Parsed 7400000 reads
2026-01-31 13:48:38,161 INFO Parsed 7500000 reads
2026-01-31 13:48:40,214 INFO Parsed 7600000 reads
2026-01-31 13:48:42,293 INFO Parsed 7700000 reads
2026-01-31 13:48:44,286 INFO Parsed 7800000 reads
2026-01-31 13:48:46,294 INFO Parsed 7900000 reads
2026-01-31 13:48:48,340 INFO Parsed 8000000 reads
2026-01-31 13:48:50,468 INFO Parsed 8100000 reads
2026-01-31 13:48:52,529 INFO Parsed 8200000 reads
2026-01-31 13:48:54,607 INFO Parsed 8300000 reads
2026-01-31 13:48:56,723 INFO Parsed 8400000 reads
2026-01-31 13:48:58,746 INFO Parsed 8500000 reads
2026-01-31 13:49:01,102 INFO Parsed 8600000 reads
2026-01-31 13:49:03,100 INFO Parsed 8700000 reads
2026-01-31 13:49:05,160 INFO Parsed 8800000 reads
2026-01-31 13:49:07,377 INFO Parsed 8900000 reads
2026-01-31 13:49:09,437 INFO Parsed 9000000 reads
2026-01-31 13:49:11,501 INFO Parsed 9100000 reads
2026-01-31 13:49:13,554 INFO Parsed 9200000 reads
2026-01-31 13:49:15,551 INFO Parsed 9300000 reads
2026-01-31 13:49:17,559 INFO Parsed 9400000 reads
2026-01-31 13:49:19,616 INFO Parsed 9500000 reads
2026-01-31 13:49:21,709 INFO Parsed 9600000 reads
2026-01-31 13:49:24,184 INFO Parsed 9700000 reads
2026-01-31 13:49:26,385 INFO Parsed 9800000 reads
2026-01-31 13:49:28,376 INFO Parsed 9900000 reads
2026-01-31 13:49:30,358 INFO Parsed 10000000 reads
2026-01-31 13:49:32,415 INFO Parsed 10100000 reads
2026-01-31 13:49:34,484 INFO Parsed 10200000 reads
2026-01-31 13:49:36,792 INFO Parsed 10300000 reads
2026-01-31 13:49:38,815 INFO Parsed 10400000 reads
2026-01-31 13:49:40,787 INFO Parsed 10500000 reads
2026-01-31 13:49:42,752 INFO Parsed 10600000 reads
2026-01-31 13:49:44,711 INFO Parsed 10700000 reads
2026-01-31 13:49:47,039 INFO Parsed 10800000 reads
2026-01-31 13:49:49,361 INFO Parsed 10900000 reads
2026-01-31 13:49:51,351 INFO Parsed 11000000 reads
2026-01-31 13:49:53,366 INFO Parsed 11100000 reads
2026-01-31 13:49:55,339 INFO Parsed 11200000 reads
2026-01-31 13:49:57,510 INFO Parsed 11300000 reads
2026-01-31 13:49:59,653 INFO Parsed 11400000 reads
2026-01-31 13:50:01,667 INFO Parsed 11500000 reads
2026-01-31 13:50:03,705 INFO Parsed 11600000 reads
2026-01-31 13:50:05,765 INFO Parsed 11700000 reads
2026-01-31 13:50:07,993 INFO Parsed 11800000 reads
2026-01-31 13:50:10,057 INFO Parsed 11900000 reads
2026-01-31 13:50:11,989 INFO Parsed 12000000 reads
2026-01-31 13:50:14,036 INFO Parsed 12100000 reads
2026-01-31 13:50:16,311 INFO Parsed 12200000 reads
2026-01-31 13:50:18,396 INFO Parsed 12300000 reads
2026-01-31 13:50:20,419 INFO Parsed 12400000 reads
2026-01-31 13:50:22,480 INFO Parsed 12500000 reads
2026-01-31 13:50:24,445 INFO Parsed 12600000 reads
2026-01-31 13:50:26,407 INFO Parsed 12700000 reads
2026-01-31 13:50:28,401 INFO Parsed 12800000 reads
2026-01-31 13:50:30,545 INFO Parsed 12900000 reads
2026-01-31 13:50:32,858 INFO Parsed 13000000 reads
2026-01-31 13:50:35,004 INFO Parsed 13100000 reads
2026-01-31 13:50:37,026 INFO Parsed 13200000 reads
2026-01-31 13:50:39,028 INFO Parsed 13300000 reads
2026-01-31 13:50:41,018 INFO Parsed 13400000 reads
2026-01-31 13:50:43,024 INFO Parsed 13500000 reads
2026-01-31 13:50:45,091 INFO Parsed 13600000 reads
2026-01-31 13:50:47,222 INFO Parsed 13700000 reads
2026-01-31 13:50:49,235 INFO Parsed 13800000 reads
2026-01-31 13:50:51,201 INFO Parsed 13900000 reads
2026-01-31 13:50:53,217 INFO Parsed 14000000 reads
2026-01-31 13:50:55,260 INFO Parsed 14100000 reads
2026-01-31 13:50:57,569 INFO Parsed 14200000 reads
2026-01-31 13:50:59,611 INFO Parsed 14300000 reads
2026-01-31 13:51:01,610 INFO Parsed 14400000 reads
2026-01-31 13:51:03,840 INFO Parsed 14500000 reads
2026-01-31 13:51:05,841 INFO Parsed 14600000 reads
2026-01-31 13:51:07,833 INFO Parsed 14700000 reads
2026-01-31 13:51:09,849 INFO Parsed 14800000 reads
2026-01-31 13:51:11,783 INFO Parsed 14900000 reads
2026-01-31 13:51:13,781 INFO Parsed 15000000 reads
2026-01-31 13:51:15,779 INFO Parsed 15100000 reads
2026-01-31 13:51:17,863 INFO Parsed 15200000 reads
2026-01-31 13:51:20,160 INFO Parsed 15300000 reads
2026-01-31 13:51:22,152 INFO Parsed 15400000 reads
2026-01-31 13:51:24,167 INFO Parsed 15500000 reads
2026-01-31 13:51:26,258 INFO Parsed 15600000 reads
2026-01-31 13:51:28,351 INFO Parsed 15700000 reads
2026-01-31 13:51:30,622 INFO Parsed 15800000 reads
2026-01-31 13:51:32,604 INFO Parsed 15900000 reads
2026-01-31 13:51:34,545 INFO Parsed 16000000 reads
2026-01-31 13:51:36,498 INFO Parsed 16100000 reads
2026-01-31 13:51:38,483 INFO Parsed 16200000 reads
2026-01-31 13:51:40,904 INFO Parsed 16300000 reads
2026-01-31 13:51:43,174 INFO Parsed 16400000 reads
2026-01-31 13:51:45,152 INFO Parsed 16500000 reads
2026-01-31 13:51:47,152 INFO Parsed 16600000 reads
2026-01-31 13:51:49,089 INFO Parsed 16700000 reads
2026-01-31 13:51:51,249 INFO Parsed 16800000 reads
2026-01-31 13:51:53,328 INFO Parsed 16900000 reads
2026-01-31 13:51:55,341 INFO Parsed 17000000 reads
2026-01-31 13:51:57,348 INFO Parsed 17100000 reads
2026-01-31 13:51:59,380 INFO Parsed 17200000 reads
2026-01-31 13:52:01,621 INFO Parsed 17300000 reads
2026-01-31 13:52:03,721 INFO Parsed 17400000 reads
2026-01-31 13:52:05,651 INFO Parsed 17500000 reads
2026-01-31 13:52:07,707 INFO Parsed 17600000 reads
2026-01-31 13:52:09,859 INFO Parsed 17700000 reads
2026-01-31 13:52:11,913 INFO Parsed 17800000 reads
2026-01-31 13:52:13,966 INFO Parsed 17900000 reads
2026-01-31 13:52:16,211 INFO Parsed 18000000 reads
2026-01-31 13:52:18,185 INFO Parsed 18100000 reads
2026-01-31 13:52:20,202 INFO Parsed 18200000 reads
2026-01-31 13:52:22,375 INFO Parsed 18300000 reads
2026-01-31 13:52:24,425 INFO Parsed 18400000 reads
2026-01-31 13:52:26,744 INFO Parsed 18500000 reads
2026-01-31 13:52:28,878 INFO Parsed 18600000 reads
2026-01-31 13:52:30,813 INFO Parsed 18700000 reads
2026-01-31 13:52:32,809 INFO Parsed 18800000 reads
2026-01-31 13:52:34,767 INFO Parsed 18900000 reads
2026-01-31 13:52:36,757 INFO Parsed 19000000 reads
2026-01-31 13:52:38,794 INFO Parsed 19100000 reads
2026-01-31 13:52:40,847 INFO Parsed 19200000 reads
2026-01-31 13:52:42,844 INFO Parsed 19300000 reads
2026-01-31 13:52:44,827 INFO Parsed 19400000 reads
2026-01-31 13:52:46,864 INFO Parsed 19500000 reads
2026-01-31 13:52:48,936 INFO Parsed 19600000 reads
2026-01-31 13:52:51,200 INFO Parsed 19700000 reads
2026-01-31 13:52:53,250 INFO Parsed 19800000 reads
2026-01-31 13:52:55,210 INFO Parsed 19900000 reads
2026-01-31 13:52:57,363 INFO Parsed 20000000 reads
2026-01-31 13:52:59,388 INFO Parsed 20100000 reads
2026-01-31 13:53:01,391 INFO Parsed 20200000 reads
2026-01-31 13:53:03,482 INFO Parsed 20300000 reads
2026-01-31 13:53:05,518 INFO Parsed 20400000 reads
2026-01-31 13:53:07,567 INFO Parsed 20500000 reads
2026-01-31 13:53:09,502 INFO Parsed 20600000 reads
2026-01-31 13:53:11,704 INFO Parsed 20700000 reads
2026-01-31 13:53:14,000 INFO Parsed 20800000 reads
2026-01-31 13:53:15,974 INFO Parsed 20900000 reads
2026-01-31 13:53:18,044 INFO Parsed 21000000 reads
2026-01-31 13:53:20,228 INFO Parsed 21100000 reads
2026-01-31 13:53:22,312 INFO Parsed 21200000 reads
2026-01-31 13:53:24,528 INFO Parsed 21300000 reads
2026-01-31 13:53:26,492 INFO Parsed 21400000 reads
2026-01-31 13:53:28,424 INFO Parsed 21500000 reads
2026-01-31 13:53:30,389 INFO Parsed 21600000 reads
2026-01-31 13:53:32,395 INFO Parsed 21700000 reads
2026-01-31 13:53:34,796 INFO Parsed 21800000 reads
2026-01-31 13:53:37,019 INFO Parsed 21900000 reads
2026-01-31 13:53:38,962 INFO Parsed 22000000 reads
2026-01-31 13:53:41,076 INFO Parsed 22100000 reads
2026-01-31 13:53:43,103 INFO Parsed 22200000 reads
2026-01-31 13:53:44,101 INFO Input Reads: 22241714
2026-01-31 13:53:44,101 INFO Reads output: 22241714
# job finished in 463 seconds at Sat Jan 31 13:53:44 2026 -- 463.62  0.55  0.00  0.00 -- 79c8223b-6b95-4d4d-bd3a-6d5d3f588e60
