# UMI-tools version: 1.1.6
# output generated by extract --bc-pattern NNNNNNNNNN --stdin /mnt/vstor/SOM_CCCC_JGS25/sayyar/IFIT1-IFIT2-secondary-analysis/data/raw_fastq/SRR31773517.fastq.gz --stdout /mnt/vstor/SOM_CCCC_JGS25/sayyar/IFIT1-IFIT2-secondary-analysis/data/trimmed/SRR31773517_umi.fastq.gz --log /mnt/vstor/SOM_CCCC_JGS25/sayyar/IFIT1-IFIT2-secondary-analysis/data/trimmed/SRR31773517_umi_extract.log
# job started at Sat Jan 31 13:44:09 2026 on compt370 -- 6c408aef-1941-4819-81df-0b3558d5fabb
# pid: 2854052, system: Linux 4.18.0-553.el8_10.x86_64 #1 SMP Fri May 10 15:19:13 EDT 2024 x86_64
# blacklist                               : None
# compresslevel                           : 6
# correct_umi_threshold                   : 0
# either_read                             : False
# either_read_resolve                     : discard
# error_correct_cell                      : False
# extract_method                          : string
# filter_cell_barcode                     : None
# filter_cell_barcodes                    : False
# filter_umi                              : None
# filtered_out                            : None
# filtered_out2                           : None
# ignore_suffix                           : False
# log2stderr                              : False
# loglevel                                : 1
# pattern                                 : NNNNNNNNNN
# pattern2                                : None
# prime3                                  : None
# quality_encoding                        : None
# quality_filter_mask                     : None
# quality_filter_threshold                : None
# random_seed                             : None
# read2_in                                : None
# read2_only                              : False
# read2_out                               : False
# read2_stdout                            : False
# reads_subset                            : None
# reconcile                               : False
# retain_umi                              : None
# short_help                              : None
# stderr                                  : <_io.TextIOWrapper name='<stderr>' mode='w' encoding='utf-8'>
# stdin                                   : <_io.TextIOWrapper name='/mnt/vstor/SOM_CCCC_JGS25/sayyar/IFIT1-IFIT2-secondary-analysis/data/raw_fastq/SRR31773517.fastq.gz' encoding='ascii'>
# stdlog                                  : <_io.TextIOWrapper name='/mnt/vstor/SOM_CCCC_JGS25/sayyar/IFIT1-IFIT2-secondary-analysis/data/trimmed/SRR31773517_umi_extract.log' mode='a' encoding='UTF-8'>
# stdout                                  : <_io.TextIOWrapper name='/mnt/vstor/SOM_CCCC_JGS25/sayyar/IFIT1-IFIT2-secondary-analysis/data/trimmed/SRR31773517_umi.fastq.gz' encoding='ascii'>
# timeit_file                             : None
# timeit_header                           : None
# timeit_name                             : all
# tmpdir                                  : None
# umi_correct_log                         : None
# umi_separator                           : _
# umi_whitelist                           : None
# umi_whitelist_paired                    : None
# whitelist                               : None
2026-01-31 13:44:09,302 INFO Starting barcode extraction
2026-01-31 13:44:11,702 INFO Parsed 100000 reads
2026-01-31 13:44:13,725 INFO Parsed 200000 reads
2026-01-31 13:44:15,727 INFO Parsed 300000 reads
2026-01-31 13:44:17,738 INFO Parsed 400000 reads
2026-01-31 13:44:19,969 INFO Parsed 500000 reads
2026-01-31 13:44:22,033 INFO Parsed 600000 reads
2026-01-31 13:44:24,040 INFO Parsed 700000 reads
2026-01-31 13:44:26,137 INFO Parsed 800000 reads
2026-01-31 13:44:28,162 INFO Parsed 900000 reads
2026-01-31 13:44:30,132 INFO Parsed 1000000 reads
2026-01-31 13:44:32,201 INFO Parsed 1100000 reads
2026-01-31 13:44:34,213 INFO Parsed 1200000 reads
2026-01-31 13:44:36,185 INFO Parsed 1300000 reads
2026-01-31 13:44:38,154 INFO Parsed 1400000 reads
2026-01-31 13:44:40,308 INFO Parsed 1500000 reads
2026-01-31 13:44:42,500 INFO Parsed 1600000 reads
2026-01-31 13:44:44,477 INFO Parsed 1700000 reads
2026-01-31 13:44:46,469 INFO Parsed 1800000 reads
2026-01-31 13:44:48,472 INFO Parsed 1900000 reads
2026-01-31 13:44:50,499 INFO Parsed 2000000 reads
2026-01-31 13:44:52,563 INFO Parsed 2100000 reads
2026-01-31 13:44:54,547 INFO Parsed 2200000 reads
2026-01-31 13:44:56,513 INFO Parsed 2300000 reads
2026-01-31 13:44:58,537 INFO Parsed 2400000 reads
2026-01-31 13:45:00,540 INFO Parsed 2500000 reads
2026-01-31 13:45:02,877 INFO Parsed 2600000 reads
2026-01-31 13:45:04,852 INFO Parsed 2700000 reads
2026-01-31 13:45:06,831 INFO Parsed 2800000 reads
2026-01-31 13:45:08,913 INFO Parsed 2900000 reads
2026-01-31 13:45:10,892 INFO Parsed 3000000 reads
2026-01-31 13:45:12,941 INFO Parsed 3100000 reads
2026-01-31 13:45:14,967 INFO Parsed 3200000 reads
2026-01-31 13:45:16,955 INFO Parsed 3300000 reads
2026-01-31 13:45:18,939 INFO Parsed 3400000 reads
2026-01-31 13:45:21,035 INFO Parsed 3500000 reads
2026-01-31 13:45:23,368 INFO Parsed 3600000 reads
2026-01-31 13:45:25,285 INFO Parsed 3700000 reads
2026-01-31 13:45:27,245 INFO Parsed 3800000 reads
2026-01-31 13:45:29,267 INFO Parsed 3900000 reads
2026-01-31 13:45:31,469 INFO Parsed 4000000 reads
2026-01-31 13:45:33,503 INFO Parsed 4100000 reads
2026-01-31 13:45:35,447 INFO Parsed 4200000 reads
2026-01-31 13:45:37,384 INFO Parsed 4300000 reads
2026-01-31 13:45:39,331 INFO Parsed 4400000 reads
2026-01-31 13:45:41,748 INFO Parsed 4500000 reads
2026-01-31 13:45:43,701 INFO Parsed 4600000 reads
2026-01-31 13:45:45,681 INFO Parsed 4700000 reads
2026-01-31 13:45:47,627 INFO Parsed 4800000 reads
2026-01-31 13:45:49,782 INFO Parsed 4900000 reads
2026-01-31 13:45:51,825 INFO Parsed 5000000 reads
2026-01-31 13:45:53,791 INFO Parsed 5100000 reads
2026-01-31 13:45:55,729 INFO Parsed 5200000 reads
2026-01-31 13:45:57,783 INFO Parsed 5300000 reads
2026-01-31 13:46:00,041 INFO Parsed 5400000 reads
2026-01-31 13:46:01,996 INFO Parsed 5500000 reads
2026-01-31 13:46:04,004 INFO Parsed 5600000 reads
2026-01-31 13:46:06,058 INFO Parsed 5700000 reads
2026-01-31 13:46:08,036 INFO Parsed 5800000 reads
2026-01-31 13:46:09,975 INFO Parsed 5900000 reads
2026-01-31 13:46:12,018 INFO Parsed 6000000 reads
2026-01-31 13:46:13,975 INFO Parsed 6100000 reads
2026-01-31 13:46:15,933 INFO Parsed 6200000 reads
2026-01-31 13:46:17,890 INFO Parsed 6300000 reads
2026-01-31 13:46:20,060 INFO Parsed 6400000 reads
2026-01-31 13:46:22,235 INFO Parsed 6500000 reads
2026-01-31 13:46:24,201 INFO Parsed 6600000 reads
2026-01-31 13:46:26,201 INFO Parsed 6700000 reads
2026-01-31 13:46:28,208 INFO Parsed 6800000 reads
2026-01-31 13:46:30,208 INFO Parsed 6900000 reads
2026-01-31 13:46:32,261 INFO Parsed 7000000 reads
2026-01-31 13:46:34,218 INFO Parsed 7100000 reads
2026-01-31 13:46:36,178 INFO Parsed 7200000 reads
2026-01-31 13:46:38,210 INFO Parsed 7300000 reads
2026-01-31 13:46:40,227 INFO Parsed 7400000 reads
2026-01-31 13:46:42,581 INFO Parsed 7500000 reads
2026-01-31 13:46:44,567 INFO Parsed 7600000 reads
2026-01-31 13:46:46,533 INFO Parsed 7700000 reads
2026-01-31 13:46:48,631 INFO Parsed 7800000 reads
2026-01-31 13:46:50,607 INFO Parsed 7900000 reads
2026-01-31 13:46:52,648 INFO Parsed 8000000 reads
2026-01-31 13:46:54,642 INFO Parsed 8100000 reads
2026-01-31 13:46:56,619 INFO Parsed 8200000 reads
2026-01-31 13:46:58,624 INFO Parsed 8300000 reads
2026-01-31 13:47:00,663 INFO Parsed 8400000 reads
2026-01-31 13:47:03,043 INFO Parsed 8500000 reads
2026-01-31 13:47:05,078 INFO Parsed 8600000 reads
2026-01-31 13:47:07,042 INFO Parsed 8700000 reads
2026-01-31 13:47:09,082 INFO Parsed 8800000 reads
2026-01-31 13:47:11,135 INFO Parsed 8900000 reads
2026-01-31 13:47:13,415 INFO Parsed 9000000 reads
2026-01-31 13:47:15,386 INFO Parsed 9100000 reads
2026-01-31 13:47:17,385 INFO Parsed 9200000 reads
2026-01-31 13:47:19,337 INFO Parsed 9300000 reads
2026-01-31 13:47:21,485 INFO Parsed 9400000 reads
2026-01-31 13:47:23,813 INFO Parsed 9500000 reads
2026-01-31 13:47:25,772 INFO Parsed 9600000 reads
2026-01-31 13:47:27,796 INFO Parsed 9700000 reads
2026-01-31 13:47:29,829 INFO Parsed 9800000 reads
2026-01-31 13:47:32,005 INFO Parsed 9900000 reads
2026-01-31 13:47:33,952 INFO Parsed 10000000 reads
2026-01-31 13:47:35,889 INFO Parsed 10100000 reads
2026-01-31 13:47:37,875 INFO Parsed 10200000 reads
2026-01-31 13:47:40,136 INFO Parsed 10300000 reads
2026-01-31 13:47:42,153 INFO Parsed 10400000 reads
2026-01-31 13:47:44,105 INFO Parsed 10500000 reads
2026-01-31 13:47:46,200 INFO Parsed 10600000 reads
2026-01-31 13:47:48,223 INFO Parsed 10700000 reads
2026-01-31 13:47:50,150 INFO Parsed 10800000 reads
2026-01-31 13:47:52,167 INFO Parsed 10900000 reads
2026-01-31 13:47:54,093 INFO Parsed 11000000 reads
2026-01-31 13:47:56,016 INFO Parsed 11100000 reads
2026-01-31 13:47:57,957 INFO Parsed 11200000 reads
2026-01-31 13:48:00,118 INFO Parsed 11300000 reads
2026-01-31 13:48:02,208 INFO Parsed 11400000 reads
2026-01-31 13:48:04,224 INFO Parsed 11500000 reads
2026-01-31 13:48:06,196 INFO Parsed 11600000 reads
2026-01-31 13:48:08,147 INFO Parsed 11700000 reads
2026-01-31 13:48:10,118 INFO Parsed 11800000 reads
2026-01-31 13:48:12,147 INFO Parsed 11900000 reads
2026-01-31 13:48:14,072 INFO Parsed 12000000 reads
2026-01-31 13:48:15,977 INFO Parsed 12100000 reads
2026-01-31 13:48:17,947 INFO Parsed 12200000 reads
2026-01-31 13:48:20,160 INFO Parsed 12300000 reads
2026-01-31 13:48:22,195 INFO Parsed 12400000 reads
2026-01-31 13:48:24,125 INFO Parsed 12500000 reads
2026-01-31 13:48:26,194 INFO Parsed 12600000 reads
2026-01-31 13:48:28,118 INFO Parsed 12700000 reads
2026-01-31 13:48:30,086 INFO Parsed 12800000 reads
2026-01-31 13:48:32,066 INFO Parsed 12900000 reads
2026-01-31 13:48:34,012 INFO Parsed 13000000 reads
2026-01-31 13:48:35,936 INFO Parsed 13100000 reads
2026-01-31 13:48:37,917 INFO Parsed 13200000 reads
2026-01-31 13:48:40,238 INFO Parsed 13300000 reads
2026-01-31 13:48:42,259 INFO Parsed 13400000 reads
2026-01-31 13:48:44,201 INFO Parsed 13500000 reads
2026-01-31 13:48:46,190 INFO Parsed 13600000 reads
2026-01-31 13:48:48,267 INFO Parsed 13700000 reads
2026-01-31 13:48:50,410 INFO Parsed 13800000 reads
2026-01-31 13:48:52,329 INFO Parsed 13900000 reads
2026-01-31 13:48:54,263 INFO Parsed 14000000 reads
2026-01-31 13:48:56,173 INFO Parsed 14100000 reads
2026-01-31 13:48:58,594 INFO Parsed 14200000 reads
2026-01-31 13:49:00,624 INFO Parsed 14300000 reads
2026-01-31 13:49:02,568 INFO Parsed 14400000 reads
2026-01-31 13:49:04,488 INFO Parsed 14500000 reads
2026-01-31 13:49:06,556 INFO Parsed 14600000 reads
2026-01-31 13:49:08,540 INFO Parsed 14700000 reads
2026-01-31 13:49:10,450 INFO Parsed 14800000 reads
2026-01-31 13:49:12,368 INFO Parsed 14900000 reads
2026-01-31 13:49:14,345 INFO Parsed 15000000 reads
2026-01-31 13:49:16,581 INFO Parsed 15100000 reads
2026-01-31 13:49:18,612 INFO Parsed 15200000 reads
2026-01-31 13:49:20,580 INFO Parsed 15300000 reads
2026-01-31 13:49:22,614 INFO Parsed 15400000 reads
2026-01-31 13:49:24,576 INFO Parsed 15500000 reads
2026-01-31 13:49:26,609 INFO Parsed 15600000 reads
2026-01-31 13:49:28,782 INFO Parsed 15700000 reads
2026-01-31 13:49:30,716 INFO Parsed 15800000 reads
2026-01-31 13:49:32,861 INFO Parsed 15900000 reads
2026-01-31 13:49:34,797 INFO Parsed 16000000 reads
2026-01-31 13:49:37,049 INFO Parsed 16100000 reads
2026-01-31 13:49:39,080 INFO Parsed 16200000 reads
2026-01-31 13:49:41,005 INFO Parsed 16300000 reads
2026-01-31 13:49:43,001 INFO Parsed 16400000 reads
2026-01-31 13:49:44,918 INFO Parsed 16500000 reads
2026-01-31 13:49:46,864 INFO Parsed 16600000 reads
2026-01-31 13:49:48,859 INFO Parsed 16700000 reads
2026-01-31 13:49:50,801 INFO Parsed 16800000 reads
2026-01-31 13:49:52,765 INFO Parsed 16900000 reads
2026-01-31 13:49:54,800 INFO Parsed 17000000 reads
2026-01-31 13:49:57,122 INFO Parsed 17100000 reads
2026-01-31 13:49:59,157 INFO Parsed 17200000 reads
2026-01-31 13:50:01,069 INFO Parsed 17300000 reads
2026-01-31 13:50:03,169 INFO Parsed 17400000 reads
2026-01-31 13:50:05,162 INFO Parsed 17500000 reads
2026-01-31 13:50:07,152 INFO Parsed 17600000 reads
2026-01-31 13:50:09,130 INFO Parsed 17700000 reads
2026-01-31 13:50:11,091 INFO Parsed 17800000 reads
2026-01-31 13:50:13,034 INFO Parsed 17900000 reads
2026-01-31 13:50:15,123 INFO Parsed 18000000 reads
2026-01-31 13:50:17,477 INFO Parsed 18100000 reads
2026-01-31 13:50:19,403 INFO Parsed 18200000 reads
2026-01-31 13:50:21,416 INFO Parsed 18300000 reads
2026-01-31 13:50:23,462 INFO Parsed 18400000 reads
2026-01-31 13:50:25,532 INFO Parsed 18500000 reads
2026-01-31 13:50:27,600 INFO Parsed 18600000 reads
2026-01-31 13:50:29,523 INFO Parsed 18700000 reads
2026-01-31 13:50:31,456 INFO Parsed 18800000 reads
2026-01-31 13:50:33,356 INFO Parsed 18900000 reads
2026-01-31 13:50:35,790 INFO Parsed 19000000 reads
2026-01-31 13:50:37,715 INFO Parsed 19100000 reads
2026-01-31 13:50:39,773 INFO Parsed 19200000 reads
2026-01-31 13:50:41,764 INFO Parsed 19300000 reads
2026-01-31 13:50:42,921 INFO Input Reads: 19349389
2026-01-31 13:50:42,922 INFO Reads output: 19349389
# job finished in 393 seconds at Sat Jan 31 13:50:42 2026 -- 393.74  0.50  0.00  0.00 -- 6c408aef-1941-4819-81df-0b3558d5fabb
